=== RUN   TestCPUMockDurableStreamExactCacheCampaign
2026/09/08 22:38:50 github.com/testcontainers/testcontainers-go - Connected to docker: 
  Server Version: 28.3.2
  API Version: 1.51
  Operating System: Docker Desktop
  Total Memory: 32044 MB
  Labels:
    com.docker.desktop.address=unix:///Users/viv/Library/Containers/com.docker.docker/Data/docker-cli.sock
  Testcontainers for Go Version: v0.44.0
  Resolved Docker Host: unix:///var/run/docker.sock
  Resolved Docker Socket Path: /var/run/docker.sock
  Test SessionID: bec183b23da9bbad2147b65fbb4372606ae42614fa3addbf8a1f1badc212a1ca
  Test ProcessID: 2864d383-95a2-4b64-af0f-cac9ea288abe
2026/09/08 22:38:50 🐳 Creating container for image postgres:17-alpine
2026/09/08 22:38:50 🐳 Creating container for image testcontainers/ryuk:0.14.0
2026/09/08 22:38:50 ✅ Container created: de9c43b4e6f0
2026/09/08 22:38:50 🐳 Starting container: de9c43b4e6f0
2026/09/08 22:38:50 ✅ Container started: de9c43b4e6f0
2026/09/08 22:38:50 ⏳ Waiting for container id de9c43b4e6f0 image: testcontainers/ryuk:0.14.0. Waiting for: all of: [log message "Started", port 8080/tcp to be listening]
2026/09/08 22:38:50 Shell not found in container
2026/09/08 22:38:50 🔔 Container is ready: de9c43b4e6f0
2026/09/08 22:38:50 ✅ Container created: 29853e0b6c74
2026/09/08 22:38:50 🐳 Starting container: 29853e0b6c74
2026/09/08 22:38:51 ✅ Container started: 29853e0b6c74
2026/09/08 22:38:51 ⏳ Waiting for container id 29853e0b6c74 image: postgres:17-alpine. Waiting for: all of: [all of: [log message "database system is ready to accept connections" (occurrence: 2), port 5432/tcp to be mapped]]
2026/09/08 22:38:51 🔔 Container is ready: 29853e0b6c74
2026/09/08 22:38:51 OK   00001_foundation.sql (77.04ms)
2026/09/08 22:38:51 OK   00002_worker_assignment.sql (16.9ms)
2026/09/08 22:38:51 OK   00003_worker_start.sql (3.31ms)
2026/09/08 22:38:51 OK   00004_worker_heartbeat.sql (20.02ms)
2026/09/08 22:38:51 OK   00005_execution_failure.sql (16.47ms)
2026/09/08 22:38:51 OK   00006_customer_cancellation.sql (35.82ms)
2026/09/08 22:38:51 OK   00007_artifact_finalization.sql (38.41ms)
2026/09/08 22:38:52 OK   00008_hierarchical_scheduler.sql (57.78ms)
2026/09/08 22:38:52 OK   00009_invoice_export.sql (15.53ms)
2026/09/08 22:38:52 OK   00010_profile_certification_circuit.sql (22.57ms)
2026/09/08 22:38:52 OK   00011_project_webhooks.sql (38.92ms)
2026/09/08 22:38:52 OK   00012_human_oidc_fixed_rbac.sql (29.32ms)
2026/09/08 22:38:52 OK   00013_service_principal_administration.sql (17.15ms)
2026/09/08 22:38:52 OK   00014_human_membership_administration.sql (30.64ms)
2026/09/08 22:38:52 OK   00015_organization_reporting.sql (20.22ms)
2026/09/08 22:38:52 OK   00016_project_retention_content_deletion.sql (58.29ms)
2026/09/08 22:38:52 OK   00017_platform_operator_break_glass.sql (39.61ms)
2026/09/08 22:38:52 OK   00018_finance_reconciliation.sql (18.34ms)
2026/09/08 22:38:52 OK   00019_certified_remediation.sql (25.33ms)
2026/09/08 22:38:52 OK   00020_remediation_execution_claim.sql (6.16ms)
2026/09/08 22:38:52 OK   00021_remediation_execution_dispatch.sql (2.47ms)
2026/09/08 22:38:52 OK   00022_remediation_execution_claim_replay.sql (2.48ms)
2026/09/08 22:38:52 OK   00023_fleet_controller_worker_readiness.sql (72.69ms)
2026/09/08 22:38:52 OK   00024_staging_artifact_expiry.sql (4.51ms)
2026/09/08 22:38:52 OK   00025_scheduler_inbox_receipt.sql (3.16ms)
2026/09/08 22:38:52 OK   00026_synchronous_quorum_guard.sql (2.22ms)
2026/09/08 22:38:52 OK   00027_authorized_debug_dump_lifecycle.sql (55.84ms)
2026/09/08 22:38:52 OK   00028_off_cluster_backup_retention.sql (12.72ms)
2026/09/08 22:38:52 OK   00029_artifact_backup_replication.sql (12.47ms)
2026/09/08 22:38:52 OK   00030_non_content_legal_hold.sql (26.18ms)
2026/09/08 22:38:52 OK   00031_non_content_record_expiry.sql (73.42ms)
2026/09/08 22:38:52 OK   00032_catalog_promotion_production_gates.sql (38.25ms)
2026/09/08 22:38:52 OK   00033_statistical_slo_measurement.sql (29.21ms)
2026/09/08 22:38:52 OK   00034_stage_execution_catalog.sql (65.76ms)
2026/09/08 22:38:52 OK   00035_worker_instance_residency.sql (73.84ms)
2026/09/08 22:38:52 OK   00036_stage_attempt_authority.sql (97.5ms)
2026/09/08 22:38:53 OK   00037_stage_scheduler.sql (52.06ms)
2026/09/08 22:38:53 OK   00038_stage_artifact.sql (51.17ms)
2026/09/08 22:38:53 OK   00039_stage_worker_control_authority.sql (4ms)
2026/09/08 22:38:53 OK   00040_stage_worker_execution.sql (23.03ms)
2026/09/08 22:38:53 OK   00041_stage_worker_operations.sql (15.38ms)
2026/09/08 22:38:53 OK   00042_stage_worker_assignment.sql (16.95ms)
2026/09/08 22:38:53 OK   00043_stage_graph_finalization.sql (7.55ms)
2026/09/08 22:38:53 OK   00044_stage_cache.sql (32.99ms)
2026/09/08 22:38:53 OK   00045_stage_graph_finalization_outputs.sql (5.78ms)
2026/09/08 22:38:53 OK   00046_stage_graph_visible_completion.sql (7.18ms)
2026/09/08 22:38:53 OK   00047_usage_cost_ledger.sql (19.37ms)
2026/09/08 22:38:53 OK   00048_stage_run_output_binding.sql (16.01ms)
2026/09/08 22:38:53 OK   00049_stage_cutover_control.sql (59.78ms)
2026/09/08 22:38:53 OK   00050_stage_graph_instantiation_dispatch.sql (20.03ms)
2026/09/08 22:38:53 OK   00051_atomic_stage_graph_admission.sql (9.57ms)
2026/09/08 22:38:53 OK   00052_stage_cutover_zero_backlog_seal.sql (21.79ms)
2026/09/08 22:38:53 OK   00053_legacy_h3_guarded_contraction.sql (15.82ms)
2026/09/08 22:38:53 OK   00054_stage_transfer_consume_destination.sql (3.76ms)
2026/09/08 22:38:53 OK   00055_h3_campaign_evidence_reader.sql (3.94ms)
2026/09/08 22:38:53 OK   00056_stage_observability_reader.sql (1.33ms)
2026/09/08 22:38:53 OK   00057_legacy_h3_release_contraction_gate.sql (10.21ms)
2026/09/08 22:38:53 OK   00058_legacy_h3_schema_contraction.sql (178.87ms)
2026/09/08 22:38:53 OK   00059_model_runtime_epoch_registration.sql (24.11ms)
2026/09/08 22:38:53 OK   00060_model_runtime_gang_barrier.sql (20.86ms)
2026/09/08 22:38:53 OK   00061_stage_worker_gang_authority.sql (6.46ms)
2026/09/08 22:38:53 OK   00062_stage_authority_member_identity.sql (3.17ms)
2026/09/08 22:38:53 OK   00063_h3_execution_snapshot.sql (3.71ms)
2026/09/08 22:38:53 OK   00064_model_runtime_capacity_routes.sql (13.78ms)
2026/09/08 22:38:53 OK   00065_h3_exact_cache_reconciliation.sql (12.71ms)
2026/09/08 22:38:53 OK   00066_stage_worker_control_session_capacity.sql (27.16ms)
2026/09/08 22:38:53 OK   00067_stage_scheduler_project_capacity.sql (2.55ms)
2026/09/08 22:38:53 OK   00068_stage_assignment_connector_states.sql (2.06ms)
2026/09/08 22:38:53 OK   00069_stage_transfer_server_clock.sql (5.64ms)
2026/09/08 22:38:53 OK   00070_stage_lease_expiry_recovery.sql (12.71ms)
2026/09/08 22:38:53 OK   00071_stage_artifact_lifecycle.sql (20.24ms)
2026/09/08 22:38:53 OK   00072_recovery_quiescence.sql (14.97ms)
2026/09/08 22:38:53 OK   00073_stage_cache_downstream_bindings.sql (7.18ms)
2026/09/08 22:38:53 OK   00074_job_owned_public_artifact_copies.sql (3.79ms)
2026/09/08 22:38:53 OK   00075_stage_graph_failure_terminalization.sql (22.3ms)
2026/09/08 22:38:53 OK   00076_allocation_usage_unit.sql (908.29µs)
2026/09/08 22:38:53 OK   00077_runtime_usage_receipts.sql (4.35ms)
2026/09/08 22:38:53 OK   00078_idle_stage_worker_probe.sql (5.98ms)
2026/09/08 22:38:53 OK   00079_stage_job_expiry.sql (6.88ms)
2026/09/08 22:38:53 OK   00080_stage_scheduler_snapshot_lock_order.sql (3.62ms)
2026/09/08 22:38:53 OK   00081_stage_assignment_quorum.sql (1.71ms)
2026/09/08 22:38:53 OK   00082_stage_success_storage_completion.sql (3.51ms)
2026/09/08 22:38:53 OK   00083_capacity_observation_lifecycle.sql (4.74ms)
2026/09/08 22:38:53 OK   00084_blocked_stage_worker_probe.sql (4.5ms)
2026/09/08 22:38:53 OK   00085_stage_materialization_terminal_replay.sql (2.98ms)
2026/09/08 22:38:53 OK   00086_stage_failure_terminal_replay.sql (6.7ms)
2026/09/08 22:38:53 OK   00087_stage_claim_finalization_lock_order.sql (2.35ms)
2026/09/08 22:38:53 OK   00088_stage_allocation_execution_sequence.sql (4.8ms)
2026/09/08 22:38:53 OK   00089_stage_terminal_history.sql (9.15ms)
2026/09/08 22:38:53 OK   00090_stage_assignment_content_lifecycle.sql (21.1ms)
2026/09/08 22:38:53 OK   00091_worker_journal_bootstrap.sql (20.36ms)
2026/09/08 22:38:53 OK   00092_worker_bootstrap_history.sql (2.48ms)
2026/09/08 22:38:53 OK   00093_worker_bootstrap_nonzero_scopes.sql (1.5ms)
2026/09/08 22:38:53 OK   00094_worker_bootstrap_abandonment.sql (12.21ms)
2026/09/08 22:38:53 goose: successfully migrated database to version: 94
    cpu_mock_durable_stream_campaign_test.go:35: CPU_MOCK_CAMPAIGN_START {"durable_stream":true,"exact_cache":true,"go_version":"go1.26.7","initial_budget":{"planned_jobs":2,"fixed_price_per_job_minor":1250,"initial_credit_limit_minor":2500,"currency":"CNY"},"runtime_binary_sha256":{"vela-h3-stage-mock":"2f572c2df6cf7619cb81322569acae2477dc5b8ab6a63ed646976a2a8d167ecd","vela-lab-cpu-thumbnail-mock":"763aace4542d4a443ae326ad0ab201a39832dafaf42ff6fef48a09c3282f4cce"},"source_tree_sha256":"5acb940266af6fbde61a3bc0d1673a8b3e4677fcf4161a34d8a280a1d1aac8ef"}
    cpu_mock_durable_stream_campaign_test.go:35: CPU_MOCK_EXACT_CACHE_RECEIPT {"admission":{"AdmissionCandidates":2,"Admitted":2,"HitCandidates":0,"Hits":0,"Skipped":0},"after_maintenance":{"observed_at":"2026-09-08T14:39:00.469988Z","queued_jobs":0,"running_jobs":0,"active_allocations":0,"active_leases":0,"reserved_storage":0,"reserved_storage_bytes":0,"materialized_stage_bytes":26638,"held_buffers":0,"visible_completions":2,"acquire_intents":6,"database_bytes":29030067,"test_process_heap_bytes":14510256,"test_process_goroutines":143,"runtime_scratch_bytes":0,"local_journal_bytes":70431,"runtime_input_bytes":0,"runtime_output_bytes":0,"runtime_watchdog_goroutines":0,"reserved_credit_minor":0,"posted_credit_minor":2500,"charges":2,"pool_active_counters":0,"active_execution_pins":0,"active_finalization_pins":0,"active_cache_pins":0,"live_cache_entries":2,"active_cache_carrying_references":2,"committed_stage_artifacts":6},"after_source":{"observed_at":"2026-09-08T14:38:59.258949Z","queued_jobs":0,"running_jobs":0,"active_allocations":0,"active_leases":0,"reserved_storage":0,"reserved_storage_bytes":0,"materialized_stage_bytes":13521,"held_buffers":0,"visible_completions":1,"acquire_intents":4,"database_bytes":28686003,"test_process_heap_bytes":13894568,"test_process_goroutines":143,"runtime_scratch_bytes":0,"local_journal_bytes":49735,"runtime_input_bytes":0,"runtime_output_bytes":0,"runtime_watchdog_goroutines":0,"reserved_credit_minor":0,"posted_credit_minor":1250,"charges":1,"pool_active_counters":0,"active_execution_pins":3,"active_finalization_pins":0,"active_cache_pins":0,"live_cache_entries":0,"active_cache_carrying_references":0,"committed_stage_artifacts":4,"processes":[{"pid":71933,"name":"integration.test","rss_bytes":234192896,"open_fds":131},{"pid":71956,"name":"h3-encoder","rss_bytes":17711104,"open_fds":12},{"pid":71975,"name":"h3-dit","rss_bytes":17367040,"open_fds":12},{"pid":71976,"name":"h3-vae-decoder","rss_bytes":17317888,"open_fds":12},{"pid":71979,"name":"vela-lab-cpu-thumbnail-mock","rss_bytes":17645568,"open_fds":12}]},"after_target":{"observed_at":"2026-09-08T14:39:00.361012Z","queued_jobs":0,"running_jobs":0,"active_allocations":0,"active_leases":0,"reserved_storage":0,"reserved_storage_bytes":0,"materialized_stage_bytes":26638,"held_buffers":1,"visible_completions":2,"acquire_intents":6,"database_bytes":29030067,"test_process_heap_bytes":12017320,"test_process_goroutines":143,"runtime_scratch_bytes":0,"local_journal_bytes":70431,"runtime_input_bytes":0,"runtime_output_bytes":0,"runtime_watchdog_goroutines":0,"reserved_credit_minor":0,"posted_credit_minor":2500,"charges":2,"pool_active_counters":0,"active_execution_pins":8,"active_finalization_pins":0,"active_cache_pins":0,"live_cache_entries":2,"active_cache_carrying_references":2,"committed_stage_artifacts":6,"processes":[{"pid":71933,"name":"integration.test","rss_bytes":235470848,"open_fds":131},{"pid":71956,"name":"h3-encoder","rss_bytes":17711104,"open_fds":12},{"pid":71975,"name":"h3-dit","rss_bytes":17367040,"open_fds":12},{"pid":71976,"name":"h3-vae-decoder","rss_bytes":17678336,"open_fds":12},{"pid":71979,"name":"vela-lab-cpu-thumbnail-mock","rss_bytes":17776640,"open_fds":12}]},"before":{"observed_at":"2026-09-08T14:38:56.72735Z","queued_jobs":0,"running_jobs":0,"active_allocations":0,"active_leases":0,"reserved_storage":0,"reserved_storage_bytes":0,"materialized_stage_bytes":0,"held_buffers":0,"visible_completions":0,"acquire_intents":0,"database_bytes":26670771,"test_process_heap_bytes":10572288,"test_process_goroutines":102,"runtime_scratch_bytes":0,"local_journal_bytes":4968,"runtime_input_bytes":0,"runtime_output_bytes":0,"runtime_watchdog_goroutines":0,"reserved_credit_minor":0,"posted_credit_minor":0,"charges":0,"pool_active_counters":0,"active_execution_pins":0,"active_finalization_pins":0,"active_cache_pins":0,"live_cache_entries":0,"active_cache_carrying_references":0,"committed_stage_artifacts":0,"processes":[{"pid":71933,"name":"integration.test","rss_bytes":207306752,"open_fds":120},{"pid":71956,"name":"h3-encoder","rss_bytes":16711680,"open_fds":12},{"pid":71975,"name":"h3-dit","rss_bytes":16498688,"open_fds":12},{"pid":71976,"name":"h3-vae-decoder","rss_bytes":16416768,"open_fds":12},{"pid":71979,"name":"vela-lab-cpu-thumbnail-mock","rss_bytes":16695296,"open_fds":12}]},"capacity_reports_by_worker":{"dit":1,"encoder":1,"thumbnail":1,"vae":1},"consumed_transfers":5,"direct_allocation_receipts":6,"durable_records_by_worker":{"dit":1,"encoder":1,"thumbnail":2,"vae":2},"durable_stream":true,"elapsed_seconds":3.7981730000000002,"evidence_class":"LOCAL_CPU_MOCK_EXACT_CACHE","exact_bindings_and_pins":[{"stage":"dit","source_artifact_id":"844508ec-41c7-520e-9c8d-78d18863fbd9","object_version":"local-v00000000000000000002","pin_id":"ef199a56-d22c-5956-941f-6c5f4b602054"},{"stage":"encoder","source_artifact_id":"ec7091fa-468e-57a3-8505-1ece675b51bb","object_version":"local-v00000000000000000001","pin_id":"d5a8e45d-83e0-5214-a2b3-b433ea425de5"}],"ffprobe_version":"ffprobe version 8.0.1 Copyright (c) 2007-2025 the FFmpeg developers","go_version":"go1.26.7","hits":[{"AdmissionCandidates":0,"Admitted":0,"HitCandidates":2,"Hits":1,"Skipped":0},{"AdmissionCandidates":0,"Admitted":0,"HitCandidates":2,"Hits":1,"Skipped":0}],"initial_budget":{"planned_jobs":2,"fixed_price_per_job_minor":1250,"initial_credit_limit_minor":2500,"currency":"CNY"},"limitations":["bounded CPU mock Jobs, not sustained open-loop throughput or GPU certification","real mTLS Control stream and durable StreamAgent; Runtime gRPC and model processes are local CPU fixtures","Worker readiness/Registry setup uses fixture services; production Fleet activation, Node custody/startup and ProductionAgent orchestration are separate","lost committed responses reconstruct StreamAgent/file journal and replace mTLS transport in the same fixture session; processes remain live; production session reattachment is separate","bounded harness retries confirmed STALE Acquire results with new command IDs; production discovery orchestration is not exercised","input/output payload retirement is measured separately from retained journal metadata; history reclamation is not implemented","local exact-version object store, not remote S3; physical isolation and power-cut durability are separate","host race instrumentation does not instrument native mock subprocesses; sampled resources are not full VM peaks","BITWISE policy is a fixture declaration; native payloads, exact versions, ADMIT/HIT and billing are measured","Reconciler drives ADMIT/HIT before target Acquire; cache/scheduler races and organization isolation are separate tests"],"maintenance_result":{"RequestContentExpired":0,"ContentDeletionRequestsCreated":0,"Claimed":0,"Completed":0,"Failed":0},"production_gate":false,"replayed_commits":4,"runtime_binary_sha256":{"vela-h3-stage-mock":"2f572c2df6cf7619cb81322569acae2477dc5b8ab6a63ed646976a2a8d167ecd","vela-lab-cpu-thumbnail-mock":"763aace4542d4a443ae326ad0ab201a39832dafaf42ff6fef48a09c3282f4cce"},"schema_version":1,"source_job_id":"e99e08b7-a9de-41ee-9c16-d2f2d5b44bab","source_physical_stages":4,"source_tree_sha256":"5acb940266af6fbde61a3bc0d1673a8b3e4677fcf4161a34d8a280a1d1aac8ef","started_at":"2026-09-08T14:38:56.727346Z","target_job_id":"ea7350c4-7a05-4d81-bc90-63c15ed629bf","target_physical_stages":2,"verified_public_copies":[{"job_id":"e99e08b7-a9de-41ee-9c16-d2f2d5b44bab","kind":"VIDEO","object_key":"artifacts/00000000-0000-0000-0000-000000000001/00000000-0000-0000-0000-000000000002/e99e08b7-a9de-41ee-9c16-d2f2d5b44bab/fcd65dfe-c157-53de-906f-6f91d5bb5d22","object_version":"local-v00000000000000000006","sha256":"0c91cb7c0225493a7e7b0855484fd7a82baf277b9812d7954e2b8d0bb3f1ee01","size_bytes":12953},{"job_id":"ea7350c4-7a05-4d81-bc90-63c15ed629bf","kind":"VIDEO","object_key":"artifacts/00000000-0000-0000-0000-000000000001/00000000-0000-0000-0000-000000000002/ea7350c4-7a05-4d81-bc90-63c15ed629bf/63f6f364-7f51-5665-a3bf-669053189b99","object_version":"local-v00000000000000000010","sha256":"0c91cb7c0225493a7e7b0855484fd7a82baf277b9812d7954e2b8d0bb3f1ee01","size_bytes":12953},{"job_id":"e99e08b7-a9de-41ee-9c16-d2f2d5b44bab","kind":"THUMBNAIL","object_key":"artifacts/00000000-0000-0000-0000-000000000001/00000000-0000-0000-0000-000000000002/e99e08b7-a9de-41ee-9c16-d2f2d5b44bab/7aa6af69-89d5-531c-bd11-ef2da3de5ab9","object_version":"local-v00000000000000000005","sha256":"4a5bebd434087d98bcc98e7c7f52a81e842b740800acd5e212de905b12282a58","size_bytes":164},{"job_id":"ea7350c4-7a05-4d81-bc90-63c15ed629bf","kind":"THUMBNAIL","object_key":"artifacts/00000000-0000-0000-0000-000000000001/00000000-0000-0000-0000-000000000002/ea7350c4-7a05-4d81-bc90-63c15ed629bf/43f28aa1-9f4d-54b8-ad23-392f5c950f5f","object_version":"local-v00000000000000000009","sha256":"4a5bebd434087d98bcc98e7c7f52a81e842b740800acd5e212de905b12282a58","size_bytes":164}]}
2026/09/08 22:39:00 🐳 Stopping container: 29853e0b6c74
2026/09/08 22:39:00 ✅ Container stopped: 29853e0b6c74
2026/09/08 22:39:00 🐳 Terminating container: 29853e0b6c74
2026/09/08 22:39:00 🚫 Container terminated: 29853e0b6c74
--- PASS: TestCPUMockDurableStreamExactCacheCampaign (11.39s)
=== RUN   TestCPUMockExactCacheSourceTargetCampaign
2026/09/08 22:39:01 🐳 Creating container for image postgres:17-alpine
2026/09/08 22:39:01 ✅ Container created: 70f055201259
2026/09/08 22:39:01 🐳 Starting container: 70f055201259
2026/09/08 22:39:01 ✅ Container started: 70f055201259
2026/09/08 22:39:01 ⏳ Waiting for container id 70f055201259 image: postgres:17-alpine. Waiting for: all of: [all of: [log message "database system is ready to accept connections" (occurrence: 2), port 5432/tcp to be mapped]]
2026/09/08 22:39:02 🔔 Container is ready: 70f055201259
2026/09/08 22:39:02 OK   00001_foundation.sql (64.04ms)
2026/09/08 22:39:02 OK   00002_worker_assignment.sql (16.55ms)
2026/09/08 22:39:02 OK   00003_worker_start.sql (3.03ms)
2026/09/08 22:39:02 OK   00004_worker_heartbeat.sql (18.23ms)
2026/09/08 22:39:02 OK   00005_execution_failure.sql (17.63ms)
2026/09/08 22:39:02 OK   00006_customer_cancellation.sql (33.72ms)
2026/09/08 22:39:02 OK   00007_artifact_finalization.sql (36.73ms)
2026/09/08 22:39:02 OK   00008_hierarchical_scheduler.sql (58.29ms)
2026/09/08 22:39:02 OK   00009_invoice_export.sql (15.53ms)
2026/09/08 22:39:02 OK   00010_profile_certification_circuit.sql (23.17ms)
2026/09/08 22:39:02 OK   00011_project_webhooks.sql (39.14ms)
2026/09/08 22:39:02 OK   00012_human_oidc_fixed_rbac.sql (29.8ms)
2026/09/08 22:39:02 OK   00013_service_principal_administration.sql (17.74ms)
2026/09/08 22:39:02 OK   00014_human_membership_administration.sql (32.08ms)
2026/09/08 22:39:02 OK   00015_organization_reporting.sql (20.87ms)
2026/09/08 22:39:03 OK   00016_project_retention_content_deletion.sql (59.17ms)
2026/09/08 22:39:03 OK   00017_platform_operator_break_glass.sql (40.53ms)
2026/09/08 22:39:03 OK   00018_finance_reconciliation.sql (19.61ms)
2026/09/08 22:39:03 OK   00019_certified_remediation.sql (26.63ms)
2026/09/08 22:39:03 OK   00020_remediation_execution_claim.sql (7.04ms)
2026/09/08 22:39:03 OK   00021_remediation_execution_dispatch.sql (2.76ms)
2026/09/08 22:39:03 OK   00022_remediation_execution_claim_replay.sql (2.68ms)
2026/09/08 22:39:03 OK   00023_fleet_controller_worker_readiness.sql (76.51ms)
2026/09/08 22:39:03 OK   00024_staging_artifact_expiry.sql (4.71ms)
2026/09/08 22:39:03 OK   00025_scheduler_inbox_receipt.sql (2.75ms)
2026/09/08 22:39:03 OK   00026_synchronous_quorum_guard.sql (2.35ms)
2026/09/08 22:39:03 OK   00027_authorized_debug_dump_lifecycle.sql (54.34ms)
2026/09/08 22:39:03 OK   00028_off_cluster_backup_retention.sql (13.5ms)
2026/09/08 22:39:03 OK   00029_artifact_backup_replication.sql (12.82ms)
2026/09/08 22:39:03 OK   00030_non_content_legal_hold.sql (25.61ms)
2026/09/08 22:39:03 OK   00031_non_content_record_expiry.sql (72.45ms)
2026/09/08 22:39:03 OK   00032_catalog_promotion_production_gates.sql (38.11ms)
2026/09/08 22:39:03 OK   00033_statistical_slo_measurement.sql (29.48ms)
2026/09/08 22:39:03 OK   00034_stage_execution_catalog.sql (66.19ms)
2026/09/08 22:39:03 OK   00035_worker_instance_residency.sql (72.32ms)
2026/09/08 22:39:03 OK   00036_stage_attempt_authority.sql (101.64ms)
2026/09/08 22:39:03 OK   00037_stage_scheduler.sql (52.95ms)
2026/09/08 22:39:03 OK   00038_stage_artifact.sql (52.4ms)
2026/09/08 22:39:03 OK   00039_stage_worker_control_authority.sql (4.38ms)
2026/09/08 22:39:03 OK   00040_stage_worker_execution.sql (22.48ms)
2026/09/08 22:39:03 OK   00041_stage_worker_operations.sql (15.46ms)
2026/09/08 22:39:03 OK   00042_stage_worker_assignment.sql (16.66ms)
2026/09/08 22:39:03 OK   00043_stage_graph_finalization.sql (7.49ms)
2026/09/08 22:39:03 OK   00044_stage_cache.sql (33.36ms)
2026/09/08 22:39:03 OK   00045_stage_graph_finalization_outputs.sql (5.76ms)
2026/09/08 22:39:03 OK   00046_stage_graph_visible_completion.sql (7.02ms)
2026/09/08 22:39:03 OK   00047_usage_cost_ledger.sql (18.18ms)
2026/09/08 22:39:03 OK   00048_stage_run_output_binding.sql (15.92ms)
2026/09/08 22:39:04 OK   00049_stage_cutover_control.sql (59.41ms)
2026/09/08 22:39:04 OK   00050_stage_graph_instantiation_dispatch.sql (19.72ms)
2026/09/08 22:39:04 OK   00051_atomic_stage_graph_admission.sql (10.02ms)
2026/09/08 22:39:04 OK   00052_stage_cutover_zero_backlog_seal.sql (21.92ms)
2026/09/08 22:39:04 OK   00053_legacy_h3_guarded_contraction.sql (16.91ms)
2026/09/08 22:39:04 OK   00054_stage_transfer_consume_destination.sql (3.74ms)
2026/09/08 22:39:04 OK   00055_h3_campaign_evidence_reader.sql (4.6ms)
2026/09/08 22:39:04 OK   00056_stage_observability_reader.sql (1.15ms)
2026/09/08 22:39:04 OK   00057_legacy_h3_release_contraction_gate.sql (11.23ms)
2026/09/08 22:39:04 OK   00058_legacy_h3_schema_contraction.sql (182.36ms)
2026/09/08 22:39:04 OK   00059_model_runtime_epoch_registration.sql (22.28ms)
2026/09/08 22:39:04 OK   00060_model_runtime_gang_barrier.sql (20.53ms)
2026/09/08 22:39:04 OK   00061_stage_worker_gang_authority.sql (6.19ms)
2026/09/08 22:39:04 OK   00062_stage_authority_member_identity.sql (3.49ms)
2026/09/08 22:39:04 OK   00063_h3_execution_snapshot.sql (3.28ms)
2026/09/08 22:39:04 OK   00064_model_runtime_capacity_routes.sql (14.19ms)
2026/09/08 22:39:04 OK   00065_h3_exact_cache_reconciliation.sql (12.95ms)
2026/09/08 22:39:04 OK   00066_stage_worker_control_session_capacity.sql (28.01ms)
2026/09/08 22:39:04 OK   00067_stage_scheduler_project_capacity.sql (2.63ms)
2026/09/08 22:39:04 OK   00068_stage_assignment_connector_states.sql (2.29ms)
2026/09/08 22:39:04 OK   00069_stage_transfer_server_clock.sql (5.77ms)
2026/09/08 22:39:04 OK   00070_stage_lease_expiry_recovery.sql (12.68ms)
2026/09/08 22:39:04 OK   00071_stage_artifact_lifecycle.sql (20.48ms)
2026/09/08 22:39:04 OK   00072_recovery_quiescence.sql (15.05ms)
2026/09/08 22:39:04 OK   00073_stage_cache_downstream_bindings.sql (6.97ms)
2026/09/08 22:39:04 OK   00074_job_owned_public_artifact_copies.sql (4.28ms)
2026/09/08 22:39:04 OK   00075_stage_graph_failure_terminalization.sql (22.95ms)
2026/09/08 22:39:04 OK   00076_allocation_usage_unit.sql (1.23ms)
2026/09/08 22:39:04 OK   00077_runtime_usage_receipts.sql (4.16ms)
2026/09/08 22:39:04 OK   00078_idle_stage_worker_probe.sql (5.98ms)
2026/09/08 22:39:04 OK   00079_stage_job_expiry.sql (7.19ms)
2026/09/08 22:39:04 OK   00080_stage_scheduler_snapshot_lock_order.sql (3.58ms)
2026/09/08 22:39:04 OK   00081_stage_assignment_quorum.sql (2.36ms)
2026/09/08 22:39:04 OK   00082_stage_success_storage_completion.sql (3.55ms)
2026/09/08 22:39:04 OK   00083_capacity_observation_lifecycle.sql (4.84ms)
2026/09/08 22:39:04 OK   00084_blocked_stage_worker_probe.sql (4.59ms)
2026/09/08 22:39:04 OK   00085_stage_materialization_terminal_replay.sql (2.94ms)
2026/09/08 22:39:04 OK   00086_stage_failure_terminal_replay.sql (6.81ms)
2026/09/08 22:39:04 OK   00087_stage_claim_finalization_lock_order.sql (2.67ms)
2026/09/08 22:39:04 OK   00088_stage_allocation_execution_sequence.sql (6.44ms)
2026/09/08 22:39:04 OK   00089_stage_terminal_history.sql (8.88ms)
2026/09/08 22:39:04 OK   00090_stage_assignment_content_lifecycle.sql (20.12ms)
2026/09/08 22:39:04 OK   00091_worker_journal_bootstrap.sql (21.11ms)
2026/09/08 22:39:04 OK   00092_worker_bootstrap_history.sql (2.47ms)
2026/09/08 22:39:04 OK   00093_worker_bootstrap_nonzero_scopes.sql (1.26ms)
2026/09/08 22:39:04 OK   00094_worker_bootstrap_abandonment.sql (12.22ms)
2026/09/08 22:39:04 goose: successfully migrated database to version: 94
    cpu_mock_exact_cache_campaign_test.go:24: CPU_MOCK_CAMPAIGN_START {"durable_stream":false,"exact_cache":true,"go_version":"go1.26.7","initial_budget":{"planned_jobs":2,"fixed_price_per_job_minor":1250,"initial_credit_limit_minor":2500,"currency":"CNY"},"runtime_binary_sha256":{"vela-h3-stage-mock":"2f572c2df6cf7619cb81322569acae2477dc5b8ab6a63ed646976a2a8d167ecd","vela-lab-cpu-thumbnail-mock":"763aace4542d4a443ae326ad0ab201a39832dafaf42ff6fef48a09c3282f4cce"},"source_tree_sha256":"5acb940266af6fbde61a3bc0d1673a8b3e4677fcf4161a34d8a280a1d1aac8ef"}
    cpu_mock_exact_cache_campaign_test.go:24: CPU_MOCK_EXACT_CACHE_RECEIPT {"admission":{"AdmissionCandidates":2,"Admitted":2,"HitCandidates":0,"Hits":0,"Skipped":0},"after_maintenance":{"observed_at":"2026-09-08T14:39:07.561417Z","queued_jobs":0,"running_jobs":0,"active_allocations":0,"active_leases":0,"reserved_storage":0,"reserved_storage_bytes":0,"materialized_stage_bytes":26638,"held_buffers":0,"visible_completions":2,"acquire_intents":6,"database_bytes":29021875,"test_process_heap_bytes":13117440,"test_process_goroutines":89,"runtime_scratch_bytes":0,"runtime_input_bytes":0,"runtime_output_bytes":0,"runtime_watchdog_goroutines":0,"reserved_credit_minor":0,"posted_credit_minor":2500,"charges":2,"pool_active_counters":0,"active_execution_pins":0,"active_finalization_pins":0,"active_cache_pins":0,"live_cache_entries":2,"active_cache_carrying_references":2,"committed_stage_artifacts":6},"after_source":{"observed_at":"2026-09-08T14:39:06.987304Z","queued_jobs":0,"running_jobs":0,"active_allocations":0,"active_leases":0,"reserved_storage":0,"reserved_storage_bytes":0,"materialized_stage_bytes":13521,"held_buffers":0,"visible_completions":1,"acquire_intents":4,"database_bytes":28686003,"test_process_heap_bytes":12284272,"test_process_goroutines":89,"runtime_scratch_bytes":0,"runtime_input_bytes":0,"runtime_output_bytes":0,"runtime_watchdog_goroutines":0,"reserved_credit_minor":0,"posted_credit_minor":1250,"charges":1,"pool_active_counters":0,"active_execution_pins":3,"active_finalization_pins":0,"active_cache_pins":0,"live_cache_entries":0,"active_cache_carrying_references":0,"committed_stage_artifacts":4,"processes":[{"pid":71933,"name":"integration.test","rss_bytes":269090816,"open_fds":87},{"pid":72028,"name":"h3-encoder","rss_bytes":17629184,"open_fds":12},{"pid":72029,"name":"h3-dit","rss_bytes":16859136,"open_fds":12},{"pid":72030,"name":"h3-vae-decoder","rss_bytes":16859136,"open_fds":12},{"pid":72031,"name":"vela-lab-cpu-thumbnail-mock","rss_bytes":17694720,"open_fds":12}]},"after_target":{"observed_at":"2026-09-08T14:39:07.457729Z","queued_jobs":0,"running_jobs":0,"active_allocations":0,"active_leases":0,"reserved_storage":0,"reserved_storage_bytes":0,"materialized_stage_bytes":26638,"held_buffers":1,"visible_completions":2,"acquire_intents":6,"database_bytes":29021875,"test_process_heap_bytes":10908584,"test_process_goroutines":89,"runtime_scratch_bytes":0,"runtime_input_bytes":0,"runtime_output_bytes":0,"runtime_watchdog_goroutines":0,"reserved_credit_minor":0,"posted_credit_minor":2500,"charges":2,"pool_active_counters":0,"active_execution_pins":8,"active_finalization_pins":0,"active_cache_pins":0,"live_cache_entries":2,"active_cache_carrying_references":2,"committed_stage_artifacts":6,"processes":[{"pid":71933,"name":"integration.test","rss_bytes":269139968,"open_fds":87},{"pid":72028,"name":"h3-encoder","rss_bytes":17629184,"open_fds":12},{"pid":72029,"name":"h3-dit","rss_bytes":16859136,"open_fds":12},{"pid":72030,"name":"h3-vae-decoder","rss_bytes":17006592,"open_fds":12},{"pid":72031,"name":"vela-lab-cpu-thumbnail-mock","rss_bytes":17776640,"open_fds":12}]},"before":{"observed_at":"2026-09-08T14:39:06.130641Z","queued_jobs":0,"running_jobs":0,"active_allocations":0,"active_leases":0,"reserved_storage":0,"reserved_storage_bytes":0,"materialized_stage_bytes":0,"held_buffers":0,"visible_completions":0,"acquire_intents":0,"database_bytes":26670771,"test_process_heap_bytes":19680320,"test_process_goroutines":65,"runtime_scratch_bytes":0,"runtime_input_bytes":0,"runtime_output_bytes":0,"runtime_watchdog_goroutines":0,"reserved_credit_minor":0,"posted_credit_minor":0,"charges":0,"pool_active_counters":0,"active_execution_pins":0,"active_finalization_pins":0,"active_cache_pins":0,"live_cache_entries":0,"active_cache_carrying_references":0,"committed_stage_artifacts":0,"processes":[{"pid":71933,"name":"integration.test","rss_bytes":268992512,"open_fds":76},{"pid":72028,"name":"h3-encoder","rss_bytes":16908288,"open_fds":12},{"pid":72029,"name":"h3-dit","rss_bytes":16121856,"open_fds":12},{"pid":72030,"name":"h3-vae-decoder","rss_bytes":16138240,"open_fds":12},{"pid":72031,"name":"vela-lab-cpu-thumbnail-mock","rss_bytes":16891904,"open_fds":12}]},"capacity_reports_by_worker":{"dit":1,"encoder":1,"thumbnail":1,"vae":1},"consumed_transfers":5,"direct_allocation_receipts":6,"elapsed_seconds":1.4881630000000001,"evidence_class":"LOCAL_CPU_MOCK_EXACT_CACHE","exact_bindings_and_pins":[{"stage":"dit","source_artifact_id":"6011b9b9-b7ca-478e-ad0b-f3d5d31bb1eb","object_version":"local-v00000000000000000002","pin_id":"5ff81931-c5d6-5d0d-8d46-f8bb0b9bd76c"},{"stage":"encoder","source_artifact_id":"08175666-fc52-4ce0-b304-6cd4fd7d1e39","object_version":"local-v00000000000000000001","pin_id":"8e679ff9-8a92-5ebb-9772-a96318d6486c"}],"ffprobe_version":"ffprobe version 8.0.1 Copyright (c) 2007-2025 the FFmpeg developers","go_version":"go1.26.7","hits":[{"AdmissionCandidates":0,"Admitted":0,"HitCandidates":2,"Hits":1,"Skipped":0},{"AdmissionCandidates":0,"Admitted":0,"HitCandidates":2,"Hits":1,"Skipped":0}],"initial_budget":{"planned_jobs":2,"fixed_price_per_job_minor":1250,"initial_credit_limit_minor":2500,"currency":"CNY"},"limitations":["CPU mock, local exact-version store and loopback Runtime gRPC; no real H3/GPU or Production Gate evidence","public Go control services and low-level agent; production stream handler/journal replay is covered by separate tests","BITWISE equivalence/policy are static fixture catalog declarations; native mock payloads and ADMIT/HIT outcomes are measured","Project cache remains enabled with two admitted entries; cache carrying history is retained","Reconciler drives real ADMIT/HIT before target physical Acquire; this does not benchmark a cache/scheduler race","real ffprobe verifies media; host execution does not prove Linux sandboxing; native subprocesses are not race-instrumented"],"maintenance_result":{"RequestContentExpired":0,"ContentDeletionRequestsCreated":0,"Claimed":0,"Completed":0,"Failed":0},"production_gate":false,"runtime_binary_sha256":{"vela-h3-stage-mock":"2f572c2df6cf7619cb81322569acae2477dc5b8ab6a63ed646976a2a8d167ecd","vela-lab-cpu-thumbnail-mock":"763aace4542d4a443ae326ad0ab201a39832dafaf42ff6fef48a09c3282f4cce"},"schema_version":1,"source_job_id":"fd3de2ba-2cd8-4318-ba3b-c16c6ac6c007","source_physical_stages":4,"source_tree_sha256":"5acb940266af6fbde61a3bc0d1673a8b3e4677fcf4161a34d8a280a1d1aac8ef","started_at":"2026-09-08T14:39:06.130638Z","target_job_id":"65e975ec-eba7-486b-b702-02ed932acfe4","target_physical_stages":2,"verified_public_copies":[{"job_id":"65e975ec-eba7-486b-b702-02ed932acfe4","kind":"VIDEO","object_key":"artifacts/00000000-0000-0000-0000-000000000001/00000000-0000-0000-0000-000000000002/65e975ec-eba7-486b-b702-02ed932acfe4/5c7f6ea5-a703-5ea9-babb-2ab01e56af74","object_version":"local-v00000000000000000010","sha256":"0c91cb7c0225493a7e7b0855484fd7a82baf277b9812d7954e2b8d0bb3f1ee01","size_bytes":12953},{"job_id":"fd3de2ba-2cd8-4318-ba3b-c16c6ac6c007","kind":"VIDEO","object_key":"artifacts/00000000-0000-0000-0000-000000000001/00000000-0000-0000-0000-000000000002/fd3de2ba-2cd8-4318-ba3b-c16c6ac6c007/81de3ac9-c517-5e40-8e10-d3963af372af","object_version":"local-v00000000000000000006","sha256":"0c91cb7c0225493a7e7b0855484fd7a82baf277b9812d7954e2b8d0bb3f1ee01","size_bytes":12953},{"job_id":"65e975ec-eba7-486b-b702-02ed932acfe4","kind":"THUMBNAIL","object_key":"artifacts/00000000-0000-0000-0000-000000000001/00000000-0000-0000-0000-000000000002/65e975ec-eba7-486b-b702-02ed932acfe4/0c71634d-d709-5690-bf69-9ca2be6d1eb1","object_version":"local-v00000000000000000009","sha256":"4a5bebd434087d98bcc98e7c7f52a81e842b740800acd5e212de905b12282a58","size_bytes":164},{"job_id":"fd3de2ba-2cd8-4318-ba3b-c16c6ac6c007","kind":"THUMBNAIL","object_key":"artifacts/00000000-0000-0000-0000-000000000001/00000000-0000-0000-0000-000000000002/fd3de2ba-2cd8-4318-ba3b-c16c6ac6c007/55aa948b-16d9-53b3-8116-60b4f60b5939","object_version":"local-v00000000000000000005","sha256":"4a5bebd434087d98bcc98e7c7f52a81e842b740800acd5e212de905b12282a58","size_bytes":164}]}
2026/09/08 22:39:07 🐳 Stopping container: 70f055201259
2026/09/08 22:39:07 ✅ Container stopped: 70f055201259
2026/09/08 22:39:07 🐳 Terminating container: 70f055201259
2026/09/08 22:39:07 🚫 Container terminated: 70f055201259
--- PASS: TestCPUMockExactCacheSourceTargetCampaign (7.08s)
=== RUN   TestCPUMockProductionLoopClockOffsetCampaign
2026/09/08 22:39:08 🐳 Creating container for image postgres:17-alpine
2026/09/08 22:39:08 ✅ Container created: 94b1dba5cc21
2026/09/08 22:39:08 🐳 Starting container: 94b1dba5cc21
2026/09/08 22:39:08 ✅ Container started: 94b1dba5cc21
2026/09/08 22:39:08 ⏳ Waiting for container id 94b1dba5cc21 image: postgres:17-alpine. Waiting for: all of: [all of: [log message "database system is ready to accept connections" (occurrence: 2), port 5432/tcp to be mapped]]
2026/09/08 22:39:09 🔔 Container is ready: 94b1dba5cc21
2026/09/08 22:39:09 OK   00001_foundation.sql (80.34ms)
2026/09/08 22:39:09 OK   00002_worker_assignment.sql (18.09ms)
2026/09/08 22:39:09 OK   00003_worker_start.sql (3.4ms)
2026/09/08 22:39:09 OK   00004_worker_heartbeat.sql (19.69ms)
2026/09/08 22:39:09 OK   00005_execution_failure.sql (17.64ms)
2026/09/08 22:39:09 OK   00006_customer_cancellation.sql (36.07ms)
2026/09/08 22:39:09 OK   00007_artifact_finalization.sql (36.99ms)
2026/09/08 22:39:09 OK   00008_hierarchical_scheduler.sql (58.44ms)
2026/09/08 22:39:09 OK   00009_invoice_export.sql (15.63ms)
2026/09/08 22:39:09 OK   00010_profile_certification_circuit.sql (23.9ms)
2026/09/08 22:39:09 OK   00011_project_webhooks.sql (39.68ms)
2026/09/08 22:39:09 OK   00012_human_oidc_fixed_rbac.sql (30.29ms)
2026/09/08 22:39:09 OK   00013_service_principal_administration.sql (18.11ms)
2026/09/08 22:39:10 OK   00014_human_membership_administration.sql (31.69ms)
2026/09/08 22:39:10 OK   00015_organization_reporting.sql (20.9ms)
2026/09/08 22:39:10 OK   00016_project_retention_content_deletion.sql (58.57ms)
2026/09/08 22:39:10 OK   00017_platform_operator_break_glass.sql (39.43ms)
2026/09/08 22:39:10 OK   00018_finance_reconciliation.sql (17.89ms)
2026/09/08 22:39:10 OK   00019_certified_remediation.sql (25.12ms)
2026/09/08 22:39:10 OK   00020_remediation_execution_claim.sql (6.27ms)
2026/09/08 22:39:10 OK   00021_remediation_execution_dispatch.sql (3.23ms)
2026/09/08 22:39:10 OK   00022_remediation_execution_claim_replay.sql (2.32ms)
2026/09/08 22:39:10 OK   00023_fleet_controller_worker_readiness.sql (73.1ms)
2026/09/08 22:39:10 OK   00024_staging_artifact_expiry.sql (4.12ms)
2026/09/08 22:39:10 OK   00025_scheduler_inbox_receipt.sql (2.61ms)
2026/09/08 22:39:10 OK   00026_synchronous_quorum_guard.sql (1.86ms)
2026/09/08 22:39:10 OK   00027_authorized_debug_dump_lifecycle.sql (53.23ms)
2026/09/08 22:39:10 OK   00028_off_cluster_backup_retention.sql (13.23ms)
2026/09/08 22:39:10 OK   00029_artifact_backup_replication.sql (12.81ms)
2026/09/08 22:39:10 OK   00030_non_content_legal_hold.sql (24.9ms)
2026/09/08 22:39:10 OK   00031_non_content_record_expiry.sql (70.17ms)
2026/09/08 22:39:10 OK   00032_catalog_promotion_production_gates.sql (36.96ms)
2026/09/08 22:39:10 OK   00033_statistical_slo_measurement.sql (29.9ms)
2026/09/08 22:39:10 OK   00034_stage_execution_catalog.sql (64.19ms)
2026/09/08 22:39:10 OK   00035_worker_instance_residency.sql (73.5ms)
2026/09/08 22:39:10 OK   00036_stage_attempt_authority.sql (101.69ms)
2026/09/08 22:39:10 OK   00037_stage_scheduler.sql (50.2ms)
2026/09/08 22:39:10 OK   00038_stage_artifact.sql (50.54ms)
2026/09/08 22:39:10 OK   00039_stage_worker_control_authority.sql (3.96ms)
2026/09/08 22:39:10 OK   00040_stage_worker_execution.sql (22ms)
2026/09/08 22:39:10 OK   00041_stage_worker_operations.sql (15.17ms)
2026/09/08 22:39:10 OK   00042_stage_worker_assignment.sql (16.91ms)
2026/09/08 22:39:10 OK   00043_stage_graph_finalization.sql (7.34ms)
2026/09/08 22:39:10 OK   00044_stage_cache.sql (33.63ms)
2026/09/08 22:39:10 OK   00045_stage_graph_finalization_outputs.sql (6.52ms)
2026/09/08 22:39:10 OK   00046_stage_graph_visible_completion.sql (7.13ms)
2026/09/08 22:39:11 OK   00047_usage_cost_ledger.sql (18.32ms)
2026/09/08 22:39:11 OK   00048_stage_run_output_binding.sql (16.38ms)
2026/09/08 22:39:11 OK   00049_stage_cutover_control.sql (58.74ms)
2026/09/08 22:39:11 OK   00050_stage_graph_instantiation_dispatch.sql (20.14ms)
2026/09/08 22:39:11 OK   00051_atomic_stage_graph_admission.sql (9.15ms)
2026/09/08 22:39:11 OK   00052_stage_cutover_zero_backlog_seal.sql (22.09ms)
2026/09/08 22:39:11 OK   00053_legacy_h3_guarded_contraction.sql (16.13ms)
2026/09/08 22:39:11 OK   00054_stage_transfer_consume_destination.sql (3.43ms)
2026/09/08 22:39:11 OK   00055_h3_campaign_evidence_reader.sql (4.14ms)
2026/09/08 22:39:11 OK   00056_stage_observability_reader.sql (915.5µs)
2026/09/08 22:39:11 OK   00057_legacy_h3_release_contraction_gate.sql (10.28ms)
2026/09/08 22:39:11 OK   00058_legacy_h3_schema_contraction.sql (184.57ms)
2026/09/08 22:39:11 OK   00059_model_runtime_epoch_registration.sql (23.26ms)
2026/09/08 22:39:11 OK   00060_model_runtime_gang_barrier.sql (21.57ms)
2026/09/08 22:39:11 OK   00061_stage_worker_gang_authority.sql (7.07ms)
2026/09/08 22:39:11 OK   00062_stage_authority_member_identity.sql (3.17ms)
2026/09/08 22:39:11 OK   00063_h3_execution_snapshot.sql (3.56ms)
2026/09/08 22:39:11 OK   00064_model_runtime_capacity_routes.sql (14.01ms)
2026/09/08 22:39:11 OK   00065_h3_exact_cache_reconciliation.sql (12.45ms)
2026/09/08 22:39:11 OK   00066_stage_worker_control_session_capacity.sql (27.88ms)
2026/09/08 22:39:11 OK   00067_stage_scheduler_project_capacity.sql (2.43ms)
2026/09/08 22:39:11 OK   00068_stage_assignment_connector_states.sql (2.17ms)
2026/09/08 22:39:11 OK   00069_stage_transfer_server_clock.sql (5.51ms)
2026/09/08 22:39:11 OK   00070_stage_lease_expiry_recovery.sql (13.02ms)
2026/09/08 22:39:11 OK   00071_stage_artifact_lifecycle.sql (19.93ms)
2026/09/08 22:39:11 OK   00072_recovery_quiescence.sql (15.08ms)
2026/09/08 22:39:11 OK   00073_stage_cache_downstream_bindings.sql (6.57ms)
2026/09/08 22:39:11 OK   00074_job_owned_public_artifact_copies.sql (4.25ms)
2026/09/08 22:39:11 OK   00075_stage_graph_failure_terminalization.sql (22.3ms)
2026/09/08 22:39:11 OK   00076_allocation_usage_unit.sql (1.02ms)
2026/09/08 22:39:11 OK   00077_runtime_usage_receipts.sql (4.35ms)
2026/09/08 22:39:11 OK   00078_idle_stage_worker_probe.sql (6.07ms)
2026/09/08 22:39:11 OK   00079_stage_job_expiry.sql (7.43ms)
2026/09/08 22:39:11 OK   00080_stage_scheduler_snapshot_lock_order.sql (3.82ms)
2026/09/08 22:39:11 OK   00081_stage_assignment_quorum.sql (1.72ms)
2026/09/08 22:39:11 OK   00082_stage_success_storage_completion.sql (3.5ms)
2026/09/08 22:39:11 OK   00083_capacity_observation_lifecycle.sql (5.01ms)
2026/09/08 22:39:11 OK   00084_blocked_stage_worker_probe.sql (4.58ms)
2026/09/08 22:39:11 OK   00085_stage_materialization_terminal_replay.sql (3.01ms)
2026/09/08 22:39:11 OK   00086_stage_failure_terminal_replay.sql (6.17ms)
2026/09/08 22:39:11 OK   00087_stage_claim_finalization_lock_order.sql (3.21ms)
2026/09/08 22:39:11 OK   00088_stage_allocation_execution_sequence.sql (4.89ms)
2026/09/08 22:39:11 OK   00089_stage_terminal_history.sql (8.69ms)
2026/09/08 22:39:11 OK   00090_stage_assignment_content_lifecycle.sql (20.48ms)
2026/09/08 22:39:11 OK   00091_worker_journal_bootstrap.sql (20.57ms)
2026/09/08 22:39:11 OK   00092_worker_bootstrap_history.sql (2.57ms)
2026/09/08 22:39:11 OK   00093_worker_bootstrap_nonzero_scopes.sql (1.26ms)
2026/09/08 22:39:11 OK   00094_worker_bootstrap_abandonment.sql (12.82ms)
2026/09/08 22:39:11 goose: successfully migrated database to version: 94
    cpu_mock_production_loop_campaign_test.go:23: CPU_MOCK_CAMPAIGN_START {"durable_stream":true,"exact_cache":false,"go_version":"go1.26.7","initial_budget":{"planned_jobs":16,"fixed_price_per_job_minor":1250,"initial_credit_limit_minor":20000,"currency":"CNY"},"runtime_binary_sha256":{"vela-h3-stage-mock":"2f572c2df6cf7619cb81322569acae2477dc5b8ab6a63ed646976a2a8d167ecd","vela-lab-cpu-thumbnail-mock":"763aace4542d4a443ae326ad0ab201a39832dafaf42ff6fef48a09c3282f4cce"},"source_tree_sha256":"5acb940266af6fbde61a3bc0d1673a8b3e4677fcf4161a34d8a280a1d1aac8ef"}
    cpu_mock_production_loop_campaign_test.go:90: encoder production retry resume-materialization: commit durable StageArtifact: rpc error: code = AlreadyExists desc = Stage Worker request identity is duplicated
    cpu_mock_production_loop_campaign_test.go:90: dit production retry resume-materialization: commit durable StageArtifact: rpc error: code = AlreadyExists desc = Stage Worker request identity is duplicated
    cpu_mock_production_loop_campaign_test.go:90: vae production retry resume-materialization: commit durable StageArtifact: rpc error: code = AlreadyExists desc = Stage Worker request identity is duplicated
    cpu_mock_production_loop_campaign_test.go:90: thumbnail production retry resume-materialization: commit durable StageArtifact: rpc error: code = AlreadyExists desc = Stage Worker request identity is duplicated
    cpu_mock_production_loop_campaign_test.go:23: CPU_MOCK_LOAD_WAVE 1 {ObservedAt:2026-09-08 14:39:26.588059 +0000 UTC Queued:0 Running:0 ActiveAllocations:0 ActiveLeases:0 ReservedStorage:0 ReservedBytes:0 MaterializedBytes:108168 HeldBuffers:0 Completed:8 AcquireIntents:35 DatabaseBytes:30037683 HeapBytes:25832432 Goroutines:152 ScratchBytes:0 JournalBytes:332577 InputBytes:0 OutputBytes:0 RuntimeWatchdogs:0 ReservedCredit:0 PostedCredit:10000 Charges:8 PoolCounters:0 ExecutionPins:24 FinalizationPins:0 CachePins:0 CacheEntries:0 CacheCarryingRefs:0 CommittedObjects:32 Processes:[{PID:71933 Name:integration.test RSSBytes:293486592 OpenFDs:150} {PID:72068 Name:h3-encoder RSSBytes:20037632 OpenFDs:12} {PID:72069 Name:h3-dit RSSBytes:19939328 OpenFDs:12} {PID:72070 Name:h3-vae-decoder RSSBytes:19808256 OpenFDs:12} {PID:72073 Name:vela-lab-cpu-thumbnail-mock RSSBytes:20348928 OpenFDs:12}]}
    cpu_mock_production_loop_campaign_test.go:23: CPU_MOCK_LOAD_WAVE 2 {ObservedAt:2026-09-08 14:39:41.950066 +0000 UTC Queued:0 Running:0 ActiveAllocations:0 ActiveLeases:0 ReservedStorage:0 ReservedBytes:0 MaterializedBytes:216336 HeldBuffers:0 Completed:16 AcquireIntents:69 DatabaseBytes:32129551 HeapBytes:25129184 Goroutines:152 ScratchBytes:0 JournalBytes:654781 InputBytes:0 OutputBytes:0 RuntimeWatchdogs:0 ReservedCredit:0 PostedCredit:20000 Charges:16 PoolCounters:0 ExecutionPins:24 FinalizationPins:0 CachePins:0 CacheEntries:0 CacheCarryingRefs:0 CommittedObjects:64 Processes:[{PID:71933 Name:integration.test RSSBytes:300449792 OpenFDs:151} {PID:72068 Name:h3-encoder RSSBytes:20365312 OpenFDs:12} {PID:72069 Name:h3-dit RSSBytes:21151744 OpenFDs:12} {PID:72070 Name:h3-vae-decoder RSSBytes:21512192 OpenFDs:12} {PID:72073 Name:vela-lab-cpu-thumbnail-mock RSSBytes:21594112 OpenFDs:12}]}
    cpu_mock_production_loop_campaign_test.go:23: CPU_MOCK_LOAD_RECEIPT {"schema_version":1,"evidence_class":"LOCAL_CPU_MOCK_RUNTIME_LOAD","production_gate":false,"started_at":"2026-09-08T14:39:14.702819Z","jobs":16,"waves":2,"concurrent_arrivals_per_wave":8,"persistent_workers":4,"project_running_limit":2,"initial_budget":{"planned_jobs":16,"fixed_price_per_job_minor":1250,"initial_credit_limit_minor":20000,"currency":"CNY"},"elapsed_seconds":27.350381,"jobs_per_second":0.5850009913938676,"mean_queue_seconds":5.0749249375,"max_queue_seconds":11.286102,"mean_latency_seconds":7.844057125,"sampled_peak":{"queued_jobs":8,"running_jobs":2,"active_allocations":2,"active_leases":2,"reserved_storage":8,"reserved_storage_bytes":17179869184,"materialized_stage_bytes":216336,"held_buffers":2,"visible_completions":16,"acquire_intents":69,"database_bytes":32129551,"test_process_heap_bytes":32441952,"test_process_goroutines":158,"runtime_scratch_bytes":39256,"local_journal_bytes":772074,"runtime_input_bytes":13186,"runtime_output_bytes":13186,"runtime_watchdog_goroutines":2,"reserved_credit_minor":10000,"posted_credit_minor":20000,"charges":16,"pool_active_counters":18,"active_execution_pins":24,"active_finalization_pins":0,"active_cache_pins":0,"live_cache_entries":0,"active_cache_carrying_references":0,"committed_stage_artifacts":64},"before_arrivals":{"observed_at":"2026-09-08T14:39:14.56657Z","queued_jobs":0,"running_jobs":0,"active_allocations":0,"active_leases":0,"reserved_storage":0,"reserved_storage_bytes":0,"materialized_stage_bytes":0,"held_buffers":0,"visible_completions":0,"acquire_intents":0,"database_bytes":26638003,"test_process_heap_bytes":14293528,"test_process_goroutines":130,"runtime_scratch_bytes":0,"local_journal_bytes":6132,"runtime_input_bytes":0,"runtime_output_bytes":0,"runtime_watchdog_goroutines":0,"reserved_credit_minor":0,"posted_credit_minor":0,"charges":0,"pool_active_counters":0,"active_execution_pins":0,"active_finalization_pins":0,"active_cache_pins":0,"live_cache_entries":0,"active_cache_carrying_references":0,"committed_stage_artifacts":0,"processes":[{"pid":71933,"name":"integration.test","rss_bytes":270417920,"open_fds":132},{"pid":72068,"name":"h3-encoder","rss_bytes":16596992,"open_fds":12},{"pid":72069,"name":"h3-dit","rss_bytes":16384000,"open_fds":12},{"pid":72070,"name":"h3-vae-decoder","rss_bytes":16416768,"open_fds":12},{"pid":72073,"name":"vela-lab-cpu-thumbnail-mock","rss_bytes":16924672,"open_fds":12}]},"after_wave":[{"observed_at":"2026-09-08T14:39:26.588059Z","queued_jobs":0,"running_jobs":0,"active_allocations":0,"active_leases":0,"reserved_storage":0,"reserved_storage_bytes":0,"materialized_stage_bytes":108168,"held_buffers":0,"visible_completions":8,"acquire_intents":35,"database_bytes":30037683,"test_process_heap_bytes":25832432,"test_process_goroutines":152,"runtime_scratch_bytes":0,"local_journal_bytes":332577,"runtime_input_bytes":0,"runtime_output_bytes":0,"runtime_watchdog_goroutines":0,"reserved_credit_minor":0,"posted_credit_minor":10000,"charges":8,"pool_active_counters":0,"active_execution_pins":24,"active_finalization_pins":0,"active_cache_pins":0,"live_cache_entries":0,"active_cache_carrying_references":0,"committed_stage_artifacts":32,"processes":[{"pid":71933,"name":"integration.test","rss_bytes":293486592,"open_fds":150},{"pid":72068,"name":"h3-encoder","rss_bytes":20037632,"open_fds":12},{"pid":72069,"name":"h3-dit","rss_bytes":19939328,"open_fds":12},{"pid":72070,"name":"h3-vae-decoder","rss_bytes":19808256,"open_fds":12},{"pid":72073,"name":"vela-lab-cpu-thumbnail-mock","rss_bytes":20348928,"open_fds":12}]},{"observed_at":"2026-09-08T14:39:41.950066Z","queued_jobs":0,"running_jobs":0,"active_allocations":0,"active_leases":0,"reserved_storage":0,"reserved_storage_bytes":0,"materialized_stage_bytes":216336,"held_buffers":0,"visible_completions":16,"acquire_intents":69,"database_bytes":32129551,"test_process_heap_bytes":25129184,"test_process_goroutines":152,"runtime_scratch_bytes":0,"local_journal_bytes":654781,"runtime_input_bytes":0,"runtime_output_bytes":0,"runtime_watchdog_goroutines":0,"reserved_credit_minor":0,"posted_credit_minor":20000,"charges":16,"pool_active_counters":0,"active_execution_pins":24,"active_finalization_pins":0,"active_cache_pins":0,"live_cache_entries":0,"active_cache_carrying_references":0,"committed_stage_artifacts":64,"processes":[{"pid":71933,"name":"integration.test","rss_bytes":300449792,"open_fds":151},{"pid":72068,"name":"h3-encoder","rss_bytes":20365312,"open_fds":12},{"pid":72069,"name":"h3-dit","rss_bytes":21151744,"open_fds":12},{"pid":72070,"name":"h3-vae-decoder","rss_bytes":21512192,"open_fds":12},{"pid":72073,"name":"vela-lab-cpu-thumbnail-mock","rss_bytes":21594112,"open_fds":12}]}],"after_maintenance":[{"observed_at":"2026-09-08T14:39:26.696426Z","queued_jobs":0,"running_jobs":0,"active_allocations":0,"active_leases":0,"reserved_storage":0,"reserved_storage_bytes":0,"materialized_stage_bytes":108168,"held_buffers":0,"visible_completions":8,"acquire_intents":35,"database_bytes":30037683,"test_process_heap_bytes":19600424,"test_process_goroutines":152,"runtime_scratch_bytes":0,"local_journal_bytes":332577,"runtime_input_bytes":0,"runtime_output_bytes":0,"runtime_watchdog_goroutines":0,"reserved_credit_minor":0,"posted_credit_minor":10000,"charges":8,"pool_active_counters":0,"active_execution_pins":0,"active_finalization_pins":0,"active_cache_pins":0,"live_cache_entries":0,"active_cache_carrying_references":0,"committed_stage_artifacts":32},{"observed_at":"2026-09-08T14:39:42.0461Z","queued_jobs":0,"running_jobs":0,"active_allocations":0,"active_leases":0,"reserved_storage":0,"reserved_storage_bytes":0,"materialized_stage_bytes":216336,"held_buffers":0,"visible_completions":16,"acquire_intents":69,"database_bytes":32162319,"test_process_heap_bytes":16728256,"test_process_goroutines":152,"runtime_scratch_bytes":0,"local_journal_bytes":654781,"runtime_input_bytes":0,"runtime_output_bytes":0,"runtime_watchdog_goroutines":0,"reserved_credit_minor":0,"posted_credit_minor":20000,"charges":16,"pool_active_counters":0,"active_execution_pins":0,"active_finalization_pins":0,"active_cache_pins":0,"live_cache_entries":0,"active_cache_carrying_references":0,"committed_stage_artifacts":64}],"maintenance_results":[{"RequestContentExpired":0,"ContentDeletionRequestsCreated":0,"Claimed":0,"Completed":0,"Failed":0},{"RequestContentExpired":0,"ContentDeletionRequestsCreated":0,"Claimed":0,"Completed":0,"Failed":0}],"after_idle":{"observed_at":"2026-09-08T14:39:43.062592Z","queued_jobs":0,"running_jobs":0,"active_allocations":0,"active_leases":0,"reserved_storage":0,"reserved_storage_bytes":0,"materialized_stage_bytes":216336,"held_buffers":0,"visible_completions":16,"acquire_intents":69,"database_bytes":32162319,"test_process_heap_bytes":15119968,"test_process_goroutines":152,"runtime_scratch_bytes":0,"local_journal_bytes":654781,"runtime_input_bytes":0,"runtime_output_bytes":0,"runtime_watchdog_goroutines":0,"reserved_credit_minor":0,"posted_credit_minor":20000,"charges":16,"pool_active_counters":0,"active_execution_pins":0,"active_finalization_pins":0,"active_cache_pins":0,"live_cache_entries":0,"active_cache_carrying_references":0,"committed_stage_artifacts":64,"processes":[{"pid":71933,"name":"integration.test","rss_bytes":307904512,"open_fds":151},{"pid":72068,"name":"h3-encoder","rss_bytes":20365312,"open_fds":12},{"pid":72069,"name":"h3-dit","rss_bytes":21168128,"open_fds":12},{"pid":72070,"name":"h3-vae-decoder","rss_bytes":21512192,"open_fds":12},{"pid":72073,"name":"vela-lab-cpu-thumbnail-mock","rss_bytes":21594112,"open_fds":12}]},"acquire_transaction_retries":0,"acquire_deadlock_retries":0,"acquire_serialization_retries":0,"capacity_reports_by_worker":{"dit":3,"encoder":3,"thumbnail":3,"vae":3},"source_tree_sha256":"5acb940266af6fbde61a3bc0d1673a8b3e4677fcf4161a34d8a280a1d1aac8ef","runtime_binary_sha256":{"vela-h3-stage-mock":"2f572c2df6cf7619cb81322569acae2477dc5b8ab6a63ed646976a2a8d167ecd","vela-lab-cpu-thumbnail-mock":"763aace4542d4a443ae326ad0ab201a39832dafaf42ff6fef48a09c3282f4cce"},"go_version":"go1.26.7","ffprobe_version":"ffprobe version 8.0.1 Copyright (c) 2007-2025 the FFmpeg developers","limitations":["bounded native CPU mock Job campaign; no GPU certification or Production Gate evidence","production Run, readiness, capacity, heartbeat, mTLS transport and durable stream execute in the test host process","Fleet membership and static native mock canary approval use fixture catalog setup; Node custody, protected mounts and production startup issuer remain separate","application acknowledgement loss occurs after the real mTLS client received ACCEPTED; resident processes and StreamAgent remain live during automatic retry","retained journal metadata is measured separately from payload scratch; history reclamation and sustained arrivals remain open","Runtime gRPC is loopback and artifact store is local exact-version storage; remote storage and process isolation are separate","race detector covers Go test-host components, not native model subprocesses; sampled resources omit Docker VM peaks"],"durable_stream":true,"replayed_materialization_commits":4,"durable_records_by_worker":{"dit":16,"encoder":16,"thumbnail":16,"vae":16},"production_loop":true,"production_workers":{"dit":{"accepted_registrations":7,"accepted_capacity_reports":3,"accepted_heartbeats":16,"confirmed_stale_acquires":0,"control_session_epoch":3,"capacity_observation_sequence":4294967299},"encoder":{"accepted_registrations":7,"accepted_capacity_reports":3,"accepted_heartbeats":16,"confirmed_stale_acquires":5,"control_session_epoch":3,"capacity_observation_sequence":4294967299},"thumbnail":{"accepted_registrations":6,"accepted_capacity_reports":3,"accepted_heartbeats":16,"confirmed_stale_acquires":0,"control_session_epoch":3,"capacity_observation_sequence":4294967299},"vae":{"accepted_registrations":7,"accepted_capacity_reports":3,"accepted_heartbeats":16,"confirmed_stale_acquires":0,"control_session_epoch":3,"capacity_observation_sequence":4294967299}},"authority_max_clock_skew_ns":30000000000,"worker_authority_verifier_offset_ns":-1000000000,"future_issued_assignments_by_worker":{"dit":16,"encoder":16,"thumbnail":16,"vae":16}}
2026/09/08 22:39:43 🐳 Stopping container: 94b1dba5cc21
2026/09/08 22:39:43 ✅ Container stopped: 94b1dba5cc21
2026/09/08 22:39:43 🐳 Terminating container: 94b1dba5cc21
2026/09/08 22:39:43 🚫 Container terminated: 94b1dba5cc21
--- PASS: TestCPUMockProductionLoopClockOffsetCampaign (35.73s)
=== RUN   TestStageTerminalRecoveryThroughReplacementRuntimeRestoresCapacity
2026/09/08 22:39:43 🐳 Creating container for image postgres:17-alpine
2026/09/08 22:39:43 ✅ Container created: 64f0cae311b3
2026/09/08 22:39:43 🐳 Starting container: 64f0cae311b3
2026/09/08 22:39:43 ✅ Container started: 64f0cae311b3
2026/09/08 22:39:43 ⏳ Waiting for container id 64f0cae311b3 image: postgres:17-alpine. Waiting for: all of: [all of: [log message "database system is ready to accept connections" (occurrence: 2), port 5432/tcp to be mapped]]
2026/09/08 22:39:44 🔔 Container is ready: 64f0cae311b3
2026/09/08 22:39:44 OK   00001_foundation.sql (74.26ms)
2026/09/08 22:39:44 OK   00002_worker_assignment.sql (16.48ms)
2026/09/08 22:39:44 OK   00003_worker_start.sql (2.92ms)
2026/09/08 22:39:44 OK   00004_worker_heartbeat.sql (19ms)
2026/09/08 22:39:44 OK   00005_execution_failure.sql (16.79ms)
2026/09/08 22:39:44 OK   00006_customer_cancellation.sql (35.11ms)
2026/09/08 22:39:44 OK   00007_artifact_finalization.sql (39.2ms)
2026/09/08 22:39:44 OK   00008_hierarchical_scheduler.sql (58.63ms)
2026/09/08 22:39:44 OK   00009_invoice_export.sql (15.27ms)
2026/09/08 22:39:44 OK   00010_profile_certification_circuit.sql (23.12ms)
2026/09/08 22:39:44 OK   00011_project_webhooks.sql (39.3ms)
2026/09/08 22:39:44 OK   00012_human_oidc_fixed_rbac.sql (30.55ms)
2026/09/08 22:39:44 OK   00013_service_principal_administration.sql (18.18ms)
2026/09/08 22:39:44 OK   00014_human_membership_administration.sql (31.59ms)
2026/09/08 22:39:44 OK   00015_organization_reporting.sql (20.89ms)
2026/09/08 22:39:44 OK   00016_project_retention_content_deletion.sql (59.7ms)
2026/09/08 22:39:45 OK   00017_platform_operator_break_glass.sql (38.86ms)
2026/09/08 22:39:45 OK   00018_finance_reconciliation.sql (18.05ms)
2026/09/08 22:39:45 OK   00019_certified_remediation.sql (24.47ms)
2026/09/08 22:39:45 OK   00020_remediation_execution_claim.sql (6.82ms)
2026/09/08 22:39:45 OK   00021_remediation_execution_dispatch.sql (3.27ms)
2026/09/08 22:39:45 OK   00022_remediation_execution_claim_replay.sql (2.8ms)
2026/09/08 22:39:45 OK   00023_fleet_controller_worker_readiness.sql (74.8ms)
2026/09/08 22:39:45 OK   00024_staging_artifact_expiry.sql (4.58ms)
2026/09/08 22:39:45 OK   00025_scheduler_inbox_receipt.sql (2.82ms)
2026/09/08 22:39:45 OK   00026_synchronous_quorum_guard.sql (1.9ms)
2026/09/08 22:39:45 OK   00027_authorized_debug_dump_lifecycle.sql (53.32ms)
2026/09/08 22:39:45 OK   00028_off_cluster_backup_retention.sql (13.17ms)
2026/09/08 22:39:45 OK   00029_artifact_backup_replication.sql (12.36ms)
2026/09/08 22:39:45 OK   00030_non_content_legal_hold.sql (24.8ms)
2026/09/08 22:39:45 OK   00031_non_content_record_expiry.sql (69.67ms)
2026/09/08 22:39:45 OK   00032_catalog_promotion_production_gates.sql (37.09ms)
2026/09/08 22:39:45 OK   00033_statistical_slo_measurement.sql (28.02ms)
2026/09/08 22:39:45 OK   00034_stage_execution_catalog.sql (64.3ms)
2026/09/08 22:39:45 OK   00035_worker_instance_residency.sql (70.2ms)
2026/09/08 22:39:45 OK   00036_stage_attempt_authority.sql (94.44ms)
2026/09/08 22:39:45 OK   00037_stage_scheduler.sql (49.68ms)
2026/09/08 22:39:45 OK   00038_stage_artifact.sql (49.7ms)
2026/09/08 22:39:45 OK   00039_stage_worker_control_authority.sql (3.97ms)
2026/09/08 22:39:45 OK   00040_stage_worker_execution.sql (21.83ms)
2026/09/08 22:39:45 OK   00041_stage_worker_operations.sql (14.54ms)
2026/09/08 22:39:45 OK   00042_stage_worker_assignment.sql (15.82ms)
2026/09/08 22:39:45 OK   00043_stage_graph_finalization.sql (7.53ms)
2026/09/08 22:39:45 OK   00044_stage_cache.sql (32.61ms)
2026/09/08 22:39:45 OK   00045_stage_graph_finalization_outputs.sql (6.08ms)
2026/09/08 22:39:45 OK   00046_stage_graph_visible_completion.sql (7.46ms)
2026/09/08 22:39:45 OK   00047_usage_cost_ledger.sql (18.16ms)
2026/09/08 22:39:45 OK   00048_stage_run_output_binding.sql (15.06ms)
2026/09/08 22:39:45 OK   00049_stage_cutover_control.sql (58ms)
2026/09/08 22:39:45 OK   00050_stage_graph_instantiation_dispatch.sql (19.51ms)
2026/09/08 22:39:45 OK   00051_atomic_stage_graph_admission.sql (9.2ms)
2026/09/08 22:39:46 OK   00052_stage_cutover_zero_backlog_seal.sql (21.75ms)
2026/09/08 22:39:46 OK   00053_legacy_h3_guarded_contraction.sql (15.08ms)
2026/09/08 22:39:46 OK   00054_stage_transfer_consume_destination.sql (3.72ms)
2026/09/08 22:39:46 OK   00055_h3_campaign_evidence_reader.sql (4.18ms)
2026/09/08 22:39:46 OK   00056_stage_observability_reader.sql (1.44ms)
2026/09/08 22:39:46 OK   00057_legacy_h3_release_contraction_gate.sql (10.06ms)
2026/09/08 22:39:46 OK   00058_legacy_h3_schema_contraction.sql (182.32ms)
2026/09/08 22:39:46 OK   00059_model_runtime_epoch_registration.sql (20.33ms)
2026/09/08 22:39:46 OK   00060_model_runtime_gang_barrier.sql (18.41ms)
2026/09/08 22:39:46 OK   00061_stage_worker_gang_authority.sql (6.59ms)
2026/09/08 22:39:46 OK   00062_stage_authority_member_identity.sql (2.96ms)
2026/09/08 22:39:46 OK   00063_h3_execution_snapshot.sql (3.27ms)
2026/09/08 22:39:46 OK   00064_model_runtime_capacity_routes.sql (12.96ms)
2026/09/08 22:39:46 OK   00065_h3_exact_cache_reconciliation.sql (11.48ms)
2026/09/08 22:39:46 OK   00066_stage_worker_control_session_capacity.sql (25.25ms)
2026/09/08 22:39:46 OK   00067_stage_scheduler_project_capacity.sql (2.33ms)
2026/09/08 22:39:46 OK   00068_stage_assignment_connector_states.sql (2.18ms)
2026/09/08 22:39:46 OK   00069_stage_transfer_server_clock.sql (4.99ms)
2026/09/08 22:39:46 OK   00070_stage_lease_expiry_recovery.sql (11.99ms)
2026/09/08 22:39:46 OK   00071_stage_artifact_lifecycle.sql (18.43ms)
2026/09/08 22:39:46 OK   00072_recovery_quiescence.sql (14.58ms)
2026/09/08 22:39:46 OK   00073_stage_cache_downstream_bindings.sql (6.58ms)
2026/09/08 22:39:46 OK   00074_job_owned_public_artifact_copies.sql (3.49ms)
2026/09/08 22:39:46 OK   00075_stage_graph_failure_terminalization.sql (21.67ms)
2026/09/08 22:39:46 OK   00076_allocation_usage_unit.sql (938.17µs)
2026/09/08 22:39:46 OK   00077_runtime_usage_receipts.sql (4.27ms)
2026/09/08 22:39:46 OK   00078_idle_stage_worker_probe.sql (5.78ms)
2026/09/08 22:39:46 OK   00079_stage_job_expiry.sql (6.97ms)
2026/09/08 22:39:46 OK   00080_stage_scheduler_snapshot_lock_order.sql (3.31ms)
2026/09/08 22:39:46 OK   00081_stage_assignment_quorum.sql (1.68ms)
2026/09/08 22:39:46 OK   00082_stage_success_storage_completion.sql (3.43ms)
2026/09/08 22:39:46 OK   00083_capacity_observation_lifecycle.sql (4.79ms)
2026/09/08 22:39:46 OK   00084_blocked_stage_worker_probe.sql (4.12ms)
2026/09/08 22:39:46 OK   00085_stage_materialization_terminal_replay.sql (2.84ms)
2026/09/08 22:39:46 OK   00086_stage_failure_terminal_replay.sql (6.75ms)
2026/09/08 22:39:46 OK   00087_stage_claim_finalization_lock_order.sql (2.41ms)
2026/09/08 22:39:46 OK   00088_stage_allocation_execution_sequence.sql (4.32ms)
2026/09/08 22:39:46 OK   00089_stage_terminal_history.sql (8.48ms)
2026/09/08 22:39:46 OK   00090_stage_assignment_content_lifecycle.sql (19.9ms)
2026/09/08 22:39:46 OK   00091_worker_journal_bootstrap.sql (20.93ms)
2026/09/08 22:39:46 OK   00092_worker_bootstrap_history.sql (2.38ms)
2026/09/08 22:39:46 OK   00093_worker_bootstrap_nonzero_scopes.sql (1.96ms)
2026/09/08 22:39:46 OK   00094_worker_bootstrap_abandonment.sql (11.6ms)
2026/09/08 22:39:46 goose: successfully migrated database to version: 94
    stage_terminal_history_test.go:96: replacement=true: zero capacity/current PostgreSQL session -> automatic authenticated history -> UDS proof -> durable RETIRED -> readiness/capacity -> offline replay
    stage_terminal_history_test.go:96: unsigned retry: PostgreSQL history -> authenticated Control disposition -> durable Runtime floor and non-admission -> next-epoch proof recovery
2026/09/08 22:39:48 🐳 Stopping container: 64f0cae311b3
2026/09/08 22:39:48 ✅ Container stopped: 64f0cae311b3
2026/09/08 22:39:48 🐳 Terminating container: 64f0cae311b3
2026/09/08 22:39:48 🚫 Container terminated: 64f0cae311b3
--- PASS: TestStageTerminalRecoveryThroughReplacementRuntimeRestoresCapacity (4.81s)
PASS
ok  	github.com/vivym/vela/internal/integration	61.260s
