=== RUN   TestRuntimeCallerContainerCRI
    runtime_containerd_linux_test.go:154: containerd github.com/containerd/containerd/v2 v2.3.1 64b425cf570b3b8dd1d4cc46da7c1fce65c6651a
    runtime_containerd_linux_test.go:154: runc version 1.4.2
        commit: v1.4.2-0-gc241c0bb
        spec: 1.3.0
        go: go1.25.8
        libseccomp: 2.6.0
=== RUN   TestRuntimeCallerContainerCRI/owner
    runtime_container_cri_linux_test.go:113: actual CRI container=04e0e62f4e8f405a0ee24b34a5dbc882800bc82e7cc3970262a9c344cecddc42 sandbox=6d4873033cf32a1640ff7b1f5ff3cace49d9eb4065864ca7e45b3925678f6234 Pod=108bf0c8-e3e3-4f6c-9779-07a94dd9cd3d host_pid=141 namespace_pid=1 image_ref=sha256:383ba66ba5c0bf37b75e529a25eaf9f9e130861f262ab927f0f9df86814d3cf2
=== RUN   TestRuntimeCallerContainerCRI/owner/copied-state-root
=== RUN   TestRuntimeCallerContainerCRI/owner/node-mount-alias-and-shadow
    runtime_task_launch_integration_linux_test.go:118: === RUN   TestRuntimeTaskStateMountHelper
            runtime_task_launch_integration_linux_test.go:243: different Node path matched the state inode; shadow mount below alias could not change the daemon-view bundle
        --- PASS: TestRuntimeTaskStateMountHelper (0.01s)
        PASS
        
=== RUN   TestRuntimeCallerContainerCRI/owner/task-bundle-writable
=== RUN   TestRuntimeCallerContainerCRI/owner/task-bundle-wrong-owner
=== RUN   TestRuntimeCallerContainerCRI/owner/task-bundle-missing
=== RUN   TestRuntimeCallerContainerCRI/owner/task-bundle-oversize
=== RUN   TestRuntimeCallerContainerCRI/owner/task-bundle-symlink
=== RUN   TestRuntimeCallerContainerCRI/owner/task-bundle-hardlink
=== RUN   TestRuntimeCallerContainerCRI/owner/task-bundle-fifo
=== RUN   TestRuntimeCallerContainerCRI/owner/task-bundle-duplicate-key
=== RUN   TestRuntimeCallerContainerCRI/owner/task-bundle-unknown-key
=== RUN   TestRuntimeCallerContainerCRI/owner/task-bundle-wrong-init-pid
=== NAME  TestRuntimeCallerContainerCRI/owner
    runtime_container_cri_linux_test.go:116: actual task bundle config sha256=99c72949b9a653d466c9008b957da02afe1f05dd8d1316ce2fa84dadc9cc417c; metadata update did not alter launch; non-root writes, wrong state root and 10 invalid bundle cases rejected
=== RUN   TestRuntimeCallerContainerCRI/owner/mechanism-options-missing
=== RUN   TestRuntimeCallerContainerCRI/owner/mechanism-options-writable
=== RUN   TestRuntimeCallerContainerCRI/owner/mechanism-options-wrong-owner
=== RUN   TestRuntimeCallerContainerCRI/owner/mechanism-options-symlink
=== RUN   TestRuntimeCallerContainerCRI/owner/mechanism-options-hardlink
=== RUN   TestRuntimeCallerContainerCRI/owner/mechanism-options-fifo
=== RUN   TestRuntimeCallerContainerCRI/owner/mechanism-options-oversize
=== RUN   TestRuntimeCallerContainerCRI/owner/mechanism-runtime-missing
=== RUN   TestRuntimeCallerContainerCRI/owner/mechanism-runtime-writable
=== RUN   TestRuntimeCallerContainerCRI/owner/mechanism-runtime-wrong-owner
=== RUN   TestRuntimeCallerContainerCRI/owner/mechanism-runtime-symlink
=== RUN   TestRuntimeCallerContainerCRI/owner/mechanism-runtime-hardlink
=== RUN   TestRuntimeCallerContainerCRI/owner/mechanism-runtime-fifo
=== RUN   TestRuntimeCallerContainerCRI/owner/mechanism-runtime-oversize
=== RUN   TestRuntimeCallerContainerCRI/owner/mechanism-shim-binary-missing
=== RUN   TestRuntimeCallerContainerCRI/owner/mechanism-shim-binary-writable
=== RUN   TestRuntimeCallerContainerCRI/owner/mechanism-shim-binary-wrong-owner
=== RUN   TestRuntimeCallerContainerCRI/owner/mechanism-shim-binary-symlink
=== RUN   TestRuntimeCallerContainerCRI/owner/mechanism-shim-binary-hardlink
=== RUN   TestRuntimeCallerContainerCRI/owner/mechanism-shim-binary-fifo
=== RUN   TestRuntimeCallerContainerCRI/owner/mechanism-shim-binary-oversize
=== RUN   TestRuntimeCallerContainerCRI/owner/mechanism-sandbox-id-missing
=== RUN   TestRuntimeCallerContainerCRI/owner/mechanism-sandbox-id-writable
=== RUN   TestRuntimeCallerContainerCRI/owner/mechanism-sandbox-id-wrong-owner
=== RUN   TestRuntimeCallerContainerCRI/owner/mechanism-sandbox-id-symlink
=== RUN   TestRuntimeCallerContainerCRI/owner/mechanism-sandbox-id-hardlink
=== RUN   TestRuntimeCallerContainerCRI/owner/mechanism-sandbox-id-fifo
=== RUN   TestRuntimeCallerContainerCRI/owner/mechanism-sandbox-id-oversize
=== RUN   TestRuntimeCallerContainerCRI/owner/mechanism-task-bootstrap-missing
=== RUN   TestRuntimeCallerContainerCRI/owner/mechanism-task-bootstrap-writable
=== RUN   TestRuntimeCallerContainerCRI/owner/mechanism-task-bootstrap-wrong-owner
=== RUN   TestRuntimeCallerContainerCRI/owner/mechanism-task-bootstrap-symlink
=== RUN   TestRuntimeCallerContainerCRI/owner/mechanism-task-bootstrap-hardlink
=== RUN   TestRuntimeCallerContainerCRI/owner/mechanism-task-bootstrap-fifo
=== RUN   TestRuntimeCallerContainerCRI/owner/mechanism-task-bootstrap-oversize
=== RUN   TestRuntimeCallerContainerCRI/owner/mechanism-shim-bootstrap-missing
=== RUN   TestRuntimeCallerContainerCRI/owner/mechanism-shim-bootstrap-writable
=== RUN   TestRuntimeCallerContainerCRI/owner/mechanism-shim-bootstrap-wrong-owner
=== RUN   TestRuntimeCallerContainerCRI/owner/mechanism-shim-bootstrap-symlink
=== RUN   TestRuntimeCallerContainerCRI/owner/mechanism-shim-bootstrap-hardlink
=== RUN   TestRuntimeCallerContainerCRI/owner/mechanism-shim-bootstrap-fifo
=== RUN   TestRuntimeCallerContainerCRI/owner/mechanism-shim-bootstrap-oversize
=== RUN   TestRuntimeCallerContainerCRI/owner/mechanism-mismatched-sandbox
=== RUN   TestRuntimeCallerContainerCRI/owner/mechanism-mismatched-bootstrap.json
=== RUN   TestRuntimeCallerContainerCRI/owner/mechanism-runtime-disagrees-with-options
=== NAME  TestRuntimeCallerContainerCRI/owner
    runtime_container_cri_linux_test.go:117: actual mechanism options=44136fa355b3678a1146ad16f7e8649e94fb4fc21fe77e8310c060f61caaff8a runtime="" shim="/usr/local/bin/containerd-shim-runc-v2" explicit_policy_match=false; 42 file negatives, mismatched sandbox/bootstrap and contradictory runtime record rejected
    runtime_container_cri_linux_test.go:192: retained namespace-owner pidfd observed original exit after actual CRI container removal and caller handle closure
=== RUN   TestRuntimeCallerContainerCRI/wrapper
    runtime_container_cri_linux_test.go:105: actual CRI wrapper rejected as namespace owner
=== RUN   TestRuntimeCallerContainerCRI/shared-pid
    runtime_container_cri_linux_test.go:105: actual CRI shared-pid rejected as namespace owner
=== RUN   TestRuntimeCallerContainerCRI/planned-owner
    runtime_container_cri_linux_test.go:113: actual CRI container=ea02db7adf3c8f4d5f1855de7f8a92686dabfd7db808dcee869f07478568b311 sandbox=32167b3fdc6e84473ab7d8623136b6ef9e6d38f15b3b8f8ef8dc8392dac79c16 Pod=2a39d787-766e-47f6-8698-e63e2acbc4f1 host_pid=548 namespace_pid=1 image_ref=sha256:383ba66ba5c0bf37b75e529a25eaf9f9e130861f262ab927f0f9df86814d3cf2
=== RUN   TestRuntimeCallerContainerCRI/planned-owner/copied-state-root
=== RUN   TestRuntimeCallerContainerCRI/planned-owner/node-mount-alias-and-shadow
    runtime_task_launch_integration_linux_test.go:118: === RUN   TestRuntimeTaskStateMountHelper
            runtime_task_launch_integration_linux_test.go:243: different Node path matched the state inode; shadow mount below alias could not change the daemon-view bundle
        --- PASS: TestRuntimeTaskStateMountHelper (0.01s)
        PASS
        
=== RUN   TestRuntimeCallerContainerCRI/planned-owner/task-bundle-writable
=== RUN   TestRuntimeCallerContainerCRI/planned-owner/task-bundle-wrong-owner
=== RUN   TestRuntimeCallerContainerCRI/planned-owner/task-bundle-missing
=== RUN   TestRuntimeCallerContainerCRI/planned-owner/task-bundle-oversize
=== RUN   TestRuntimeCallerContainerCRI/planned-owner/task-bundle-symlink
=== RUN   TestRuntimeCallerContainerCRI/planned-owner/task-bundle-hardlink
=== RUN   TestRuntimeCallerContainerCRI/planned-owner/task-bundle-fifo
=== RUN   TestRuntimeCallerContainerCRI/planned-owner/task-bundle-duplicate-key
=== RUN   TestRuntimeCallerContainerCRI/planned-owner/task-bundle-unknown-key
=== RUN   TestRuntimeCallerContainerCRI/planned-owner/task-bundle-wrong-init-pid
=== NAME  TestRuntimeCallerContainerCRI/planned-owner
    runtime_container_cri_linux_test.go:116: actual task bundle config sha256=92e935c59c285c513fee0a8d51baadadeb2d8a5ee08b2132047d99507668b502; metadata update did not alter launch; non-root writes, wrong state root and 10 invalid bundle cases rejected
=== RUN   TestRuntimeCallerContainerCRI/planned-owner/mechanism-options-missing
=== RUN   TestRuntimeCallerContainerCRI/planned-owner/mechanism-options-writable
=== RUN   TestRuntimeCallerContainerCRI/planned-owner/mechanism-options-wrong-owner
=== RUN   TestRuntimeCallerContainerCRI/planned-owner/mechanism-options-symlink
=== RUN   TestRuntimeCallerContainerCRI/planned-owner/mechanism-options-hardlink
=== RUN   TestRuntimeCallerContainerCRI/planned-owner/mechanism-options-fifo
=== RUN   TestRuntimeCallerContainerCRI/planned-owner/mechanism-options-oversize
=== RUN   TestRuntimeCallerContainerCRI/planned-owner/mechanism-runtime-missing
=== RUN   TestRuntimeCallerContainerCRI/planned-owner/mechanism-runtime-writable
=== RUN   TestRuntimeCallerContainerCRI/planned-owner/mechanism-runtime-wrong-owner
=== RUN   TestRuntimeCallerContainerCRI/planned-owner/mechanism-runtime-symlink
=== RUN   TestRuntimeCallerContainerCRI/planned-owner/mechanism-runtime-hardlink
=== RUN   TestRuntimeCallerContainerCRI/planned-owner/mechanism-runtime-fifo
=== RUN   TestRuntimeCallerContainerCRI/planned-owner/mechanism-runtime-oversize
=== RUN   TestRuntimeCallerContainerCRI/planned-owner/mechanism-shim-binary-missing
=== RUN   TestRuntimeCallerContainerCRI/planned-owner/mechanism-shim-binary-writable
=== RUN   TestRuntimeCallerContainerCRI/planned-owner/mechanism-shim-binary-wrong-owner
=== RUN   TestRuntimeCallerContainerCRI/planned-owner/mechanism-shim-binary-symlink
=== RUN   TestRuntimeCallerContainerCRI/planned-owner/mechanism-shim-binary-hardlink
=== RUN   TestRuntimeCallerContainerCRI/planned-owner/mechanism-shim-binary-fifo
=== RUN   TestRuntimeCallerContainerCRI/planned-owner/mechanism-shim-binary-oversize
=== RUN   TestRuntimeCallerContainerCRI/planned-owner/mechanism-sandbox-id-missing
=== RUN   TestRuntimeCallerContainerCRI/planned-owner/mechanism-sandbox-id-writable
=== RUN   TestRuntimeCallerContainerCRI/planned-owner/mechanism-sandbox-id-wrong-owner
=== RUN   TestRuntimeCallerContainerCRI/planned-owner/mechanism-sandbox-id-symlink
=== RUN   TestRuntimeCallerContainerCRI/planned-owner/mechanism-sandbox-id-hardlink
=== RUN   TestRuntimeCallerContainerCRI/planned-owner/mechanism-sandbox-id-fifo
=== RUN   TestRuntimeCallerContainerCRI/planned-owner/mechanism-sandbox-id-oversize
=== RUN   TestRuntimeCallerContainerCRI/planned-owner/mechanism-task-bootstrap-missing
=== RUN   TestRuntimeCallerContainerCRI/planned-owner/mechanism-task-bootstrap-writable
=== RUN   TestRuntimeCallerContainerCRI/planned-owner/mechanism-task-bootstrap-wrong-owner
=== RUN   TestRuntimeCallerContainerCRI/planned-owner/mechanism-task-bootstrap-symlink
=== RUN   TestRuntimeCallerContainerCRI/planned-owner/mechanism-task-bootstrap-hardlink
=== RUN   TestRuntimeCallerContainerCRI/planned-owner/mechanism-task-bootstrap-fifo
=== RUN   TestRuntimeCallerContainerCRI/planned-owner/mechanism-task-bootstrap-oversize
=== RUN   TestRuntimeCallerContainerCRI/planned-owner/mechanism-shim-bootstrap-missing
=== RUN   TestRuntimeCallerContainerCRI/planned-owner/mechanism-shim-bootstrap-writable
=== RUN   TestRuntimeCallerContainerCRI/planned-owner/mechanism-shim-bootstrap-wrong-owner
=== RUN   TestRuntimeCallerContainerCRI/planned-owner/mechanism-shim-bootstrap-symlink
=== RUN   TestRuntimeCallerContainerCRI/planned-owner/mechanism-shim-bootstrap-hardlink
=== RUN   TestRuntimeCallerContainerCRI/planned-owner/mechanism-shim-bootstrap-fifo
=== RUN   TestRuntimeCallerContainerCRI/planned-owner/mechanism-shim-bootstrap-oversize
=== RUN   TestRuntimeCallerContainerCRI/planned-owner/mechanism-mismatched-sandbox
=== RUN   TestRuntimeCallerContainerCRI/planned-owner/mechanism-mismatched-bootstrap.json
=== RUN   TestRuntimeCallerContainerCRI/planned-owner/mechanism-runtime-disagrees-with-options
=== RUN   TestRuntimeCallerContainerCRI/planned-owner/mechanism-hook-rejected
=== NAME  TestRuntimeCallerContainerCRI/planned-owner
    runtime_container_cri_linux_test.go:117: actual mechanism options=fcec52f264bf6b9af1e8e9bc0c5b6277b13599047b5bcf73275a2a5c92dd7602 runtime="/usr/local/bin/runc" shim="/usr/local/bin/containerd-shim-runc-v2" explicit_policy_match=true; 42 file negatives, mismatched sandbox/bootstrap and contradictory runtime record rejected
    runtime_container_cri_linux_test.go:132: Registry/Pod fixtures correlated with actual non-root CRI namespace owner; effective configuration is not attested
    runtime_container_cri_linux_test.go:192: retained namespace-owner pidfd observed original exit after actual CRI container removal and caller handle closure
=== RUN   TestRuntimeCallerContainerCRI/original-daemon-lifetime
    runtime_containerd_linux_test.go:154: containerd github.com/containerd/containerd/v2 v2.3.1 64b425cf570b3b8dd1d4cc46da7c1fce65c6651a
    runtime_containerd_linux_test.go:154: runc version 1.4.2
        commit: v1.4.2-0-gc241c0bb
        spec: 1.3.0
        go: go1.25.8
        libseccomp: 2.6.0
    runtime_container_cri_linux_test.go:199: same-daemon reconnect accepted; foreign root peer, exited peer and closed observer cannot replace the original process
--- PASS: TestRuntimeCallerContainerCRI (16.78s)
    --- PASS: TestRuntimeCallerContainerCRI/owner (3.71s)
        --- PASS: TestRuntimeCallerContainerCRI/owner/copied-state-root (0.01s)
        --- PASS: TestRuntimeCallerContainerCRI/owner/node-mount-alias-and-shadow (1.04s)
        --- PASS: TestRuntimeCallerContainerCRI/owner/task-bundle-writable (0.01s)
        --- PASS: TestRuntimeCallerContainerCRI/owner/task-bundle-wrong-owner (0.01s)
        --- PASS: TestRuntimeCallerContainerCRI/owner/task-bundle-missing (0.01s)
        --- PASS: TestRuntimeCallerContainerCRI/owner/task-bundle-oversize (0.01s)
        --- PASS: TestRuntimeCallerContainerCRI/owner/task-bundle-symlink (0.01s)
        --- PASS: TestRuntimeCallerContainerCRI/owner/task-bundle-hardlink (0.01s)
        --- PASS: TestRuntimeCallerContainerCRI/owner/task-bundle-fifo (0.01s)
        --- PASS: TestRuntimeCallerContainerCRI/owner/task-bundle-duplicate-key (0.01s)
        --- PASS: TestRuntimeCallerContainerCRI/owner/task-bundle-unknown-key (0.01s)
        --- PASS: TestRuntimeCallerContainerCRI/owner/task-bundle-wrong-init-pid (0.01s)
        --- PASS: TestRuntimeCallerContainerCRI/owner/mechanism-options-missing (0.01s)
        --- PASS: TestRuntimeCallerContainerCRI/owner/mechanism-options-writable (0.01s)
        --- PASS: TestRuntimeCallerContainerCRI/owner/mechanism-options-wrong-owner (0.01s)
        --- PASS: TestRuntimeCallerContainerCRI/owner/mechanism-options-symlink (0.01s)
        --- PASS: TestRuntimeCallerContainerCRI/owner/mechanism-options-hardlink (0.01s)
        --- PASS: TestRuntimeCallerContainerCRI/owner/mechanism-options-fifo (0.01s)
        --- PASS: TestRuntimeCallerContainerCRI/owner/mechanism-options-oversize (0.01s)
        --- PASS: TestRuntimeCallerContainerCRI/owner/mechanism-runtime-missing (0.01s)
        --- PASS: TestRuntimeCallerContainerCRI/owner/mechanism-runtime-writable (0.01s)
        --- PASS: TestRuntimeCallerContainerCRI/owner/mechanism-runtime-wrong-owner (0.01s)
        --- PASS: TestRuntimeCallerContainerCRI/owner/mechanism-runtime-symlink (0.01s)
        --- PASS: TestRuntimeCallerContainerCRI/owner/mechanism-runtime-hardlink (0.01s)
        --- PASS: TestRuntimeCallerContainerCRI/owner/mechanism-runtime-fifo (0.01s)
        --- PASS: TestRuntimeCallerContainerCRI/owner/mechanism-runtime-oversize (0.01s)
        --- PASS: TestRuntimeCallerContainerCRI/owner/mechanism-shim-binary-missing (0.01s)
        --- PASS: TestRuntimeCallerContainerCRI/owner/mechanism-shim-binary-writable (0.01s)
        --- PASS: TestRuntimeCallerContainerCRI/owner/mechanism-shim-binary-wrong-owner (0.01s)
        --- PASS: TestRuntimeCallerContainerCRI/owner/mechanism-shim-binary-symlink (0.01s)
        --- PASS: TestRuntimeCallerContainerCRI/owner/mechanism-shim-binary-hardlink (0.01s)
        --- PASS: TestRuntimeCallerContainerCRI/owner/mechanism-shim-binary-fifo (0.01s)
        --- PASS: TestRuntimeCallerContainerCRI/owner/mechanism-shim-binary-oversize (0.01s)
        --- PASS: TestRuntimeCallerContainerCRI/owner/mechanism-sandbox-id-missing (0.01s)
        --- PASS: TestRuntimeCallerContainerCRI/owner/mechanism-sandbox-id-writable (0.01s)
        --- PASS: TestRuntimeCallerContainerCRI/owner/mechanism-sandbox-id-wrong-owner (0.01s)
        --- PASS: TestRuntimeCallerContainerCRI/owner/mechanism-sandbox-id-symlink (0.01s)
        --- PASS: TestRuntimeCallerContainerCRI/owner/mechanism-sandbox-id-hardlink (0.01s)
        --- PASS: TestRuntimeCallerContainerCRI/owner/mechanism-sandbox-id-fifo (0.01s)
        --- PASS: TestRuntimeCallerContainerCRI/owner/mechanism-sandbox-id-oversize (0.01s)
        --- PASS: TestRuntimeCallerContainerCRI/owner/mechanism-task-bootstrap-missing (0.01s)
        --- PASS: TestRuntimeCallerContainerCRI/owner/mechanism-task-bootstrap-writable (0.01s)
        --- PASS: TestRuntimeCallerContainerCRI/owner/mechanism-task-bootstrap-wrong-owner (0.01s)
        --- PASS: TestRuntimeCallerContainerCRI/owner/mechanism-task-bootstrap-symlink (0.01s)
        --- PASS: TestRuntimeCallerContainerCRI/owner/mechanism-task-bootstrap-hardlink (0.01s)
        --- PASS: TestRuntimeCallerContainerCRI/owner/mechanism-task-bootstrap-fifo (0.01s)
        --- PASS: TestRuntimeCallerContainerCRI/owner/mechanism-task-bootstrap-oversize (0.01s)
        --- PASS: TestRuntimeCallerContainerCRI/owner/mechanism-shim-bootstrap-missing (0.01s)
        --- PASS: TestRuntimeCallerContainerCRI/owner/mechanism-shim-bootstrap-writable (0.01s)
        --- PASS: TestRuntimeCallerContainerCRI/owner/mechanism-shim-bootstrap-wrong-owner (0.01s)
        --- PASS: TestRuntimeCallerContainerCRI/owner/mechanism-shim-bootstrap-symlink (0.01s)
        --- PASS: TestRuntimeCallerContainerCRI/owner/mechanism-shim-bootstrap-hardlink (0.01s)
        --- PASS: TestRuntimeCallerContainerCRI/owner/mechanism-shim-bootstrap-fifo (0.01s)
        --- PASS: TestRuntimeCallerContainerCRI/owner/mechanism-shim-bootstrap-oversize (0.01s)
        --- PASS: TestRuntimeCallerContainerCRI/owner/mechanism-mismatched-sandbox (0.01s)
        --- PASS: TestRuntimeCallerContainerCRI/owner/mechanism-mismatched-bootstrap.json (0.01s)
        --- PASS: TestRuntimeCallerContainerCRI/owner/mechanism-runtime-disagrees-with-options (0.01s)
    --- PASS: TestRuntimeCallerContainerCRI/wrapper (0.20s)
    --- PASS: TestRuntimeCallerContainerCRI/shared-pid (0.18s)
    --- PASS: TestRuntimeCallerContainerCRI/planned-owner (3.81s)
        --- PASS: TestRuntimeCallerContainerCRI/planned-owner/copied-state-root (0.01s)
        --- PASS: TestRuntimeCallerContainerCRI/planned-owner/node-mount-alias-and-shadow (1.04s)
        --- PASS: TestRuntimeCallerContainerCRI/planned-owner/task-bundle-writable (0.02s)
        --- PASS: TestRuntimeCallerContainerCRI/planned-owner/task-bundle-wrong-owner (0.01s)
        --- PASS: TestRuntimeCallerContainerCRI/planned-owner/task-bundle-missing (0.01s)
        --- PASS: TestRuntimeCallerContainerCRI/planned-owner/task-bundle-oversize (0.01s)
        --- PASS: TestRuntimeCallerContainerCRI/planned-owner/task-bundle-symlink (0.01s)
        --- PASS: TestRuntimeCallerContainerCRI/planned-owner/task-bundle-hardlink (0.01s)
        --- PASS: TestRuntimeCallerContainerCRI/planned-owner/task-bundle-fifo (0.01s)
        --- PASS: TestRuntimeCallerContainerCRI/planned-owner/task-bundle-duplicate-key (0.01s)
        --- PASS: TestRuntimeCallerContainerCRI/planned-owner/task-bundle-unknown-key (0.01s)
        --- PASS: TestRuntimeCallerContainerCRI/planned-owner/task-bundle-wrong-init-pid (0.01s)
        --- PASS: TestRuntimeCallerContainerCRI/planned-owner/mechanism-options-missing (0.01s)
        --- PASS: TestRuntimeCallerContainerCRI/planned-owner/mechanism-options-writable (0.01s)
        --- PASS: TestRuntimeCallerContainerCRI/planned-owner/mechanism-options-wrong-owner (0.01s)
        --- PASS: TestRuntimeCallerContainerCRI/planned-owner/mechanism-options-symlink (0.01s)
        --- PASS: TestRuntimeCallerContainerCRI/planned-owner/mechanism-options-hardlink (0.01s)
        --- PASS: TestRuntimeCallerContainerCRI/planned-owner/mechanism-options-fifo (0.01s)
        --- PASS: TestRuntimeCallerContainerCRI/planned-owner/mechanism-options-oversize (0.01s)
        --- PASS: TestRuntimeCallerContainerCRI/planned-owner/mechanism-runtime-missing (0.01s)
        --- PASS: TestRuntimeCallerContainerCRI/planned-owner/mechanism-runtime-writable (0.01s)
        --- PASS: TestRuntimeCallerContainerCRI/planned-owner/mechanism-runtime-wrong-owner (0.01s)
        --- PASS: TestRuntimeCallerContainerCRI/planned-owner/mechanism-runtime-symlink (0.01s)
        --- PASS: TestRuntimeCallerContainerCRI/planned-owner/mechanism-runtime-hardlink (0.01s)
        --- PASS: TestRuntimeCallerContainerCRI/planned-owner/mechanism-runtime-fifo (0.01s)
        --- PASS: TestRuntimeCallerContainerCRI/planned-owner/mechanism-runtime-oversize (0.01s)
        --- PASS: TestRuntimeCallerContainerCRI/planned-owner/mechanism-shim-binary-missing (0.01s)
        --- PASS: TestRuntimeCallerContainerCRI/planned-owner/mechanism-shim-binary-writable (0.01s)
        --- PASS: TestRuntimeCallerContainerCRI/planned-owner/mechanism-shim-binary-wrong-owner (0.01s)
        --- PASS: TestRuntimeCallerContainerCRI/planned-owner/mechanism-shim-binary-symlink (0.01s)
        --- PASS: TestRuntimeCallerContainerCRI/planned-owner/mechanism-shim-binary-hardlink (0.01s)
        --- PASS: TestRuntimeCallerContainerCRI/planned-owner/mechanism-shim-binary-fifo (0.01s)
        --- PASS: TestRuntimeCallerContainerCRI/planned-owner/mechanism-shim-binary-oversize (0.01s)
        --- PASS: TestRuntimeCallerContainerCRI/planned-owner/mechanism-sandbox-id-missing (0.01s)
        --- PASS: TestRuntimeCallerContainerCRI/planned-owner/mechanism-sandbox-id-writable (0.01s)
        --- PASS: TestRuntimeCallerContainerCRI/planned-owner/mechanism-sandbox-id-wrong-owner (0.01s)
        --- PASS: TestRuntimeCallerContainerCRI/planned-owner/mechanism-sandbox-id-symlink (0.01s)
        --- PASS: TestRuntimeCallerContainerCRI/planned-owner/mechanism-sandbox-id-hardlink (0.01s)
        --- PASS: TestRuntimeCallerContainerCRI/planned-owner/mechanism-sandbox-id-fifo (0.01s)
        --- PASS: TestRuntimeCallerContainerCRI/planned-owner/mechanism-sandbox-id-oversize (0.01s)
        --- PASS: TestRuntimeCallerContainerCRI/planned-owner/mechanism-task-bootstrap-missing (0.01s)
        --- PASS: TestRuntimeCallerContainerCRI/planned-owner/mechanism-task-bootstrap-writable (0.01s)
        --- PASS: TestRuntimeCallerContainerCRI/planned-owner/mechanism-task-bootstrap-wrong-owner (0.01s)
        --- PASS: TestRuntimeCallerContainerCRI/planned-owner/mechanism-task-bootstrap-symlink (0.01s)
        --- PASS: TestRuntimeCallerContainerCRI/planned-owner/mechanism-task-bootstrap-hardlink (0.01s)
        --- PASS: TestRuntimeCallerContainerCRI/planned-owner/mechanism-task-bootstrap-fifo (0.01s)
        --- PASS: TestRuntimeCallerContainerCRI/planned-owner/mechanism-task-bootstrap-oversize (0.01s)
        --- PASS: TestRuntimeCallerContainerCRI/planned-owner/mechanism-shim-bootstrap-missing (0.01s)
        --- PASS: TestRuntimeCallerContainerCRI/planned-owner/mechanism-shim-bootstrap-writable (0.01s)
        --- PASS: TestRuntimeCallerContainerCRI/planned-owner/mechanism-shim-bootstrap-wrong-owner (0.01s)
        --- PASS: TestRuntimeCallerContainerCRI/planned-owner/mechanism-shim-bootstrap-symlink (0.01s)
        --- PASS: TestRuntimeCallerContainerCRI/planned-owner/mechanism-shim-bootstrap-hardlink (0.01s)
        --- PASS: TestRuntimeCallerContainerCRI/planned-owner/mechanism-shim-bootstrap-fifo (0.01s)
        --- PASS: TestRuntimeCallerContainerCRI/planned-owner/mechanism-shim-bootstrap-oversize (0.01s)
        --- PASS: TestRuntimeCallerContainerCRI/planned-owner/mechanism-mismatched-sandbox (0.01s)
        --- PASS: TestRuntimeCallerContainerCRI/planned-owner/mechanism-mismatched-bootstrap.json (0.01s)
        --- PASS: TestRuntimeCallerContainerCRI/planned-owner/mechanism-runtime-disagrees-with-options (0.01s)
        --- PASS: TestRuntimeCallerContainerCRI/planned-owner/mechanism-hook-rejected (0.01s)
    --- PASS: TestRuntimeCallerContainerCRI/original-daemon-lifetime (1.04s)
=== RUN   TestRuntimeContainerDaemonClosesHandles
--- PASS: TestRuntimeContainerDaemonClosesHandles (0.00s)
=== RUN   TestRuntimeContainerdProcessEvidence
    runtime_containerd_linux_test.go:154: containerd github.com/containerd/containerd/v2 v2.3.1 64b425cf570b3b8dd1d4cc46da7c1fce65c6651a
    runtime_containerd_linux_test.go:154: runc version 1.4.2
        commit: v1.4.2-0-gc241c0bb
        spec: 1.3.0
        go: go1.25.8
        libseccomp: 2.6.0
=== RUN   TestRuntimeContainerdProcessEvidence/owner
    runtime_containerd_linux_test.go:76: mode=owner task_pid=713 peer_pid=713 peer_start_ticks=13373946 NSpid=[713 1] namespace=pid:[4026532690]
    runtime_containerd_linux_test.go:109: two matching Containers.Get replies returned changed PID/argv metadata while the original namespace-init caller remained live
    runtime_containerd_linux_test.go:120: shared PID namespace: task_pid=peer_pid=761 but NSpid=[761 12]; task ownership alone does not prove namespace ownership
    runtime_containerd_linux_test.go:142: same container id=8fa8e53fd3264136850a0445149e30df89625016f8a048fa837c131b2ada8008 and CreatedAt retained after task recreation: old_pid=713 new_pid=835 old_ticks=13373946 new_ticks=13374163
=== RUN   TestRuntimeContainerdProcessEvidence/wrapper
    runtime_containerd_linux_test.go:76: mode=wrapper task_pid=934 peer_pid=955 peer_start_ticks=13374274 NSpid=[955 13] namespace=pid:[4026532690]
--- PASS: TestRuntimeContainerdProcessEvidence (6.40s)
    --- PASS: TestRuntimeContainerdProcessEvidence/owner (3.27s)
    --- PASS: TestRuntimeContainerdProcessEvidence/wrapper (2.10s)
=== RUN   TestRuntimeTaskMechanismPolicy
=== RUN   TestRuntimeTaskMechanismPolicy/implicit-binary
=== RUN   TestRuntimeTaskMechanismPolicy/different-binary
=== RUN   TestRuntimeTaskMechanismPolicy/implicit-root
=== RUN   TestRuntimeTaskMechanismPolicy/different-root
=== RUN   TestRuntimeTaskMechanismPolicy/no-pivot
=== RUN   TestRuntimeTaskMechanismPolicy/no-keyring
=== RUN   TestRuntimeTaskMechanismPolicy/shim-cgroup
=== RUN   TestRuntimeTaskMechanismPolicy/io-uid
=== RUN   TestRuntimeTaskMechanismPolicy/io-gid
=== RUN   TestRuntimeTaskMechanismPolicy/cgroup-mode
=== RUN   TestRuntimeTaskMechanismPolicy/criu-image
=== RUN   TestRuntimeTaskMechanismPolicy/criu-work
--- PASS: TestRuntimeTaskMechanismPolicy (0.00s)
    --- PASS: TestRuntimeTaskMechanismPolicy/implicit-binary (0.00s)
    --- PASS: TestRuntimeTaskMechanismPolicy/different-binary (0.00s)
    --- PASS: TestRuntimeTaskMechanismPolicy/implicit-root (0.00s)
    --- PASS: TestRuntimeTaskMechanismPolicy/different-root (0.00s)
    --- PASS: TestRuntimeTaskMechanismPolicy/no-pivot (0.00s)
    --- PASS: TestRuntimeTaskMechanismPolicy/no-keyring (0.00s)
    --- PASS: TestRuntimeTaskMechanismPolicy/shim-cgroup (0.00s)
    --- PASS: TestRuntimeTaskMechanismPolicy/io-uid (0.00s)
    --- PASS: TestRuntimeTaskMechanismPolicy/io-gid (0.00s)
    --- PASS: TestRuntimeTaskMechanismPolicy/cgroup-mode (0.00s)
    --- PASS: TestRuntimeTaskMechanismPolicy/criu-image (0.00s)
    --- PASS: TestRuntimeTaskMechanismPolicy/criu-work (0.00s)
=== RUN   TestRuntimeTaskOptionsCanonicalEncoding
--- PASS: TestRuntimeTaskOptionsCanonicalEncoding (0.00s)
=== RUN   TestRuntimeTaskBootstrapBinding
--- PASS: TestRuntimeTaskBootstrapBinding (0.00s)
=== RUN   TestRuntimeDaemonStateDirectory
--- PASS: TestRuntimeDaemonStateDirectory (0.00s)
PASS
