=== RUN   TestDatabasePoolsFailClosedOnRoleConfusion
2026/09/15 06:55:41 github.com/testcontainers/testcontainers-go - Connected to docker: 
  Server Version: 28.3.2
  API Version: 1.51
  Operating System: Docker Desktop
  Total Memory: 32044 MB
  Labels:
    com.docker.desktop.address=unix:///Users/viv/Library/Containers/com.docker.docker/Data/docker-cli.sock
  Testcontainers for Go Version: v0.44.0
  Resolved Docker Host: unix:///var/run/docker.sock
  Resolved Docker Socket Path: /var/run/docker.sock
  Test SessionID: eb5a03569289d0046955f4d9ecfae59e794c62e3a509eeac3e40a2767b591b50
  Test ProcessID: bddf060f-e1e3-44a1-8a3b-598987205fdf
2026/09/15 06:55:41 🐳 Creating container for image postgres:17-alpine
2026/09/15 06:55:41 🐳 Creating container for image testcontainers/ryuk:0.14.0
2026/09/15 06:55:41 ✅ Container created: e13a690c110b
2026/09/15 06:55:41 🐳 Starting container: e13a690c110b
2026/09/15 06:55:41 ✅ Container started: e13a690c110b
2026/09/15 06:55:41 ⏳ Waiting for container id e13a690c110b image: testcontainers/ryuk:0.14.0. Waiting for: all of: [log message "Started", port 8080/tcp to be listening]
2026/09/15 06:55:42 Shell not found in container
2026/09/15 06:55:42 🔔 Container is ready: e13a690c110b
2026/09/15 06:55:42 ✅ Container created: ca48389f363d
2026/09/15 06:55:42 🐳 Starting container: ca48389f363d
2026/09/15 06:55:42 ✅ Container started: ca48389f363d
2026/09/15 06:55:42 ⏳ Waiting for container id ca48389f363d image: postgres:17-alpine. Waiting for: all of: [all of: [log message "database system is ready to accept connections" (occurrence: 2), port 5432/tcp to be mapped]]
2026/09/15 06:55:42 🔔 Container is ready: ca48389f363d
2026/09/15 06:55:42 OK   00001_foundation.sql (50.32ms)
2026/09/15 06:55:42 OK   00002_worker_assignment.sql (12.28ms)
2026/09/15 06:55:42 OK   00003_worker_start.sql (2.16ms)
2026/09/15 06:55:42 OK   00004_worker_heartbeat.sql (11.8ms)
2026/09/15 06:55:42 OK   00005_execution_failure.sql (10.21ms)
2026/09/15 06:55:42 OK   00006_customer_cancellation.sql (14.84ms)
2026/09/15 06:55:42 OK   00007_artifact_finalization.sql (22.33ms)
2026/09/15 06:55:42 OK   00008_hierarchical_scheduler.sql (26.02ms)
2026/09/15 06:55:42 OK   00009_invoice_export.sql (7.33ms)
2026/09/15 06:55:42 OK   00010_profile_certification_circuit.sql (11.52ms)
2026/09/15 06:55:42 OK   00011_project_webhooks.sql (18.13ms)
2026/09/15 06:55:42 OK   00012_human_oidc_fixed_rbac.sql (19.96ms)
2026/09/15 06:55:42 OK   00013_service_principal_administration.sql (8.82ms)
2026/09/15 06:55:43 OK   00014_human_membership_administration.sql (16.03ms)
2026/09/15 06:55:43 OK   00015_organization_reporting.sql (10.16ms)
2026/09/15 06:55:43 OK   00016_project_retention_content_deletion.sql (31.34ms)
2026/09/15 06:55:43 OK   00017_platform_operator_break_glass.sql (20.81ms)
2026/09/15 06:55:43 OK   00018_finance_reconciliation.sql (9.99ms)
2026/09/15 06:55:43 OK   00019_certified_remediation.sql (11.27ms)
2026/09/15 06:55:43 OK   00020_remediation_execution_claim.sql (4.24ms)
2026/09/15 06:55:43 OK   00021_remediation_execution_dispatch.sql (1.5ms)
2026/09/15 06:55:43 OK   00022_remediation_execution_claim_replay.sql (1.06ms)
2026/09/15 06:55:43 OK   00023_fleet_controller_worker_readiness.sql (32.27ms)
2026/09/15 06:55:43 OK   00024_staging_artifact_expiry.sql (2.01ms)
2026/09/15 06:55:43 OK   00025_scheduler_inbox_receipt.sql (1.38ms)
2026/09/15 06:55:43 OK   00026_synchronous_quorum_guard.sql (1.31ms)
2026/09/15 06:55:43 OK   00027_authorized_debug_dump_lifecycle.sql (28.05ms)
2026/09/15 06:55:43 OK   00028_off_cluster_backup_retention.sql (7.07ms)
2026/09/15 06:55:43 OK   00029_artifact_backup_replication.sql (6.28ms)
2026/09/15 06:55:43 OK   00030_non_content_legal_hold.sql (13.76ms)
2026/09/15 06:55:43 OK   00031_non_content_record_expiry.sql (41.81ms)
2026/09/15 06:55:43 OK   00032_catalog_promotion_production_gates.sql (19.1ms)
2026/09/15 06:55:43 OK   00033_statistical_slo_measurement.sql (15.26ms)
2026/09/15 06:55:43 OK   00034_stage_execution_catalog.sql (36.19ms)
2026/09/15 06:55:43 OK   00035_worker_instance_residency.sql (40.17ms)
2026/09/15 06:55:43 OK   00036_stage_attempt_authority.sql (45.17ms)
2026/09/15 06:55:43 OK   00037_stage_scheduler.sql (25.64ms)
2026/09/15 06:55:43 OK   00038_stage_artifact.sql (27.72ms)
2026/09/15 06:55:43 OK   00039_stage_worker_control_authority.sql (2.5ms)
2026/09/15 06:55:43 OK   00040_stage_worker_execution.sql (10.52ms)
2026/09/15 06:55:43 OK   00041_stage_worker_operations.sql (5.73ms)
2026/09/15 06:55:43 OK   00042_stage_worker_assignment.sql (7.43ms)
2026/09/15 06:55:43 OK   00043_stage_graph_finalization.sql (4.64ms)
2026/09/15 06:55:43 OK   00044_stage_cache.sql (18.24ms)
2026/09/15 06:55:43 OK   00045_stage_graph_finalization_outputs.sql (4.06ms)
2026/09/15 06:55:43 OK   00046_stage_graph_visible_completion.sql (4.19ms)
2026/09/15 06:55:43 OK   00047_usage_cost_ledger.sql (10.22ms)
2026/09/15 06:55:43 OK   00048_stage_run_output_binding.sql (10.04ms)
2026/09/15 06:55:43 OK   00049_stage_cutover_control.sql (22.98ms)
2026/09/15 06:55:43 OK   00050_stage_graph_instantiation_dispatch.sql (10.78ms)
2026/09/15 06:55:43 OK   00051_atomic_stage_graph_admission.sql (3.25ms)
2026/09/15 06:55:43 OK   00052_stage_cutover_zero_backlog_seal.sql (11.3ms)
2026/09/15 06:55:43 OK   00053_legacy_h3_guarded_contraction.sql (7.51ms)
2026/09/15 06:55:43 OK   00054_stage_transfer_consume_destination.sql (1.85ms)
2026/09/15 06:55:43 OK   00055_h3_campaign_evidence_reader.sql (2.49ms)
2026/09/15 06:55:43 OK   00056_stage_observability_reader.sql (849.83µs)
2026/09/15 06:55:43 OK   00057_legacy_h3_release_contraction_gate.sql (4.1ms)
2026/09/15 06:55:43 OK   00058_legacy_h3_schema_contraction.sql (124.79ms)
2026/09/15 06:55:43 OK   00059_model_runtime_epoch_registration.sql (11.67ms)
2026/09/15 06:55:43 OK   00060_model_runtime_gang_barrier.sql (8.08ms)
2026/09/15 06:55:43 OK   00061_stage_worker_gang_authority.sql (2.65ms)
2026/09/15 06:55:43 OK   00062_stage_authority_member_identity.sql (1.28ms)
2026/09/15 06:55:43 OK   00063_h3_execution_snapshot.sql (1.35ms)
2026/09/15 06:55:43 OK   00064_model_runtime_capacity_routes.sql (6.6ms)
2026/09/15 06:55:43 OK   00065_h3_exact_cache_reconciliation.sql (6.08ms)
2026/09/15 06:55:43 OK   00066_stage_worker_control_session_capacity.sql (11.19ms)
2026/09/15 06:55:43 OK   00067_stage_scheduler_project_capacity.sql (1.46ms)
2026/09/15 06:55:43 OK   00068_stage_assignment_connector_states.sql (1.57ms)
2026/09/15 06:55:43 OK   00069_stage_transfer_server_clock.sql (2.24ms)
2026/09/15 06:55:43 OK   00070_stage_lease_expiry_recovery.sql (4.35ms)
2026/09/15 06:55:43 OK   00071_stage_artifact_lifecycle.sql (9.08ms)
2026/09/15 06:55:43 OK   00072_recovery_quiescence.sql (8.25ms)
2026/09/15 06:55:43 OK   00073_stage_cache_downstream_bindings.sql (3.58ms)
2026/09/15 06:55:43 OK   00074_job_owned_public_artifact_copies.sql (2.23ms)
2026/09/15 06:55:43 OK   00075_stage_graph_failure_terminalization.sql (13.62ms)
2026/09/15 06:55:43 OK   00076_allocation_usage_unit.sql (904.04µs)
2026/09/15 06:55:43 OK   00077_runtime_usage_receipts.sql (1.77ms)
2026/09/15 06:55:43 OK   00078_idle_stage_worker_probe.sql (2.89ms)
2026/09/15 06:55:43 OK   00079_stage_job_expiry.sql (2.85ms)
2026/09/15 06:55:43 OK   00080_stage_scheduler_snapshot_lock_order.sql (2.26ms)
2026/09/15 06:55:43 OK   00081_stage_assignment_quorum.sql (1.07ms)
2026/09/15 06:55:43 OK   00082_stage_success_storage_completion.sql (2ms)
2026/09/15 06:55:43 OK   00083_capacity_observation_lifecycle.sql (2.76ms)
2026/09/15 06:55:43 OK   00084_blocked_stage_worker_probe.sql (1.95ms)
2026/09/15 06:55:43 OK   00085_stage_materialization_terminal_replay.sql (1.62ms)
2026/09/15 06:55:43 OK   00086_stage_failure_terminal_replay.sql (4.1ms)
2026/09/15 06:55:43 OK   00087_stage_claim_finalization_lock_order.sql (1.53ms)
2026/09/15 06:55:43 OK   00088_stage_allocation_execution_sequence.sql (2.55ms)
2026/09/15 06:55:43 OK   00089_stage_terminal_history.sql (2.84ms)
2026/09/15 06:55:43 OK   00090_stage_assignment_content_lifecycle.sql (9.89ms)
2026/09/15 06:55:43 OK   00091_worker_journal_bootstrap.sql (13.23ms)
2026/09/15 06:55:43 OK   00092_worker_bootstrap_history.sql (1.71ms)
2026/09/15 06:55:43 OK   00093_worker_bootstrap_nonzero_scopes.sql (922.67µs)
2026/09/15 06:55:43 OK   00094_worker_bootstrap_abandonment.sql (7.02ms)
2026/09/15 06:55:43 OK   00095_runtime_startup_reservation.sql (6.89ms)
2026/09/15 06:55:43 OK   00096_runtime_startup_authorization.sql (4.31ms)
2026/09/15 06:55:43 OK   00097_job_origin_trace.sql (1.47ms)
2026/09/15 06:55:43 goose: successfully migrated database to version: 97
=== RUN   TestDatabasePoolsFailClosedOnRoleConfusion/auth
=== RUN   TestDatabasePoolsFailClosedOnRoleConfusion/Human_auth
=== RUN   TestDatabasePoolsFailClosedOnRoleConfusion/Human_membership_auth
=== RUN   TestDatabasePoolsFailClosedOnRoleConfusion/identity_request
=== RUN   TestDatabasePoolsFailClosedOnRoleConfusion/Human_membership_request
=== RUN   TestDatabasePoolsFailClosedOnRoleConfusion/Organization_billing_request
=== RUN   TestDatabasePoolsFailClosedOnRoleConfusion/Organization_audit_request
=== RUN   TestDatabasePoolsFailClosedOnRoleConfusion/Break-glass_audit_request
=== RUN   TestDatabasePoolsFailClosedOnRoleConfusion/retention_request
=== RUN   TestDatabasePoolsFailClosedOnRoleConfusion/debug_dump_request
=== RUN   TestDatabasePoolsFailClosedOnRoleConfusion/debug_dump_audit_request
=== RUN   TestDatabasePoolsFailClosedOnRoleConfusion/retention
=== RUN   TestDatabasePoolsFailClosedOnRoleConfusion/off-cluster_backup_retention
=== RUN   TestDatabasePoolsFailClosedOnRoleConfusion/Artifact_backup_replication
=== RUN   TestDatabasePoolsFailClosedOnRoleConfusion/Platform_Operator_auth
=== RUN   TestDatabasePoolsFailClosedOnRoleConfusion/Break-glass_request
=== RUN   TestDatabasePoolsFailClosedOnRoleConfusion/request
=== RUN   TestDatabasePoolsFailClosedOnRoleConfusion/cancel
=== RUN   TestDatabasePoolsFailClosedOnRoleConfusion/Artifact_request
=== RUN   TestDatabasePoolsFailClosedOnRoleConfusion/billing
=== RUN   TestDatabasePoolsFailClosedOnRoleConfusion/Finance_Reconciliation
=== RUN   TestDatabasePoolsFailClosedOnRoleConfusion/Compliance
=== RUN   TestDatabasePoolsFailClosedOnRoleConfusion/non-content_expiry
=== RUN   TestDatabasePoolsFailClosedOnRoleConfusion/Catalog_Promotion
=== RUN   TestDatabasePoolsFailClosedOnRoleConfusion/Stage_Catalog_activation
=== RUN   TestDatabasePoolsFailClosedOnRoleConfusion/webhook_request
=== RUN   TestDatabasePoolsFailClosedOnRoleConfusion/webhook
=== RUN   TestDatabasePoolsFailClosedOnRoleConfusion/remediation
=== RUN   TestDatabasePoolsFailClosedOnRoleConfusion/Fleet
=== RUN   TestDatabasePoolsFailClosedOnRoleConfusion/AttemptCoordinator
=== RUN   TestDatabasePoolsFailClosedOnRoleConfusion/StageScheduler
=== RUN   TestDatabasePoolsFailClosedOnRoleConfusion/StageArtifact
=== RUN   TestDatabasePoolsFailClosedOnRoleConfusion/StageWorkerControl
=== RUN   TestDatabasePoolsFailClosedOnRoleConfusion/Usage/Cost_Ledger
=== RUN   TestDatabasePoolsFailClosedOnRoleConfusion/H3_campaign_evidence
=== RUN   TestDatabasePoolsFailClosedOnRoleConfusion/internal
=== RUN   TestDatabasePoolsFailClosedOnRoleConfusion/profile_certification_authority_insert
=== RUN   TestDatabasePoolsFailClosedOnRoleConfusion/profile_certification_authority_update
=== RUN   TestDatabasePoolsFailClosedOnRoleConfusion/profile_certification_authority_delete
=== RUN   TestDatabasePoolsFailClosedOnRoleConfusion/profile_certification_authority_truncate
=== RUN   TestDatabasePoolsFailClosedOnRoleConfusion/request_as_internal
=== RUN   TestDatabasePoolsFailClosedOnRoleConfusion/internal_as_request
=== RUN   TestDatabasePoolsFailClosedOnRoleConfusion/auth_as_request
=== RUN   TestDatabasePoolsFailClosedOnRoleConfusion/Human_auth_as_request
=== RUN   TestDatabasePoolsFailClosedOnRoleConfusion/Human_membership_auth_as_Human_auth
=== RUN   TestDatabasePoolsFailClosedOnRoleConfusion/request_as_Human_auth
=== RUN   TestDatabasePoolsFailClosedOnRoleConfusion/auth_as_Human_auth
=== RUN   TestDatabasePoolsFailClosedOnRoleConfusion/Human_auth_as_auth
=== RUN   TestDatabasePoolsFailClosedOnRoleConfusion/identity_request_as_internal
=== RUN   TestDatabasePoolsFailClosedOnRoleConfusion/Human_membership_request_as_identity_request
=== RUN   TestDatabasePoolsFailClosedOnRoleConfusion/internal_as_identity_request
=== RUN   TestDatabasePoolsFailClosedOnRoleConfusion/request_as_identity_request
=== RUN   TestDatabasePoolsFailClosedOnRoleConfusion/identity_request_as_request
=== RUN   TestDatabasePoolsFailClosedOnRoleConfusion/Organization_billing_request_as_audit_request
=== RUN   TestDatabasePoolsFailClosedOnRoleConfusion/Organization_audit_request_as_billing_request
=== RUN   TestDatabasePoolsFailClosedOnRoleConfusion/Organization_audit_request_as_Break-glass_audit_request
=== RUN   TestDatabasePoolsFailClosedOnRoleConfusion/Break-glass_audit_request_as_Organization_audit_request
=== RUN   TestDatabasePoolsFailClosedOnRoleConfusion/Human_membership_request_as_Organization_billing_request
=== RUN   TestDatabasePoolsFailClosedOnRoleConfusion/Organization_billing_request_as_Human_membership_request
=== RUN   TestDatabasePoolsFailClosedOnRoleConfusion/request_as_Organization_audit_request
=== RUN   TestDatabasePoolsFailClosedOnRoleConfusion/request_as_retention_request
=== RUN   TestDatabasePoolsFailClosedOnRoleConfusion/retention_request_as_request
=== RUN   TestDatabasePoolsFailClosedOnRoleConfusion/internal_as_retention_request
=== RUN   TestDatabasePoolsFailClosedOnRoleConfusion/retention_request_as_debug_dump_request
=== RUN   TestDatabasePoolsFailClosedOnRoleConfusion/debug_dump_request_as_retention_request
=== RUN   TestDatabasePoolsFailClosedOnRoleConfusion/Break-glass_audit_request_as_debug_dump_audit_request
=== RUN   TestDatabasePoolsFailClosedOnRoleConfusion/debug_dump_audit_request_as_Break-glass_audit_request
=== RUN   TestDatabasePoolsFailClosedOnRoleConfusion/request_as_retention
=== RUN   TestDatabasePoolsFailClosedOnRoleConfusion/retention_as_request
=== RUN   TestDatabasePoolsFailClosedOnRoleConfusion/internal_as_retention
=== RUN   TestDatabasePoolsFailClosedOnRoleConfusion/request_as_Platform_Operator_auth
=== RUN   TestDatabasePoolsFailClosedOnRoleConfusion/Platform_Operator_auth_as_request
=== RUN   TestDatabasePoolsFailClosedOnRoleConfusion/Break-glass_request_as_Platform_Operator_auth
=== RUN   TestDatabasePoolsFailClosedOnRoleConfusion/Platform_Operator_auth_as_Break-glass_request
=== RUN   TestDatabasePoolsFailClosedOnRoleConfusion/request_as_Break-glass_request
=== RUN   TestDatabasePoolsFailClosedOnRoleConfusion/Break-glass_request_as_request
=== RUN   TestDatabasePoolsFailClosedOnRoleConfusion/internal_as_Break-glass_request
=== RUN   TestDatabasePoolsFailClosedOnRoleConfusion/retention_request_as_retention
=== RUN   TestDatabasePoolsFailClosedOnRoleConfusion/retention_as_retention_request
=== RUN   TestDatabasePoolsFailClosedOnRoleConfusion/cancel_as_request
=== RUN   TestDatabasePoolsFailClosedOnRoleConfusion/request_as_cancel
=== RUN   TestDatabasePoolsFailClosedOnRoleConfusion/internal_as_cancel
=== RUN   TestDatabasePoolsFailClosedOnRoleConfusion/request_as_Artifact_request
=== RUN   TestDatabasePoolsFailClosedOnRoleConfusion/Artifact_request_as_request
=== RUN   TestDatabasePoolsFailClosedOnRoleConfusion/internal_as_Artifact_request
=== RUN   TestDatabasePoolsFailClosedOnRoleConfusion/StageScheduler_as_request
=== RUN   TestDatabasePoolsFailClosedOnRoleConfusion/StageScheduler_as_internal
=== RUN   TestDatabasePoolsFailClosedOnRoleConfusion/internal_as_StageScheduler
=== RUN   TestDatabasePoolsFailClosedOnRoleConfusion/request_as_StageScheduler
=== RUN   TestDatabasePoolsFailClosedOnRoleConfusion/billing_as_internal
=== RUN   TestDatabasePoolsFailClosedOnRoleConfusion/internal_as_billing
=== RUN   TestDatabasePoolsFailClosedOnRoleConfusion/request_as_billing
=== RUN   TestDatabasePoolsFailClosedOnRoleConfusion/webhook_request_as_internal
=== RUN   TestDatabasePoolsFailClosedOnRoleConfusion/internal_as_webhook_request
=== RUN   TestDatabasePoolsFailClosedOnRoleConfusion/request_as_webhook_request
=== RUN   TestDatabasePoolsFailClosedOnRoleConfusion/webhook_request_as_request
=== RUN   TestDatabasePoolsFailClosedOnRoleConfusion/webhook_as_webhook_request
=== RUN   TestDatabasePoolsFailClosedOnRoleConfusion/webhook_request_as_webhook
=== RUN   TestDatabasePoolsFailClosedOnRoleConfusion/webhook_as_internal
=== RUN   TestDatabasePoolsFailClosedOnRoleConfusion/internal_as_webhook
=== RUN   TestDatabasePoolsFailClosedOnRoleConfusion/request_as_webhook
=== RUN   TestDatabasePoolsFailClosedOnRoleConfusion/webhook_as_request
=== RUN   TestDatabasePoolsFailClosedOnRoleConfusion/billing_as_webhook
=== RUN   TestDatabasePoolsFailClosedOnRoleConfusion/webhook_as_billing
=== RUN   TestDatabasePoolsFailClosedOnRoleConfusion/remediation_as_request
=== RUN   TestDatabasePoolsFailClosedOnRoleConfusion/request_as_remediation
=== RUN   TestDatabasePoolsFailClosedOnRoleConfusion/remediation_as_internal
=== RUN   TestDatabasePoolsFailClosedOnRoleConfusion/internal_as_remediation
2026/09/15 06:55:45 🐳 Stopping container: ca48389f363d
2026/09/15 06:55:45 ✅ Container stopped: ca48389f363d
2026/09/15 06:55:45 🐳 Terminating container: ca48389f363d
2026/09/15 06:55:45 🚫 Container terminated: ca48389f363d
--- PASS: TestDatabasePoolsFailClosedOnRoleConfusion (4.18s)
    --- PASS: TestDatabasePoolsFailClosedOnRoleConfusion/auth (0.03s)
    --- PASS: TestDatabasePoolsFailClosedOnRoleConfusion/Human_auth (0.03s)
    --- PASS: TestDatabasePoolsFailClosedOnRoleConfusion/Human_membership_auth (0.03s)
    --- PASS: TestDatabasePoolsFailClosedOnRoleConfusion/identity_request (0.03s)
    --- PASS: TestDatabasePoolsFailClosedOnRoleConfusion/Human_membership_request (0.03s)
    --- PASS: TestDatabasePoolsFailClosedOnRoleConfusion/Organization_billing_request (0.03s)
    --- PASS: TestDatabasePoolsFailClosedOnRoleConfusion/Organization_audit_request (0.03s)
    --- PASS: TestDatabasePoolsFailClosedOnRoleConfusion/Break-glass_audit_request (0.03s)
    --- PASS: TestDatabasePoolsFailClosedOnRoleConfusion/retention_request (0.03s)
    --- PASS: TestDatabasePoolsFailClosedOnRoleConfusion/debug_dump_request (0.03s)
    --- PASS: TestDatabasePoolsFailClosedOnRoleConfusion/debug_dump_audit_request (0.03s)
    --- PASS: TestDatabasePoolsFailClosedOnRoleConfusion/retention (0.03s)
    --- PASS: TestDatabasePoolsFailClosedOnRoleConfusion/off-cluster_backup_retention (0.03s)
    --- PASS: TestDatabasePoolsFailClosedOnRoleConfusion/Artifact_backup_replication (0.03s)
    --- PASS: TestDatabasePoolsFailClosedOnRoleConfusion/Platform_Operator_auth (0.03s)
    --- PASS: TestDatabasePoolsFailClosedOnRoleConfusion/Break-glass_request (0.03s)
    --- PASS: TestDatabasePoolsFailClosedOnRoleConfusion/request (0.03s)
    --- PASS: TestDatabasePoolsFailClosedOnRoleConfusion/cancel (0.03s)
    --- PASS: TestDatabasePoolsFailClosedOnRoleConfusion/Artifact_request (0.03s)
    --- PASS: TestDatabasePoolsFailClosedOnRoleConfusion/billing (0.03s)
    --- PASS: TestDatabasePoolsFailClosedOnRoleConfusion/Finance_Reconciliation (0.03s)
    --- PASS: TestDatabasePoolsFailClosedOnRoleConfusion/Compliance (0.03s)
    --- PASS: TestDatabasePoolsFailClosedOnRoleConfusion/non-content_expiry (0.03s)
    --- PASS: TestDatabasePoolsFailClosedOnRoleConfusion/Catalog_Promotion (0.03s)
    --- PASS: TestDatabasePoolsFailClosedOnRoleConfusion/Stage_Catalog_activation (0.03s)
    --- PASS: TestDatabasePoolsFailClosedOnRoleConfusion/webhook_request (0.03s)
    --- PASS: TestDatabasePoolsFailClosedOnRoleConfusion/webhook (0.03s)
    --- PASS: TestDatabasePoolsFailClosedOnRoleConfusion/remediation (0.03s)
    --- PASS: TestDatabasePoolsFailClosedOnRoleConfusion/Fleet (0.03s)
    --- PASS: TestDatabasePoolsFailClosedOnRoleConfusion/AttemptCoordinator (0.03s)
    --- PASS: TestDatabasePoolsFailClosedOnRoleConfusion/StageScheduler (0.03s)
    --- PASS: TestDatabasePoolsFailClosedOnRoleConfusion/StageArtifact (0.03s)
    --- PASS: TestDatabasePoolsFailClosedOnRoleConfusion/StageWorkerControl (0.03s)
    --- PASS: TestDatabasePoolsFailClosedOnRoleConfusion/Usage/Cost_Ledger (0.03s)
    --- PASS: TestDatabasePoolsFailClosedOnRoleConfusion/H3_campaign_evidence (0.03s)
    --- PASS: TestDatabasePoolsFailClosedOnRoleConfusion/internal (0.00s)
    --- PASS: TestDatabasePoolsFailClosedOnRoleConfusion/profile_certification_authority_insert (0.00s)
    --- PASS: TestDatabasePoolsFailClosedOnRoleConfusion/profile_certification_authority_update (0.00s)
    --- PASS: TestDatabasePoolsFailClosedOnRoleConfusion/profile_certification_authority_delete (0.00s)
    --- PASS: TestDatabasePoolsFailClosedOnRoleConfusion/profile_certification_authority_truncate (0.00s)
    --- PASS: TestDatabasePoolsFailClosedOnRoleConfusion/request_as_internal (0.00s)
    --- PASS: TestDatabasePoolsFailClosedOnRoleConfusion/internal_as_request (0.00s)
    --- PASS: TestDatabasePoolsFailClosedOnRoleConfusion/auth_as_request (0.00s)
    --- PASS: TestDatabasePoolsFailClosedOnRoleConfusion/Human_auth_as_request (0.00s)
    --- PASS: TestDatabasePoolsFailClosedOnRoleConfusion/Human_membership_auth_as_Human_auth (0.00s)
    --- PASS: TestDatabasePoolsFailClosedOnRoleConfusion/request_as_Human_auth (0.00s)
    --- PASS: TestDatabasePoolsFailClosedOnRoleConfusion/auth_as_Human_auth (0.00s)
    --- PASS: TestDatabasePoolsFailClosedOnRoleConfusion/Human_auth_as_auth (0.00s)
    --- PASS: TestDatabasePoolsFailClosedOnRoleConfusion/identity_request_as_internal (0.00s)
    --- PASS: TestDatabasePoolsFailClosedOnRoleConfusion/Human_membership_request_as_identity_request (0.00s)
    --- PASS: TestDatabasePoolsFailClosedOnRoleConfusion/internal_as_identity_request (0.00s)
    --- PASS: TestDatabasePoolsFailClosedOnRoleConfusion/request_as_identity_request (0.00s)
    --- PASS: TestDatabasePoolsFailClosedOnRoleConfusion/identity_request_as_request (0.00s)
    --- PASS: TestDatabasePoolsFailClosedOnRoleConfusion/Organization_billing_request_as_audit_request (0.00s)
    --- PASS: TestDatabasePoolsFailClosedOnRoleConfusion/Organization_audit_request_as_billing_request (0.00s)
    --- PASS: TestDatabasePoolsFailClosedOnRoleConfusion/Organization_audit_request_as_Break-glass_audit_request (0.00s)
    --- PASS: TestDatabasePoolsFailClosedOnRoleConfusion/Break-glass_audit_request_as_Organization_audit_request (0.00s)
    --- PASS: TestDatabasePoolsFailClosedOnRoleConfusion/Human_membership_request_as_Organization_billing_request (0.00s)
    --- PASS: TestDatabasePoolsFailClosedOnRoleConfusion/Organization_billing_request_as_Human_membership_request (0.00s)
    --- PASS: TestDatabasePoolsFailClosedOnRoleConfusion/request_as_Organization_audit_request (0.00s)
    --- PASS: TestDatabasePoolsFailClosedOnRoleConfusion/request_as_retention_request (0.00s)
    --- PASS: TestDatabasePoolsFailClosedOnRoleConfusion/retention_request_as_request (0.00s)
    --- PASS: TestDatabasePoolsFailClosedOnRoleConfusion/internal_as_retention_request (0.00s)
    --- PASS: TestDatabasePoolsFailClosedOnRoleConfusion/retention_request_as_debug_dump_request (0.00s)
    --- PASS: TestDatabasePoolsFailClosedOnRoleConfusion/debug_dump_request_as_retention_request (0.00s)
    --- PASS: TestDatabasePoolsFailClosedOnRoleConfusion/Break-glass_audit_request_as_debug_dump_audit_request (0.00s)
    --- PASS: TestDatabasePoolsFailClosedOnRoleConfusion/debug_dump_audit_request_as_Break-glass_audit_request (0.00s)
    --- PASS: TestDatabasePoolsFailClosedOnRoleConfusion/request_as_retention (0.00s)
    --- PASS: TestDatabasePoolsFailClosedOnRoleConfusion/retention_as_request (0.00s)
    --- PASS: TestDatabasePoolsFailClosedOnRoleConfusion/internal_as_retention (0.00s)
    --- PASS: TestDatabasePoolsFailClosedOnRoleConfusion/request_as_Platform_Operator_auth (0.00s)
    --- PASS: TestDatabasePoolsFailClosedOnRoleConfusion/Platform_Operator_auth_as_request (0.00s)
    --- PASS: TestDatabasePoolsFailClosedOnRoleConfusion/Break-glass_request_as_Platform_Operator_auth (0.00s)
    --- PASS: TestDatabasePoolsFailClosedOnRoleConfusion/Platform_Operator_auth_as_Break-glass_request (0.00s)
    --- PASS: TestDatabasePoolsFailClosedOnRoleConfusion/request_as_Break-glass_request (0.00s)
    --- PASS: TestDatabasePoolsFailClosedOnRoleConfusion/Break-glass_request_as_request (0.00s)
    --- PASS: TestDatabasePoolsFailClosedOnRoleConfusion/internal_as_Break-glass_request (0.00s)
    --- PASS: TestDatabasePoolsFailClosedOnRoleConfusion/retention_request_as_retention (0.00s)
    --- PASS: TestDatabasePoolsFailClosedOnRoleConfusion/retention_as_retention_request (0.00s)
    --- PASS: TestDatabasePoolsFailClosedOnRoleConfusion/cancel_as_request (0.00s)
    --- PASS: TestDatabasePoolsFailClosedOnRoleConfusion/request_as_cancel (0.00s)
    --- PASS: TestDatabasePoolsFailClosedOnRoleConfusion/internal_as_cancel (0.00s)
    --- PASS: TestDatabasePoolsFailClosedOnRoleConfusion/request_as_Artifact_request (0.00s)
    --- PASS: TestDatabasePoolsFailClosedOnRoleConfusion/Artifact_request_as_request (0.00s)
    --- PASS: TestDatabasePoolsFailClosedOnRoleConfusion/internal_as_Artifact_request (0.00s)
    --- PASS: TestDatabasePoolsFailClosedOnRoleConfusion/StageScheduler_as_request (0.00s)
    --- PASS: TestDatabasePoolsFailClosedOnRoleConfusion/StageScheduler_as_internal (0.00s)
    --- PASS: TestDatabasePoolsFailClosedOnRoleConfusion/internal_as_StageScheduler (0.00s)
    --- PASS: TestDatabasePoolsFailClosedOnRoleConfusion/request_as_StageScheduler (0.00s)
    --- PASS: TestDatabasePoolsFailClosedOnRoleConfusion/billing_as_internal (0.00s)
    --- PASS: TestDatabasePoolsFailClosedOnRoleConfusion/internal_as_billing (0.00s)
    --- PASS: TestDatabasePoolsFailClosedOnRoleConfusion/request_as_billing (0.00s)
    --- PASS: TestDatabasePoolsFailClosedOnRoleConfusion/webhook_request_as_internal (0.00s)
    --- PASS: TestDatabasePoolsFailClosedOnRoleConfusion/internal_as_webhook_request (0.00s)
    --- PASS: TestDatabasePoolsFailClosedOnRoleConfusion/request_as_webhook_request (0.00s)
    --- PASS: TestDatabasePoolsFailClosedOnRoleConfusion/webhook_request_as_request (0.00s)
    --- PASS: TestDatabasePoolsFailClosedOnRoleConfusion/webhook_as_webhook_request (0.00s)
    --- PASS: TestDatabasePoolsFailClosedOnRoleConfusion/webhook_request_as_webhook (0.00s)
    --- PASS: TestDatabasePoolsFailClosedOnRoleConfusion/webhook_as_internal (0.00s)
    --- PASS: TestDatabasePoolsFailClosedOnRoleConfusion/internal_as_webhook (0.00s)
    --- PASS: TestDatabasePoolsFailClosedOnRoleConfusion/request_as_webhook (0.00s)
    --- PASS: TestDatabasePoolsFailClosedOnRoleConfusion/webhook_as_request (0.00s)
    --- PASS: TestDatabasePoolsFailClosedOnRoleConfusion/billing_as_webhook (0.00s)
    --- PASS: TestDatabasePoolsFailClosedOnRoleConfusion/webhook_as_billing (0.00s)
    --- PASS: TestDatabasePoolsFailClosedOnRoleConfusion/remediation_as_request (0.00s)
    --- PASS: TestDatabasePoolsFailClosedOnRoleConfusion/request_as_remediation (0.00s)
    --- PASS: TestDatabasePoolsFailClosedOnRoleConfusion/remediation_as_internal (0.00s)
    --- PASS: TestDatabasePoolsFailClosedOnRoleConfusion/internal_as_remediation (0.00s)
=== RUN   TestOutboxPublisherRetriesWithStableEventIDAndRecordsAcknowledgement
2026/09/15 06:55:45 🐳 Creating container for image postgres:17-alpine
2026/09/15 06:55:45 ✅ Container created: 9b958e6c4f56
2026/09/15 06:55:45 🐳 Starting container: 9b958e6c4f56
2026/09/15 06:55:45 ✅ Container started: 9b958e6c4f56
2026/09/15 06:55:45 ⏳ Waiting for container id 9b958e6c4f56 image: postgres:17-alpine. Waiting for: all of: [all of: [log message "database system is ready to accept connections" (occurrence: 2), port 5432/tcp to be mapped]]
2026/09/15 06:55:46 🔔 Container is ready: 9b958e6c4f56
2026/09/15 06:55:46 OK   00001_foundation.sql (49.47ms)
2026/09/15 06:55:46 OK   00002_worker_assignment.sql (12.2ms)
2026/09/15 06:55:46 OK   00003_worker_start.sql (2.1ms)
2026/09/15 06:55:46 OK   00004_worker_heartbeat.sql (12.03ms)
2026/09/15 06:55:46 OK   00005_execution_failure.sql (9.8ms)
2026/09/15 06:55:46 OK   00006_customer_cancellation.sql (15.69ms)
2026/09/15 06:55:46 OK   00007_artifact_finalization.sql (22.53ms)
2026/09/15 06:55:46 OK   00008_hierarchical_scheduler.sql (28.02ms)
2026/09/15 06:55:46 OK   00009_invoice_export.sql (7.67ms)
2026/09/15 06:55:46 OK   00010_profile_certification_circuit.sql (11.79ms)
2026/09/15 06:55:46 OK   00011_project_webhooks.sql (17.57ms)
2026/09/15 06:55:46 OK   00012_human_oidc_fixed_rbac.sql (15.41ms)
2026/09/15 06:55:46 OK   00013_service_principal_administration.sql (6.15ms)
2026/09/15 06:55:46 OK   00014_human_membership_administration.sql (11.32ms)
2026/09/15 06:55:46 OK   00015_organization_reporting.sql (7.67ms)
2026/09/15 06:55:46 OK   00016_project_retention_content_deletion.sql (27.53ms)
2026/09/15 06:55:46 OK   00017_platform_operator_break_glass.sql (17.13ms)
2026/09/15 06:55:46 OK   00018_finance_reconciliation.sql (8.16ms)
2026/09/15 06:55:46 OK   00019_certified_remediation.sql (8.69ms)
2026/09/15 06:55:46 OK   00020_remediation_execution_claim.sql (3.43ms)
2026/09/15 06:55:46 OK   00021_remediation_execution_dispatch.sql (1.37ms)
2026/09/15 06:55:46 OK   00022_remediation_execution_claim_replay.sql (933.92µs)
2026/09/15 06:55:46 OK   00023_fleet_controller_worker_readiness.sql (28.95ms)
2026/09/15 06:55:46 OK   00024_staging_artifact_expiry.sql (1.38ms)
2026/09/15 06:55:46 OK   00025_scheduler_inbox_receipt.sql (1.01ms)
2026/09/15 06:55:46 OK   00026_synchronous_quorum_guard.sql (1.15ms)
2026/09/15 06:55:46 OK   00027_authorized_debug_dump_lifecycle.sql (25.61ms)
2026/09/15 06:55:46 OK   00028_off_cluster_backup_retention.sql (4.92ms)
2026/09/15 06:55:46 OK   00029_artifact_backup_replication.sql (5.51ms)
2026/09/15 06:55:46 OK   00030_non_content_legal_hold.sql (12.99ms)
2026/09/15 06:55:47 OK   00031_non_content_record_expiry.sql (41.16ms)
2026/09/15 06:55:47 OK   00032_catalog_promotion_production_gates.sql (17.88ms)
2026/09/15 06:55:47 OK   00033_statistical_slo_measurement.sql (14.03ms)
2026/09/15 06:55:47 OK   00034_stage_execution_catalog.sql (35.72ms)
2026/09/15 06:55:47 OK   00035_worker_instance_residency.sql (39.78ms)
2026/09/15 06:55:47 OK   00036_stage_attempt_authority.sql (44.71ms)
2026/09/15 06:55:47 OK   00037_stage_scheduler.sql (25.68ms)
2026/09/15 06:55:47 OK   00038_stage_artifact.sql (26.43ms)
2026/09/15 06:55:47 OK   00039_stage_worker_control_authority.sql (2.39ms)
2026/09/15 06:55:47 OK   00040_stage_worker_execution.sql (10.3ms)
2026/09/15 06:55:47 OK   00041_stage_worker_operations.sql (5.37ms)
2026/09/15 06:55:47 OK   00042_stage_worker_assignment.sql (6.57ms)
2026/09/15 06:55:47 OK   00043_stage_graph_finalization.sql (4.16ms)
2026/09/15 06:55:47 OK   00044_stage_cache.sql (15.36ms)
2026/09/15 06:55:47 OK   00045_stage_graph_finalization_outputs.sql (3.59ms)
2026/09/15 06:55:47 OK   00046_stage_graph_visible_completion.sql (3.85ms)
2026/09/15 06:55:47 OK   00047_usage_cost_ledger.sql (10.23ms)
2026/09/15 06:55:47 OK   00048_stage_run_output_binding.sql (8.88ms)
2026/09/15 06:55:47 OK   00049_stage_cutover_control.sql (23.11ms)
2026/09/15 06:55:47 OK   00050_stage_graph_instantiation_dispatch.sql (8.86ms)
2026/09/15 06:55:47 OK   00051_atomic_stage_graph_admission.sql (3.45ms)
2026/09/15 06:55:47 OK   00052_stage_cutover_zero_backlog_seal.sql (10.92ms)
2026/09/15 06:55:47 OK   00053_legacy_h3_guarded_contraction.sql (6.89ms)
2026/09/15 06:55:47 OK   00054_stage_transfer_consume_destination.sql (1.53ms)
2026/09/15 06:55:47 OK   00055_h3_campaign_evidence_reader.sql (2.29ms)
2026/09/15 06:55:47 OK   00056_stage_observability_reader.sql (717.21µs)
2026/09/15 06:55:47 OK   00057_legacy_h3_release_contraction_gate.sql (4.2ms)
2026/09/15 06:55:47 OK   00058_legacy_h3_schema_contraction.sql (122.36ms)
2026/09/15 06:55:47 OK   00059_model_runtime_epoch_registration.sql (11.08ms)
2026/09/15 06:55:47 OK   00060_model_runtime_gang_barrier.sql (8.17ms)
2026/09/15 06:55:47 OK   00061_stage_worker_gang_authority.sql (2.58ms)
2026/09/15 06:55:47 OK   00062_stage_authority_member_identity.sql (1.23ms)
2026/09/15 06:55:47 OK   00063_h3_execution_snapshot.sql (1.27ms)
2026/09/15 06:55:47 OK   00064_model_runtime_capacity_routes.sql (7.78ms)
2026/09/15 06:55:47 OK   00065_h3_exact_cache_reconciliation.sql (5.1ms)
2026/09/15 06:55:47 OK   00066_stage_worker_control_session_capacity.sql (11.06ms)
2026/09/15 06:55:47 OK   00067_stage_scheduler_project_capacity.sql (1.32ms)
2026/09/15 06:55:47 OK   00068_stage_assignment_connector_states.sql (1.37ms)
2026/09/15 06:55:47 OK   00069_stage_transfer_server_clock.sql (2.27ms)
2026/09/15 06:55:47 OK   00070_stage_lease_expiry_recovery.sql (4.39ms)
2026/09/15 06:55:47 OK   00071_stage_artifact_lifecycle.sql (9.87ms)
2026/09/15 06:55:47 OK   00072_recovery_quiescence.sql (8.55ms)
2026/09/15 06:55:47 OK   00073_stage_cache_downstream_bindings.sql (3.33ms)
2026/09/15 06:55:47 OK   00074_job_owned_public_artifact_copies.sql (2.27ms)
2026/09/15 06:55:47 OK   00075_stage_graph_failure_terminalization.sql (14.72ms)
2026/09/15 06:55:47 OK   00076_allocation_usage_unit.sql (910.46µs)
2026/09/15 06:55:47 OK   00077_runtime_usage_receipts.sql (1.75ms)
2026/09/15 06:55:47 OK   00078_idle_stage_worker_probe.sql (2.29ms)
2026/09/15 06:55:47 OK   00079_stage_job_expiry.sql (2.72ms)
2026/09/15 06:55:47 OK   00080_stage_scheduler_snapshot_lock_order.sql (2.34ms)
2026/09/15 06:55:47 OK   00081_stage_assignment_quorum.sql (1.06ms)
2026/09/15 06:55:47 OK   00082_stage_success_storage_completion.sql (2.01ms)
2026/09/15 06:55:47 OK   00083_capacity_observation_lifecycle.sql (2.85ms)
2026/09/15 06:55:47 OK   00084_blocked_stage_worker_probe.sql (2.47ms)
2026/09/15 06:55:47 OK   00085_stage_materialization_terminal_replay.sql (1.53ms)
2026/09/15 06:55:47 OK   00086_stage_failure_terminal_replay.sql (3.82ms)
2026/09/15 06:55:47 OK   00087_stage_claim_finalization_lock_order.sql (1.89ms)
2026/09/15 06:55:47 OK   00088_stage_allocation_execution_sequence.sql (2.24ms)
2026/09/15 06:55:47 OK   00089_stage_terminal_history.sql (2.6ms)
2026/09/15 06:55:47 OK   00090_stage_assignment_content_lifecycle.sql (9.28ms)
2026/09/15 06:55:47 OK   00091_worker_journal_bootstrap.sql (11.94ms)
2026/09/15 06:55:47 OK   00092_worker_bootstrap_history.sql (1.57ms)
2026/09/15 06:55:47 OK   00093_worker_bootstrap_nonzero_scopes.sql (794.08µs)
2026/09/15 06:55:47 OK   00094_worker_bootstrap_abandonment.sql (6.64ms)
2026/09/15 06:55:47 OK   00095_runtime_startup_reservation.sql (6.49ms)
2026/09/15 06:55:47 OK   00096_runtime_startup_authorization.sql (4.26ms)
2026/09/15 06:55:47 OK   00097_job_origin_trace.sql (1.4ms)
2026/09/15 06:55:47 goose: successfully migrated database to version: 97
2026/09/15 06:55:47 🐳 Stopping container: 9b958e6c4f56
2026/09/15 06:55:48 ✅ Container stopped: 9b958e6c4f56
2026/09/15 06:55:48 🐳 Terminating container: 9b958e6c4f56
2026/09/15 06:55:48 🚫 Container terminated: 9b958e6c4f56
--- PASS: TestOutboxPublisherRetriesWithStableEventIDAndRecordsAcknowledgement (2.36s)
=== RUN   TestOutboxPublisherRecoversCrashAfterPubAckBeforeDatabaseMarker
2026/09/15 06:55:48 🐳 Creating container for image postgres:17-alpine
2026/09/15 06:55:48 ✅ Container created: 9c6641b49637
2026/09/15 06:55:48 🐳 Starting container: 9c6641b49637
2026/09/15 06:55:48 ✅ Container started: 9c6641b49637
2026/09/15 06:55:48 ⏳ Waiting for container id 9c6641b49637 image: postgres:17-alpine. Waiting for: all of: [all of: [log message "database system is ready to accept connections" (occurrence: 2), port 5432/tcp to be mapped]]
2026/09/15 06:55:48 🔔 Container is ready: 9c6641b49637
2026/09/15 06:55:49 OK   00001_foundation.sql (49.07ms)
2026/09/15 06:55:49 OK   00002_worker_assignment.sql (11.84ms)
2026/09/15 06:55:49 OK   00003_worker_start.sql (1.96ms)
2026/09/15 06:55:49 OK   00004_worker_heartbeat.sql (11.33ms)
2026/09/15 06:55:49 OK   00005_execution_failure.sql (8.74ms)
2026/09/15 06:55:49 OK   00006_customer_cancellation.sql (16.1ms)
2026/09/15 06:55:49 OK   00007_artifact_finalization.sql (21.55ms)
2026/09/15 06:55:49 OK   00008_hierarchical_scheduler.sql (28.69ms)
2026/09/15 06:55:49 OK   00009_invoice_export.sql (6.85ms)
2026/09/15 06:55:49 OK   00010_profile_certification_circuit.sql (10.68ms)
2026/09/15 06:55:49 OK   00011_project_webhooks.sql (16.98ms)
2026/09/15 06:55:49 OK   00012_human_oidc_fixed_rbac.sql (15.82ms)
2026/09/15 06:55:49 OK   00013_service_principal_administration.sql (8.06ms)
2026/09/15 06:55:49 OK   00014_human_membership_administration.sql (13.45ms)
2026/09/15 06:55:49 OK   00015_organization_reporting.sql (9.18ms)
2026/09/15 06:55:49 OK   00016_project_retention_content_deletion.sql (29.44ms)
2026/09/15 06:55:49 OK   00017_platform_operator_break_glass.sql (20.23ms)
2026/09/15 06:55:49 OK   00018_finance_reconciliation.sql (9.83ms)
2026/09/15 06:55:49 OK   00019_certified_remediation.sql (10.62ms)
2026/09/15 06:55:49 OK   00020_remediation_execution_claim.sql (4.23ms)
2026/09/15 06:55:49 OK   00021_remediation_execution_dispatch.sql (1.44ms)
2026/09/15 06:55:49 OK   00022_remediation_execution_claim_replay.sql (1.08ms)
2026/09/15 06:55:49 OK   00023_fleet_controller_worker_readiness.sql (30.72ms)
2026/09/15 06:55:49 OK   00024_staging_artifact_expiry.sql (1.76ms)
2026/09/15 06:55:49 OK   00025_scheduler_inbox_receipt.sql (1.17ms)
2026/09/15 06:55:49 OK   00026_synchronous_quorum_guard.sql (1.4ms)
2026/09/15 06:55:49 OK   00027_authorized_debug_dump_lifecycle.sql (27.74ms)
2026/09/15 06:55:49 OK   00028_off_cluster_backup_retention.sql (7.08ms)
2026/09/15 06:55:49 OK   00029_artifact_backup_replication.sql (5.77ms)
2026/09/15 06:55:49 OK   00030_non_content_legal_hold.sql (13.45ms)
2026/09/15 06:55:49 OK   00031_non_content_record_expiry.sql (39.64ms)
2026/09/15 06:55:49 OK   00032_catalog_promotion_production_gates.sql (18.65ms)
2026/09/15 06:55:49 OK   00033_statistical_slo_measurement.sql (15.14ms)
2026/09/15 06:55:49 OK   00034_stage_execution_catalog.sql (36.49ms)
2026/09/15 06:55:49 OK   00035_worker_instance_residency.sql (38.84ms)
2026/09/15 06:55:49 OK   00036_stage_attempt_authority.sql (44.02ms)
2026/09/15 06:55:49 OK   00037_stage_scheduler.sql (26.82ms)
2026/09/15 06:55:49 OK   00038_stage_artifact.sql (27.36ms)
2026/09/15 06:55:49 OK   00039_stage_worker_control_authority.sql (1.71ms)
2026/09/15 06:55:49 OK   00040_stage_worker_execution.sql (10.08ms)
2026/09/15 06:55:49 OK   00041_stage_worker_operations.sql (5.65ms)
2026/09/15 06:55:49 OK   00042_stage_worker_assignment.sql (6.67ms)
2026/09/15 06:55:49 OK   00043_stage_graph_finalization.sql (4.48ms)
2026/09/15 06:55:49 OK   00044_stage_cache.sql (16.78ms)
2026/09/15 06:55:49 OK   00045_stage_graph_finalization_outputs.sql (4.03ms)
2026/09/15 06:55:49 OK   00046_stage_graph_visible_completion.sql (4.03ms)
2026/09/15 06:55:49 OK   00047_usage_cost_ledger.sql (9.28ms)
2026/09/15 06:55:49 OK   00048_stage_run_output_binding.sql (9.09ms)
2026/09/15 06:55:49 OK   00049_stage_cutover_control.sql (25.2ms)
2026/09/15 06:55:49 OK   00050_stage_graph_instantiation_dispatch.sql (9.78ms)
2026/09/15 06:55:49 OK   00051_atomic_stage_graph_admission.sql (3.64ms)
2026/09/15 06:55:49 OK   00052_stage_cutover_zero_backlog_seal.sql (10.95ms)
2026/09/15 06:55:49 OK   00053_legacy_h3_guarded_contraction.sql (7.93ms)
2026/09/15 06:55:49 OK   00054_stage_transfer_consume_destination.sql (1.56ms)
2026/09/15 06:55:49 OK   00055_h3_campaign_evidence_reader.sql (2.62ms)
2026/09/15 06:55:49 OK   00056_stage_observability_reader.sql (767.63µs)
2026/09/15 06:55:49 OK   00057_legacy_h3_release_contraction_gate.sql (4.18ms)
2026/09/15 06:55:49 OK   00058_legacy_h3_schema_contraction.sql (121.42ms)
2026/09/15 06:55:49 OK   00059_model_runtime_epoch_registration.sql (11.54ms)
2026/09/15 06:55:49 OK   00060_model_runtime_gang_barrier.sql (9.29ms)
2026/09/15 06:55:49 OK   00061_stage_worker_gang_authority.sql (2.69ms)
2026/09/15 06:55:49 OK   00062_stage_authority_member_identity.sql (1.31ms)
2026/09/15 06:55:49 OK   00063_h3_execution_snapshot.sql (1.4ms)
2026/09/15 06:55:49 OK   00064_model_runtime_capacity_routes.sql (6.38ms)
2026/09/15 06:55:49 OK   00065_h3_exact_cache_reconciliation.sql (5.85ms)
2026/09/15 06:55:49 OK   00066_stage_worker_control_session_capacity.sql (11.31ms)
2026/09/15 06:55:49 OK   00067_stage_scheduler_project_capacity.sql (1.35ms)
2026/09/15 06:55:49 OK   00068_stage_assignment_connector_states.sql (1.48ms)
2026/09/15 06:55:49 OK   00069_stage_transfer_server_clock.sql (2.44ms)
2026/09/15 06:55:49 OK   00070_stage_lease_expiry_recovery.sql (4.44ms)
2026/09/15 06:55:49 OK   00071_stage_artifact_lifecycle.sql (9.5ms)
2026/09/15 06:55:49 OK   00072_recovery_quiescence.sql (8.17ms)
2026/09/15 06:55:49 OK   00073_stage_cache_downstream_bindings.sql (3.97ms)
2026/09/15 06:55:49 OK   00074_job_owned_public_artifact_copies.sql (2.22ms)
2026/09/15 06:55:49 OK   00075_stage_graph_failure_terminalization.sql (13.66ms)
2026/09/15 06:55:49 OK   00076_allocation_usage_unit.sql (803.17µs)
2026/09/15 06:55:49 OK   00077_runtime_usage_receipts.sql (2.02ms)
2026/09/15 06:55:49 OK   00078_idle_stage_worker_probe.sql (2.38ms)
2026/09/15 06:55:49 OK   00079_stage_job_expiry.sql (2.86ms)
2026/09/15 06:55:49 OK   00080_stage_scheduler_snapshot_lock_order.sql (2.3ms)
2026/09/15 06:55:49 OK   00081_stage_assignment_quorum.sql (1.01ms)
2026/09/15 06:55:49 OK   00082_stage_success_storage_completion.sql (2.01ms)
2026/09/15 06:55:49 OK   00083_capacity_observation_lifecycle.sql (2.85ms)
2026/09/15 06:55:50 OK   00084_blocked_stage_worker_probe.sql (2ms)
2026/09/15 06:55:50 OK   00085_stage_materialization_terminal_replay.sql (1.53ms)
2026/09/15 06:55:50 OK   00086_stage_failure_terminal_replay.sql (3.99ms)
2026/09/15 06:55:50 OK   00087_stage_claim_finalization_lock_order.sql (1.59ms)
2026/09/15 06:55:50 OK   00088_stage_allocation_execution_sequence.sql (2.49ms)
2026/09/15 06:55:50 OK   00089_stage_terminal_history.sql (2.43ms)
2026/09/15 06:55:50 OK   00090_stage_assignment_content_lifecycle.sql (9.77ms)
2026/09/15 06:55:50 OK   00091_worker_journal_bootstrap.sql (13.08ms)
2026/09/15 06:55:50 OK   00092_worker_bootstrap_history.sql (1.68ms)
2026/09/15 06:55:50 OK   00093_worker_bootstrap_nonzero_scopes.sql (875.75µs)
2026/09/15 06:55:50 OK   00094_worker_bootstrap_abandonment.sql (6.92ms)
2026/09/15 06:55:50 OK   00095_runtime_startup_reservation.sql (7.05ms)
2026/09/15 06:55:50 OK   00096_runtime_startup_authorization.sql (4.25ms)
2026/09/15 06:55:50 OK   00097_job_origin_trace.sql (1.5ms)
2026/09/15 06:55:50 goose: successfully migrated database to version: 97
2026/09/15 06:55:50 🐳 Creating container for image nats:2.12-alpine
2026/09/15 06:55:50 ✅ Container created: 468b8617ff78
2026/09/15 06:55:50 🐳 Starting container: 468b8617ff78
2026/09/15 06:55:50 ✅ Container started: 468b8617ff78
2026/09/15 06:55:50 ⏳ Waiting for container id 468b8617ff78 image: nats:2.12-alpine. Waiting for: log message "Server is ready"
2026/09/15 06:55:50 🔔 Container is ready: 468b8617ff78
2026/09/15 06:55:50 🐳 Stopping container: 468b8617ff78
2026/09/15 06:55:50 ✅ Container stopped: 468b8617ff78
2026/09/15 06:55:50 🐳 Terminating container: 468b8617ff78
2026/09/15 06:55:50 🚫 Container terminated: 468b8617ff78
2026/09/15 06:55:50 🐳 Stopping container: 9c6641b49637
2026/09/15 06:55:51 ✅ Container stopped: 9c6641b49637
2026/09/15 06:55:51 🐳 Terminating container: 9c6641b49637
2026/09/15 06:55:51 🚫 Container terminated: 9c6641b49637
--- PASS: TestOutboxPublisherRecoversCrashAfterPubAckBeforeDatabaseMarker (2.92s)
=== RUN   TestJetStreamBrokerRejectsSingleReplicaBeforePublish
2026/09/15 06:55:51 🐳 Creating container for image nats:2.12-alpine
2026/09/15 06:55:51 ✅ Container created: f6534bcb8e69
2026/09/15 06:55:51 🐳 Starting container: f6534bcb8e69
2026/09/15 06:55:51 ✅ Container started: f6534bcb8e69
2026/09/15 06:55:51 ⏳ Waiting for container id f6534bcb8e69 image: nats:2.12-alpine. Waiting for: log message "Server is ready"
2026/09/15 06:55:51 🔔 Container is ready: f6534bcb8e69
2026/09/15 06:55:51 🐳 Stopping container: f6534bcb8e69
2026/09/15 06:55:51 ✅ Container stopped: f6534bcb8e69
2026/09/15 06:55:51 🐳 Terminating container: f6534bcb8e69
2026/09/15 06:55:51 🚫 Container terminated: f6534bcb8e69
--- PASS: TestJetStreamBrokerRejectsSingleReplicaBeforePublish (0.45s)
=== RUN   TestJetStreamBrokerRejectsPubAckFromUnexpectedStream
2026/09/15 06:55:51 🐳 Creating container for image nats:2.12-alpine
2026/09/15 06:55:51 ✅ Container created: acde2b7c7192
2026/09/15 06:55:51 🐳 Starting container: acde2b7c7192
2026/09/15 06:55:51 ✅ Container started: acde2b7c7192
2026/09/15 06:55:51 ⏳ Waiting for container id acde2b7c7192 image: nats:2.12-alpine. Waiting for: log message "Server is ready"
2026/09/15 06:55:51 🔔 Container is ready: acde2b7c7192
2026/09/15 06:55:51 🐳 Stopping container: acde2b7c7192
2026/09/15 06:55:51 ✅ Container stopped: acde2b7c7192
2026/09/15 06:55:51 🐳 Terminating container: acde2b7c7192
2026/09/15 06:55:51 🚫 Container terminated: acde2b7c7192
--- PASS: TestJetStreamBrokerRejectsPubAckFromUnexpectedStream (0.41s)
PASS
ok  	github.com/vivym/vela/internal/integration	11.092s
