=== RUN   TestAsyncTraceSurvivesOutboxRetryAndInboxRedelivery
2026/09/15 06:56:57 github.com/testcontainers/testcontainers-go - Connected to docker: 
  Server Version: 28.3.2
  API Version: 1.51
  Operating System: Docker Desktop
  Total Memory: 32044 MB
  Labels:
    com.docker.desktop.address=unix:///Users/viv/Library/Containers/com.docker.docker/Data/docker-cli.sock
  Testcontainers for Go Version: v0.44.0
  Resolved Docker Host: unix:///var/run/docker.sock
  Resolved Docker Socket Path: /var/run/docker.sock
  Test SessionID: 5a0b4995df3607558bd25ffa5d57dc5fba33a16d24bc429764a07ea88c2a8cbc
  Test ProcessID: ec9af77f-74a3-42ba-8fd9-4cd493e07ba2
2026/09/15 06:56:58 🐳 Creating container for image postgres:17-alpine
2026/09/15 06:56:58 🐳 Creating container for image testcontainers/ryuk:0.14.0
2026/09/15 06:56:58 ✅ Container created: 610970828eda
2026/09/15 06:56:58 🐳 Starting container: 610970828eda
2026/09/15 06:56:58 ✅ Container started: 610970828eda
2026/09/15 06:56:58 ⏳ Waiting for container id 610970828eda image: testcontainers/ryuk:0.14.0. Waiting for: all of: [log message "Started", port 8080/tcp to be listening]
2026/09/15 06:56:58 Shell not found in container
2026/09/15 06:56:58 🔔 Container is ready: 610970828eda
2026/09/15 06:56:58 ✅ Container created: 7072143803b5
2026/09/15 06:56:58 🐳 Starting container: 7072143803b5
2026/09/15 06:56:58 ✅ Container started: 7072143803b5
2026/09/15 06:56:58 ⏳ Waiting for container id 7072143803b5 image: postgres:17-alpine. Waiting for: all of: [all of: [log message "database system is ready to accept connections" (occurrence: 2), port 5432/tcp to be mapped]]
2026/09/15 06:56:59 🔔 Container is ready: 7072143803b5
2026/09/15 06:56:59 OK   00001_foundation.sql (49.45ms)
2026/09/15 06:56:59 OK   00002_worker_assignment.sql (11.17ms)
2026/09/15 06:56:59 OK   00003_worker_start.sql (1.51ms)
2026/09/15 06:56:59 OK   00004_worker_heartbeat.sql (10.5ms)
2026/09/15 06:56:59 OK   00005_execution_failure.sql (7.84ms)
2026/09/15 06:56:59 OK   00006_customer_cancellation.sql (12.44ms)
2026/09/15 06:56:59 OK   00007_artifact_finalization.sql (19.83ms)
2026/09/15 06:56:59 OK   00008_hierarchical_scheduler.sql (22.81ms)
2026/09/15 06:56:59 OK   00009_invoice_export.sql (6.09ms)
2026/09/15 06:56:59 OK   00010_profile_certification_circuit.sql (9.5ms)
2026/09/15 06:56:59 OK   00011_project_webhooks.sql (15.13ms)
2026/09/15 06:56:59 OK   00012_human_oidc_fixed_rbac.sql (14.32ms)
2026/09/15 06:56:59 OK   00013_service_principal_administration.sql (6.67ms)
2026/09/15 06:56:59 OK   00014_human_membership_administration.sql (12.34ms)
2026/09/15 06:56:59 OK   00015_organization_reporting.sql (9.06ms)
2026/09/15 06:56:59 OK   00016_project_retention_content_deletion.sql (29.44ms)
2026/09/15 06:56:59 OK   00017_platform_operator_break_glass.sql (18.25ms)
2026/09/15 06:56:59 OK   00018_finance_reconciliation.sql (9.34ms)
2026/09/15 06:56:59 OK   00019_certified_remediation.sql (8.1ms)
2026/09/15 06:56:59 OK   00020_remediation_execution_claim.sql (3.56ms)
2026/09/15 06:56:59 OK   00021_remediation_execution_dispatch.sql (1.43ms)
2026/09/15 06:56:59 OK   00022_remediation_execution_claim_replay.sql (1ms)
2026/09/15 06:56:59 OK   00023_fleet_controller_worker_readiness.sql (30.03ms)
2026/09/15 06:56:59 OK   00024_staging_artifact_expiry.sql (1.62ms)
2026/09/15 06:56:59 OK   00025_scheduler_inbox_receipt.sql (1.21ms)
2026/09/15 06:56:59 OK   00026_synchronous_quorum_guard.sql (1.2ms)
2026/09/15 06:56:59 OK   00027_authorized_debug_dump_lifecycle.sql (26.63ms)
2026/09/15 06:56:59 OK   00028_off_cluster_backup_retention.sql (7.19ms)
2026/09/15 06:56:59 OK   00029_artifact_backup_replication.sql (6.83ms)
2026/09/15 06:56:59 OK   00030_non_content_legal_hold.sql (14.11ms)
2026/09/15 06:56:59 OK   00031_non_content_record_expiry.sql (40.63ms)
2026/09/15 06:56:59 OK   00032_catalog_promotion_production_gates.sql (16.52ms)
2026/09/15 06:56:59 OK   00033_statistical_slo_measurement.sql (14.54ms)
2026/09/15 06:56:59 OK   00034_stage_execution_catalog.sql (38.64ms)
2026/09/15 06:56:59 OK   00035_worker_instance_residency.sql (39.31ms)
2026/09/15 06:56:59 OK   00036_stage_attempt_authority.sql (44.41ms)
2026/09/15 06:56:59 OK   00037_stage_scheduler.sql (25.57ms)
2026/09/15 06:56:59 OK   00038_stage_artifact.sql (28.08ms)
2026/09/15 06:56:59 OK   00039_stage_worker_control_authority.sql (2.36ms)
2026/09/15 06:56:59 OK   00040_stage_worker_execution.sql (10.74ms)
2026/09/15 06:56:59 OK   00041_stage_worker_operations.sql (5.71ms)
2026/09/15 06:56:59 OK   00042_stage_worker_assignment.sql (6.57ms)
2026/09/15 06:56:59 OK   00043_stage_graph_finalization.sql (4.38ms)
2026/09/15 06:56:59 OK   00044_stage_cache.sql (15.83ms)
2026/09/15 06:56:59 OK   00045_stage_graph_finalization_outputs.sql (3.61ms)
2026/09/15 06:56:59 OK   00046_stage_graph_visible_completion.sql (4.22ms)
2026/09/15 06:56:59 OK   00047_usage_cost_ledger.sql (9.58ms)
2026/09/15 06:56:59 OK   00048_stage_run_output_binding.sql (9.86ms)
2026/09/15 06:56:59 OK   00049_stage_cutover_control.sql (23.28ms)
2026/09/15 06:56:59 OK   00050_stage_graph_instantiation_dispatch.sql (8.78ms)
2026/09/15 06:56:59 OK   00051_atomic_stage_graph_admission.sql (3.28ms)
2026/09/15 06:56:59 OK   00052_stage_cutover_zero_backlog_seal.sql (10.18ms)
2026/09/15 06:56:59 OK   00053_legacy_h3_guarded_contraction.sql (7.95ms)
2026/09/15 06:56:59 OK   00054_stage_transfer_consume_destination.sql (1.57ms)
2026/09/15 06:56:59 OK   00055_h3_campaign_evidence_reader.sql (2.46ms)
2026/09/15 06:56:59 OK   00056_stage_observability_reader.sql (847.67µs)
2026/09/15 06:56:59 OK   00057_legacy_h3_release_contraction_gate.sql (4.45ms)
2026/09/15 06:56:59 OK   00058_legacy_h3_schema_contraction.sql (122.45ms)
2026/09/15 06:56:59 OK   00059_model_runtime_epoch_registration.sql (11.98ms)
2026/09/15 06:56:59 OK   00060_model_runtime_gang_barrier.sql (9.24ms)
2026/09/15 06:56:59 OK   00061_stage_worker_gang_authority.sql (3.01ms)
2026/09/15 06:56:59 OK   00062_stage_authority_member_identity.sql (1.23ms)
2026/09/15 06:56:59 OK   00063_h3_execution_snapshot.sql (1.31ms)
2026/09/15 06:56:59 OK   00064_model_runtime_capacity_routes.sql (6.54ms)
2026/09/15 06:56:59 OK   00065_h3_exact_cache_reconciliation.sql (6.13ms)
2026/09/15 06:57:00 OK   00066_stage_worker_control_session_capacity.sql (11.73ms)
2026/09/15 06:57:00 OK   00067_stage_scheduler_project_capacity.sql (1.59ms)
2026/09/15 06:57:00 OK   00068_stage_assignment_connector_states.sql (1.7ms)
2026/09/15 06:57:00 OK   00069_stage_transfer_server_clock.sql (5.24ms)
2026/09/15 06:57:00 OK   00070_stage_lease_expiry_recovery.sql (5.43ms)
2026/09/15 06:57:00 OK   00071_stage_artifact_lifecycle.sql (11.17ms)
2026/09/15 06:57:00 OK   00072_recovery_quiescence.sql (8.44ms)
2026/09/15 06:57:00 OK   00073_stage_cache_downstream_bindings.sql (4.01ms)
2026/09/15 06:57:00 OK   00074_job_owned_public_artifact_copies.sql (2.78ms)
2026/09/15 06:57:00 OK   00075_stage_graph_failure_terminalization.sql (14.08ms)
2026/09/15 06:57:00 OK   00076_allocation_usage_unit.sql (4.22ms)
2026/09/15 06:57:00 OK   00077_runtime_usage_receipts.sql (1.93ms)
2026/09/15 06:57:00 OK   00078_idle_stage_worker_probe.sql (2.48ms)
2026/09/15 06:57:00 OK   00079_stage_job_expiry.sql (2.97ms)
2026/09/15 06:57:00 OK   00080_stage_scheduler_snapshot_lock_order.sql (2.53ms)
2026/09/15 06:57:00 OK   00081_stage_assignment_quorum.sql (1.01ms)
2026/09/15 06:57:00 OK   00082_stage_success_storage_completion.sql (1.97ms)
2026/09/15 06:57:00 OK   00083_capacity_observation_lifecycle.sql (2.81ms)
2026/09/15 06:57:00 OK   00084_blocked_stage_worker_probe.sql (2.06ms)
2026/09/15 06:57:00 OK   00085_stage_materialization_terminal_replay.sql (1.58ms)
2026/09/15 06:57:00 OK   00086_stage_failure_terminal_replay.sql (3.95ms)
2026/09/15 06:57:00 OK   00087_stage_claim_finalization_lock_order.sql (1.53ms)
2026/09/15 06:57:00 OK   00088_stage_allocation_execution_sequence.sql (2.66ms)
2026/09/15 06:57:00 OK   00089_stage_terminal_history.sql (3.9ms)
2026/09/15 06:57:00 OK   00090_stage_assignment_content_lifecycle.sql (9.84ms)
2026/09/15 06:57:00 OK   00091_worker_journal_bootstrap.sql (12.56ms)
2026/09/15 06:57:00 OK   00092_worker_bootstrap_history.sql (1.78ms)
2026/09/15 06:57:00 OK   00093_worker_bootstrap_nonzero_scopes.sql (909.33µs)
2026/09/15 06:57:00 OK   00094_worker_bootstrap_abandonment.sql (7.56ms)
2026/09/15 06:57:00 OK   00095_runtime_startup_reservation.sql (7.19ms)
2026/09/15 06:57:00 OK   00096_runtime_startup_authorization.sql (4.34ms)
2026/09/15 06:57:00 OK   00097_job_origin_trace.sql (1.51ms)
2026/09/15 06:57:00 goose: successfully migrated database to version: 97
2026/09/15 06:57:00 🐳 Creating container for image nats:2.12-alpine
2026/09/15 06:57:00 ✅ Container created: c6874d6aa4b0
2026/09/15 06:57:00 🐳 Starting container: c6874d6aa4b0
2026/09/15 06:57:00 ✅ Container started: c6874d6aa4b0
2026/09/15 06:57:00 ⏳ Waiting for container id c6874d6aa4b0 image: nats:2.12-alpine. Waiting for: log message "Server is ready"
2026/09/15 06:57:00 🔔 Container is ready: c6874d6aa4b0
2026/09/15 06:57:00 🐳 Creating container for image nats:2.12-alpine
2026/09/15 06:57:00 ✅ Container created: fd50ba0ee007
2026/09/15 06:57:00 🐳 Starting container: fd50ba0ee007
2026/09/15 06:57:00 ✅ Container started: fd50ba0ee007
2026/09/15 06:57:00 ⏳ Waiting for container id fd50ba0ee007 image: nats:2.12-alpine. Waiting for: log message "Server is ready"
2026/09/15 06:57:00 🔔 Container is ready: fd50ba0ee007
2026/09/15 06:57:00 🐳 Creating container for image nats:2.12-alpine
2026/09/15 06:57:00 ✅ Container created: 2cc80498facf
2026/09/15 06:57:00 🐳 Starting container: 2cc80498facf
2026/09/15 06:57:00 ✅ Container started: 2cc80498facf
2026/09/15 06:57:00 ⏳ Waiting for container id 2cc80498facf image: nats:2.12-alpine. Waiting for: log message "Server is ready"
2026/09/15 06:57:01 🔔 Container is ready: 2cc80498facf
    async_tracing_test.go:109: stream initialization attempt 1: context deadline exceeded
    async_tracing_test.go:109: stream initialization attempt 2: context deadline exceeded
    async_tracing_test.go:272: verified transactional trace, idempotent admission, real three-replica publish/dedup, commit-before-ack redelivery, one Inbox effect, and payload-free spans
2026/09/15 06:57:07 🐳 Stopping container: 2cc80498facf
2026/09/15 06:57:08 ✅ Container stopped: 2cc80498facf
2026/09/15 06:57:08 🐳 Terminating container: 2cc80498facf
2026/09/15 06:57:08 🚫 Container terminated: 2cc80498facf
2026/09/15 06:57:08 🐳 Stopping container: fd50ba0ee007
2026/09/15 06:57:08 ✅ Container stopped: fd50ba0ee007
2026/09/15 06:57:08 🐳 Terminating container: fd50ba0ee007
2026/09/15 06:57:08 🚫 Container terminated: fd50ba0ee007
2026/09/15 06:57:08 🐳 Stopping container: c6874d6aa4b0
2026/09/15 06:57:08 ✅ Container stopped: c6874d6aa4b0
2026/09/15 06:57:08 🐳 Terminating container: c6874d6aa4b0
2026/09/15 06:57:08 🚫 Container terminated: c6874d6aa4b0
2026/09/15 06:57:08 🐳 Stopping container: 7072143803b5
2026/09/15 06:57:08 ✅ Container stopped: 7072143803b5
2026/09/15 06:57:08 🐳 Terminating container: 7072143803b5
2026/09/15 06:57:08 🚫 Container terminated: 7072143803b5
--- PASS: TestAsyncTraceSurvivesOutboxRetryAndInboxRedelivery (10.83s)
PASS
ok  	github.com/vivym/vela/internal/integration	11.880s
