=== RUN   TestAsyncTraceSurvivesOutboxRetryAndInboxRedelivery
2026/09/15 06:52:42 github.com/testcontainers/testcontainers-go - Connected to docker: 
  Server Version: 28.3.2
  API Version: 1.51
  Operating System: Docker Desktop
  Total Memory: 32044 MB
  Labels:
    com.docker.desktop.address=unix:///Users/viv/Library/Containers/com.docker.docker/Data/docker-cli.sock
  Testcontainers for Go Version: v0.44.0
  Resolved Docker Host: unix:///var/run/docker.sock
  Resolved Docker Socket Path: /var/run/docker.sock
  Test SessionID: af3dad560b317b9cd4593bc2b5cef5ea77e01f1172c4c825dc72c723e45c370f
  Test ProcessID: 67fd9cc5-516d-4001-894d-70aa62d59157
2026/09/15 06:52:42 🐳 Creating container for image postgres:17-alpine
2026/09/15 06:52:42 🐳 Creating container for image testcontainers/ryuk:0.14.0
2026/09/15 06:52:42 ✅ Container created: 52ad1cbeefa9
2026/09/15 06:52:42 🐳 Starting container: 52ad1cbeefa9
2026/09/15 06:52:43 ✅ Container started: 52ad1cbeefa9
2026/09/15 06:52:43 ⏳ Waiting for container id 52ad1cbeefa9 image: testcontainers/ryuk:0.14.0. Waiting for: all of: [log message "Started", port 8080/tcp to be listening]
2026/09/15 06:52:43 Shell not found in container
2026/09/15 06:52:43 🔔 Container is ready: 52ad1cbeefa9
2026/09/15 06:52:43 ✅ Container created: 657fef164111
2026/09/15 06:52:43 🐳 Starting container: 657fef164111
2026/09/15 06:52:43 ✅ Container started: 657fef164111
2026/09/15 06:52:43 ⏳ Waiting for container id 657fef164111 image: postgres:17-alpine. Waiting for: all of: [all of: [log message "database system is ready to accept connections" (occurrence: 2), port 5432/tcp to be mapped]]
2026/09/15 06:52:44 🔔 Container is ready: 657fef164111
2026/09/15 06:52:44 OK   00001_foundation.sql (56.1ms)
2026/09/15 06:52:44 OK   00002_worker_assignment.sql (12.37ms)
2026/09/15 06:52:44 OK   00003_worker_start.sql (1.95ms)
2026/09/15 06:52:44 OK   00004_worker_heartbeat.sql (11.77ms)
2026/09/15 06:52:44 OK   00005_execution_failure.sql (10.14ms)
2026/09/15 06:52:44 OK   00006_customer_cancellation.sql (16.06ms)
2026/09/15 06:52:44 OK   00007_artifact_finalization.sql (23.55ms)
2026/09/15 06:52:44 OK   00008_hierarchical_scheduler.sql (28.9ms)
2026/09/15 06:52:44 OK   00009_invoice_export.sql (8.33ms)
2026/09/15 06:52:44 OK   00010_profile_certification_circuit.sql (12.08ms)
2026/09/15 06:52:44 OK   00011_project_webhooks.sql (18.8ms)
2026/09/15 06:52:44 OK   00012_human_oidc_fixed_rbac.sql (16.78ms)
2026/09/15 06:52:44 OK   00013_service_principal_administration.sql (7.68ms)
2026/09/15 06:52:44 OK   00014_human_membership_administration.sql (13.33ms)
2026/09/15 06:52:44 OK   00015_organization_reporting.sql (8.62ms)
2026/09/15 06:52:44 OK   00016_project_retention_content_deletion.sql (31.52ms)
2026/09/15 06:52:44 OK   00017_platform_operator_break_glass.sql (19.35ms)
2026/09/15 06:52:44 OK   00018_finance_reconciliation.sql (9.63ms)
2026/09/15 06:52:44 OK   00019_certified_remediation.sql (10.7ms)
2026/09/15 06:52:44 OK   00020_remediation_execution_claim.sql (3.51ms)
2026/09/15 06:52:44 OK   00021_remediation_execution_dispatch.sql (1.52ms)
2026/09/15 06:52:44 OK   00022_remediation_execution_claim_replay.sql (1.04ms)
2026/09/15 06:52:44 OK   00023_fleet_controller_worker_readiness.sql (36.76ms)
2026/09/15 06:52:44 OK   00024_staging_artifact_expiry.sql (2.1ms)
2026/09/15 06:52:44 OK   00025_scheduler_inbox_receipt.sql (1.41ms)
2026/09/15 06:52:44 OK   00026_synchronous_quorum_guard.sql (1.43ms)
2026/09/15 06:52:44 OK   00027_authorized_debug_dump_lifecycle.sql (29.18ms)
2026/09/15 06:52:44 OK   00028_off_cluster_backup_retention.sql (7.16ms)
2026/09/15 06:52:44 OK   00029_artifact_backup_replication.sql (6.4ms)
2026/09/15 06:52:44 OK   00030_non_content_legal_hold.sql (14.07ms)
2026/09/15 06:52:44 OK   00031_non_content_record_expiry.sql (42.03ms)
2026/09/15 06:52:44 OK   00032_catalog_promotion_production_gates.sql (18.83ms)
2026/09/15 06:52:44 OK   00033_statistical_slo_measurement.sql (16.23ms)
2026/09/15 06:52:44 OK   00034_stage_execution_catalog.sql (39.6ms)
2026/09/15 06:52:45 OK   00035_worker_instance_residency.sql (43.44ms)
2026/09/15 06:52:45 OK   00036_stage_attempt_authority.sql (48.2ms)
2026/09/15 06:52:45 OK   00037_stage_scheduler.sql (26.78ms)
2026/09/15 06:52:45 OK   00038_stage_artifact.sql (30.51ms)
2026/09/15 06:52:45 OK   00039_stage_worker_control_authority.sql (2.32ms)
2026/09/15 06:52:45 OK   00040_stage_worker_execution.sql (10.97ms)
2026/09/15 06:52:45 OK   00041_stage_worker_operations.sql (6.46ms)
2026/09/15 06:52:45 OK   00042_stage_worker_assignment.sql (8.1ms)
2026/09/15 06:52:45 OK   00043_stage_graph_finalization.sql (5ms)
2026/09/15 06:52:45 OK   00044_stage_cache.sql (17.76ms)
2026/09/15 06:52:45 OK   00045_stage_graph_finalization_outputs.sql (4.26ms)
2026/09/15 06:52:45 OK   00046_stage_graph_visible_completion.sql (4.75ms)
2026/09/15 06:52:45 OK   00047_usage_cost_ledger.sql (10.88ms)
2026/09/15 06:52:45 OK   00048_stage_run_output_binding.sql (9.87ms)
2026/09/15 06:52:45 OK   00049_stage_cutover_control.sql (24.26ms)
2026/09/15 06:52:45 OK   00050_stage_graph_instantiation_dispatch.sql (9.5ms)
2026/09/15 06:52:45 OK   00051_atomic_stage_graph_admission.sql (4.22ms)
2026/09/15 06:52:45 OK   00052_stage_cutover_zero_backlog_seal.sql (10.68ms)
2026/09/15 06:52:45 OK   00053_legacy_h3_guarded_contraction.sql (7.81ms)
2026/09/15 06:52:45 OK   00054_stage_transfer_consume_destination.sql (2.21ms)
2026/09/15 06:52:45 OK   00055_h3_campaign_evidence_reader.sql (2.86ms)
2026/09/15 06:52:45 OK   00056_stage_observability_reader.sql (951.88µs)
2026/09/15 06:52:45 OK   00057_legacy_h3_release_contraction_gate.sql (4.53ms)
2026/09/15 06:52:45 OK   00058_legacy_h3_schema_contraction.sql (133.58ms)
2026/09/15 06:52:45 OK   00059_model_runtime_epoch_registration.sql (11.45ms)
2026/09/15 06:52:45 OK   00060_model_runtime_gang_barrier.sql (8.59ms)
2026/09/15 06:52:45 OK   00061_stage_worker_gang_authority.sql (2.8ms)
2026/09/15 06:52:45 OK   00062_stage_authority_member_identity.sql (1.38ms)
2026/09/15 06:52:45 OK   00063_h3_execution_snapshot.sql (1.25ms)
2026/09/15 06:52:45 OK   00064_model_runtime_capacity_routes.sql (6.57ms)
2026/09/15 06:52:45 OK   00065_h3_exact_cache_reconciliation.sql (5.17ms)
2026/09/15 06:52:45 OK   00066_stage_worker_control_session_capacity.sql (11.76ms)
2026/09/15 06:52:45 OK   00067_stage_scheduler_project_capacity.sql (1.44ms)
2026/09/15 06:52:45 OK   00068_stage_assignment_connector_states.sql (1.5ms)
2026/09/15 06:52:45 OK   00069_stage_transfer_server_clock.sql (2.51ms)
2026/09/15 06:52:45 OK   00070_stage_lease_expiry_recovery.sql (5.12ms)
2026/09/15 06:52:45 OK   00071_stage_artifact_lifecycle.sql (9.21ms)
2026/09/15 06:52:45 OK   00072_recovery_quiescence.sql (8.6ms)
2026/09/15 06:52:45 OK   00073_stage_cache_downstream_bindings.sql (3.76ms)
2026/09/15 06:52:45 OK   00074_job_owned_public_artifact_copies.sql (2.39ms)
2026/09/15 06:52:45 OK   00075_stage_graph_failure_terminalization.sql (14.43ms)
2026/09/15 06:52:45 OK   00076_allocation_usage_unit.sql (994.88µs)
2026/09/15 06:52:45 OK   00077_runtime_usage_receipts.sql (1.81ms)
2026/09/15 06:52:45 OK   00078_idle_stage_worker_probe.sql (2.3ms)
2026/09/15 06:52:45 OK   00079_stage_job_expiry.sql (2.92ms)
2026/09/15 06:52:45 OK   00080_stage_scheduler_snapshot_lock_order.sql (3.14ms)
2026/09/15 06:52:45 OK   00081_stage_assignment_quorum.sql (983.33µs)
2026/09/15 06:52:45 OK   00082_stage_success_storage_completion.sql (2.19ms)
2026/09/15 06:52:45 OK   00083_capacity_observation_lifecycle.sql (3ms)
2026/09/15 06:52:45 OK   00084_blocked_stage_worker_probe.sql (2.19ms)
2026/09/15 06:52:45 OK   00085_stage_materialization_terminal_replay.sql (1.72ms)
2026/09/15 06:52:45 OK   00086_stage_failure_terminal_replay.sql (4.45ms)
2026/09/15 06:52:45 OK   00087_stage_claim_finalization_lock_order.sql (1.59ms)
2026/09/15 06:52:45 OK   00088_stage_allocation_execution_sequence.sql (2.49ms)
2026/09/15 06:52:45 OK   00089_stage_terminal_history.sql (2.79ms)
2026/09/15 06:52:45 OK   00090_stage_assignment_content_lifecycle.sql (10.09ms)
2026/09/15 06:52:45 OK   00091_worker_journal_bootstrap.sql (13.09ms)
2026/09/15 06:52:45 OK   00092_worker_bootstrap_history.sql (2.05ms)
2026/09/15 06:52:45 OK   00093_worker_bootstrap_nonzero_scopes.sql (1.03ms)
2026/09/15 06:52:45 OK   00094_worker_bootstrap_abandonment.sql (7.16ms)
2026/09/15 06:52:45 OK   00095_runtime_startup_reservation.sql (7.99ms)
2026/09/15 06:52:45 OK   00096_runtime_startup_authorization.sql (4.1ms)
2026/09/15 06:52:45 OK   00097_job_origin_trace.sql (1.54ms)
2026/09/15 06:52:45 goose: successfully migrated database to version: 97
2026/09/15 06:52:45 🐳 Creating container for image nats:2.12-alpine
2026/09/15 06:52:46 ✅ Container created: 0270637f1132
2026/09/15 06:52:46 🐳 Starting container: 0270637f1132
2026/09/15 06:52:46 ✅ Container started: 0270637f1132
2026/09/15 06:52:46 ⏳ Waiting for container id 0270637f1132 image: nats:2.12-alpine. Waiting for: log message "Server is ready"
2026/09/15 06:52:46 🔔 Container is ready: 0270637f1132
2026/09/15 06:52:46 🐳 Creating container for image nats:2.12-alpine
2026/09/15 06:52:46 ✅ Container created: 06a0a830f79d
2026/09/15 06:52:46 🐳 Starting container: 06a0a830f79d
2026/09/15 06:52:46 ✅ Container started: 06a0a830f79d
2026/09/15 06:52:46 ⏳ Waiting for container id 06a0a830f79d image: nats:2.12-alpine. Waiting for: log message "Server is ready"
2026/09/15 06:52:46 🔔 Container is ready: 06a0a830f79d
2026/09/15 06:52:46 🐳 Creating container for image nats:2.12-alpine
2026/09/15 06:52:46 ✅ Container created: 4dcf4210e8ac
2026/09/15 06:52:46 🐳 Starting container: 4dcf4210e8ac
2026/09/15 06:52:46 ✅ Container started: 4dcf4210e8ac
2026/09/15 06:52:46 ⏳ Waiting for container id 4dcf4210e8ac image: nats:2.12-alpine. Waiting for: log message "Server is ready"
2026/09/15 06:52:46 🔔 Container is ready: 4dcf4210e8ac
    async_tracing_test.go:106: context deadline exceeded
2026/09/15 06:54:16 🐳 Stopping container: 4dcf4210e8ac
2026/09/15 06:54:17 ✅ Container stopped: 4dcf4210e8ac
2026/09/15 06:54:17 🐳 Terminating container: 4dcf4210e8ac
2026/09/15 06:54:17 🚫 Container terminated: 4dcf4210e8ac
2026/09/15 06:54:17 🐳 Stopping container: 06a0a830f79d
2026/09/15 06:54:17 ✅ Container stopped: 06a0a830f79d
2026/09/15 06:54:17 🐳 Terminating container: 06a0a830f79d
2026/09/15 06:54:17 🚫 Container terminated: 06a0a830f79d
2026/09/15 06:54:17 🐳 Stopping container: 0270637f1132
2026/09/15 06:54:17 ✅ Container stopped: 0270637f1132
2026/09/15 06:54:17 🐳 Terminating container: 0270637f1132
2026/09/15 06:54:17 🚫 Container terminated: 0270637f1132
2026/09/15 06:54:17 🐳 Stopping container: 657fef164111
2026/09/15 06:54:17 ✅ Container stopped: 657fef164111
2026/09/15 06:54:17 🐳 Terminating container: 657fef164111
2026/09/15 06:54:17 🚫 Container terminated: 657fef164111
--- FAIL: TestAsyncTraceSurvivesOutboxRetryAndInboxRedelivery (95.06s)
FAIL
FAIL	github.com/vivym/vela/internal/integration	96.060s
FAIL
