=== RUN   TestStageAssignmentTraceSurvivesDatabaseReplay
2026/09/15 07:26:31 github.com/testcontainers/testcontainers-go - Connected to docker: 
  Server Version: 28.3.2
  API Version: 1.51
  Operating System: Docker Desktop
  Total Memory: 32044 MB
  Labels:
    com.docker.desktop.address=unix:///Users/viv/Library/Containers/com.docker.docker/Data/docker-cli.sock
  Testcontainers for Go Version: v0.44.0
  Resolved Docker Host: unix:///var/run/docker.sock
  Resolved Docker Socket Path: /var/run/docker.sock
  Test SessionID: fa0bcd39f465070ce1eb1624cf81687fed4f74a30c90c4ef93a95178a98f9a2e
  Test ProcessID: 6061cfe4-7764-469b-ab77-332692d385a2
2026/09/15 07:26:31 🐳 Creating container for image postgres:17-alpine
2026/09/15 07:26:31 🐳 Creating container for image testcontainers/ryuk:0.14.0
2026/09/15 07:26:31 ✅ Container created: 451c43d28adb
2026/09/15 07:26:31 🐳 Starting container: 451c43d28adb
2026/09/15 07:26:31 ✅ Container started: 451c43d28adb
2026/09/15 07:26:31 ⏳ Waiting for container id 451c43d28adb image: testcontainers/ryuk:0.14.0. Waiting for: all of: [log message "Started", port 8080/tcp to be listening]
2026/09/15 07:26:31 Shell not found in container
2026/09/15 07:26:31 🔔 Container is ready: 451c43d28adb
2026/09/15 07:26:31 ✅ Container created: ce30354a448f
2026/09/15 07:26:31 🐳 Starting container: ce30354a448f
2026/09/15 07:26:31 ✅ Container started: ce30354a448f
2026/09/15 07:26:31 ⏳ Waiting for container id ce30354a448f image: postgres:17-alpine. Waiting for: all of: [all of: [log message "database system is ready to accept connections" (occurrence: 2), port 5432/tcp to be mapped]]
2026/09/15 07:26:32 🔔 Container is ready: ce30354a448f
2026/09/15 07:26:32 OK   00001_foundation.sql (51.53ms)
2026/09/15 07:26:32 OK   00002_worker_assignment.sql (12.19ms)
2026/09/15 07:26:32 OK   00003_worker_start.sql (1.87ms)
2026/09/15 07:26:32 OK   00004_worker_heartbeat.sql (12.01ms)
2026/09/15 07:26:32 OK   00005_execution_failure.sql (10ms)
2026/09/15 07:26:32 OK   00006_customer_cancellation.sql (14.76ms)
2026/09/15 07:26:32 OK   00007_artifact_finalization.sql (23.04ms)
2026/09/15 07:26:32 OK   00008_hierarchical_scheduler.sql (27.08ms)
2026/09/15 07:26:32 OK   00009_invoice_export.sql (8.64ms)
2026/09/15 07:26:32 OK   00010_profile_certification_circuit.sql (11.81ms)
2026/09/15 07:26:32 OK   00011_project_webhooks.sql (18.78ms)
2026/09/15 07:26:32 OK   00012_human_oidc_fixed_rbac.sql (15.88ms)
2026/09/15 07:26:32 OK   00013_service_principal_administration.sql (8.04ms)
2026/09/15 07:26:32 OK   00014_human_membership_administration.sql (13.26ms)
2026/09/15 07:26:32 OK   00015_organization_reporting.sql (8.28ms)
2026/09/15 07:26:32 OK   00016_project_retention_content_deletion.sql (29.31ms)
2026/09/15 07:26:32 OK   00017_platform_operator_break_glass.sql (19.02ms)
2026/09/15 07:26:32 OK   00018_finance_reconciliation.sql (8.86ms)
2026/09/15 07:26:32 OK   00019_certified_remediation.sql (9.51ms)
2026/09/15 07:26:32 OK   00020_remediation_execution_claim.sql (3.87ms)
2026/09/15 07:26:32 OK   00021_remediation_execution_dispatch.sql (1.62ms)
2026/09/15 07:26:32 OK   00022_remediation_execution_claim_replay.sql (1.11ms)
2026/09/15 07:26:32 OK   00023_fleet_controller_worker_readiness.sql (32.22ms)
2026/09/15 07:26:32 OK   00024_staging_artifact_expiry.sql (1.87ms)
2026/09/15 07:26:32 OK   00025_scheduler_inbox_receipt.sql (1.33ms)
2026/09/15 07:26:32 OK   00026_synchronous_quorum_guard.sql (1.33ms)
2026/09/15 07:26:32 OK   00027_authorized_debug_dump_lifecycle.sql (28.38ms)
2026/09/15 07:26:32 OK   00028_off_cluster_backup_retention.sql (5.41ms)
2026/09/15 07:26:32 OK   00029_artifact_backup_replication.sql (5.13ms)
2026/09/15 07:26:32 OK   00030_non_content_legal_hold.sql (12.93ms)
2026/09/15 07:26:32 OK   00031_non_content_record_expiry.sql (37.35ms)
2026/09/15 07:26:32 OK   00032_catalog_promotion_production_gates.sql (15.04ms)
2026/09/15 07:26:32 OK   00033_statistical_slo_measurement.sql (13.25ms)
2026/09/15 07:26:32 OK   00034_stage_execution_catalog.sql (34.24ms)
2026/09/15 07:26:32 OK   00035_worker_instance_residency.sql (37.28ms)
2026/09/15 07:26:32 OK   00036_stage_attempt_authority.sql (44.47ms)
2026/09/15 07:26:32 OK   00037_stage_scheduler.sql (25.84ms)
2026/09/15 07:26:32 OK   00038_stage_artifact.sql (28.71ms)
2026/09/15 07:26:32 OK   00039_stage_worker_control_authority.sql (2.57ms)
2026/09/15 07:26:33 OK   00040_stage_worker_execution.sql (10.95ms)
2026/09/15 07:26:33 OK   00041_stage_worker_operations.sql (5.88ms)
2026/09/15 07:26:33 OK   00042_stage_worker_assignment.sql (6.86ms)
2026/09/15 07:26:33 OK   00043_stage_graph_finalization.sql (4.63ms)
2026/09/15 07:26:33 OK   00044_stage_cache.sql (16.73ms)
2026/09/15 07:26:33 OK   00045_stage_graph_finalization_outputs.sql (3.85ms)
2026/09/15 07:26:33 OK   00046_stage_graph_visible_completion.sql (4.01ms)
2026/09/15 07:26:33 OK   00047_usage_cost_ledger.sql (10.6ms)
2026/09/15 07:26:33 OK   00048_stage_run_output_binding.sql (9.16ms)
2026/09/15 07:26:33 OK   00049_stage_cutover_control.sql (22.51ms)
2026/09/15 07:26:33 OK   00050_stage_graph_instantiation_dispatch.sql (9.05ms)
2026/09/15 07:26:33 OK   00051_atomic_stage_graph_admission.sql (3.51ms)
2026/09/15 07:26:33 OK   00052_stage_cutover_zero_backlog_seal.sql (10ms)
2026/09/15 07:26:33 OK   00053_legacy_h3_guarded_contraction.sql (7.08ms)
2026/09/15 07:26:33 OK   00054_stage_transfer_consume_destination.sql (1.62ms)
2026/09/15 07:26:33 OK   00055_h3_campaign_evidence_reader.sql (2.38ms)
2026/09/15 07:26:33 OK   00056_stage_observability_reader.sql (811.46µs)
2026/09/15 07:26:33 OK   00057_legacy_h3_release_contraction_gate.sql (4.31ms)
2026/09/15 07:26:33 OK   00058_legacy_h3_schema_contraction.sql (125.84ms)
2026/09/15 07:26:33 OK   00059_model_runtime_epoch_registration.sql (11.36ms)
2026/09/15 07:26:33 OK   00060_model_runtime_gang_barrier.sql (9.17ms)
2026/09/15 07:26:33 OK   00061_stage_worker_gang_authority.sql (2.78ms)
2026/09/15 07:26:33 OK   00062_stage_authority_member_identity.sql (1.77ms)
2026/09/15 07:26:33 OK   00063_h3_execution_snapshot.sql (1.73ms)
2026/09/15 07:26:33 OK   00064_model_runtime_capacity_routes.sql (6.86ms)
2026/09/15 07:26:33 OK   00065_h3_exact_cache_reconciliation.sql (5.58ms)
2026/09/15 07:26:33 OK   00066_stage_worker_control_session_capacity.sql (10.57ms)
2026/09/15 07:26:33 OK   00067_stage_scheduler_project_capacity.sql (1.42ms)
2026/09/15 07:26:33 OK   00068_stage_assignment_connector_states.sql (1.48ms)
2026/09/15 07:26:33 OK   00069_stage_transfer_server_clock.sql (2.51ms)
2026/09/15 07:26:33 OK   00070_stage_lease_expiry_recovery.sql (4.71ms)
2026/09/15 07:26:33 OK   00071_stage_artifact_lifecycle.sql (9.55ms)
2026/09/15 07:26:33 OK   00072_recovery_quiescence.sql (8.3ms)
2026/09/15 07:26:33 OK   00073_stage_cache_downstream_bindings.sql (3.84ms)
2026/09/15 07:26:33 OK   00074_job_owned_public_artifact_copies.sql (2.52ms)
2026/09/15 07:26:33 OK   00075_stage_graph_failure_terminalization.sql (14.14ms)
2026/09/15 07:26:33 OK   00076_allocation_usage_unit.sql (789.25µs)
2026/09/15 07:26:33 OK   00077_runtime_usage_receipts.sql (1.75ms)
2026/09/15 07:26:33 OK   00078_idle_stage_worker_probe.sql (2.34ms)
2026/09/15 07:26:33 OK   00079_stage_job_expiry.sql (2.78ms)
2026/09/15 07:26:33 OK   00080_stage_scheduler_snapshot_lock_order.sql (2.31ms)
2026/09/15 07:26:33 OK   00081_stage_assignment_quorum.sql (984.25µs)
2026/09/15 07:26:33 OK   00082_stage_success_storage_completion.sql (2.03ms)
2026/09/15 07:26:33 OK   00083_capacity_observation_lifecycle.sql (2.97ms)
2026/09/15 07:26:33 OK   00084_blocked_stage_worker_probe.sql (2.31ms)
2026/09/15 07:26:33 OK   00085_stage_materialization_terminal_replay.sql (1.74ms)
2026/09/15 07:26:33 OK   00086_stage_failure_terminal_replay.sql (4.3ms)
2026/09/15 07:26:33 OK   00087_stage_claim_finalization_lock_order.sql (1.78ms)
2026/09/15 07:26:33 OK   00088_stage_allocation_execution_sequence.sql (2.83ms)
2026/09/15 07:26:33 OK   00089_stage_terminal_history.sql (2.75ms)
2026/09/15 07:26:33 OK   00090_stage_assignment_content_lifecycle.sql (9.57ms)
2026/09/15 07:26:33 OK   00091_worker_journal_bootstrap.sql (13.79ms)
2026/09/15 07:26:33 OK   00092_worker_bootstrap_history.sql (1.58ms)
2026/09/15 07:26:33 OK   00093_worker_bootstrap_nonzero_scopes.sql (847.75µs)
2026/09/15 07:26:33 OK   00094_worker_bootstrap_abandonment.sql (7.22ms)
2026/09/15 07:26:33 OK   00095_runtime_startup_reservation.sql (6.89ms)
2026/09/15 07:26:33 OK   00096_runtime_startup_authorization.sql (4.17ms)
2026/09/15 07:26:33 OK   00097_job_origin_trace.sql (1.55ms)
2026/09/15 07:26:33 OK   00098_stage_assignment_origin_trace.sql (839.79µs)
2026/09/15 07:26:33 goose: successfully migrated database to version: 98
2026/09/15 07:26:33 OK   00098_stage_assignment_origin_trace.sql (1.32ms)
2026/09/15 07:26:33 OK   00098_stage_assignment_origin_trace.sql (1.32ms)
2026/09/15 07:26:33 goose: successfully migrated database to version: 98
2026/09/15 07:26:33 🐳 Stopping container: ce30354a448f
2026/09/15 07:26:34 ✅ Container stopped: ce30354a448f
2026/09/15 07:26:34 🐳 Terminating container: ce30354a448f
2026/09/15 07:26:34 🚫 Container terminated: ce30354a448f
--- PASS: TestStageAssignmentTraceSurvivesDatabaseReplay (2.87s)
PASS
ok  	github.com/vivym/vela/internal/integration	3.871s
