=== RUN   TestAsyncTraceSurvivesOutboxRetryAndInboxRedelivery
2026/09/15 07:27:41 github.com/testcontainers/testcontainers-go - Connected to docker: 
  Server Version: 28.3.2
  API Version: 1.51
  Operating System: Docker Desktop
  Total Memory: 32044 MB
  Labels:
    com.docker.desktop.address=unix:///Users/viv/Library/Containers/com.docker.docker/Data/docker-cli.sock
  Testcontainers for Go Version: v0.44.0
  Resolved Docker Host: unix:///var/run/docker.sock
  Resolved Docker Socket Path: /var/run/docker.sock
  Test SessionID: 02e8166b72076954688e846b7d843256736bc7ca54f7a47088800193d50e9790
  Test ProcessID: 78305b29-438a-4caf-b228-ea94bf9b5e4b
2026/09/15 07:27:41 🐳 Creating container for image postgres:17-alpine
2026/09/15 07:27:41 🐳 Creating container for image testcontainers/ryuk:0.14.0
2026/09/15 07:27:41 ✅ Container created: 5850d6939f95
2026/09/15 07:27:41 🐳 Starting container: 5850d6939f95
2026/09/15 07:27:41 ✅ Container started: 5850d6939f95
2026/09/15 07:27:41 ⏳ Waiting for container id 5850d6939f95 image: testcontainers/ryuk:0.14.0. Waiting for: all of: [log message "Started", port 8080/tcp to be listening]
2026/09/15 07:27:41 Shell not found in container
2026/09/15 07:27:41 🔔 Container is ready: 5850d6939f95
2026/09/15 07:27:41 ✅ Container created: 0db4a6a334c0
2026/09/15 07:27:41 🐳 Starting container: 0db4a6a334c0
2026/09/15 07:27:41 ✅ Container started: 0db4a6a334c0
2026/09/15 07:27:41 ⏳ Waiting for container id 0db4a6a334c0 image: postgres:17-alpine. Waiting for: all of: [all of: [log message "database system is ready to accept connections" (occurrence: 2), port 5432/tcp to be mapped]]
2026/09/15 07:27:42 🔔 Container is ready: 0db4a6a334c0
2026/09/15 07:27:42 OK   00001_foundation.sql (42.53ms)
2026/09/15 07:27:42 OK   00002_worker_assignment.sql (11.16ms)
2026/09/15 07:27:42 OK   00003_worker_start.sql (1.58ms)
2026/09/15 07:27:42 OK   00004_worker_heartbeat.sql (11.33ms)
2026/09/15 07:27:42 OK   00005_execution_failure.sql (9.04ms)
2026/09/15 07:27:42 OK   00006_customer_cancellation.sql (13.37ms)
2026/09/15 07:27:42 OK   00007_artifact_finalization.sql (21.99ms)
2026/09/15 07:27:42 OK   00008_hierarchical_scheduler.sql (26.06ms)
2026/09/15 07:27:42 OK   00009_invoice_export.sql (7.32ms)
2026/09/15 07:27:42 OK   00010_profile_certification_circuit.sql (11.18ms)
2026/09/15 07:27:42 OK   00011_project_webhooks.sql (16.59ms)
2026/09/15 07:27:42 OK   00012_human_oidc_fixed_rbac.sql (16.46ms)
2026/09/15 07:27:42 OK   00013_service_principal_administration.sql (6.35ms)
2026/09/15 07:27:42 OK   00014_human_membership_administration.sql (11.81ms)
2026/09/15 07:27:42 OK   00015_organization_reporting.sql (7.54ms)
2026/09/15 07:27:42 OK   00016_project_retention_content_deletion.sql (31.5ms)
2026/09/15 07:27:42 OK   00017_platform_operator_break_glass.sql (18.7ms)
2026/09/15 07:27:42 OK   00018_finance_reconciliation.sql (9.35ms)
2026/09/15 07:27:42 OK   00019_certified_remediation.sql (9.17ms)
2026/09/15 07:27:42 OK   00020_remediation_execution_claim.sql (3.78ms)
2026/09/15 07:27:42 OK   00021_remediation_execution_dispatch.sql (1.4ms)
2026/09/15 07:27:42 OK   00022_remediation_execution_claim_replay.sql (1.05ms)
2026/09/15 07:27:42 OK   00023_fleet_controller_worker_readiness.sql (35.46ms)
2026/09/15 07:27:42 OK   00024_staging_artifact_expiry.sql (2.23ms)
2026/09/15 07:27:42 OK   00025_scheduler_inbox_receipt.sql (1.43ms)
2026/09/15 07:27:42 OK   00026_synchronous_quorum_guard.sql (1.57ms)
2026/09/15 07:27:42 OK   00027_authorized_debug_dump_lifecycle.sql (30.09ms)
2026/09/15 07:27:42 OK   00028_off_cluster_backup_retention.sql (10.05ms)
2026/09/15 07:27:42 OK   00029_artifact_backup_replication.sql (7.62ms)
2026/09/15 07:27:42 OK   00030_non_content_legal_hold.sql (20.99ms)
2026/09/15 07:27:42 OK   00031_non_content_record_expiry.sql (54.91ms)
2026/09/15 07:27:42 OK   00032_catalog_promotion_production_gates.sql (17.21ms)
2026/09/15 07:27:42 OK   00033_statistical_slo_measurement.sql (14.36ms)
2026/09/15 07:27:43 OK   00034_stage_execution_catalog.sql (36.15ms)
2026/09/15 07:27:43 OK   00035_worker_instance_residency.sql (41.03ms)
2026/09/15 07:27:43 OK   00036_stage_attempt_authority.sql (41.93ms)
2026/09/15 07:27:43 OK   00037_stage_scheduler.sql (24.5ms)
2026/09/15 07:27:43 OK   00038_stage_artifact.sql (26.49ms)
2026/09/15 07:27:43 OK   00039_stage_worker_control_authority.sql (1.67ms)
2026/09/15 07:27:43 OK   00040_stage_worker_execution.sql (8.71ms)
2026/09/15 07:27:43 OK   00041_stage_worker_operations.sql (5.01ms)
2026/09/15 07:27:43 OK   00042_stage_worker_assignment.sql (6.28ms)
2026/09/15 07:27:43 OK   00043_stage_graph_finalization.sql (4.88ms)
2026/09/15 07:27:43 OK   00044_stage_cache.sql (15.75ms)
2026/09/15 07:27:43 OK   00045_stage_graph_finalization_outputs.sql (4.3ms)
2026/09/15 07:27:43 OK   00046_stage_graph_visible_completion.sql (4.34ms)
2026/09/15 07:27:43 OK   00047_usage_cost_ledger.sql (10.04ms)
2026/09/15 07:27:43 OK   00048_stage_run_output_binding.sql (9.64ms)
2026/09/15 07:27:43 OK   00049_stage_cutover_control.sql (20.74ms)
2026/09/15 07:27:43 OK   00050_stage_graph_instantiation_dispatch.sql (9.79ms)
2026/09/15 07:27:43 OK   00051_atomic_stage_graph_admission.sql (4.38ms)
2026/09/15 07:27:43 OK   00052_stage_cutover_zero_backlog_seal.sql (10.94ms)
2026/09/15 07:27:43 OK   00053_legacy_h3_guarded_contraction.sql (6.73ms)
2026/09/15 07:27:43 OK   00054_stage_transfer_consume_destination.sql (1.3ms)
2026/09/15 07:27:43 OK   00055_h3_campaign_evidence_reader.sql (2.31ms)
2026/09/15 07:27:43 OK   00056_stage_observability_reader.sql (575.29µs)
2026/09/15 07:27:43 OK   00057_legacy_h3_release_contraction_gate.sql (4.12ms)
2026/09/15 07:27:43 OK   00058_legacy_h3_schema_contraction.sql (129.38ms)
2026/09/15 07:27:43 OK   00059_model_runtime_epoch_registration.sql (9.4ms)
2026/09/15 07:27:43 OK   00060_model_runtime_gang_barrier.sql (6.25ms)
2026/09/15 07:27:43 OK   00061_stage_worker_gang_authority.sql (2.1ms)
2026/09/15 07:27:43 OK   00062_stage_authority_member_identity.sql (1.19ms)
2026/09/15 07:27:43 OK   00063_h3_execution_snapshot.sql (1.07ms)
2026/09/15 07:27:43 OK   00064_model_runtime_capacity_routes.sql (10.61ms)
2026/09/15 07:27:43 OK   00065_h3_exact_cache_reconciliation.sql (5.27ms)
2026/09/15 07:27:43 OK   00066_stage_worker_control_session_capacity.sql (9.8ms)
2026/09/15 07:27:43 OK   00067_stage_scheduler_project_capacity.sql (1.42ms)
2026/09/15 07:27:43 OK   00068_stage_assignment_connector_states.sql (1.33ms)
2026/09/15 07:27:43 OK   00069_stage_transfer_server_clock.sql (2.02ms)
2026/09/15 07:27:43 OK   00070_stage_lease_expiry_recovery.sql (3.62ms)
2026/09/15 07:27:43 OK   00071_stage_artifact_lifecycle.sql (8.64ms)
2026/09/15 07:27:43 OK   00072_recovery_quiescence.sql (8.07ms)
2026/09/15 07:27:43 OK   00073_stage_cache_downstream_bindings.sql (3.19ms)
2026/09/15 07:27:43 OK   00074_job_owned_public_artifact_copies.sql (2.17ms)
2026/09/15 07:27:43 OK   00075_stage_graph_failure_terminalization.sql (13.98ms)
2026/09/15 07:27:43 OK   00076_allocation_usage_unit.sql (774.71µs)
2026/09/15 07:27:43 OK   00077_runtime_usage_receipts.sql (1.59ms)
2026/09/15 07:27:43 OK   00078_idle_stage_worker_probe.sql (2.17ms)
2026/09/15 07:27:43 OK   00079_stage_job_expiry.sql (2.67ms)
2026/09/15 07:27:43 OK   00080_stage_scheduler_snapshot_lock_order.sql (2.39ms)
2026/09/15 07:27:43 OK   00081_stage_assignment_quorum.sql (968.33µs)
2026/09/15 07:27:43 OK   00082_stage_success_storage_completion.sql (1.98ms)
2026/09/15 07:27:43 OK   00083_capacity_observation_lifecycle.sql (2.61ms)
2026/09/15 07:27:43 OK   00084_blocked_stage_worker_probe.sql (1.68ms)
2026/09/15 07:27:43 OK   00085_stage_materialization_terminal_replay.sql (1.42ms)
2026/09/15 07:27:43 OK   00086_stage_failure_terminal_replay.sql (3.88ms)
2026/09/15 07:27:43 OK   00087_stage_claim_finalization_lock_order.sql (1.36ms)
2026/09/15 07:27:43 OK   00088_stage_allocation_execution_sequence.sql (2.29ms)
2026/09/15 07:27:43 OK   00089_stage_terminal_history.sql (1.71ms)
2026/09/15 07:27:43 OK   00090_stage_assignment_content_lifecycle.sql (8.56ms)
2026/09/15 07:27:43 OK   00091_worker_journal_bootstrap.sql (10.71ms)
2026/09/15 07:27:43 OK   00092_worker_bootstrap_history.sql (1.62ms)
2026/09/15 07:27:43 OK   00093_worker_bootstrap_nonzero_scopes.sql (885.63µs)
2026/09/15 07:27:43 OK   00094_worker_bootstrap_abandonment.sql (6.14ms)
2026/09/15 07:27:43 OK   00095_runtime_startup_reservation.sql (6.81ms)
2026/09/15 07:27:43 OK   00096_runtime_startup_authorization.sql (3.82ms)
2026/09/15 07:27:43 OK   00097_job_origin_trace.sql (1.39ms)
2026/09/15 07:27:43 OK   00098_stage_assignment_origin_trace.sql (700.5µs)
2026/09/15 07:27:43 goose: successfully migrated database to version: 98
2026/09/15 07:27:43 🐳 Creating container for image nats:2.12-alpine
2026/09/15 07:27:43 ✅ Container created: ff2d23e41ff4
2026/09/15 07:27:43 🐳 Starting container: ff2d23e41ff4
2026/09/15 07:27:44 ✅ Container started: ff2d23e41ff4
2026/09/15 07:27:44 ⏳ Waiting for container id ff2d23e41ff4 image: nats:2.12-alpine. Waiting for: log message "Server is ready"
2026/09/15 07:27:44 🔔 Container is ready: ff2d23e41ff4
2026/09/15 07:27:44 🐳 Creating container for image nats:2.12-alpine
2026/09/15 07:27:44 ✅ Container created: 041b10b0af67
2026/09/15 07:27:44 🐳 Starting container: 041b10b0af67
2026/09/15 07:27:44 ✅ Container started: 041b10b0af67
2026/09/15 07:27:44 ⏳ Waiting for container id 041b10b0af67 image: nats:2.12-alpine. Waiting for: log message "Server is ready"
2026/09/15 07:27:44 🔔 Container is ready: 041b10b0af67
2026/09/15 07:27:44 🐳 Creating container for image nats:2.12-alpine
2026/09/15 07:27:44 ✅ Container created: 9b4bc14dc06f
2026/09/15 07:27:44 🐳 Starting container: 9b4bc14dc06f
2026/09/15 07:27:44 ✅ Container started: 9b4bc14dc06f
2026/09/15 07:27:44 ⏳ Waiting for container id 9b4bc14dc06f image: nats:2.12-alpine. Waiting for: log message "Server is ready"
2026/09/15 07:27:44 🔔 Container is ready: 9b4bc14dc06f
    async_tracing_test.go:109: stream initialization attempt 1: context deadline exceeded
    async_tracing_test.go:109: stream initialization attempt 2: context deadline exceeded
    async_tracing_test.go:272: verified transactional trace, idempotent admission, real three-replica publish/dedup, commit-before-ack redelivery, one Inbox effect, and payload-free spans
2026/09/15 07:27:51 🐳 Stopping container: 9b4bc14dc06f
2026/09/15 07:27:51 ✅ Container stopped: 9b4bc14dc06f
2026/09/15 07:27:51 🐳 Terminating container: 9b4bc14dc06f
2026/09/15 07:27:51 🚫 Container terminated: 9b4bc14dc06f
2026/09/15 07:27:51 🐳 Stopping container: 041b10b0af67
2026/09/15 07:27:52 ✅ Container stopped: 041b10b0af67
2026/09/15 07:27:52 🐳 Terminating container: 041b10b0af67
2026/09/15 07:27:52 🚫 Container terminated: 041b10b0af67
2026/09/15 07:27:52 🐳 Stopping container: ff2d23e41ff4
2026/09/15 07:27:52 ✅ Container stopped: ff2d23e41ff4
2026/09/15 07:27:52 🐳 Terminating container: ff2d23e41ff4
2026/09/15 07:27:52 🚫 Container terminated: ff2d23e41ff4
2026/09/15 07:27:52 🐳 Stopping container: 0db4a6a334c0
2026/09/15 07:27:52 ✅ Container stopped: 0db4a6a334c0
2026/09/15 07:27:52 🐳 Terminating container: 0db4a6a334c0
2026/09/15 07:27:52 🚫 Container terminated: 0db4a6a334c0
--- PASS: TestAsyncTraceSurvivesOutboxRetryAndInboxRedelivery (11.61s)
=== RUN   TestPostgresAssignmentBackendReplaysExactAssignment
2026/09/15 07:27:52 🐳 Creating container for image postgres:17-alpine
2026/09/15 07:27:52 ✅ Container created: 79136fb0fa7f
2026/09/15 07:27:52 🐳 Starting container: 79136fb0fa7f
2026/09/15 07:27:52 ✅ Container started: 79136fb0fa7f
2026/09/15 07:27:52 ⏳ Waiting for container id 79136fb0fa7f image: postgres:17-alpine. Waiting for: all of: [all of: [log message "database system is ready to accept connections" (occurrence: 2), port 5432/tcp to be mapped]]
2026/09/15 07:27:53 🔔 Container is ready: 79136fb0fa7f
2026/09/15 07:27:53 OK   00001_foundation.sql (44.83ms)
2026/09/15 07:27:53 OK   00002_worker_assignment.sql (11.57ms)
2026/09/15 07:27:53 OK   00003_worker_start.sql (3.25ms)
2026/09/15 07:27:53 OK   00004_worker_heartbeat.sql (14.58ms)
2026/09/15 07:27:53 OK   00005_execution_failure.sql (10.84ms)
2026/09/15 07:27:53 OK   00006_customer_cancellation.sql (14.07ms)
2026/09/15 07:27:53 OK   00007_artifact_finalization.sql (24.88ms)
2026/09/15 07:27:53 OK   00008_hierarchical_scheduler.sql (33.87ms)
2026/09/15 07:27:53 OK   00009_invoice_export.sql (15.7ms)
2026/09/15 07:27:53 OK   00010_profile_certification_circuit.sql (21.96ms)
2026/09/15 07:27:53 OK   00011_project_webhooks.sql (23.95ms)
2026/09/15 07:27:53 OK   00012_human_oidc_fixed_rbac.sql (17.19ms)
2026/09/15 07:27:53 OK   00013_service_principal_administration.sql (6ms)
2026/09/15 07:27:53 OK   00014_human_membership_administration.sql (11.2ms)
2026/09/15 07:27:53 OK   00015_organization_reporting.sql (6.75ms)
2026/09/15 07:27:53 OK   00016_project_retention_content_deletion.sql (27.76ms)
2026/09/15 07:27:53 OK   00017_platform_operator_break_glass.sql (15.83ms)
2026/09/15 07:27:53 OK   00018_finance_reconciliation.sql (7.96ms)
2026/09/15 07:27:53 OK   00019_certified_remediation.sql (8.24ms)
2026/09/15 07:27:53 OK   00020_remediation_execution_claim.sql (3.62ms)
2026/09/15 07:27:53 OK   00021_remediation_execution_dispatch.sql (1.14ms)
2026/09/15 07:27:53 OK   00022_remediation_execution_claim_replay.sql (809.79µs)
2026/09/15 07:27:53 OK   00023_fleet_controller_worker_readiness.sql (28.77ms)
2026/09/15 07:27:53 OK   00024_staging_artifact_expiry.sql (1.33ms)
2026/09/15 07:27:53 OK   00025_scheduler_inbox_receipt.sql (1.02ms)
2026/09/15 07:27:53 OK   00026_synchronous_quorum_guard.sql (1.01ms)
2026/09/15 07:27:53 OK   00027_authorized_debug_dump_lifecycle.sql (24.7ms)
2026/09/15 07:27:53 OK   00028_off_cluster_backup_retention.sql (5.03ms)
2026/09/15 07:27:53 OK   00029_artifact_backup_replication.sql (4.57ms)
2026/09/15 07:27:53 OK   00030_non_content_legal_hold.sql (11.84ms)
2026/09/15 07:27:53 OK   00031_non_content_record_expiry.sql (38.59ms)
2026/09/15 07:27:53 OK   00032_catalog_promotion_production_gates.sql (15.24ms)
2026/09/15 07:27:53 OK   00033_statistical_slo_measurement.sql (12.64ms)
2026/09/15 07:27:54 OK   00034_stage_execution_catalog.sql (36.46ms)
2026/09/15 07:27:54 OK   00035_worker_instance_residency.sql (42.46ms)
2026/09/15 07:27:54 OK   00036_stage_attempt_authority.sql (46.5ms)
2026/09/15 07:27:54 OK   00037_stage_scheduler.sql (27.23ms)
2026/09/15 07:27:54 OK   00038_stage_artifact.sql (25.15ms)
2026/09/15 07:27:54 OK   00039_stage_worker_control_authority.sql (2.33ms)
2026/09/15 07:27:54 OK   00040_stage_worker_execution.sql (10.13ms)
2026/09/15 07:27:54 OK   00041_stage_worker_operations.sql (5.58ms)
2026/09/15 07:27:54 OK   00042_stage_worker_assignment.sql (6.62ms)
2026/09/15 07:27:54 OK   00043_stage_graph_finalization.sql (4.16ms)
2026/09/15 07:27:54 OK   00044_stage_cache.sql (16.5ms)
2026/09/15 07:27:54 OK   00045_stage_graph_finalization_outputs.sql (5.06ms)
2026/09/15 07:27:54 OK   00046_stage_graph_visible_completion.sql (4.12ms)
2026/09/15 07:27:54 OK   00047_usage_cost_ledger.sql (10.16ms)
2026/09/15 07:27:54 OK   00048_stage_run_output_binding.sql (9.93ms)
2026/09/15 07:27:54 OK   00049_stage_cutover_control.sql (22.66ms)
2026/09/15 07:27:54 OK   00050_stage_graph_instantiation_dispatch.sql (8.91ms)
2026/09/15 07:27:54 OK   00051_atomic_stage_graph_admission.sql (3.26ms)
2026/09/15 07:27:54 OK   00052_stage_cutover_zero_backlog_seal.sql (9.98ms)
2026/09/15 07:27:54 OK   00053_legacy_h3_guarded_contraction.sql (6.96ms)
2026/09/15 07:27:54 OK   00054_stage_transfer_consume_destination.sql (1.59ms)
2026/09/15 07:27:54 OK   00055_h3_campaign_evidence_reader.sql (2.32ms)
2026/09/15 07:27:54 OK   00056_stage_observability_reader.sql (762.54µs)
2026/09/15 07:27:54 OK   00057_legacy_h3_release_contraction_gate.sql (4.1ms)
2026/09/15 07:27:54 OK   00058_legacy_h3_schema_contraction.sql (145.17ms)
2026/09/15 07:27:54 OK   00059_model_runtime_epoch_registration.sql (10.51ms)
2026/09/15 07:27:54 OK   00060_model_runtime_gang_barrier.sql (6.8ms)
2026/09/15 07:27:54 OK   00061_stage_worker_gang_authority.sql (2.09ms)
2026/09/15 07:27:54 OK   00062_stage_authority_member_identity.sql (1.12ms)
2026/09/15 07:27:54 OK   00063_h3_execution_snapshot.sql (1.08ms)
2026/09/15 07:27:54 OK   00064_model_runtime_capacity_routes.sql (6.1ms)
2026/09/15 07:27:54 OK   00065_h3_exact_cache_reconciliation.sql (5.13ms)
2026/09/15 07:27:54 OK   00066_stage_worker_control_session_capacity.sql (10.12ms)
2026/09/15 07:27:54 OK   00067_stage_scheduler_project_capacity.sql (1.38ms)
2026/09/15 07:27:54 OK   00068_stage_assignment_connector_states.sql (1.37ms)
2026/09/15 07:27:54 OK   00069_stage_transfer_server_clock.sql (1.91ms)
2026/09/15 07:27:54 OK   00070_stage_lease_expiry_recovery.sql (3.53ms)
2026/09/15 07:27:54 OK   00071_stage_artifact_lifecycle.sql (9.43ms)
2026/09/15 07:27:54 OK   00072_recovery_quiescence.sql (8.6ms)
2026/09/15 07:27:54 OK   00073_stage_cache_downstream_bindings.sql (3.4ms)
2026/09/15 07:27:54 OK   00074_job_owned_public_artifact_copies.sql (2.19ms)
2026/09/15 07:27:54 OK   00075_stage_graph_failure_terminalization.sql (14.35ms)
2026/09/15 07:27:54 OK   00076_allocation_usage_unit.sql (628.54µs)
2026/09/15 07:27:54 OK   00077_runtime_usage_receipts.sql (1.61ms)
2026/09/15 07:27:54 OK   00078_idle_stage_worker_probe.sql (2.34ms)
2026/09/15 07:27:54 OK   00079_stage_job_expiry.sql (2.98ms)
2026/09/15 07:27:54 OK   00080_stage_scheduler_snapshot_lock_order.sql (2.51ms)
2026/09/15 07:27:54 OK   00081_stage_assignment_quorum.sql (880.54µs)
2026/09/15 07:27:54 OK   00082_stage_success_storage_completion.sql (2.04ms)
2026/09/15 07:27:54 OK   00083_capacity_observation_lifecycle.sql (2.71ms)
2026/09/15 07:27:54 OK   00084_blocked_stage_worker_probe.sql (1.92ms)
2026/09/15 07:27:54 OK   00085_stage_materialization_terminal_replay.sql (1.66ms)
2026/09/15 07:27:54 OK   00086_stage_failure_terminal_replay.sql (5.59ms)
2026/09/15 07:27:54 OK   00087_stage_claim_finalization_lock_order.sql (3.56ms)
2026/09/15 07:27:54 OK   00088_stage_allocation_execution_sequence.sql (7.75ms)
2026/09/15 07:27:54 OK   00089_stage_terminal_history.sql (8.21ms)
2026/09/15 07:27:54 OK   00090_stage_assignment_content_lifecycle.sql (11.83ms)
2026/09/15 07:27:54 OK   00091_worker_journal_bootstrap.sql (14.18ms)
2026/09/15 07:27:54 OK   00092_worker_bootstrap_history.sql (2.23ms)
2026/09/15 07:27:54 OK   00093_worker_bootstrap_nonzero_scopes.sql (1.02ms)
2026/09/15 07:27:54 OK   00094_worker_bootstrap_abandonment.sql (6.15ms)
2026/09/15 07:27:54 OK   00095_runtime_startup_reservation.sql (9.92ms)
2026/09/15 07:27:54 OK   00096_runtime_startup_authorization.sql (5.29ms)
2026/09/15 07:27:54 OK   00097_job_origin_trace.sql (1.5ms)
2026/09/15 07:27:54 OK   00098_stage_assignment_origin_trace.sql (782µs)
2026/09/15 07:27:54 goose: successfully migrated database to version: 98
2026/09/15 07:27:55 🐳 Stopping container: 79136fb0fa7f
2026/09/15 07:27:55 ✅ Container stopped: 79136fb0fa7f
2026/09/15 07:27:55 🐳 Terminating container: 79136fb0fa7f
2026/09/15 07:27:55 🚫 Container terminated: 79136fb0fa7f
--- PASS: TestPostgresAssignmentBackendReplaysExactAssignment (2.77s)
=== RUN   TestPostgresAssignmentBackendPersistsForgedAndStaleAuthorityDecisions
2026/09/15 07:27:55 🐳 Creating container for image postgres:17-alpine
2026/09/15 07:27:55 ✅ Container created: 93a6d441abb9
2026/09/15 07:27:55 🐳 Starting container: 93a6d441abb9
2026/09/15 07:27:55 ✅ Container started: 93a6d441abb9
2026/09/15 07:27:55 ⏳ Waiting for container id 93a6d441abb9 image: postgres:17-alpine. Waiting for: all of: [all of: [log message "database system is ready to accept connections" (occurrence: 2), port 5432/tcp to be mapped]]
2026/09/15 07:27:56 🔔 Container is ready: 93a6d441abb9
2026/09/15 07:27:56 OK   00001_foundation.sql (44.38ms)
2026/09/15 07:27:56 OK   00002_worker_assignment.sql (10.37ms)
2026/09/15 07:27:56 OK   00003_worker_start.sql (1.39ms)
2026/09/15 07:27:56 OK   00004_worker_heartbeat.sql (10.23ms)
2026/09/15 07:27:56 OK   00005_execution_failure.sql (7.76ms)
2026/09/15 07:27:56 OK   00006_customer_cancellation.sql (12.88ms)
2026/09/15 07:27:56 OK   00007_artifact_finalization.sql (21.42ms)
2026/09/15 07:27:56 OK   00008_hierarchical_scheduler.sql (25.3ms)
2026/09/15 07:27:56 OK   00009_invoice_export.sql (6.66ms)
2026/09/15 07:27:56 OK   00010_profile_certification_circuit.sql (10.42ms)
2026/09/15 07:27:56 OK   00011_project_webhooks.sql (16.91ms)
2026/09/15 07:27:56 OK   00012_human_oidc_fixed_rbac.sql (15.07ms)
2026/09/15 07:27:56 OK   00013_service_principal_administration.sql (5.9ms)
2026/09/15 07:27:56 OK   00014_human_membership_administration.sql (12.04ms)
2026/09/15 07:27:56 OK   00015_organization_reporting.sql (7.29ms)
2026/09/15 07:27:56 OK   00016_project_retention_content_deletion.sql (29.63ms)
2026/09/15 07:27:56 OK   00017_platform_operator_break_glass.sql (17.51ms)
2026/09/15 07:27:56 OK   00018_finance_reconciliation.sql (8.97ms)
2026/09/15 07:27:56 OK   00019_certified_remediation.sql (23.14ms)
2026/09/15 07:27:56 OK   00020_remediation_execution_claim.sql (6.52ms)
2026/09/15 07:27:56 OK   00021_remediation_execution_dispatch.sql (1.77ms)
2026/09/15 07:27:56 OK   00022_remediation_execution_claim_replay.sql (1.22ms)
2026/09/15 07:27:56 OK   00023_fleet_controller_worker_readiness.sql (31.52ms)
2026/09/15 07:27:56 OK   00024_staging_artifact_expiry.sql (1.58ms)
2026/09/15 07:27:56 OK   00025_scheduler_inbox_receipt.sql (1.3ms)
2026/09/15 07:27:56 OK   00026_synchronous_quorum_guard.sql (1.18ms)
2026/09/15 07:27:56 OK   00027_authorized_debug_dump_lifecycle.sql (28.89ms)
2026/09/15 07:27:56 OK   00028_off_cluster_backup_retention.sql (6.41ms)
2026/09/15 07:27:56 OK   00029_artifact_backup_replication.sql (5.94ms)
2026/09/15 07:27:56 OK   00030_non_content_legal_hold.sql (13.14ms)
2026/09/15 07:27:56 OK   00031_non_content_record_expiry.sql (43.35ms)
2026/09/15 07:27:56 OK   00032_catalog_promotion_production_gates.sql (16.38ms)
2026/09/15 07:27:56 OK   00033_statistical_slo_measurement.sql (15.34ms)
2026/09/15 07:27:56 OK   00034_stage_execution_catalog.sql (36.5ms)
2026/09/15 07:27:57 OK   00035_worker_instance_residency.sql (40.23ms)
2026/09/15 07:27:57 OK   00036_stage_attempt_authority.sql (44.09ms)
2026/09/15 07:27:57 OK   00037_stage_scheduler.sql (26.29ms)
2026/09/15 07:27:57 OK   00038_stage_artifact.sql (29.29ms)
2026/09/15 07:27:57 OK   00039_stage_worker_control_authority.sql (1.93ms)
2026/09/15 07:27:57 OK   00040_stage_worker_execution.sql (9.18ms)
2026/09/15 07:27:57 OK   00041_stage_worker_operations.sql (5.25ms)
2026/09/15 07:27:57 OK   00042_stage_worker_assignment.sql (6.77ms)
2026/09/15 07:27:57 OK   00043_stage_graph_finalization.sql (5.36ms)
2026/09/15 07:27:57 OK   00044_stage_cache.sql (15.95ms)
2026/09/15 07:27:57 OK   00045_stage_graph_finalization_outputs.sql (4.14ms)
2026/09/15 07:27:57 OK   00046_stage_graph_visible_completion.sql (4.29ms)
2026/09/15 07:27:57 OK   00047_usage_cost_ledger.sql (10.5ms)
2026/09/15 07:27:57 OK   00048_stage_run_output_binding.sql (13.06ms)
2026/09/15 07:27:57 OK   00049_stage_cutover_control.sql (24.03ms)
2026/09/15 07:27:57 OK   00050_stage_graph_instantiation_dispatch.sql (10.02ms)
2026/09/15 07:27:57 OK   00051_atomic_stage_graph_admission.sql (2.96ms)
2026/09/15 07:27:57 OK   00052_stage_cutover_zero_backlog_seal.sql (10.97ms)
2026/09/15 07:27:57 OK   00053_legacy_h3_guarded_contraction.sql (7.13ms)
2026/09/15 07:27:57 OK   00054_stage_transfer_consume_destination.sql (1.98ms)
2026/09/15 07:27:57 OK   00055_h3_campaign_evidence_reader.sql (7.08ms)
2026/09/15 07:27:57 OK   00056_stage_observability_reader.sql (4.15ms)
2026/09/15 07:27:57 OK   00057_legacy_h3_release_contraction_gate.sql (6.35ms)
2026/09/15 07:27:57 OK   00058_legacy_h3_schema_contraction.sql (156.79ms)
2026/09/15 07:27:57 OK   00059_model_runtime_epoch_registration.sql (10.15ms)
2026/09/15 07:27:57 OK   00060_model_runtime_gang_barrier.sql (7.09ms)
2026/09/15 07:27:57 OK   00061_stage_worker_gang_authority.sql (2.18ms)
2026/09/15 07:27:57 OK   00062_stage_authority_member_identity.sql (1.13ms)
2026/09/15 07:27:57 OK   00063_h3_execution_snapshot.sql (1.05ms)
2026/09/15 07:27:57 OK   00064_model_runtime_capacity_routes.sql (5.83ms)
2026/09/15 07:27:57 OK   00065_h3_exact_cache_reconciliation.sql (4.5ms)
2026/09/15 07:27:57 OK   00066_stage_worker_control_session_capacity.sql (9.18ms)
2026/09/15 07:27:57 OK   00067_stage_scheduler_project_capacity.sql (1.31ms)
2026/09/15 07:27:57 OK   00068_stage_assignment_connector_states.sql (1.36ms)
2026/09/15 07:27:57 OK   00069_stage_transfer_server_clock.sql (2.24ms)
2026/09/15 07:27:57 OK   00070_stage_lease_expiry_recovery.sql (3.65ms)
2026/09/15 07:27:57 OK   00071_stage_artifact_lifecycle.sql (8.63ms)
2026/09/15 07:27:57 OK   00072_recovery_quiescence.sql (8.04ms)
2026/09/15 07:27:57 OK   00073_stage_cache_downstream_bindings.sql (3.16ms)
2026/09/15 07:27:57 OK   00074_job_owned_public_artifact_copies.sql (2.01ms)
2026/09/15 07:27:57 OK   00075_stage_graph_failure_terminalization.sql (13.94ms)
2026/09/15 07:27:57 OK   00076_allocation_usage_unit.sql (626.58µs)
2026/09/15 07:27:57 OK   00077_runtime_usage_receipts.sql (1.46ms)
2026/09/15 07:27:57 OK   00078_idle_stage_worker_probe.sql (1.97ms)
2026/09/15 07:27:57 OK   00079_stage_job_expiry.sql (2.74ms)
2026/09/15 07:27:57 OK   00080_stage_scheduler_snapshot_lock_order.sql (2.26ms)
2026/09/15 07:27:57 OK   00081_stage_assignment_quorum.sql (916.25µs)
2026/09/15 07:27:57 OK   00082_stage_success_storage_completion.sql (1.94ms)
2026/09/15 07:27:57 OK   00083_capacity_observation_lifecycle.sql (2.63ms)
2026/09/15 07:27:57 OK   00084_blocked_stage_worker_probe.sql (1.69ms)
2026/09/15 07:27:57 OK   00085_stage_materialization_terminal_replay.sql (1.47ms)
2026/09/15 07:27:57 OK   00086_stage_failure_terminal_replay.sql (3.61ms)
2026/09/15 07:27:57 OK   00087_stage_claim_finalization_lock_order.sql (1.38ms)
2026/09/15 07:27:57 OK   00088_stage_allocation_execution_sequence.sql (2.31ms)
2026/09/15 07:27:57 OK   00089_stage_terminal_history.sql (1.65ms)
2026/09/15 07:27:57 OK   00090_stage_assignment_content_lifecycle.sql (8.78ms)
2026/09/15 07:27:57 OK   00091_worker_journal_bootstrap.sql (10.28ms)
2026/09/15 07:27:57 OK   00092_worker_bootstrap_history.sql (1.21ms)
2026/09/15 07:27:57 OK   00093_worker_bootstrap_nonzero_scopes.sql (768.33µs)
2026/09/15 07:27:57 OK   00094_worker_bootstrap_abandonment.sql (10.33ms)
2026/09/15 07:27:57 OK   00095_runtime_startup_reservation.sql (6.55ms)
2026/09/15 07:27:57 OK   00096_runtime_startup_authorization.sql (4.03ms)
2026/09/15 07:27:57 OK   00097_job_origin_trace.sql (1.65ms)
2026/09/15 07:27:57 OK   00098_stage_assignment_origin_trace.sql (801.71µs)
2026/09/15 07:27:57 goose: successfully migrated database to version: 98
2026/09/15 07:27:57 🐳 Stopping container: 93a6d441abb9
2026/09/15 07:27:58 ✅ Container stopped: 93a6d441abb9
2026/09/15 07:27:58 🐳 Terminating container: 93a6d441abb9
2026/09/15 07:27:58 🚫 Container terminated: 93a6d441abb9
--- PASS: TestPostgresAssignmentBackendPersistsForgedAndStaleAuthorityDecisions (2.77s)
=== RUN   TestPostgresAssignmentBackendRecoversCrashAfterSchedulerClaim
2026/09/15 07:27:58 🐳 Creating container for image postgres:17-alpine
2026/09/15 07:27:58 ✅ Container created: 71d9d1d9070c
2026/09/15 07:27:58 🐳 Starting container: 71d9d1d9070c
2026/09/15 07:27:58 ✅ Container started: 71d9d1d9070c
2026/09/15 07:27:58 ⏳ Waiting for container id 71d9d1d9070c image: postgres:17-alpine. Waiting for: all of: [all of: [log message "database system is ready to accept connections" (occurrence: 2), port 5432/tcp to be mapped]]
2026/09/15 07:27:59 🔔 Container is ready: 71d9d1d9070c
2026/09/15 07:27:59 OK   00001_foundation.sql (45.05ms)
2026/09/15 07:27:59 OK   00002_worker_assignment.sql (17.12ms)
2026/09/15 07:27:59 OK   00003_worker_start.sql (2.84ms)
2026/09/15 07:27:59 OK   00004_worker_heartbeat.sql (17.48ms)
2026/09/15 07:27:59 OK   00005_execution_failure.sql (16.01ms)
2026/09/15 07:27:59 OK   00006_customer_cancellation.sql (25.49ms)
2026/09/15 07:27:59 OK   00007_artifact_finalization.sql (31.24ms)
2026/09/15 07:27:59 OK   00008_hierarchical_scheduler.sql (26.72ms)
2026/09/15 07:27:59 OK   00009_invoice_export.sql (7.16ms)
2026/09/15 07:27:59 OK   00010_profile_certification_circuit.sql (10.78ms)
2026/09/15 07:27:59 OK   00011_project_webhooks.sql (16.99ms)
2026/09/15 07:27:59 OK   00012_human_oidc_fixed_rbac.sql (15.98ms)
2026/09/15 07:27:59 OK   00013_service_principal_administration.sql (5.63ms)
2026/09/15 07:27:59 OK   00014_human_membership_administration.sql (11.53ms)
2026/09/15 07:27:59 OK   00015_organization_reporting.sql (7.58ms)
2026/09/15 07:27:59 OK   00016_project_retention_content_deletion.sql (28.93ms)
2026/09/15 07:27:59 OK   00017_platform_operator_break_glass.sql (16.99ms)
2026/09/15 07:27:59 OK   00018_finance_reconciliation.sql (8.6ms)
2026/09/15 07:27:59 OK   00019_certified_remediation.sql (8.34ms)
2026/09/15 07:27:59 OK   00020_remediation_execution_claim.sql (3.58ms)
2026/09/15 07:27:59 OK   00021_remediation_execution_dispatch.sql (1.18ms)
2026/09/15 07:27:59 OK   00022_remediation_execution_claim_replay.sql (864µs)
2026/09/15 07:27:59 OK   00023_fleet_controller_worker_readiness.sql (30.34ms)
2026/09/15 07:27:59 OK   00024_staging_artifact_expiry.sql (1.35ms)
2026/09/15 07:27:59 OK   00025_scheduler_inbox_receipt.sql (869.75µs)
2026/09/15 07:27:59 OK   00026_synchronous_quorum_guard.sql (1.03ms)
2026/09/15 07:27:59 OK   00027_authorized_debug_dump_lifecycle.sql (26.8ms)
2026/09/15 07:27:59 OK   00028_off_cluster_backup_retention.sql (5.13ms)
2026/09/15 07:27:59 OK   00029_artifact_backup_replication.sql (4.94ms)
2026/09/15 07:27:59 OK   00030_non_content_legal_hold.sql (12.26ms)
2026/09/15 07:27:59 OK   00031_non_content_record_expiry.sql (39.53ms)
2026/09/15 07:27:59 OK   00032_catalog_promotion_production_gates.sql (16.42ms)
2026/09/15 07:27:59 OK   00033_statistical_slo_measurement.sql (13.86ms)
2026/09/15 07:27:59 OK   00034_stage_execution_catalog.sql (38.04ms)
2026/09/15 07:27:59 OK   00035_worker_instance_residency.sql (40.38ms)
2026/09/15 07:27:59 OK   00036_stage_attempt_authority.sql (44.39ms)
2026/09/15 07:27:59 OK   00037_stage_scheduler.sql (30.32ms)
2026/09/15 07:27:59 OK   00038_stage_artifact.sql (34.9ms)
2026/09/15 07:27:59 OK   00039_stage_worker_control_authority.sql (1.86ms)
2026/09/15 07:27:59 OK   00040_stage_worker_execution.sql (10.35ms)
2026/09/15 07:27:59 OK   00041_stage_worker_operations.sql (5.67ms)
2026/09/15 07:27:59 OK   00042_stage_worker_assignment.sql (9.74ms)
2026/09/15 07:27:59 OK   00043_stage_graph_finalization.sql (14.54ms)
2026/09/15 07:27:59 OK   00044_stage_cache.sql (33.8ms)
2026/09/15 07:28:00 OK   00045_stage_graph_finalization_outputs.sql (14.26ms)
2026/09/15 07:28:00 OK   00046_stage_graph_visible_completion.sql (19.43ms)
2026/09/15 07:28:00 OK   00047_usage_cost_ledger.sql (16.78ms)
2026/09/15 07:28:00 OK   00048_stage_run_output_binding.sql (10.16ms)
2026/09/15 07:28:00 OK   00049_stage_cutover_control.sql (22.46ms)
2026/09/15 07:28:00 OK   00050_stage_graph_instantiation_dispatch.sql (9.44ms)
2026/09/15 07:28:00 OK   00051_atomic_stage_graph_admission.sql (2.68ms)
2026/09/15 07:28:00 OK   00052_stage_cutover_zero_backlog_seal.sql (10.44ms)
2026/09/15 07:28:00 OK   00053_legacy_h3_guarded_contraction.sql (6.86ms)
2026/09/15 07:28:00 OK   00054_stage_transfer_consume_destination.sql (1.46ms)
2026/09/15 07:28:00 OK   00055_h3_campaign_evidence_reader.sql (2.59ms)
2026/09/15 07:28:00 OK   00056_stage_observability_reader.sql (770.5µs)
2026/09/15 07:28:00 OK   00057_legacy_h3_release_contraction_gate.sql (3.96ms)
2026/09/15 07:28:00 OK   00058_legacy_h3_schema_contraction.sql (136.36ms)
2026/09/15 07:28:00 OK   00059_model_runtime_epoch_registration.sql (10.21ms)
2026/09/15 07:28:00 OK   00060_model_runtime_gang_barrier.sql (6.79ms)
2026/09/15 07:28:00 OK   00061_stage_worker_gang_authority.sql (2.09ms)
2026/09/15 07:28:00 OK   00062_stage_authority_member_identity.sql (1.15ms)
2026/09/15 07:28:00 OK   00063_h3_execution_snapshot.sql (1.37ms)
2026/09/15 07:28:00 OK   00064_model_runtime_capacity_routes.sql (6.21ms)
2026/09/15 07:28:00 OK   00065_h3_exact_cache_reconciliation.sql (4.85ms)
2026/09/15 07:28:00 OK   00066_stage_worker_control_session_capacity.sql (9.53ms)
2026/09/15 07:28:00 OK   00067_stage_scheduler_project_capacity.sql (1.35ms)
2026/09/15 07:28:00 OK   00068_stage_assignment_connector_states.sql (1.44ms)
2026/09/15 07:28:00 OK   00069_stage_transfer_server_clock.sql (2.09ms)
2026/09/15 07:28:00 OK   00070_stage_lease_expiry_recovery.sql (3.65ms)
2026/09/15 07:28:00 OK   00071_stage_artifact_lifecycle.sql (8.88ms)
2026/09/15 07:28:00 OK   00072_recovery_quiescence.sql (7.92ms)
2026/09/15 07:28:00 OK   00073_stage_cache_downstream_bindings.sql (3.38ms)
2026/09/15 07:28:00 OK   00074_job_owned_public_artifact_copies.sql (2.12ms)
2026/09/15 07:28:00 OK   00075_stage_graph_failure_terminalization.sql (14.25ms)
2026/09/15 07:28:00 OK   00076_allocation_usage_unit.sql (698.17µs)
2026/09/15 07:28:00 OK   00077_runtime_usage_receipts.sql (1.51ms)
2026/09/15 07:28:00 OK   00078_idle_stage_worker_probe.sql (2.05ms)
2026/09/15 07:28:00 OK   00079_stage_job_expiry.sql (2.58ms)
2026/09/15 07:28:00 OK   00080_stage_scheduler_snapshot_lock_order.sql (2.24ms)
2026/09/15 07:28:00 OK   00081_stage_assignment_quorum.sql (896.13µs)
2026/09/15 07:28:00 OK   00082_stage_success_storage_completion.sql (1.83ms)
2026/09/15 07:28:00 OK   00083_capacity_observation_lifecycle.sql (2.52ms)
2026/09/15 07:28:00 OK   00084_blocked_stage_worker_probe.sql (1.73ms)
2026/09/15 07:28:00 OK   00085_stage_materialization_terminal_replay.sql (1.49ms)
2026/09/15 07:28:00 OK   00086_stage_failure_terminal_replay.sql (4.08ms)
2026/09/15 07:28:00 OK   00087_stage_claim_finalization_lock_order.sql (1.58ms)
2026/09/15 07:28:00 OK   00088_stage_allocation_execution_sequence.sql (2.29ms)
2026/09/15 07:28:00 OK   00089_stage_terminal_history.sql (2.03ms)
2026/09/15 07:28:00 OK   00090_stage_assignment_content_lifecycle.sql (10.16ms)
2026/09/15 07:28:00 OK   00091_worker_journal_bootstrap.sql (23.18ms)
2026/09/15 07:28:00 OK   00092_worker_bootstrap_history.sql (2.02ms)
2026/09/15 07:28:00 OK   00093_worker_bootstrap_nonzero_scopes.sql (1.09ms)
2026/09/15 07:28:00 OK   00094_worker_bootstrap_abandonment.sql (6.78ms)
2026/09/15 07:28:00 OK   00095_runtime_startup_reservation.sql (8.95ms)
2026/09/15 07:28:00 OK   00096_runtime_startup_authorization.sql (5.16ms)
2026/09/15 07:28:00 OK   00097_job_origin_trace.sql (1.64ms)
2026/09/15 07:28:00 OK   00098_stage_assignment_origin_trace.sql (1.17ms)
2026/09/15 07:28:00 goose: successfully migrated database to version: 98
2026/09/15 07:28:00 🐳 Stopping container: 71d9d1d9070c
2026/09/15 07:28:01 ✅ Container stopped: 71d9d1d9070c
2026/09/15 07:28:01 🐳 Terminating container: 71d9d1d9070c
2026/09/15 07:28:01 🚫 Container terminated: 71d9d1d9070c
--- PASS: TestPostgresAssignmentBackendRecoversCrashAfterSchedulerClaim (2.96s)
=== RUN   TestPostgresAssignmentBackendRecoversAfterCommittedSchedulerBeforeResult
2026/09/15 07:28:01 🐳 Creating container for image postgres:17-alpine
2026/09/15 07:28:01 ✅ Container created: 9be89b632a75
2026/09/15 07:28:01 🐳 Starting container: 9be89b632a75
2026/09/15 07:28:01 ✅ Container started: 9be89b632a75
2026/09/15 07:28:01 ⏳ Waiting for container id 9be89b632a75 image: postgres:17-alpine. Waiting for: all of: [all of: [log message "database system is ready to accept connections" (occurrence: 2), port 5432/tcp to be mapped]]
2026/09/15 07:28:02 🔔 Container is ready: 9be89b632a75
2026/09/15 07:28:02 OK   00001_foundation.sql (45.69ms)
2026/09/15 07:28:02 OK   00002_worker_assignment.sql (11.44ms)
2026/09/15 07:28:02 OK   00003_worker_start.sql (1.67ms)
2026/09/15 07:28:02 OK   00004_worker_heartbeat.sql (10.84ms)
2026/09/15 07:28:02 OK   00005_execution_failure.sql (9.43ms)
2026/09/15 07:28:02 OK   00006_customer_cancellation.sql (13.35ms)
2026/09/15 07:28:02 OK   00007_artifact_finalization.sql (23.24ms)
2026/09/15 07:28:02 OK   00008_hierarchical_scheduler.sql (29.12ms)
2026/09/15 07:28:02 OK   00009_invoice_export.sql (8.32ms)
2026/09/15 07:28:02 OK   00010_profile_certification_circuit.sql (12.14ms)
2026/09/15 07:28:02 OK   00011_project_webhooks.sql (18.19ms)
2026/09/15 07:28:02 OK   00012_human_oidc_fixed_rbac.sql (24.47ms)
2026/09/15 07:28:02 OK   00013_service_principal_administration.sql (12.88ms)
2026/09/15 07:28:02 OK   00014_human_membership_administration.sql (28.12ms)
2026/09/15 07:28:02 OK   00015_organization_reporting.sql (19.95ms)
2026/09/15 07:28:02 OK   00016_project_retention_content_deletion.sql (35.65ms)
2026/09/15 07:28:02 OK   00017_platform_operator_break_glass.sql (17.38ms)
2026/09/15 07:28:02 OK   00018_finance_reconciliation.sql (8.98ms)
2026/09/15 07:28:02 OK   00019_certified_remediation.sql (8.88ms)
2026/09/15 07:28:02 OK   00020_remediation_execution_claim.sql (3.14ms)
2026/09/15 07:28:02 OK   00021_remediation_execution_dispatch.sql (1.1ms)
2026/09/15 07:28:02 OK   00022_remediation_execution_claim_replay.sql (783.21µs)
2026/09/15 07:28:02 OK   00023_fleet_controller_worker_readiness.sql (31.07ms)
2026/09/15 07:28:02 OK   00024_staging_artifact_expiry.sql (1.32ms)
2026/09/15 07:28:02 OK   00025_scheduler_inbox_receipt.sql (1.08ms)
2026/09/15 07:28:02 OK   00026_synchronous_quorum_guard.sql (1.08ms)
2026/09/15 07:28:02 OK   00027_authorized_debug_dump_lifecycle.sql (27.14ms)
2026/09/15 07:28:02 OK   00028_off_cluster_backup_retention.sql (5.82ms)
2026/09/15 07:28:02 OK   00029_artifact_backup_replication.sql (5.35ms)
2026/09/15 07:28:02 OK   00030_non_content_legal_hold.sql (13.32ms)
2026/09/15 07:28:02 OK   00031_non_content_record_expiry.sql (42.7ms)
2026/09/15 07:28:02 OK   00032_catalog_promotion_production_gates.sql (16.94ms)
2026/09/15 07:28:02 OK   00033_statistical_slo_measurement.sql (14.56ms)
2026/09/15 07:28:02 OK   00034_stage_execution_catalog.sql (38.26ms)
2026/09/15 07:28:02 OK   00035_worker_instance_residency.sql (39.22ms)
2026/09/15 07:28:02 OK   00036_stage_attempt_authority.sql (46.34ms)
2026/09/15 07:28:02 OK   00037_stage_scheduler.sql (28.83ms)
2026/09/15 07:28:02 OK   00038_stage_artifact.sql (33.81ms)
2026/09/15 07:28:02 OK   00039_stage_worker_control_authority.sql (7.72ms)
2026/09/15 07:28:02 OK   00040_stage_worker_execution.sql (26.08ms)
2026/09/15 07:28:02 OK   00041_stage_worker_operations.sql (16.76ms)
2026/09/15 07:28:02 OK   00042_stage_worker_assignment.sql (18.75ms)
2026/09/15 07:28:02 OK   00043_stage_graph_finalization.sql (8.32ms)
2026/09/15 07:28:03 OK   00044_stage_cache.sql (17.27ms)
2026/09/15 07:28:03 OK   00045_stage_graph_finalization_outputs.sql (4.86ms)
2026/09/15 07:28:03 OK   00046_stage_graph_visible_completion.sql (4.04ms)
2026/09/15 07:28:03 OK   00047_usage_cost_ledger.sql (10.18ms)
2026/09/15 07:28:03 OK   00048_stage_run_output_binding.sql (9.64ms)
2026/09/15 07:28:03 OK   00049_stage_cutover_control.sql (20.2ms)
2026/09/15 07:28:03 OK   00050_stage_graph_instantiation_dispatch.sql (8.81ms)
2026/09/15 07:28:03 OK   00051_atomic_stage_graph_admission.sql (2.44ms)
2026/09/15 07:28:03 OK   00052_stage_cutover_zero_backlog_seal.sql (9.83ms)
2026/09/15 07:28:03 OK   00053_legacy_h3_guarded_contraction.sql (6.47ms)
2026/09/15 07:28:03 OK   00054_stage_transfer_consume_destination.sql (1.38ms)
2026/09/15 07:28:03 OK   00055_h3_campaign_evidence_reader.sql (2.57ms)
2026/09/15 07:28:03 OK   00056_stage_observability_reader.sql (1.07ms)
2026/09/15 07:28:03 OK   00057_legacy_h3_release_contraction_gate.sql (3.67ms)
2026/09/15 07:28:03 OK   00058_legacy_h3_schema_contraction.sql (138.59ms)
2026/09/15 07:28:03 OK   00059_model_runtime_epoch_registration.sql (10.8ms)
2026/09/15 07:28:03 OK   00060_model_runtime_gang_barrier.sql (7.04ms)
2026/09/15 07:28:03 OK   00061_stage_worker_gang_authority.sql (2.11ms)
2026/09/15 07:28:03 OK   00062_stage_authority_member_identity.sql (1.09ms)
2026/09/15 07:28:03 OK   00063_h3_execution_snapshot.sql (1.12ms)
2026/09/15 07:28:03 OK   00064_model_runtime_capacity_routes.sql (6.66ms)
2026/09/15 07:28:03 OK   00065_h3_exact_cache_reconciliation.sql (5.4ms)
2026/09/15 07:28:03 OK   00066_stage_worker_control_session_capacity.sql (10.06ms)
2026/09/15 07:28:03 OK   00067_stage_scheduler_project_capacity.sql (1.5ms)
2026/09/15 07:28:03 OK   00068_stage_assignment_connector_states.sql (1.46ms)
2026/09/15 07:28:03 OK   00069_stage_transfer_server_clock.sql (2.2ms)
2026/09/15 07:28:03 OK   00070_stage_lease_expiry_recovery.sql (3.83ms)
2026/09/15 07:28:03 OK   00071_stage_artifact_lifecycle.sql (9.69ms)
2026/09/15 07:28:03 OK   00072_recovery_quiescence.sql (8.24ms)
2026/09/15 07:28:03 OK   00073_stage_cache_downstream_bindings.sql (3.38ms)
2026/09/15 07:28:03 OK   00074_job_owned_public_artifact_copies.sql (2.19ms)
2026/09/15 07:28:03 OK   00075_stage_graph_failure_terminalization.sql (14.15ms)
2026/09/15 07:28:03 OK   00076_allocation_usage_unit.sql (716.29µs)
2026/09/15 07:28:03 OK   00077_runtime_usage_receipts.sql (1.52ms)
2026/09/15 07:28:03 OK   00078_idle_stage_worker_probe.sql (2.24ms)
2026/09/15 07:28:03 OK   00079_stage_job_expiry.sql (2.49ms)
2026/09/15 07:28:03 OK   00080_stage_scheduler_snapshot_lock_order.sql (2.2ms)
2026/09/15 07:28:03 OK   00081_stage_assignment_quorum.sql (955.25µs)
2026/09/15 07:28:03 OK   00082_stage_success_storage_completion.sql (1.96ms)
2026/09/15 07:28:03 OK   00083_capacity_observation_lifecycle.sql (2.76ms)
2026/09/15 07:28:03 OK   00084_blocked_stage_worker_probe.sql (1.82ms)
2026/09/15 07:28:03 OK   00085_stage_materialization_terminal_replay.sql (1.56ms)
2026/09/15 07:28:03 OK   00086_stage_failure_terminal_replay.sql (4ms)
2026/09/15 07:28:03 OK   00087_stage_claim_finalization_lock_order.sql (1.28ms)
2026/09/15 07:28:03 OK   00088_stage_allocation_execution_sequence.sql (2.34ms)
2026/09/15 07:28:03 OK   00089_stage_terminal_history.sql (1.67ms)
2026/09/15 07:28:03 OK   00090_stage_assignment_content_lifecycle.sql (9.03ms)
2026/09/15 07:28:03 OK   00091_worker_journal_bootstrap.sql (10.79ms)
2026/09/15 07:28:03 OK   00092_worker_bootstrap_history.sql (1.31ms)
2026/09/15 07:28:03 OK   00093_worker_bootstrap_nonzero_scopes.sql (679.54µs)
2026/09/15 07:28:03 OK   00094_worker_bootstrap_abandonment.sql (5.66ms)
2026/09/15 07:28:03 OK   00095_runtime_startup_reservation.sql (6.73ms)
2026/09/15 07:28:03 OK   00096_runtime_startup_authorization.sql (5.06ms)
2026/09/15 07:28:03 OK   00097_job_origin_trace.sql (1.74ms)
2026/09/15 07:28:03 OK   00098_stage_assignment_origin_trace.sql (803.96µs)
2026/09/15 07:28:03 goose: successfully migrated database to version: 98
2026/09/15 07:28:03 🐳 Stopping container: 9be89b632a75
2026/09/15 07:28:03 ✅ Container stopped: 9be89b632a75
2026/09/15 07:28:03 🐳 Terminating container: 9be89b632a75
2026/09/15 07:28:04 🚫 Container terminated: 9be89b632a75
--- PASS: TestPostgresAssignmentBackendRecoversAfterCommittedSchedulerBeforeResult (2.81s)
=== RUN   TestStageWorkerAssignmentMigrationEmptyDownUp
=== RUN   TestStageWorkerAssignmentMigrationEmptyDownUp/empty_Down_Up
2026/09/15 07:28:04 🐳 Creating container for image postgres:17-alpine
2026/09/15 07:28:04 ✅ Container created: c2601d361689
2026/09/15 07:28:04 🐳 Starting container: c2601d361689
2026/09/15 07:28:04 ✅ Container started: c2601d361689
2026/09/15 07:28:04 ⏳ Waiting for container id c2601d361689 image: postgres:17-alpine. Waiting for: all of: [all of: [log message "database system is ready to accept connections" (occurrence: 2), port 5432/tcp to be mapped]]
2026/09/15 07:28:04 🔔 Container is ready: c2601d361689
2026/09/15 07:28:05 OK   00001_foundation.sql (43.11ms)
2026/09/15 07:28:05 OK   00002_worker_assignment.sql (10.8ms)
2026/09/15 07:28:05 OK   00003_worker_start.sql (1.45ms)
2026/09/15 07:28:05 OK   00004_worker_heartbeat.sql (10.55ms)
2026/09/15 07:28:05 OK   00005_execution_failure.sql (8.2ms)
2026/09/15 07:28:05 OK   00006_customer_cancellation.sql (12.72ms)
2026/09/15 07:28:05 OK   00007_artifact_finalization.sql (21.72ms)
2026/09/15 07:28:05 OK   00008_hierarchical_scheduler.sql (24.93ms)
2026/09/15 07:28:05 OK   00009_invoice_export.sql (6.49ms)
2026/09/15 07:28:05 OK   00010_profile_certification_circuit.sql (10.6ms)
2026/09/15 07:28:05 OK   00011_project_webhooks.sql (17.05ms)
2026/09/15 07:28:05 OK   00012_human_oidc_fixed_rbac.sql (15.67ms)
2026/09/15 07:28:05 OK   00013_service_principal_administration.sql (5.91ms)
2026/09/15 07:28:05 OK   00014_human_membership_administration.sql (11.16ms)
2026/09/15 07:28:05 OK   00015_organization_reporting.sql (7.57ms)
2026/09/15 07:28:05 OK   00016_project_retention_content_deletion.sql (30.09ms)
2026/09/15 07:28:05 OK   00017_platform_operator_break_glass.sql (17.28ms)
2026/09/15 07:28:05 OK   00018_finance_reconciliation.sql (9.46ms)
2026/09/15 07:28:05 OK   00019_certified_remediation.sql (9.19ms)
2026/09/15 07:28:05 OK   00020_remediation_execution_claim.sql (3.43ms)
2026/09/15 07:28:05 OK   00021_remediation_execution_dispatch.sql (1.22ms)
2026/09/15 07:28:05 OK   00022_remediation_execution_claim_replay.sql (915.54µs)
2026/09/15 07:28:05 OK   00023_fleet_controller_worker_readiness.sql (31.03ms)
2026/09/15 07:28:05 OK   00024_staging_artifact_expiry.sql (1.44ms)
2026/09/15 07:28:05 OK   00025_scheduler_inbox_receipt.sql (1.17ms)
2026/09/15 07:28:05 OK   00026_synchronous_quorum_guard.sql (1.27ms)
2026/09/15 07:28:05 OK   00027_authorized_debug_dump_lifecycle.sql (27.6ms)
2026/09/15 07:28:05 OK   00028_off_cluster_backup_retention.sql (5.36ms)
2026/09/15 07:28:05 OK   00029_artifact_backup_replication.sql (5.27ms)
2026/09/15 07:28:05 OK   00030_non_content_legal_hold.sql (13.98ms)
2026/09/15 07:28:05 OK   00031_non_content_record_expiry.sql (42.12ms)
2026/09/15 07:28:05 OK   00032_catalog_promotion_production_gates.sql (16.68ms)
2026/09/15 07:28:05 OK   00033_statistical_slo_measurement.sql (14.02ms)
2026/09/15 07:28:05 OK   00034_stage_execution_catalog.sql (35.85ms)
2026/09/15 07:28:05 OK   00035_worker_instance_residency.sql (40.03ms)
2026/09/15 07:28:05 OK   00036_stage_attempt_authority.sql (43.55ms)
2026/09/15 07:28:05 OK   00037_stage_scheduler.sql (25.42ms)
2026/09/15 07:28:05 OK   00038_stage_artifact.sql (27.1ms)
2026/09/15 07:28:05 OK   00039_stage_worker_control_authority.sql (1.67ms)
2026/09/15 07:28:05 OK   00040_stage_worker_execution.sql (8.59ms)
2026/09/15 07:28:05 OK   00041_stage_worker_operations.sql (4.97ms)
2026/09/15 07:28:05 OK   00042_stage_worker_assignment.sql (6.12ms)
2026/09/15 07:28:05 goose: successfully migrated database to version: 42
2026/09/15 07:28:05 OK   00042_stage_worker_assignment.sql (4.74ms)
2026/09/15 07:28:05 goose: no migrations to run. current version: 41
2026/09/15 07:28:05 OK   00042_stage_worker_assignment.sql (5.91ms)
2026/09/15 07:28:05 goose: successfully migrated database to version: 42
2026/09/15 07:28:05 🐳 Stopping container: c2601d361689
2026/09/15 07:28:05 ✅ Container stopped: c2601d361689
2026/09/15 07:28:05 🐳 Terminating container: c2601d361689
2026/09/15 07:28:05 🚫 Container terminated: c2601d361689
--- PASS: TestStageWorkerAssignmentMigrationEmptyDownUp (1.91s)
    --- PASS: TestStageWorkerAssignmentMigrationEmptyDownUp/empty_Down_Up (1.91s)
=== RUN   TestStageWorkerAssignmentOrderIsDurableAcrossReplayAndRenewal
2026/09/15 07:28:05 🐳 Creating container for image postgres:17-alpine
2026/09/15 07:28:06 ✅ Container created: 48ecdded261a
2026/09/15 07:28:06 🐳 Starting container: 48ecdded261a
2026/09/15 07:28:06 ✅ Container started: 48ecdded261a
2026/09/15 07:28:06 ⏳ Waiting for container id 48ecdded261a image: postgres:17-alpine. Waiting for: all of: [all of: [log message "database system is ready to accept connections" (occurrence: 2), port 5432/tcp to be mapped]]
2026/09/15 07:28:06 🔔 Container is ready: 48ecdded261a
2026/09/15 07:28:06 OK   00001_foundation.sql (43.45ms)
2026/09/15 07:28:06 OK   00002_worker_assignment.sql (11.18ms)
2026/09/15 07:28:06 OK   00003_worker_start.sql (1.69ms)
2026/09/15 07:28:06 OK   00004_worker_heartbeat.sql (10.45ms)
2026/09/15 07:28:06 OK   00005_execution_failure.sql (8.25ms)
2026/09/15 07:28:06 OK   00006_customer_cancellation.sql (13.61ms)
2026/09/15 07:28:06 OK   00007_artifact_finalization.sql (22.18ms)
2026/09/15 07:28:06 OK   00008_hierarchical_scheduler.sql (27.08ms)
2026/09/15 07:28:06 OK   00009_invoice_export.sql (7.05ms)
2026/09/15 07:28:06 OK   00010_profile_certification_circuit.sql (11.76ms)
2026/09/15 07:28:06 OK   00011_project_webhooks.sql (17.3ms)
2026/09/15 07:28:06 OK   00012_human_oidc_fixed_rbac.sql (16.57ms)
2026/09/15 07:28:06 OK   00013_service_principal_administration.sql (6.07ms)
2026/09/15 07:28:06 OK   00014_human_membership_administration.sql (11.91ms)
2026/09/15 07:28:06 OK   00015_organization_reporting.sql (7.63ms)
2026/09/15 07:28:07 OK   00016_project_retention_content_deletion.sql (29.88ms)
2026/09/15 07:28:07 OK   00017_platform_operator_break_glass.sql (17.06ms)
2026/09/15 07:28:07 OK   00018_finance_reconciliation.sql (8.71ms)
2026/09/15 07:28:07 OK   00019_certified_remediation.sql (9ms)
2026/09/15 07:28:07 OK   00020_remediation_execution_claim.sql (4.07ms)
2026/09/15 07:28:07 OK   00021_remediation_execution_dispatch.sql (1.25ms)
2026/09/15 07:28:07 OK   00022_remediation_execution_claim_replay.sql (908.38µs)
2026/09/15 07:28:07 OK   00023_fleet_controller_worker_readiness.sql (31.69ms)
2026/09/15 07:28:07 OK   00024_staging_artifact_expiry.sql (1.49ms)
2026/09/15 07:28:07 OK   00025_scheduler_inbox_receipt.sql (957.38µs)
2026/09/15 07:28:07 OK   00026_synchronous_quorum_guard.sql (999.08µs)
2026/09/15 07:28:07 OK   00027_authorized_debug_dump_lifecycle.sql (26.67ms)
2026/09/15 07:28:07 OK   00028_off_cluster_backup_retention.sql (5.76ms)
2026/09/15 07:28:07 OK   00029_artifact_backup_replication.sql (5.44ms)
2026/09/15 07:28:07 OK   00030_non_content_legal_hold.sql (12.92ms)
2026/09/15 07:28:07 OK   00031_non_content_record_expiry.sql (41.41ms)
2026/09/15 07:28:07 OK   00032_catalog_promotion_production_gates.sql (16.27ms)
2026/09/15 07:28:07 OK   00033_statistical_slo_measurement.sql (14.04ms)
2026/09/15 07:28:07 OK   00034_stage_execution_catalog.sql (38.03ms)
2026/09/15 07:28:07 OK   00035_worker_instance_residency.sql (40.99ms)
2026/09/15 07:28:07 OK   00036_stage_attempt_authority.sql (43.01ms)
2026/09/15 07:28:07 OK   00037_stage_scheduler.sql (24.34ms)
2026/09/15 07:28:07 OK   00038_stage_artifact.sql (26.8ms)
2026/09/15 07:28:07 OK   00039_stage_worker_control_authority.sql (1.75ms)
2026/09/15 07:28:07 OK   00040_stage_worker_execution.sql (9.34ms)
2026/09/15 07:28:07 OK   00041_stage_worker_operations.sql (5.16ms)
2026/09/15 07:28:07 OK   00042_stage_worker_assignment.sql (6.31ms)
2026/09/15 07:28:07 OK   00043_stage_graph_finalization.sql (4.88ms)
2026/09/15 07:28:07 OK   00044_stage_cache.sql (15.18ms)
2026/09/15 07:28:07 OK   00045_stage_graph_finalization_outputs.sql (4.07ms)
2026/09/15 07:28:07 OK   00046_stage_graph_visible_completion.sql (3.74ms)
2026/09/15 07:28:07 OK   00047_usage_cost_ledger.sql (10.43ms)
2026/09/15 07:28:07 OK   00048_stage_run_output_binding.sql (9.59ms)
2026/09/15 07:28:07 OK   00049_stage_cutover_control.sql (20.28ms)
2026/09/15 07:28:07 OK   00050_stage_graph_instantiation_dispatch.sql (8.97ms)
2026/09/15 07:28:07 OK   00051_atomic_stage_graph_admission.sql (2.69ms)
2026/09/15 07:28:07 OK   00052_stage_cutover_zero_backlog_seal.sql (9.72ms)
2026/09/15 07:28:07 OK   00053_legacy_h3_guarded_contraction.sql (5.93ms)
2026/09/15 07:28:07 OK   00054_stage_transfer_consume_destination.sql (1.4ms)
2026/09/15 07:28:07 OK   00055_h3_campaign_evidence_reader.sql (2.28ms)
2026/09/15 07:28:07 OK   00056_stage_observability_reader.sql (681.25µs)
2026/09/15 07:28:07 OK   00057_legacy_h3_release_contraction_gate.sql (3.66ms)
2026/09/15 07:28:07 OK   00058_legacy_h3_schema_contraction.sql (133.63ms)
2026/09/15 07:28:07 OK   00059_model_runtime_epoch_registration.sql (11.17ms)
2026/09/15 07:28:07 OK   00060_model_runtime_gang_barrier.sql (7.09ms)
2026/09/15 07:28:07 OK   00061_stage_worker_gang_authority.sql (2.19ms)
2026/09/15 07:28:07 OK   00062_stage_authority_member_identity.sql (1.12ms)
2026/09/15 07:28:07 OK   00063_h3_execution_snapshot.sql (1.08ms)
2026/09/15 07:28:07 OK   00064_model_runtime_capacity_routes.sql (5.7ms)
2026/09/15 07:28:07 OK   00065_h3_exact_cache_reconciliation.sql (5.32ms)
2026/09/15 07:28:07 OK   00066_stage_worker_control_session_capacity.sql (10.06ms)
2026/09/15 07:28:07 OK   00067_stage_scheduler_project_capacity.sql (1.64ms)
2026/09/15 07:28:07 OK   00068_stage_assignment_connector_states.sql (1.63ms)
2026/09/15 07:28:07 OK   00069_stage_transfer_server_clock.sql (2.68ms)
2026/09/15 07:28:07 OK   00070_stage_lease_expiry_recovery.sql (3.95ms)
2026/09/15 07:28:07 OK   00071_stage_artifact_lifecycle.sql (9.25ms)
2026/09/15 07:28:07 OK   00072_recovery_quiescence.sql (8.61ms)
2026/09/15 07:28:07 OK   00073_stage_cache_downstream_bindings.sql (3.35ms)
2026/09/15 07:28:07 OK   00074_job_owned_public_artifact_copies.sql (2.27ms)
2026/09/15 07:28:07 OK   00075_stage_graph_failure_terminalization.sql (14.81ms)
2026/09/15 07:28:07 OK   00076_allocation_usage_unit.sql (1.31ms)
2026/09/15 07:28:07 OK   00077_runtime_usage_receipts.sql (1.69ms)
2026/09/15 07:28:07 OK   00078_idle_stage_worker_probe.sql (2.38ms)
2026/09/15 07:28:07 OK   00079_stage_job_expiry.sql (2.88ms)
2026/09/15 07:28:07 OK   00080_stage_scheduler_snapshot_lock_order.sql (2.49ms)
2026/09/15 07:28:07 OK   00081_stage_assignment_quorum.sql (936.5µs)
2026/09/15 07:28:07 OK   00082_stage_success_storage_completion.sql (2.14ms)
2026/09/15 07:28:07 OK   00083_capacity_observation_lifecycle.sql (2.62ms)
2026/09/15 07:28:07 OK   00084_blocked_stage_worker_probe.sql (1.73ms)
2026/09/15 07:28:07 OK   00085_stage_materialization_terminal_replay.sql (1.39ms)
2026/09/15 07:28:07 OK   00086_stage_failure_terminal_replay.sql (4.05ms)
2026/09/15 07:28:07 OK   00087_stage_claim_finalization_lock_order.sql (1.46ms)
2026/09/15 07:28:07 OK   00088_stage_allocation_execution_sequence.sql (2.51ms)
2026/09/15 07:28:07 OK   00089_stage_terminal_history.sql (1.87ms)
2026/09/15 07:28:07 OK   00090_stage_assignment_content_lifecycle.sql (9.79ms)
2026/09/15 07:28:07 OK   00091_worker_journal_bootstrap.sql (12.17ms)
2026/09/15 07:28:07 OK   00092_worker_bootstrap_history.sql (1.45ms)
2026/09/15 07:28:07 OK   00093_worker_bootstrap_nonzero_scopes.sql (821.46µs)
2026/09/15 07:28:07 OK   00094_worker_bootstrap_abandonment.sql (5.96ms)
2026/09/15 07:28:07 OK   00095_runtime_startup_reservation.sql (6.64ms)
2026/09/15 07:28:07 OK   00096_runtime_startup_authorization.sql (4.24ms)
2026/09/15 07:28:07 OK   00097_job_origin_trace.sql (1.89ms)
2026/09/15 07:28:07 OK   00098_stage_assignment_origin_trace.sql (794.54µs)
2026/09/15 07:28:07 goose: successfully migrated database to version: 98
2026/09/15 07:28:08 🐳 Stopping container: 48ecdded261a
2026/09/15 07:28:08 ✅ Container stopped: 48ecdded261a
2026/09/15 07:28:08 🐳 Terminating container: 48ecdded261a
2026/09/15 07:28:08 🚫 Container terminated: 48ecdded261a
--- PASS: TestStageWorkerAssignmentOrderIsDurableAcrossReplayAndRenewal (2.55s)
PASS
ok  	github.com/vivym/vela/internal/integration	32.169s
