=== RUN   TestCPUMockDurableStreamExactCacheCampaign
2026/09/09 00:06:07 github.com/testcontainers/testcontainers-go - Connected to docker: 
  Server Version: 28.3.2
  API Version: 1.51
  Operating System: Docker Desktop
  Total Memory: 32044 MB
  Labels:
    com.docker.desktop.address=unix:///Users/viv/Library/Containers/com.docker.docker/Data/docker-cli.sock
  Testcontainers for Go Version: v0.44.0
  Resolved Docker Host: unix:///var/run/docker.sock
  Resolved Docker Socket Path: /var/run/docker.sock
  Test SessionID: bb426348dc8f494944be13582641a0b18889a71564bf0e9487fdd7c9246b3a19
  Test ProcessID: 18dd9590-13df-4d3e-97a0-4d2070841edc
2026/09/09 00:06:07 🐳 Creating container for image postgres:17-alpine
2026/09/09 00:06:07 🐳 Creating container for image testcontainers/ryuk:0.14.0
2026/09/09 00:06:07 ✅ Container created: 4a8d85e3d926
2026/09/09 00:06:07 🐳 Starting container: 4a8d85e3d926
2026/09/09 00:06:07 ✅ Container started: 4a8d85e3d926
2026/09/09 00:06:07 ⏳ Waiting for container id 4a8d85e3d926 image: testcontainers/ryuk:0.14.0. Waiting for: all of: [log message "Started", port 8080/tcp to be listening]
2026/09/09 00:06:08 Shell not found in container
2026/09/09 00:06:08 🔔 Container is ready: 4a8d85e3d926
2026/09/09 00:06:08 ✅ Container created: 834b06f7814a
2026/09/09 00:06:08 🐳 Starting container: 834b06f7814a
2026/09/09 00:06:08 ✅ Container started: 834b06f7814a
2026/09/09 00:06:08 ⏳ Waiting for container id 834b06f7814a image: postgres:17-alpine. Waiting for: all of: [all of: [log message "database system is ready to accept connections" (occurrence: 2), port 5432/tcp to be mapped]]
2026/09/09 00:06:09 🔔 Container is ready: 834b06f7814a
2026/09/09 00:06:09 OK   00001_foundation.sql (56.5ms)
2026/09/09 00:06:09 OK   00002_worker_assignment.sql (14.74ms)
2026/09/09 00:06:09 OK   00003_worker_start.sql (2.5ms)
2026/09/09 00:06:09 OK   00004_worker_heartbeat.sql (15.65ms)
2026/09/09 00:06:09 OK   00005_execution_failure.sql (13.78ms)
2026/09/09 00:06:09 OK   00006_customer_cancellation.sql (29.01ms)
2026/09/09 00:06:09 OK   00007_artifact_finalization.sql (32.32ms)
2026/09/09 00:06:09 OK   00008_hierarchical_scheduler.sql (49.07ms)
2026/09/09 00:06:09 OK   00009_invoice_export.sql (13.37ms)
2026/09/09 00:06:09 OK   00010_profile_certification_circuit.sql (19.49ms)
2026/09/09 00:06:09 OK   00011_project_webhooks.sql (34.49ms)
2026/09/09 00:06:09 OK   00012_human_oidc_fixed_rbac.sql (25.42ms)
2026/09/09 00:06:09 OK   00013_service_principal_administration.sql (15.77ms)
2026/09/09 00:06:09 OK   00014_human_membership_administration.sql (27.94ms)
2026/09/09 00:06:09 OK   00015_organization_reporting.sql (19.19ms)
2026/09/09 00:06:09 OK   00016_project_retention_content_deletion.sql (54.6ms)
2026/09/09 00:06:09 OK   00017_platform_operator_break_glass.sql (35.82ms)
2026/09/09 00:06:09 OK   00018_finance_reconciliation.sql (16.93ms)
2026/09/09 00:06:09 OK   00019_certified_remediation.sql (22.86ms)
2026/09/09 00:06:09 OK   00020_remediation_execution_claim.sql (5.43ms)
2026/09/09 00:06:09 OK   00021_remediation_execution_dispatch.sql (2.18ms)
2026/09/09 00:06:09 OK   00022_remediation_execution_claim_replay.sql (2.07ms)
2026/09/09 00:06:09 OK   00023_fleet_controller_worker_readiness.sql (68.71ms)
2026/09/09 00:06:09 OK   00024_staging_artifact_expiry.sql (4.28ms)
2026/09/09 00:06:09 OK   00025_scheduler_inbox_receipt.sql (2.5ms)
2026/09/09 00:06:09 OK   00026_synchronous_quorum_guard.sql (1.87ms)
2026/09/09 00:06:09 OK   00027_authorized_debug_dump_lifecycle.sql (51.15ms)
2026/09/09 00:06:09 OK   00028_off_cluster_backup_retention.sql (11.86ms)
2026/09/09 00:06:09 OK   00029_artifact_backup_replication.sql (11.2ms)
2026/09/09 00:06:09 OK   00030_non_content_legal_hold.sql (22.13ms)
2026/09/09 00:06:10 OK   00031_non_content_record_expiry.sql (64.64ms)
2026/09/09 00:06:10 OK   00032_catalog_promotion_production_gates.sql (33.68ms)
2026/09/09 00:06:10 OK   00033_statistical_slo_measurement.sql (25.78ms)
2026/09/09 00:06:10 OK   00034_stage_execution_catalog.sql (57.78ms)
2026/09/09 00:06:10 OK   00035_worker_instance_residency.sql (64.78ms)
2026/09/09 00:06:10 OK   00036_stage_attempt_authority.sql (88.97ms)
2026/09/09 00:06:10 OK   00037_stage_scheduler.sql (47.44ms)
2026/09/09 00:06:10 OK   00038_stage_artifact.sql (45.33ms)
2026/09/09 00:06:10 OK   00039_stage_worker_control_authority.sql (3.36ms)
2026/09/09 00:06:10 OK   00040_stage_worker_execution.sql (20.93ms)
2026/09/09 00:06:10 OK   00041_stage_worker_operations.sql (13.5ms)
2026/09/09 00:06:10 OK   00042_stage_worker_assignment.sql (14.8ms)
2026/09/09 00:06:10 OK   00043_stage_graph_finalization.sql (6.32ms)
2026/09/09 00:06:10 OK   00044_stage_cache.sql (29.92ms)
2026/09/09 00:06:10 OK   00045_stage_graph_finalization_outputs.sql (4.83ms)
2026/09/09 00:06:10 OK   00046_stage_graph_visible_completion.sql (6.59ms)
2026/09/09 00:06:10 OK   00047_usage_cost_ledger.sql (17.82ms)
2026/09/09 00:06:10 OK   00048_stage_run_output_binding.sql (14.46ms)
2026/09/09 00:06:10 OK   00049_stage_cutover_control.sql (54.23ms)
2026/09/09 00:06:10 OK   00050_stage_graph_instantiation_dispatch.sql (17.68ms)
2026/09/09 00:06:10 OK   00051_atomic_stage_graph_admission.sql (8.68ms)
2026/09/09 00:06:10 OK   00052_stage_cutover_zero_backlog_seal.sql (19.93ms)
2026/09/09 00:06:10 OK   00053_legacy_h3_guarded_contraction.sql (14.46ms)
2026/09/09 00:06:10 OK   00054_stage_transfer_consume_destination.sql (3.29ms)
2026/09/09 00:06:10 OK   00055_h3_campaign_evidence_reader.sql (3.65ms)
2026/09/09 00:06:10 OK   00056_stage_observability_reader.sql (1ms)
2026/09/09 00:06:10 OK   00057_legacy_h3_release_contraction_gate.sql (9.69ms)
2026/09/09 00:06:10 OK   00058_legacy_h3_schema_contraction.sql (167.84ms)
2026/09/09 00:06:10 OK   00059_model_runtime_epoch_registration.sql (18.83ms)
2026/09/09 00:06:10 OK   00060_model_runtime_gang_barrier.sql (17.41ms)
2026/09/09 00:06:10 OK   00061_stage_worker_gang_authority.sql (6.07ms)
2026/09/09 00:06:10 OK   00062_stage_authority_member_identity.sql (2.57ms)
2026/09/09 00:06:10 OK   00063_h3_execution_snapshot.sql (2.85ms)
2026/09/09 00:06:10 OK   00064_model_runtime_capacity_routes.sql (11.47ms)
2026/09/09 00:06:10 OK   00065_h3_exact_cache_reconciliation.sql (10.58ms)
2026/09/09 00:06:10 OK   00066_stage_worker_control_session_capacity.sql (23.09ms)
2026/09/09 00:06:10 OK   00067_stage_scheduler_project_capacity.sql (1.93ms)
2026/09/09 00:06:10 OK   00068_stage_assignment_connector_states.sql (1.75ms)
2026/09/09 00:06:10 OK   00069_stage_transfer_server_clock.sql (4.85ms)
2026/09/09 00:06:10 OK   00070_stage_lease_expiry_recovery.sql (11.06ms)
2026/09/09 00:06:10 OK   00071_stage_artifact_lifecycle.sql (17.6ms)
2026/09/09 00:06:10 OK   00072_recovery_quiescence.sql (12.86ms)
2026/09/09 00:06:10 OK   00073_stage_cache_downstream_bindings.sql (5.9ms)
2026/09/09 00:06:10 OK   00074_job_owned_public_artifact_copies.sql (3.33ms)
2026/09/09 00:06:11 OK   00075_stage_graph_failure_terminalization.sql (19.38ms)
2026/09/09 00:06:11 OK   00076_allocation_usage_unit.sql (1.01ms)
2026/09/09 00:06:11 OK   00077_runtime_usage_receipts.sql (3.69ms)
2026/09/09 00:06:11 OK   00078_idle_stage_worker_probe.sql (4.67ms)
2026/09/09 00:06:11 OK   00079_stage_job_expiry.sql (5.94ms)
2026/09/09 00:06:11 OK   00080_stage_scheduler_snapshot_lock_order.sql (2.8ms)
2026/09/09 00:06:11 OK   00081_stage_assignment_quorum.sql (1.34ms)
2026/09/09 00:06:11 OK   00082_stage_success_storage_completion.sql (3.01ms)
2026/09/09 00:06:11 OK   00083_capacity_observation_lifecycle.sql (3.85ms)
2026/09/09 00:06:11 OK   00084_blocked_stage_worker_probe.sql (3.76ms)
2026/09/09 00:06:11 OK   00085_stage_materialization_terminal_replay.sql (2.28ms)
2026/09/09 00:06:11 OK   00086_stage_failure_terminal_replay.sql (5.57ms)
2026/09/09 00:06:11 OK   00087_stage_claim_finalization_lock_order.sql (1.82ms)
2026/09/09 00:06:11 OK   00088_stage_allocation_execution_sequence.sql (4.1ms)
2026/09/09 00:06:11 OK   00089_stage_terminal_history.sql (7.31ms)
2026/09/09 00:06:11 OK   00090_stage_assignment_content_lifecycle.sql (17.42ms)
2026/09/09 00:06:11 OK   00091_worker_journal_bootstrap.sql (16.95ms)
2026/09/09 00:06:11 OK   00092_worker_bootstrap_history.sql (1.93ms)
2026/09/09 00:06:11 OK   00093_worker_bootstrap_nonzero_scopes.sql (1.03ms)
2026/09/09 00:06:11 OK   00094_worker_bootstrap_abandonment.sql (8.96ms)
2026/09/09 00:06:11 goose: successfully migrated database to version: 94
    cpu_mock_durable_stream_campaign_test.go:35: CPU_MOCK_CAMPAIGN_START {"durable_stream":true,"exact_cache":true,"go_version":"go1.26.7","initial_budget":{"planned_jobs":2,"fixed_price_per_job_minor":1250,"initial_credit_limit_minor":2500,"currency":"CNY"},"runtime_binary_sha256":{"vela-h3-stage-mock":"2f572c2df6cf7619cb81322569acae2477dc5b8ab6a63ed646976a2a8d167ecd","vela-lab-cpu-thumbnail-mock":"763aace4542d4a443ae326ad0ab201a39832dafaf42ff6fef48a09c3282f4cce"},"source_tree_sha256":"7e9063b031d79fa854e5f06704028b384e83e04a3ea26cd5fda3a44ac13d8f3d"}
    cpu_mock_durable_stream_campaign_test.go:35: CPU_MOCK_EXACT_CACHE_RECEIPT {"admission":{"AdmissionCandidates":2,"Admitted":2,"HitCandidates":0,"Hits":0,"Skipped":0},"after_maintenance":{"observed_at":"2026-09-08T16:06:18.216018Z","queued_jobs":0,"running_jobs":0,"active_allocations":0,"active_leases":0,"reserved_storage":0,"reserved_storage_bytes":0,"materialized_stage_bytes":26638,"held_buffers":0,"visible_completions":2,"acquire_intents":6,"database_bytes":29030067,"test_process_heap_bytes":14622104,"test_process_goroutines":146,"runtime_scratch_bytes":0,"local_journal_bytes":70448,"runtime_input_bytes":0,"runtime_output_bytes":0,"runtime_watchdog_goroutines":0,"reserved_credit_minor":0,"posted_credit_minor":2500,"charges":2,"pool_active_counters":0,"active_execution_pins":0,"active_finalization_pins":0,"active_cache_pins":0,"live_cache_entries":2,"active_cache_carrying_references":2,"committed_stage_artifacts":6},"after_source":{"observed_at":"2026-09-08T16:06:16.882071Z","queued_jobs":0,"running_jobs":0,"active_allocations":0,"active_leases":0,"reserved_storage":0,"reserved_storage_bytes":0,"materialized_stage_bytes":13521,"held_buffers":0,"visible_completions":1,"acquire_intents":4,"database_bytes":28686003,"test_process_heap_bytes":18234936,"test_process_goroutines":146,"runtime_scratch_bytes":0,"local_journal_bytes":49727,"runtime_input_bytes":0,"runtime_output_bytes":0,"runtime_watchdog_goroutines":0,"reserved_credit_minor":0,"posted_credit_minor":1250,"charges":1,"pool_active_counters":0,"active_execution_pins":3,"active_finalization_pins":0,"active_cache_pins":0,"live_cache_entries":0,"active_cache_carrying_references":0,"committed_stage_artifacts":4,"processes":[{"pid":23201,"name":"integration.test","rss_bytes":230244352,"open_fds":131},{"pid":23244,"name":"h3-encoder","rss_bytes":17629184,"open_fds":12},{"pid":23246,"name":"h3-dit","rss_bytes":17612800,"open_fds":12},{"pid":23247,"name":"h3-vae-decoder","rss_bytes":17481728,"open_fds":12},{"pid":23251,"name":"vela-lab-cpu-thumbnail-mock","rss_bytes":17563648,"open_fds":12}]},"after_target":{"observed_at":"2026-09-08T16:06:18.123292Z","queued_jobs":0,"running_jobs":0,"active_allocations":0,"active_leases":0,"reserved_storage":0,"reserved_storage_bytes":0,"materialized_stage_bytes":26638,"held_buffers":1,"visible_completions":2,"acquire_intents":6,"database_bytes":29030067,"test_process_heap_bytes":12143552,"test_process_goroutines":146,"runtime_scratch_bytes":0,"local_journal_bytes":70448,"runtime_input_bytes":0,"runtime_output_bytes":0,"runtime_watchdog_goroutines":0,"reserved_credit_minor":0,"posted_credit_minor":2500,"charges":2,"pool_active_counters":0,"active_execution_pins":8,"active_finalization_pins":0,"active_cache_pins":0,"live_cache_entries":2,"active_cache_carrying_references":2,"committed_stage_artifacts":6,"processes":[{"pid":23201,"name":"integration.test","rss_bytes":233504768,"open_fds":131},{"pid":23244,"name":"h3-encoder","rss_bytes":17629184,"open_fds":12},{"pid":23246,"name":"h3-dit","rss_bytes":17612800,"open_fds":12},{"pid":23247,"name":"h3-vae-decoder","rss_bytes":19496960,"open_fds":12},{"pid":23251,"name":"vela-lab-cpu-thumbnail-mock","rss_bytes":17727488,"open_fds":12}]},"before":{"observed_at":"2026-09-08T16:06:13.923967Z","queued_jobs":0,"running_jobs":0,"active_allocations":0,"active_leases":0,"reserved_storage":0,"reserved_storage_bytes":0,"materialized_stage_bytes":0,"held_buffers":0,"visible_completions":0,"acquire_intents":0,"database_bytes":26670771,"test_process_heap_bytes":21181512,"test_process_goroutines":102,"runtime_scratch_bytes":0,"local_journal_bytes":4963,"runtime_input_bytes":0,"runtime_output_bytes":0,"runtime_watchdog_goroutines":0,"reserved_credit_minor":0,"posted_credit_minor":0,"charges":0,"pool_active_counters":0,"active_execution_pins":0,"active_finalization_pins":0,"active_cache_pins":0,"live_cache_entries":0,"active_cache_carrying_references":0,"committed_stage_artifacts":0,"processes":[{"pid":23201,"name":"integration.test","rss_bytes":201539584,"open_fds":120},{"pid":23244,"name":"h3-encoder","rss_bytes":16711680,"open_fds":12},{"pid":23246,"name":"h3-dit","rss_bytes":16596992,"open_fds":12},{"pid":23247,"name":"h3-vae-decoder","rss_bytes":16400384,"open_fds":12},{"pid":23251,"name":"vela-lab-cpu-thumbnail-mock","rss_bytes":16449536,"open_fds":12}]},"capacity_reports_by_worker":{"dit":1,"encoder":1,"thumbnail":1,"vae":1},"consumed_transfers":5,"direct_allocation_receipts":6,"durable_records_by_worker":{"dit":1,"encoder":1,"thumbnail":2,"vae":2},"durable_stream":true,"elapsed_seconds":4.34747,"evidence_class":"LOCAL_CPU_MOCK_EXACT_CACHE","exact_bindings_and_pins":[{"stage":"dit","source_artifact_id":"2170218b-3407-5088-bf64-bdab750f7222","object_version":"local-v00000000000000000002","pin_id":"a057db51-41bd-55bc-b7c8-1b7f876c14de"},{"stage":"encoder","source_artifact_id":"ce2b8336-e293-54d3-9d27-2068f7da1e66","object_version":"local-v00000000000000000001","pin_id":"9b8d87f4-57fb-5915-8e74-b1e4c72bbcf1"}],"ffprobe_version":"ffprobe version 8.0.1 Copyright (c) 2007-2025 the FFmpeg developers","go_version":"go1.26.7","hits":[{"AdmissionCandidates":0,"Admitted":0,"HitCandidates":2,"Hits":1,"Skipped":0},{"AdmissionCandidates":0,"Admitted":0,"HitCandidates":2,"Hits":1,"Skipped":0}],"initial_budget":{"planned_jobs":2,"fixed_price_per_job_minor":1250,"initial_credit_limit_minor":2500,"currency":"CNY"},"limitations":["bounded CPU mock Jobs, not sustained open-loop throughput or GPU certification","real mTLS Control stream and durable StreamAgent; Runtime gRPC and model processes are local CPU fixtures","Worker readiness/Registry setup uses fixture services; production Fleet activation, Node custody/startup and ProductionAgent orchestration are separate","lost committed responses reconstruct StreamAgent/file journal and replace mTLS transport in the same fixture session; processes remain live; production session reattachment is separate","bounded harness retries confirmed STALE Acquire results with new command IDs; production discovery orchestration is not exercised","input/output payload retirement is measured separately from retained journal metadata; history reclamation is not implemented","local exact-version object store, not remote S3; physical isolation and power-cut durability are separate","host race instrumentation does not instrument native mock subprocesses; sampled resources are not full VM peaks","BITWISE policy is a fixture declaration; native payloads, exact versions, ADMIT/HIT and billing are measured","Reconciler drives ADMIT/HIT before target Acquire; cache/scheduler races and organization isolation are separate tests"],"maintenance_result":{"RequestContentExpired":0,"ContentDeletionRequestsCreated":0,"Claimed":0,"Completed":0,"Failed":0},"production_gate":false,"replayed_commits":4,"runtime_binary_sha256":{"vela-h3-stage-mock":"2f572c2df6cf7619cb81322569acae2477dc5b8ab6a63ed646976a2a8d167ecd","vela-lab-cpu-thumbnail-mock":"763aace4542d4a443ae326ad0ab201a39832dafaf42ff6fef48a09c3282f4cce"},"schema_version":1,"source_job_id":"f5609690-86fb-4337-92d8-63241bdc2139","source_physical_stages":4,"source_tree_sha256":"7e9063b031d79fa854e5f06704028b384e83e04a3ea26cd5fda3a44ac13d8f3d","started_at":"2026-09-08T16:06:13.923965Z","target_job_id":"d15f3ed5-031f-4ef8-b0d0-915c8470d57a","target_physical_stages":2,"verified_public_copies":[{"job_id":"d15f3ed5-031f-4ef8-b0d0-915c8470d57a","kind":"VIDEO","object_key":"artifacts/00000000-0000-0000-0000-000000000001/00000000-0000-0000-0000-000000000002/d15f3ed5-031f-4ef8-b0d0-915c8470d57a/324057c0-957f-577f-8a15-8e90291080b9","object_version":"local-v00000000000000000010","sha256":"0c91cb7c0225493a7e7b0855484fd7a82baf277b9812d7954e2b8d0bb3f1ee01","size_bytes":12953},{"job_id":"f5609690-86fb-4337-92d8-63241bdc2139","kind":"VIDEO","object_key":"artifacts/00000000-0000-0000-0000-000000000001/00000000-0000-0000-0000-000000000002/f5609690-86fb-4337-92d8-63241bdc2139/0655ecb0-b769-58ff-821a-afd80e4b41b8","object_version":"local-v00000000000000000006","sha256":"0c91cb7c0225493a7e7b0855484fd7a82baf277b9812d7954e2b8d0bb3f1ee01","size_bytes":12953},{"job_id":"d15f3ed5-031f-4ef8-b0d0-915c8470d57a","kind":"THUMBNAIL","object_key":"artifacts/00000000-0000-0000-0000-000000000001/00000000-0000-0000-0000-000000000002/d15f3ed5-031f-4ef8-b0d0-915c8470d57a/3d75893f-91d8-52b6-a9b0-a174230a8f23","object_version":"local-v00000000000000000009","sha256":"4a5bebd434087d98bcc98e7c7f52a81e842b740800acd5e212de905b12282a58","size_bytes":164},{"job_id":"f5609690-86fb-4337-92d8-63241bdc2139","kind":"THUMBNAIL","object_key":"artifacts/00000000-0000-0000-0000-000000000001/00000000-0000-0000-0000-000000000002/f5609690-86fb-4337-92d8-63241bdc2139/f4a1e3c0-3186-54ba-a941-17197ebcfe59","object_version":"local-v00000000000000000005","sha256":"4a5bebd434087d98bcc98e7c7f52a81e842b740800acd5e212de905b12282a58","size_bytes":164}]}
2026/09/09 00:06:18 🐳 Stopping container: 834b06f7814a
2026/09/09 00:06:18 ✅ Container stopped: 834b06f7814a
2026/09/09 00:06:18 🐳 Terminating container: 834b06f7814a
2026/09/09 00:06:18 🚫 Container terminated: 834b06f7814a
--- PASS: TestCPUMockDurableStreamExactCacheCampaign (12.08s)
=== RUN   TestCPUMockExactCacheSourceTargetCampaign
2026/09/09 00:06:19 🐳 Creating container for image postgres:17-alpine
2026/09/09 00:06:19 ✅ Container created: 1e1a24ee65ca
2026/09/09 00:06:19 🐳 Starting container: 1e1a24ee65ca
2026/09/09 00:06:19 ✅ Container started: 1e1a24ee65ca
2026/09/09 00:06:19 ⏳ Waiting for container id 1e1a24ee65ca image: postgres:17-alpine. Waiting for: all of: [all of: [log message "database system is ready to accept connections" (occurrence: 2), port 5432/tcp to be mapped]]
2026/09/09 00:06:20 🔔 Container is ready: 1e1a24ee65ca
2026/09/09 00:06:20 OK   00001_foundation.sql (57.26ms)
2026/09/09 00:06:20 OK   00002_worker_assignment.sql (14.7ms)
2026/09/09 00:06:20 OK   00003_worker_start.sql (3.08ms)
2026/09/09 00:06:20 OK   00004_worker_heartbeat.sql (15.48ms)
2026/09/09 00:06:20 OK   00005_execution_failure.sql (14.76ms)
2026/09/09 00:06:20 OK   00006_customer_cancellation.sql (28.75ms)
2026/09/09 00:06:20 OK   00007_artifact_finalization.sql (33ms)
2026/09/09 00:06:20 OK   00008_hierarchical_scheduler.sql (50.23ms)
2026/09/09 00:06:20 OK   00009_invoice_export.sql (13.19ms)
2026/09/09 00:06:20 OK   00010_profile_certification_circuit.sql (20.71ms)
2026/09/09 00:06:20 OK   00011_project_webhooks.sql (34.31ms)
2026/09/09 00:06:21 OK   00012_human_oidc_fixed_rbac.sql (26.08ms)
2026/09/09 00:06:21 OK   00013_service_principal_administration.sql (16.12ms)
2026/09/09 00:06:21 OK   00014_human_membership_administration.sql (27.81ms)
2026/09/09 00:06:21 OK   00015_organization_reporting.sql (17.97ms)
2026/09/09 00:06:21 OK   00016_project_retention_content_deletion.sql (52.69ms)
2026/09/09 00:06:21 OK   00017_platform_operator_break_glass.sql (34.83ms)
2026/09/09 00:06:21 OK   00018_finance_reconciliation.sql (16.4ms)
2026/09/09 00:06:21 OK   00019_certified_remediation.sql (22.61ms)
2026/09/09 00:06:21 OK   00020_remediation_execution_claim.sql (5.48ms)
2026/09/09 00:06:21 OK   00021_remediation_execution_dispatch.sql (2.07ms)
2026/09/09 00:06:21 OK   00022_remediation_execution_claim_replay.sql (2.38ms)
2026/09/09 00:06:21 OK   00023_fleet_controller_worker_readiness.sql (68.36ms)
2026/09/09 00:06:21 OK   00024_staging_artifact_expiry.sql (3.83ms)
2026/09/09 00:06:21 OK   00025_scheduler_inbox_receipt.sql (2.37ms)
2026/09/09 00:06:21 OK   00026_synchronous_quorum_guard.sql (2.06ms)
2026/09/09 00:06:21 OK   00027_authorized_debug_dump_lifecycle.sql (47.85ms)
2026/09/09 00:06:21 OK   00028_off_cluster_backup_retention.sql (11.88ms)
2026/09/09 00:06:21 OK   00029_artifact_backup_replication.sql (11.4ms)
2026/09/09 00:06:21 OK   00030_non_content_legal_hold.sql (22.23ms)
2026/09/09 00:06:21 OK   00031_non_content_record_expiry.sql (64.17ms)
2026/09/09 00:06:21 OK   00032_catalog_promotion_production_gates.sql (33.51ms)
2026/09/09 00:06:21 OK   00033_statistical_slo_measurement.sql (26.14ms)
2026/09/09 00:06:21 OK   00034_stage_execution_catalog.sql (57.99ms)
2026/09/09 00:06:21 OK   00035_worker_instance_residency.sql (67.58ms)
2026/09/09 00:06:21 OK   00036_stage_attempt_authority.sql (95.41ms)
2026/09/09 00:06:21 OK   00037_stage_scheduler.sql (48.19ms)
2026/09/09 00:06:21 OK   00038_stage_artifact.sql (49.25ms)
2026/09/09 00:06:21 OK   00039_stage_worker_control_authority.sql (4.01ms)
2026/09/09 00:06:21 OK   00040_stage_worker_execution.sql (21.3ms)
2026/09/09 00:06:21 OK   00041_stage_worker_operations.sql (14.09ms)
2026/09/09 00:06:21 OK   00042_stage_worker_assignment.sql (16.02ms)
2026/09/09 00:06:21 OK   00043_stage_graph_finalization.sql (7.14ms)
2026/09/09 00:06:21 OK   00044_stage_cache.sql (30.45ms)
2026/09/09 00:06:21 OK   00045_stage_graph_finalization_outputs.sql (5.36ms)
2026/09/09 00:06:21 OK   00046_stage_graph_visible_completion.sql (6.72ms)
2026/09/09 00:06:21 OK   00047_usage_cost_ledger.sql (17.98ms)
2026/09/09 00:06:21 OK   00048_stage_run_output_binding.sql (15.42ms)
2026/09/09 00:06:22 OK   00049_stage_cutover_control.sql (55.59ms)
2026/09/09 00:06:22 OK   00050_stage_graph_instantiation_dispatch.sql (19.19ms)
2026/09/09 00:06:22 OK   00051_atomic_stage_graph_admission.sql (9.16ms)
2026/09/09 00:06:22 OK   00052_stage_cutover_zero_backlog_seal.sql (20.11ms)
2026/09/09 00:06:22 OK   00053_legacy_h3_guarded_contraction.sql (14.49ms)
2026/09/09 00:06:22 OK   00054_stage_transfer_consume_destination.sql (3.56ms)
2026/09/09 00:06:22 OK   00055_h3_campaign_evidence_reader.sql (3.78ms)
2026/09/09 00:06:22 OK   00056_stage_observability_reader.sql (844.96µs)
2026/09/09 00:06:22 OK   00057_legacy_h3_release_contraction_gate.sql (9.54ms)
2026/09/09 00:06:22 OK   00058_legacy_h3_schema_contraction.sql (171.27ms)
2026/09/09 00:06:22 OK   00059_model_runtime_epoch_registration.sql (18.08ms)
2026/09/09 00:06:22 OK   00060_model_runtime_gang_barrier.sql (17.16ms)
2026/09/09 00:06:22 OK   00061_stage_worker_gang_authority.sql (5.6ms)
2026/09/09 00:06:22 OK   00062_stage_authority_member_identity.sql (2.6ms)
2026/09/09 00:06:22 OK   00063_h3_execution_snapshot.sql (3.05ms)
2026/09/09 00:06:22 OK   00064_model_runtime_capacity_routes.sql (11.4ms)
2026/09/09 00:06:22 OK   00065_h3_exact_cache_reconciliation.sql (10.53ms)
2026/09/09 00:06:22 OK   00066_stage_worker_control_session_capacity.sql (23.27ms)
2026/09/09 00:06:22 OK   00067_stage_scheduler_project_capacity.sql (1.95ms)
2026/09/09 00:06:22 OK   00068_stage_assignment_connector_states.sql (1.62ms)
2026/09/09 00:06:22 OK   00069_stage_transfer_server_clock.sql (4.55ms)
2026/09/09 00:06:22 OK   00070_stage_lease_expiry_recovery.sql (11.07ms)
2026/09/09 00:06:22 OK   00071_stage_artifact_lifecycle.sql (17.23ms)
2026/09/09 00:06:22 OK   00072_recovery_quiescence.sql (12.76ms)
2026/09/09 00:06:22 OK   00073_stage_cache_downstream_bindings.sql (5.37ms)
2026/09/09 00:06:22 OK   00074_job_owned_public_artifact_copies.sql (3.31ms)
2026/09/09 00:06:22 OK   00075_stage_graph_failure_terminalization.sql (19.2ms)
2026/09/09 00:06:22 OK   00076_allocation_usage_unit.sql (833.71µs)
2026/09/09 00:06:22 OK   00077_runtime_usage_receipts.sql (3.75ms)
2026/09/09 00:06:22 OK   00078_idle_stage_worker_probe.sql (5.14ms)
2026/09/09 00:06:22 OK   00079_stage_job_expiry.sql (6.11ms)
2026/09/09 00:06:22 OK   00080_stage_scheduler_snapshot_lock_order.sql (2.92ms)
2026/09/09 00:06:22 OK   00081_stage_assignment_quorum.sql (1.43ms)
2026/09/09 00:06:22 OK   00082_stage_success_storage_completion.sql (3.4ms)
2026/09/09 00:06:22 OK   00083_capacity_observation_lifecycle.sql (4.09ms)
2026/09/09 00:06:22 OK   00084_blocked_stage_worker_probe.sql (3.77ms)
2026/09/09 00:06:22 OK   00085_stage_materialization_terminal_replay.sql (2.35ms)
2026/09/09 00:06:22 OK   00086_stage_failure_terminal_replay.sql (5.86ms)
2026/09/09 00:06:22 OK   00087_stage_claim_finalization_lock_order.sql (2.35ms)
2026/09/09 00:06:22 OK   00088_stage_allocation_execution_sequence.sql (4.14ms)
2026/09/09 00:06:22 OK   00089_stage_terminal_history.sql (8.43ms)
2026/09/09 00:06:22 OK   00090_stage_assignment_content_lifecycle.sql (18.59ms)
2026/09/09 00:06:22 OK   00091_worker_journal_bootstrap.sql (17.75ms)
2026/09/09 00:06:22 OK   00092_worker_bootstrap_history.sql (2.92ms)
2026/09/09 00:06:22 OK   00093_worker_bootstrap_nonzero_scopes.sql (1.12ms)
2026/09/09 00:06:22 OK   00094_worker_bootstrap_abandonment.sql (10.53ms)
2026/09/09 00:06:22 goose: successfully migrated database to version: 94
    cpu_mock_exact_cache_campaign_test.go:24: CPU_MOCK_CAMPAIGN_START {"durable_stream":false,"exact_cache":true,"go_version":"go1.26.7","initial_budget":{"planned_jobs":2,"fixed_price_per_job_minor":1250,"initial_credit_limit_minor":2500,"currency":"CNY"},"runtime_binary_sha256":{"vela-h3-stage-mock":"2f572c2df6cf7619cb81322569acae2477dc5b8ab6a63ed646976a2a8d167ecd","vela-lab-cpu-thumbnail-mock":"763aace4542d4a443ae326ad0ab201a39832dafaf42ff6fef48a09c3282f4cce"},"source_tree_sha256":"7e9063b031d79fa854e5f06704028b384e83e04a3ea26cd5fda3a44ac13d8f3d"}
    cpu_mock_exact_cache_campaign_test.go:24: CPU_MOCK_EXACT_CACHE_RECEIPT {"admission":{"AdmissionCandidates":2,"Admitted":2,"HitCandidates":0,"Hits":0,"Skipped":0},"after_maintenance":{"observed_at":"2026-09-08T16:06:25.39854Z","queued_jobs":0,"running_jobs":0,"active_allocations":0,"active_leases":0,"reserved_storage":0,"reserved_storage_bytes":0,"materialized_stage_bytes":26638,"held_buffers":0,"visible_completions":2,"acquire_intents":6,"database_bytes":29021875,"test_process_heap_bytes":13327472,"test_process_goroutines":92,"runtime_scratch_bytes":0,"runtime_input_bytes":0,"runtime_output_bytes":0,"runtime_watchdog_goroutines":0,"reserved_credit_minor":0,"posted_credit_minor":2500,"charges":2,"pool_active_counters":0,"active_execution_pins":0,"active_finalization_pins":0,"active_cache_pins":0,"live_cache_entries":2,"active_cache_carrying_references":2,"committed_stage_artifacts":6},"after_source":{"observed_at":"2026-09-08T16:06:24.817447Z","queued_jobs":0,"running_jobs":0,"active_allocations":0,"active_leases":0,"reserved_storage":0,"reserved_storage_bytes":0,"materialized_stage_bytes":13521,"held_buffers":0,"visible_completions":1,"acquire_intents":4,"database_bytes":28686003,"test_process_heap_bytes":14860328,"test_process_goroutines":92,"runtime_scratch_bytes":0,"runtime_input_bytes":0,"runtime_output_bytes":0,"runtime_watchdog_goroutines":0,"reserved_credit_minor":0,"posted_credit_minor":1250,"charges":1,"pool_active_counters":0,"active_execution_pins":3,"active_finalization_pins":0,"active_cache_pins":0,"live_cache_entries":0,"active_cache_carrying_references":0,"committed_stage_artifacts":4,"processes":[{"pid":23201,"name":"integration.test","rss_bytes":264159232,"open_fds":87},{"pid":23291,"name":"h3-encoder","rss_bytes":17104896,"open_fds":12},{"pid":23292,"name":"h3-dit","rss_bytes":17022976,"open_fds":12},{"pid":23293,"name":"h3-vae-decoder","rss_bytes":17072128,"open_fds":12},{"pid":23294,"name":"vela-lab-cpu-thumbnail-mock","rss_bytes":17530880,"open_fds":12}]},"after_target":{"observed_at":"2026-09-08T16:06:25.308417Z","queued_jobs":0,"running_jobs":0,"active_allocations":0,"active_leases":0,"reserved_storage":0,"reserved_storage_bytes":0,"materialized_stage_bytes":26638,"held_buffers":1,"visible_completions":2,"acquire_intents":6,"database_bytes":29021875,"test_process_heap_bytes":11108952,"test_process_goroutines":92,"runtime_scratch_bytes":0,"runtime_input_bytes":0,"runtime_output_bytes":0,"runtime_watchdog_goroutines":0,"reserved_credit_minor":0,"posted_credit_minor":2500,"charges":2,"pool_active_counters":0,"active_execution_pins":8,"active_finalization_pins":0,"active_cache_pins":0,"live_cache_entries":2,"active_cache_carrying_references":2,"committed_stage_artifacts":6,"processes":[{"pid":23201,"name":"integration.test","rss_bytes":264093696,"open_fds":87},{"pid":23291,"name":"h3-encoder","rss_bytes":17104896,"open_fds":12},{"pid":23292,"name":"h3-dit","rss_bytes":17022976,"open_fds":12},{"pid":23293,"name":"h3-vae-decoder","rss_bytes":17219584,"open_fds":12},{"pid":23294,"name":"vela-lab-cpu-thumbnail-mock","rss_bytes":17743872,"open_fds":12}]},"before":{"observed_at":"2026-09-08T16:06:23.922539Z","queued_jobs":0,"running_jobs":0,"active_allocations":0,"active_leases":0,"reserved_storage":0,"reserved_storage_bytes":0,"materialized_stage_bytes":0,"held_buffers":0,"visible_completions":0,"acquire_intents":0,"database_bytes":26670771,"test_process_heap_bytes":23153928,"test_process_goroutines":68,"runtime_scratch_bytes":0,"runtime_input_bytes":0,"runtime_output_bytes":0,"runtime_watchdog_goroutines":0,"reserved_credit_minor":0,"posted_credit_minor":0,"charges":0,"pool_active_counters":0,"active_execution_pins":0,"active_finalization_pins":0,"active_cache_pins":0,"live_cache_entries":0,"active_cache_carrying_references":0,"committed_stage_artifacts":0,"processes":[{"pid":23201,"name":"integration.test","rss_bytes":264126464,"open_fds":76},{"pid":23291,"name":"h3-encoder","rss_bytes":16416768,"open_fds":12},{"pid":23292,"name":"h3-dit","rss_bytes":16285696,"open_fds":12},{"pid":23293,"name":"h3-vae-decoder","rss_bytes":16302080,"open_fds":12},{"pid":23294,"name":"vela-lab-cpu-thumbnail-mock","rss_bytes":16695296,"open_fds":12}]},"capacity_reports_by_worker":{"dit":1,"encoder":1,"thumbnail":1,"vae":1},"consumed_transfers":5,"direct_allocation_receipts":6,"elapsed_seconds":1.5281099999999999,"evidence_class":"LOCAL_CPU_MOCK_EXACT_CACHE","exact_bindings_and_pins":[{"stage":"dit","source_artifact_id":"fbf3348b-09d9-46e7-8adc-717deaf51804","object_version":"local-v00000000000000000002","pin_id":"9254abdf-d65b-5e0f-aa76-9f0fb6ae9f91"},{"stage":"encoder","source_artifact_id":"945cd24d-c3eb-4449-88a8-5ebec8d0be34","object_version":"local-v00000000000000000001","pin_id":"d10be43e-fa63-5602-b558-310d959ae2ed"}],"ffprobe_version":"ffprobe version 8.0.1 Copyright (c) 2007-2025 the FFmpeg developers","go_version":"go1.26.7","hits":[{"AdmissionCandidates":0,"Admitted":0,"HitCandidates":2,"Hits":1,"Skipped":0},{"AdmissionCandidates":0,"Admitted":0,"HitCandidates":2,"Hits":1,"Skipped":0}],"initial_budget":{"planned_jobs":2,"fixed_price_per_job_minor":1250,"initial_credit_limit_minor":2500,"currency":"CNY"},"limitations":["CPU mock, local exact-version store and loopback Runtime gRPC; no real H3/GPU or Production Gate evidence","public Go control services and low-level agent; production stream handler/journal replay is covered by separate tests","BITWISE equivalence/policy are static fixture catalog declarations; native mock payloads and ADMIT/HIT outcomes are measured","Project cache remains enabled with two admitted entries; cache carrying history is retained","Reconciler drives real ADMIT/HIT before target physical Acquire; this does not benchmark a cache/scheduler race","real ffprobe verifies media; host execution does not prove Linux sandboxing; native subprocesses are not race-instrumented"],"maintenance_result":{"RequestContentExpired":0,"ContentDeletionRequestsCreated":0,"Claimed":0,"Completed":0,"Failed":0},"production_gate":false,"runtime_binary_sha256":{"vela-h3-stage-mock":"2f572c2df6cf7619cb81322569acae2477dc5b8ab6a63ed646976a2a8d167ecd","vela-lab-cpu-thumbnail-mock":"763aace4542d4a443ae326ad0ab201a39832dafaf42ff6fef48a09c3282f4cce"},"schema_version":1,"source_job_id":"951c5f87-d11c-4e0b-8378-4832f7dba8ca","source_physical_stages":4,"source_tree_sha256":"7e9063b031d79fa854e5f06704028b384e83e04a3ea26cd5fda3a44ac13d8f3d","started_at":"2026-09-08T16:06:23.922535Z","target_job_id":"ee01f31d-30f5-473e-99a0-05ae9b602aec","target_physical_stages":2,"verified_public_copies":[{"job_id":"951c5f87-d11c-4e0b-8378-4832f7dba8ca","kind":"VIDEO","object_key":"artifacts/00000000-0000-0000-0000-000000000001/00000000-0000-0000-0000-000000000002/951c5f87-d11c-4e0b-8378-4832f7dba8ca/5b955a22-b81c-5919-b4a7-970958ed1ac2","object_version":"local-v00000000000000000006","sha256":"0c91cb7c0225493a7e7b0855484fd7a82baf277b9812d7954e2b8d0bb3f1ee01","size_bytes":12953},{"job_id":"ee01f31d-30f5-473e-99a0-05ae9b602aec","kind":"VIDEO","object_key":"artifacts/00000000-0000-0000-0000-000000000001/00000000-0000-0000-0000-000000000002/ee01f31d-30f5-473e-99a0-05ae9b602aec/6e3f1308-db91-5541-8d7e-792ccf8c665a","object_version":"local-v00000000000000000010","sha256":"0c91cb7c0225493a7e7b0855484fd7a82baf277b9812d7954e2b8d0bb3f1ee01","size_bytes":12953},{"job_id":"951c5f87-d11c-4e0b-8378-4832f7dba8ca","kind":"THUMBNAIL","object_key":"artifacts/00000000-0000-0000-0000-000000000001/00000000-0000-0000-0000-000000000002/951c5f87-d11c-4e0b-8378-4832f7dba8ca/6c897d70-fdca-5ec9-91ef-4a63513be6cc","object_version":"local-v00000000000000000005","sha256":"4a5bebd434087d98bcc98e7c7f52a81e842b740800acd5e212de905b12282a58","size_bytes":164},{"job_id":"ee01f31d-30f5-473e-99a0-05ae9b602aec","kind":"THUMBNAIL","object_key":"artifacts/00000000-0000-0000-0000-000000000001/00000000-0000-0000-0000-000000000002/ee01f31d-30f5-473e-99a0-05ae9b602aec/405bde96-2e58-58c7-b6ff-b91136fcca81","object_version":"local-v00000000000000000009","sha256":"4a5bebd434087d98bcc98e7c7f52a81e842b740800acd5e212de905b12282a58","size_bytes":164}]}
2026/09/09 00:06:25 🐳 Stopping container: 1e1a24ee65ca
2026/09/09 00:06:25 ✅ Container stopped: 1e1a24ee65ca
2026/09/09 00:06:25 🐳 Terminating container: 1e1a24ee65ca
2026/09/09 00:06:25 🚫 Container terminated: 1e1a24ee65ca
--- PASS: TestCPUMockExactCacheSourceTargetCampaign (7.20s)
=== RUN   TestCPUMockProductionLoopClockOffsetCampaign
2026/09/09 00:06:26 🐳 Creating container for image postgres:17-alpine
2026/09/09 00:06:26 ✅ Container created: 5fd2e5051669
2026/09/09 00:06:26 🐳 Starting container: 5fd2e5051669
2026/09/09 00:06:27 ✅ Container started: 5fd2e5051669
2026/09/09 00:06:27 ⏳ Waiting for container id 5fd2e5051669 image: postgres:17-alpine. Waiting for: all of: [all of: [log message "database system is ready to accept connections" (occurrence: 2), port 5432/tcp to be mapped]]
2026/09/09 00:06:27 🔔 Container is ready: 5fd2e5051669
2026/09/09 00:06:28 OK   00001_foundation.sql (59.24ms)
2026/09/09 00:06:28 OK   00002_worker_assignment.sql (14.32ms)
2026/09/09 00:06:28 OK   00003_worker_start.sql (2.67ms)
2026/09/09 00:06:28 OK   00004_worker_heartbeat.sql (14.91ms)
2026/09/09 00:06:28 OK   00005_execution_failure.sql (13.86ms)
2026/09/09 00:06:28 OK   00006_customer_cancellation.sql (28.49ms)
2026/09/09 00:06:28 OK   00007_artifact_finalization.sql (32.39ms)
2026/09/09 00:06:28 OK   00008_hierarchical_scheduler.sql (50.27ms)
2026/09/09 00:06:28 OK   00009_invoice_export.sql (13.39ms)
2026/09/09 00:06:28 OK   00010_profile_certification_circuit.sql (19.29ms)
2026/09/09 00:06:28 OK   00011_project_webhooks.sql (34.22ms)
2026/09/09 00:06:28 OK   00012_human_oidc_fixed_rbac.sql (27.1ms)
2026/09/09 00:06:28 OK   00013_service_principal_administration.sql (15.59ms)
2026/09/09 00:06:28 OK   00014_human_membership_administration.sql (27.5ms)
2026/09/09 00:06:28 OK   00015_organization_reporting.sql (18.44ms)
2026/09/09 00:06:28 OK   00016_project_retention_content_deletion.sql (52.21ms)
2026/09/09 00:06:28 OK   00017_platform_operator_break_glass.sql (34.84ms)
2026/09/09 00:06:28 OK   00018_finance_reconciliation.sql (16.63ms)
2026/09/09 00:06:28 OK   00019_certified_remediation.sql (22.28ms)
2026/09/09 00:06:28 OK   00020_remediation_execution_claim.sql (5.35ms)
2026/09/09 00:06:28 OK   00021_remediation_execution_dispatch.sql (2.01ms)
2026/09/09 00:06:28 OK   00022_remediation_execution_claim_replay.sql (2.11ms)
2026/09/09 00:06:28 OK   00023_fleet_controller_worker_readiness.sql (69.04ms)
2026/09/09 00:06:28 OK   00024_staging_artifact_expiry.sql (4.08ms)
2026/09/09 00:06:28 OK   00025_scheduler_inbox_receipt.sql (2.59ms)
2026/09/09 00:06:28 OK   00026_synchronous_quorum_guard.sql (1.8ms)
2026/09/09 00:06:28 OK   00027_authorized_debug_dump_lifecycle.sql (52.39ms)
2026/09/09 00:06:28 OK   00028_off_cluster_backup_retention.sql (12.17ms)
2026/09/09 00:06:28 OK   00029_artifact_backup_replication.sql (11.86ms)
2026/09/09 00:06:28 OK   00030_non_content_legal_hold.sql (22.66ms)
2026/09/09 00:06:28 OK   00031_non_content_record_expiry.sql (66.28ms)
2026/09/09 00:06:28 OK   00032_catalog_promotion_production_gates.sql (34.68ms)
2026/09/09 00:06:28 OK   00033_statistical_slo_measurement.sql (27.45ms)
2026/09/09 00:06:28 OK   00034_stage_execution_catalog.sql (58.3ms)
2026/09/09 00:06:28 OK   00035_worker_instance_residency.sql (71.07ms)
2026/09/09 00:06:29 OK   00036_stage_attempt_authority.sql (95.52ms)
2026/09/09 00:06:29 OK   00037_stage_scheduler.sql (48.88ms)
2026/09/09 00:06:29 OK   00038_stage_artifact.sql (47.38ms)
2026/09/09 00:06:29 OK   00039_stage_worker_control_authority.sql (3.66ms)
2026/09/09 00:06:29 OK   00040_stage_worker_execution.sql (20.47ms)
2026/09/09 00:06:29 OK   00041_stage_worker_operations.sql (14.41ms)
2026/09/09 00:06:29 OK   00042_stage_worker_assignment.sql (15.1ms)
2026/09/09 00:06:29 OK   00043_stage_graph_finalization.sql (6.69ms)
2026/09/09 00:06:29 OK   00044_stage_cache.sql (32.07ms)
2026/09/09 00:06:29 OK   00045_stage_graph_finalization_outputs.sql (5.34ms)
2026/09/09 00:06:29 OK   00046_stage_graph_visible_completion.sql (6.66ms)
2026/09/09 00:06:29 OK   00047_usage_cost_ledger.sql (18.05ms)
2026/09/09 00:06:29 OK   00048_stage_run_output_binding.sql (14.6ms)
2026/09/09 00:06:29 OK   00049_stage_cutover_control.sql (54.47ms)
2026/09/09 00:06:29 OK   00050_stage_graph_instantiation_dispatch.sql (18.39ms)
2026/09/09 00:06:29 OK   00051_atomic_stage_graph_admission.sql (8.92ms)
2026/09/09 00:06:29 OK   00052_stage_cutover_zero_backlog_seal.sql (20.06ms)
2026/09/09 00:06:29 OK   00053_legacy_h3_guarded_contraction.sql (14.28ms)
2026/09/09 00:06:29 OK   00054_stage_transfer_consume_destination.sql (3.18ms)
2026/09/09 00:06:29 OK   00055_h3_campaign_evidence_reader.sql (3.93ms)
2026/09/09 00:06:29 OK   00056_stage_observability_reader.sql (940µs)
2026/09/09 00:06:29 OK   00057_legacy_h3_release_contraction_gate.sql (9.56ms)
2026/09/09 00:06:29 OK   00058_legacy_h3_schema_contraction.sql (171.48ms)
2026/09/09 00:06:29 OK   00059_model_runtime_epoch_registration.sql (20.32ms)
2026/09/09 00:06:29 OK   00060_model_runtime_gang_barrier.sql (17.58ms)
2026/09/09 00:06:29 OK   00061_stage_worker_gang_authority.sql (6.04ms)
2026/09/09 00:06:29 OK   00062_stage_authority_member_identity.sql (2.67ms)
2026/09/09 00:06:29 OK   00063_h3_execution_snapshot.sql (3.16ms)
2026/09/09 00:06:29 OK   00064_model_runtime_capacity_routes.sql (12.37ms)
2026/09/09 00:06:29 OK   00065_h3_exact_cache_reconciliation.sql (11.03ms)
2026/09/09 00:06:29 OK   00066_stage_worker_control_session_capacity.sql (24.04ms)
2026/09/09 00:06:29 OK   00067_stage_scheduler_project_capacity.sql (2.21ms)
2026/09/09 00:06:29 OK   00068_stage_assignment_connector_states.sql (3.32ms)
2026/09/09 00:06:29 OK   00069_stage_transfer_server_clock.sql (5.54ms)
2026/09/09 00:06:29 OK   00070_stage_lease_expiry_recovery.sql (11.48ms)
2026/09/09 00:06:29 OK   00071_stage_artifact_lifecycle.sql (17.06ms)
2026/09/09 00:06:29 OK   00072_recovery_quiescence.sql (13.02ms)
2026/09/09 00:06:29 OK   00073_stage_cache_downstream_bindings.sql (5.57ms)
2026/09/09 00:06:29 OK   00074_job_owned_public_artifact_copies.sql (3.33ms)
2026/09/09 00:06:29 OK   00075_stage_graph_failure_terminalization.sql (20.3ms)
2026/09/09 00:06:29 OK   00076_allocation_usage_unit.sql (812.08µs)
2026/09/09 00:06:29 OK   00077_runtime_usage_receipts.sql (4.93ms)
2026/09/09 00:06:29 OK   00078_idle_stage_worker_probe.sql (5.02ms)
2026/09/09 00:06:29 OK   00079_stage_job_expiry.sql (5.81ms)
2026/09/09 00:06:29 OK   00080_stage_scheduler_snapshot_lock_order.sql (3.11ms)
2026/09/09 00:06:29 OK   00081_stage_assignment_quorum.sql (1.83ms)
2026/09/09 00:06:29 OK   00082_stage_success_storage_completion.sql (3.06ms)
2026/09/09 00:06:29 OK   00083_capacity_observation_lifecycle.sql (4.1ms)
2026/09/09 00:06:29 OK   00084_blocked_stage_worker_probe.sql (3.74ms)
2026/09/09 00:06:29 OK   00085_stage_materialization_terminal_replay.sql (2.47ms)
2026/09/09 00:06:29 OK   00086_stage_failure_terminal_replay.sql (5.51ms)
2026/09/09 00:06:29 OK   00087_stage_claim_finalization_lock_order.sql (2.09ms)
2026/09/09 00:06:29 OK   00088_stage_allocation_execution_sequence.sql (4.52ms)
2026/09/09 00:06:29 OK   00089_stage_terminal_history.sql (8.07ms)
2026/09/09 00:06:29 OK   00090_stage_assignment_content_lifecycle.sql (18.92ms)
2026/09/09 00:06:29 OK   00091_worker_journal_bootstrap.sql (18.72ms)
2026/09/09 00:06:29 OK   00092_worker_bootstrap_history.sql (2.03ms)
2026/09/09 00:06:29 OK   00093_worker_bootstrap_nonzero_scopes.sql (1.05ms)
2026/09/09 00:06:29 OK   00094_worker_bootstrap_abandonment.sql (10.51ms)
2026/09/09 00:06:29 goose: successfully migrated database to version: 94
    cpu_mock_production_loop_campaign_test.go:23: CPU_MOCK_CAMPAIGN_START {"durable_stream":true,"exact_cache":false,"go_version":"go1.26.7","initial_budget":{"planned_jobs":16,"fixed_price_per_job_minor":1250,"initial_credit_limit_minor":20000,"currency":"CNY"},"runtime_binary_sha256":{"vela-h3-stage-mock":"2f572c2df6cf7619cb81322569acae2477dc5b8ab6a63ed646976a2a8d167ecd","vela-lab-cpu-thumbnail-mock":"763aace4542d4a443ae326ad0ab201a39832dafaf42ff6fef48a09c3282f4cce"},"source_tree_sha256":"7e9063b031d79fa854e5f06704028b384e83e04a3ea26cd5fda3a44ac13d8f3d"}
    cpu_mock_production_loop_campaign_test.go:90: encoder production retry resume-materialization: commit durable StageArtifact: rpc error: code = AlreadyExists desc = Stage Worker request identity is duplicated
    cpu_mock_production_loop_campaign_test.go:90: dit production retry resume-materialization: commit durable StageArtifact: rpc error: code = AlreadyExists desc = Stage Worker request identity is duplicated
    cpu_mock_production_loop_campaign_test.go:90: vae production retry resume-materialization: commit durable StageArtifact: rpc error: code = AlreadyExists desc = Stage Worker request identity is duplicated
    cpu_mock_production_loop_campaign_test.go:90: thumbnail production retry resume-materialization: commit durable StageArtifact: rpc error: code = AlreadyExists desc = Stage Worker request identity is duplicated
    cpu_mock_production_loop_campaign_test.go:23: CPU_MOCK_LOAD_WAVE 1 {ObservedAt:2026-09-08 16:06:45.345573 +0000 UTC Queued:0 Running:0 ActiveAllocations:0 ActiveLeases:0 ReservedStorage:0 ReservedBytes:0 MaterializedBytes:108168 HeldBuffers:0 Completed:8 AcquireIntents:34 DatabaseBytes:29996723 HeapBytes:24045664 Goroutines:155 ScratchBytes:0 JournalBytes:332571 InputBytes:0 OutputBytes:0 RuntimeWatchdogs:0 ReservedCredit:0 PostedCredit:10000 Charges:8 PoolCounters:0 ExecutionPins:24 FinalizationPins:0 CachePins:0 CacheEntries:0 CacheCarryingRefs:0 CommittedObjects:32 Processes:[{PID:23201 Name:integration.test RSSBytes:291307520 OpenFDs:151} {PID:23373 Name:h3-encoder RSSBytes:20103168 OpenFDs:12} {PID:23374 Name:h3-dit RSSBytes:19218432 OpenFDs:12} {PID:23375 Name:h3-vae-decoder RSSBytes:20348928 OpenFDs:12} {PID:23376 Name:vela-lab-cpu-thumbnail-mock RSSBytes:19808256 OpenFDs:12}]}
    cpu_mock_production_loop_campaign_test.go:23: CPU_MOCK_LOAD_WAVE 2 {ObservedAt:2026-09-08 16:06:59.952366 +0000 UTC Queued:0 Running:0 ActiveAllocations:0 ActiveLeases:0 ReservedStorage:0 ReservedBytes:0 MaterializedBytes:216336 HeldBuffers:0 Completed:16 AcquireIntents:67 DatabaseBytes:32154127 HeapBytes:23657720 Goroutines:155 ScratchBytes:0 JournalBytes:654755 InputBytes:0 OutputBytes:0 RuntimeWatchdogs:0 ReservedCredit:0 PostedCredit:20000 Charges:16 PoolCounters:0 ExecutionPins:24 FinalizationPins:0 CachePins:0 CacheEntries:0 CacheCarryingRefs:0 CommittedObjects:64 Processes:[{PID:23201 Name:integration.test RSSBytes:300761088 OpenFDs:151} {PID:23373 Name:h3-encoder RSSBytes:20824064 OpenFDs:12} {PID:23374 Name:h3-dit RSSBytes:20594688 OpenFDs:12} {PID:23375 Name:h3-vae-decoder RSSBytes:21102592 OpenFDs:12} {PID:23376 Name:vela-lab-cpu-thumbnail-mock RSSBytes:21233664 OpenFDs:12}]}
    cpu_mock_production_loop_campaign_test.go:23: CPU_MOCK_LOAD_RECEIPT {"schema_version":1,"evidence_class":"LOCAL_CPU_MOCK_RUNTIME_LOAD","production_gate":false,"started_at":"2026-09-08T16:06:32.437647Z","jobs":16,"waves":2,"concurrent_arrivals_per_wave":8,"persistent_workers":4,"project_running_limit":2,"initial_budget":{"planned_jobs":16,"fixed_price_per_job_minor":1250,"initial_credit_limit_minor":20000,"currency":"CNY"},"elapsed_seconds":27.605547,"jobs_per_second":0.5795936592018988,"mean_queue_seconds":5.3919045,"max_queue_seconds":10.780275,"mean_latency_seconds":8.2328570625,"sampled_peak":{"queued_jobs":8,"running_jobs":2,"active_allocations":2,"active_leases":2,"reserved_storage":8,"reserved_storage_bytes":17179869184,"materialized_stage_bytes":216336,"held_buffers":2,"visible_completions":16,"acquire_intents":67,"database_bytes":32154127,"test_process_heap_bytes":32399520,"test_process_goroutines":161,"runtime_scratch_bytes":26303,"local_journal_bytes":764790,"runtime_input_bytes":13186,"runtime_output_bytes":13186,"runtime_watchdog_goroutines":2,"reserved_credit_minor":10000,"posted_credit_minor":20000,"charges":16,"pool_active_counters":17,"active_execution_pins":24,"active_finalization_pins":0,"active_cache_pins":0,"live_cache_entries":0,"active_cache_carrying_references":0,"committed_stage_artifacts":64},"before_arrivals":{"observed_at":"2026-09-08T16:06:32.338914Z","queued_jobs":0,"running_jobs":0,"active_allocations":0,"active_leases":0,"reserved_storage":0,"reserved_storage_bytes":0,"materialized_stage_bytes":0,"held_buffers":0,"visible_completions":0,"acquire_intents":0,"database_bytes":26638003,"test_process_heap_bytes":16601376,"test_process_goroutines":133,"runtime_scratch_bytes":0,"local_journal_bytes":5904,"runtime_input_bytes":0,"runtime_output_bytes":0,"runtime_watchdog_goroutines":0,"reserved_credit_minor":0,"posted_credit_minor":0,"charges":0,"pool_active_counters":0,"active_execution_pins":0,"active_finalization_pins":0,"active_cache_pins":0,"live_cache_entries":0,"active_cache_carrying_references":0,"committed_stage_artifacts":0,"processes":[{"pid":23201,"name":"integration.test","rss_bytes":268058624,"open_fds":134},{"pid":23373,"name":"h3-encoder","rss_bytes":16564224,"open_fds":12},{"pid":23374,"name":"h3-dit","rss_bytes":16285696,"open_fds":12},{"pid":23375,"name":"h3-vae-decoder","rss_bytes":16564224,"open_fds":12},{"pid":23376,"name":"vela-lab-cpu-thumbnail-mock","rss_bytes":16416768,"open_fds":12}]},"after_wave":[{"observed_at":"2026-09-08T16:06:45.345573Z","queued_jobs":0,"running_jobs":0,"active_allocations":0,"active_leases":0,"reserved_storage":0,"reserved_storage_bytes":0,"materialized_stage_bytes":108168,"held_buffers":0,"visible_completions":8,"acquire_intents":34,"database_bytes":29996723,"test_process_heap_bytes":24045664,"test_process_goroutines":155,"runtime_scratch_bytes":0,"local_journal_bytes":332571,"runtime_input_bytes":0,"runtime_output_bytes":0,"runtime_watchdog_goroutines":0,"reserved_credit_minor":0,"posted_credit_minor":10000,"charges":8,"pool_active_counters":0,"active_execution_pins":24,"active_finalization_pins":0,"active_cache_pins":0,"live_cache_entries":0,"active_cache_carrying_references":0,"committed_stage_artifacts":32,"processes":[{"pid":23201,"name":"integration.test","rss_bytes":291307520,"open_fds":151},{"pid":23373,"name":"h3-encoder","rss_bytes":20103168,"open_fds":12},{"pid":23374,"name":"h3-dit","rss_bytes":19218432,"open_fds":12},{"pid":23375,"name":"h3-vae-decoder","rss_bytes":20348928,"open_fds":12},{"pid":23376,"name":"vela-lab-cpu-thumbnail-mock","rss_bytes":19808256,"open_fds":12}]},{"observed_at":"2026-09-08T16:06:59.952366Z","queued_jobs":0,"running_jobs":0,"active_allocations":0,"active_leases":0,"reserved_storage":0,"reserved_storage_bytes":0,"materialized_stage_bytes":216336,"held_buffers":0,"visible_completions":16,"acquire_intents":67,"database_bytes":32154127,"test_process_heap_bytes":23657720,"test_process_goroutines":155,"runtime_scratch_bytes":0,"local_journal_bytes":654755,"runtime_input_bytes":0,"runtime_output_bytes":0,"runtime_watchdog_goroutines":0,"reserved_credit_minor":0,"posted_credit_minor":20000,"charges":16,"pool_active_counters":0,"active_execution_pins":24,"active_finalization_pins":0,"active_cache_pins":0,"live_cache_entries":0,"active_cache_carrying_references":0,"committed_stage_artifacts":64,"processes":[{"pid":23201,"name":"integration.test","rss_bytes":300761088,"open_fds":151},{"pid":23373,"name":"h3-encoder","rss_bytes":20824064,"open_fds":12},{"pid":23374,"name":"h3-dit","rss_bytes":20594688,"open_fds":12},{"pid":23375,"name":"h3-vae-decoder","rss_bytes":21102592,"open_fds":12},{"pid":23376,"name":"vela-lab-cpu-thumbnail-mock","rss_bytes":21233664,"open_fds":12}]}],"after_maintenance":[{"observed_at":"2026-09-08T16:06:45.442579Z","queued_jobs":0,"running_jobs":0,"active_allocations":0,"active_leases":0,"reserved_storage":0,"reserved_storage_bytes":0,"materialized_stage_bytes":108168,"held_buffers":0,"visible_completions":8,"acquire_intents":34,"database_bytes":29996723,"test_process_heap_bytes":29300992,"test_process_goroutines":155,"runtime_scratch_bytes":0,"local_journal_bytes":332571,"runtime_input_bytes":0,"runtime_output_bytes":0,"runtime_watchdog_goroutines":0,"reserved_credit_minor":0,"posted_credit_minor":10000,"charges":8,"pool_active_counters":0,"active_execution_pins":0,"active_finalization_pins":0,"active_cache_pins":0,"live_cache_entries":0,"active_cache_carrying_references":0,"committed_stage_artifacts":32},{"observed_at":"2026-09-08T16:07:00.036902Z","queued_jobs":0,"running_jobs":0,"active_allocations":0,"active_leases":0,"reserved_storage":0,"reserved_storage_bytes":0,"materialized_stage_bytes":216336,"held_buffers":0,"visible_completions":16,"acquire_intents":67,"database_bytes":32186895,"test_process_heap_bytes":26324192,"test_process_goroutines":155,"runtime_scratch_bytes":0,"local_journal_bytes":654755,"runtime_input_bytes":0,"runtime_output_bytes":0,"runtime_watchdog_goroutines":0,"reserved_credit_minor":0,"posted_credit_minor":20000,"charges":16,"pool_active_counters":0,"active_execution_pins":0,"active_finalization_pins":0,"active_cache_pins":0,"live_cache_entries":0,"active_cache_carrying_references":0,"committed_stage_artifacts":64}],"maintenance_results":[{"RequestContentExpired":0,"ContentDeletionRequestsCreated":0,"Claimed":0,"Completed":0,"Failed":0},{"RequestContentExpired":0,"ContentDeletionRequestsCreated":0,"Claimed":0,"Completed":0,"Failed":0}],"after_idle":{"observed_at":"2026-09-08T16:07:01.052489Z","queued_jobs":0,"running_jobs":0,"active_allocations":0,"active_leases":0,"reserved_storage":0,"reserved_storage_bytes":0,"materialized_stage_bytes":216336,"held_buffers":0,"visible_completions":16,"acquire_intents":67,"database_bytes":32186895,"test_process_heap_bytes":15333408,"test_process_goroutines":155,"runtime_scratch_bytes":0,"local_journal_bytes":654755,"runtime_input_bytes":0,"runtime_output_bytes":0,"runtime_watchdog_goroutines":0,"reserved_credit_minor":0,"posted_credit_minor":20000,"charges":16,"pool_active_counters":0,"active_execution_pins":0,"active_finalization_pins":0,"active_cache_pins":0,"live_cache_entries":0,"active_cache_carrying_references":0,"committed_stage_artifacts":64,"processes":[{"pid":23201,"name":"integration.test","rss_bytes":305627136,"open_fds":151},{"pid":23373,"name":"h3-encoder","rss_bytes":20824064,"open_fds":12},{"pid":23374,"name":"h3-dit","rss_bytes":20594688,"open_fds":12},{"pid":23375,"name":"h3-vae-decoder","rss_bytes":21102592,"open_fds":12},{"pid":23376,"name":"vela-lab-cpu-thumbnail-mock","rss_bytes":21233664,"open_fds":12}]},"acquire_transaction_retries":0,"acquire_deadlock_retries":0,"acquire_serialization_retries":0,"capacity_reports_by_worker":{"dit":3,"encoder":3,"thumbnail":3,"vae":3},"source_tree_sha256":"7e9063b031d79fa854e5f06704028b384e83e04a3ea26cd5fda3a44ac13d8f3d","runtime_binary_sha256":{"vela-h3-stage-mock":"2f572c2df6cf7619cb81322569acae2477dc5b8ab6a63ed646976a2a8d167ecd","vela-lab-cpu-thumbnail-mock":"763aace4542d4a443ae326ad0ab201a39832dafaf42ff6fef48a09c3282f4cce"},"go_version":"go1.26.7","ffprobe_version":"ffprobe version 8.0.1 Copyright (c) 2007-2025 the FFmpeg developers","limitations":["bounded native CPU mock Job campaign; no GPU certification or Production Gate evidence","production Run, readiness, capacity, heartbeat, mTLS transport and durable stream execute in the test host process","Fleet membership and static native mock canary approval use fixture catalog setup; Node custody, protected mounts and production startup issuer remain separate","application acknowledgement loss occurs after the real mTLS client received ACCEPTED; resident processes and StreamAgent remain live during automatic retry","retained journal metadata is measured separately from payload scratch; history reclamation and sustained arrivals remain open","Runtime gRPC is loopback and artifact store is local exact-version storage; remote storage and process isolation are separate","race detector covers Go test-host components, not native model subprocesses; sampled resources omit Docker VM peaks"],"durable_stream":true,"replayed_materialization_commits":4,"durable_records_by_worker":{"dit":16,"encoder":16,"thumbnail":16,"vae":16},"production_loop":true,"production_workers":{"dit":{"accepted_registrations":7,"accepted_capacity_reports":3,"accepted_heartbeats":16,"confirmed_stale_acquires":0,"control_session_epoch":3,"capacity_observation_sequence":4294967299},"encoder":{"accepted_registrations":7,"accepted_capacity_reports":3,"accepted_heartbeats":16,"confirmed_stale_acquires":3,"control_session_epoch":3,"capacity_observation_sequence":4294967299},"thumbnail":{"accepted_registrations":6,"accepted_capacity_reports":3,"accepted_heartbeats":16,"confirmed_stale_acquires":0,"control_session_epoch":3,"capacity_observation_sequence":4294967299},"vae":{"accepted_registrations":7,"accepted_capacity_reports":3,"accepted_heartbeats":16,"confirmed_stale_acquires":0,"control_session_epoch":3,"capacity_observation_sequence":4294967299}},"authority_max_clock_skew_ns":30000000000,"worker_authority_verifier_offset_ns":-1000000000,"future_issued_assignments_by_worker":{"dit":16,"encoder":16,"thumbnail":16,"vae":16}}
2026/09/09 00:07:01 🐳 Stopping container: 5fd2e5051669
2026/09/09 00:07:01 ✅ Container stopped: 5fd2e5051669
2026/09/09 00:07:01 🐳 Terminating container: 5fd2e5051669
2026/09/09 00:07:01 🚫 Container terminated: 5fd2e5051669
--- PASS: TestCPUMockProductionLoopClockOffsetCampaign (35.73s)
=== RUN   TestStageTerminalRecoveryThroughReplacementRuntimeRestoresCapacity
2026/09/09 00:07:01 🐳 Creating container for image postgres:17-alpine
2026/09/09 00:07:01 ✅ Container created: 55a2d9217a34
2026/09/09 00:07:01 🐳 Starting container: 55a2d9217a34
2026/09/09 00:07:01 ✅ Container started: 55a2d9217a34
2026/09/09 00:07:01 ⏳ Waiting for container id 55a2d9217a34 image: postgres:17-alpine. Waiting for: all of: [all of: [log message "database system is ready to accept connections" (occurrence: 2), port 5432/tcp to be mapped]]
2026/09/09 00:07:02 🔔 Container is ready: 55a2d9217a34
2026/09/09 00:07:02 OK   00001_foundation.sql (54.66ms)
2026/09/09 00:07:02 OK   00002_worker_assignment.sql (14.28ms)
2026/09/09 00:07:02 OK   00003_worker_start.sql (2.68ms)
2026/09/09 00:07:02 OK   00004_worker_heartbeat.sql (14.96ms)
2026/09/09 00:07:02 OK   00005_execution_failure.sql (13.39ms)
2026/09/09 00:07:02 OK   00006_customer_cancellation.sql (28.71ms)
2026/09/09 00:07:02 OK   00007_artifact_finalization.sql (32.76ms)
2026/09/09 00:07:02 OK   00008_hierarchical_scheduler.sql (49.73ms)
2026/09/09 00:07:02 OK   00009_invoice_export.sql (12.49ms)
2026/09/09 00:07:02 OK   00010_profile_certification_circuit.sql (19.86ms)
2026/09/09 00:07:02 OK   00011_project_webhooks.sql (33.41ms)
2026/09/09 00:07:02 OK   00012_human_oidc_fixed_rbac.sql (25.32ms)
2026/09/09 00:07:02 OK   00013_service_principal_administration.sql (14.63ms)
2026/09/09 00:07:02 OK   00014_human_membership_administration.sql (26.66ms)
2026/09/09 00:07:02 OK   00015_organization_reporting.sql (18.16ms)
2026/09/09 00:07:02 OK   00016_project_retention_content_deletion.sql (52.23ms)
2026/09/09 00:07:02 OK   00017_platform_operator_break_glass.sql (33.64ms)
2026/09/09 00:07:02 OK   00018_finance_reconciliation.sql (16.13ms)
2026/09/09 00:07:02 OK   00019_certified_remediation.sql (21.89ms)
2026/09/09 00:07:02 OK   00020_remediation_execution_claim.sql (5.54ms)
2026/09/09 00:07:02 OK   00021_remediation_execution_dispatch.sql (2.31ms)
2026/09/09 00:07:02 OK   00022_remediation_execution_claim_replay.sql (2.11ms)
2026/09/09 00:07:02 OK   00023_fleet_controller_worker_readiness.sql (64.37ms)
2026/09/09 00:07:02 OK   00024_staging_artifact_expiry.sql (3.68ms)
2026/09/09 00:07:02 OK   00025_scheduler_inbox_receipt.sql (2.55ms)
2026/09/09 00:07:02 OK   00026_synchronous_quorum_guard.sql (1.72ms)
2026/09/09 00:07:02 OK   00027_authorized_debug_dump_lifecycle.sql (47.64ms)
2026/09/09 00:07:03 OK   00028_off_cluster_backup_retention.sql (12.44ms)
2026/09/09 00:07:03 OK   00029_artifact_backup_replication.sql (11.24ms)
2026/09/09 00:07:03 OK   00030_non_content_legal_hold.sql (22.18ms)
2026/09/09 00:07:03 OK   00031_non_content_record_expiry.sql (65.05ms)
2026/09/09 00:07:03 OK   00032_catalog_promotion_production_gates.sql (32.5ms)
2026/09/09 00:07:03 OK   00033_statistical_slo_measurement.sql (25.69ms)
2026/09/09 00:07:03 OK   00034_stage_execution_catalog.sql (58.36ms)
2026/09/09 00:07:03 OK   00035_worker_instance_residency.sql (67.54ms)
2026/09/09 00:07:03 OK   00036_stage_attempt_authority.sql (90.31ms)
2026/09/09 00:07:03 OK   00037_stage_scheduler.sql (47.21ms)
2026/09/09 00:07:03 OK   00038_stage_artifact.sql (47.97ms)
2026/09/09 00:07:03 OK   00039_stage_worker_control_authority.sql (3.59ms)
2026/09/09 00:07:03 OK   00040_stage_worker_execution.sql (20.81ms)
2026/09/09 00:07:03 OK   00041_stage_worker_operations.sql (13.75ms)
2026/09/09 00:07:03 OK   00042_stage_worker_assignment.sql (15.06ms)
2026/09/09 00:07:03 OK   00043_stage_graph_finalization.sql (6.88ms)
2026/09/09 00:07:03 OK   00044_stage_cache.sql (29.84ms)
2026/09/09 00:07:03 OK   00045_stage_graph_finalization_outputs.sql (5.23ms)
2026/09/09 00:07:03 OK   00046_stage_graph_visible_completion.sql (7.02ms)
2026/09/09 00:07:03 OK   00047_usage_cost_ledger.sql (17.56ms)
2026/09/09 00:07:03 OK   00048_stage_run_output_binding.sql (15.36ms)
2026/09/09 00:07:03 OK   00049_stage_cutover_control.sql (54.46ms)
2026/09/09 00:07:03 OK   00050_stage_graph_instantiation_dispatch.sql (17.68ms)
2026/09/09 00:07:03 OK   00051_atomic_stage_graph_admission.sql (8.79ms)
2026/09/09 00:07:03 OK   00052_stage_cutover_zero_backlog_seal.sql (19.69ms)
2026/09/09 00:07:03 OK   00053_legacy_h3_guarded_contraction.sql (14.71ms)
2026/09/09 00:07:03 OK   00054_stage_transfer_consume_destination.sql (3.39ms)
2026/09/09 00:07:03 OK   00055_h3_campaign_evidence_reader.sql (3.67ms)
2026/09/09 00:07:03 OK   00056_stage_observability_reader.sql (886.88µs)
2026/09/09 00:07:03 OK   00057_legacy_h3_release_contraction_gate.sql (10.01ms)
2026/09/09 00:07:03 OK   00058_legacy_h3_schema_contraction.sql (165.01ms)
2026/09/09 00:07:03 OK   00059_model_runtime_epoch_registration.sql (18.5ms)
2026/09/09 00:07:03 OK   00060_model_runtime_gang_barrier.sql (16.34ms)
2026/09/09 00:07:03 OK   00061_stage_worker_gang_authority.sql (5.52ms)
2026/09/09 00:07:03 OK   00062_stage_authority_member_identity.sql (2.52ms)
2026/09/09 00:07:03 OK   00063_h3_execution_snapshot.sql (3.08ms)
2026/09/09 00:07:03 OK   00064_model_runtime_capacity_routes.sql (11.43ms)
2026/09/09 00:07:04 OK   00065_h3_exact_cache_reconciliation.sql (10.4ms)
2026/09/09 00:07:04 OK   00066_stage_worker_control_session_capacity.sql (22.73ms)
2026/09/09 00:07:04 OK   00067_stage_scheduler_project_capacity.sql (2.1ms)
2026/09/09 00:07:04 OK   00068_stage_assignment_connector_states.sql (1.77ms)
2026/09/09 00:07:04 OK   00069_stage_transfer_server_clock.sql (4.84ms)
2026/09/09 00:07:04 OK   00070_stage_lease_expiry_recovery.sql (11.13ms)
2026/09/09 00:07:04 OK   00071_stage_artifact_lifecycle.sql (16.9ms)
2026/09/09 00:07:04 OK   00072_recovery_quiescence.sql (12.06ms)
2026/09/09 00:07:04 OK   00073_stage_cache_downstream_bindings.sql (5.4ms)
2026/09/09 00:07:04 OK   00074_job_owned_public_artifact_copies.sql (3.08ms)
2026/09/09 00:07:04 OK   00075_stage_graph_failure_terminalization.sql (18.93ms)
2026/09/09 00:07:04 OK   00076_allocation_usage_unit.sql (980.88µs)
2026/09/09 00:07:04 OK   00077_runtime_usage_receipts.sql (3.67ms)
2026/09/09 00:07:04 OK   00078_idle_stage_worker_probe.sql (4.82ms)
2026/09/09 00:07:04 OK   00079_stage_job_expiry.sql (5.79ms)
2026/09/09 00:07:04 OK   00080_stage_scheduler_snapshot_lock_order.sql (2.95ms)
2026/09/09 00:07:04 OK   00081_stage_assignment_quorum.sql (1.4ms)
2026/09/09 00:07:04 OK   00082_stage_success_storage_completion.sql (3.01ms)
2026/09/09 00:07:04 OK   00083_capacity_observation_lifecycle.sql (3.9ms)
2026/09/09 00:07:04 OK   00084_blocked_stage_worker_probe.sql (3.81ms)
2026/09/09 00:07:04 OK   00085_stage_materialization_terminal_replay.sql (2.87ms)
2026/09/09 00:07:04 OK   00086_stage_failure_terminal_replay.sql (5.56ms)
2026/09/09 00:07:04 OK   00087_stage_claim_finalization_lock_order.sql (2.08ms)
2026/09/09 00:07:04 OK   00088_stage_allocation_execution_sequence.sql (4.18ms)
2026/09/09 00:07:04 OK   00089_stage_terminal_history.sql (7.59ms)
2026/09/09 00:07:04 OK   00090_stage_assignment_content_lifecycle.sql (17.48ms)
2026/09/09 00:07:04 OK   00091_worker_journal_bootstrap.sql (17.3ms)
2026/09/09 00:07:04 OK   00092_worker_bootstrap_history.sql (2.58ms)
2026/09/09 00:07:04 OK   00093_worker_bootstrap_nonzero_scopes.sql (1.03ms)
2026/09/09 00:07:04 OK   00094_worker_bootstrap_abandonment.sql (10.76ms)
2026/09/09 00:07:04 goose: successfully migrated database to version: 94
    stage_terminal_history_test.go:96: replacement=true: zero capacity/current PostgreSQL session -> automatic authenticated history -> UDS proof -> durable RETIRED -> readiness/capacity -> offline replay
    stage_terminal_history_test.go:96: unsigned retry: PostgreSQL history -> authenticated Control disposition -> durable Runtime floor and non-admission -> next-epoch proof recovery
2026/09/09 00:07:05 🐳 Stopping container: 55a2d9217a34
2026/09/09 00:07:05 ✅ Container stopped: 55a2d9217a34
2026/09/09 00:07:05 🐳 Terminating container: 55a2d9217a34
2026/09/09 00:07:05 🚫 Container terminated: 55a2d9217a34
--- PASS: TestStageTerminalRecoveryThroughReplacementRuntimeRestoresCapacity (4.39s)
PASS
ok  	github.com/vivym/vela/internal/integration	61.450s
