=== RUN   TestRuntimeCallerContainerCRI
    runtime_containerd_linux_test.go:154: containerd github.com/containerd/containerd/v2 v2.3.1 64b425cf570b3b8dd1d4cc46da7c1fce65c6651a
    runtime_containerd_linux_test.go:154: runc version 1.4.2
        commit: v1.4.2-0-gc241c0bb
        spec: 1.3.0
        go: go1.25.8
        libseccomp: 2.6.0
=== RUN   TestRuntimeCallerContainerCRI/owner
    runtime_container_cri_linux_test.go:118: actual CRI container=a25c6fdafd68abee3aaa2652e5758ff5db22f8763b4ca264f022c97fab12995d sandbox=4519a0caafa49d85afb517d1e0607df05b3b021657776356ee8eeee4462ea690 Pod=79f639f3-7d1a-412d-8f14-4a0ac14a5784 host_pid=141 namespace_pid=1 image_ref=sha256:437224c56edb45f2a2885faff91bd26461ea0eff00cc8820e78762b2df84c035
=== RUN   TestRuntimeCallerContainerCRI/owner/copied-state-root
=== RUN   TestRuntimeCallerContainerCRI/owner/node-mount-alias-and-shadow
    runtime_task_launch_integration_linux_test.go:118: === RUN   TestRuntimeTaskStateMountHelper
            runtime_task_launch_integration_linux_test.go:243: different Node path matched the state inode; shadow mount below alias could not change the daemon-view bundle
        --- PASS: TestRuntimeTaskStateMountHelper (0.01s)
        PASS
        
=== RUN   TestRuntimeCallerContainerCRI/owner/task-bundle-writable
=== RUN   TestRuntimeCallerContainerCRI/owner/task-bundle-wrong-owner
=== RUN   TestRuntimeCallerContainerCRI/owner/task-bundle-missing
=== RUN   TestRuntimeCallerContainerCRI/owner/task-bundle-oversize
=== RUN   TestRuntimeCallerContainerCRI/owner/task-bundle-symlink
=== RUN   TestRuntimeCallerContainerCRI/owner/task-bundle-hardlink
=== RUN   TestRuntimeCallerContainerCRI/owner/task-bundle-fifo
=== RUN   TestRuntimeCallerContainerCRI/owner/task-bundle-duplicate-key
=== RUN   TestRuntimeCallerContainerCRI/owner/task-bundle-unknown-key
=== RUN   TestRuntimeCallerContainerCRI/owner/task-bundle-wrong-init-pid
=== NAME  TestRuntimeCallerContainerCRI/owner
    runtime_container_cri_linux_test.go:121: actual task bundle config sha256=c14594179265031c517c3aaab633e94e254b2f83bbfbaef318b850137752bef1; metadata update did not alter launch; non-root writes, wrong state root and 10 invalid bundle cases rejected
=== RUN   TestRuntimeCallerContainerCRI/owner/mechanism-options-missing
=== RUN   TestRuntimeCallerContainerCRI/owner/mechanism-options-writable
=== RUN   TestRuntimeCallerContainerCRI/owner/mechanism-options-wrong-owner
=== RUN   TestRuntimeCallerContainerCRI/owner/mechanism-options-symlink
=== RUN   TestRuntimeCallerContainerCRI/owner/mechanism-options-hardlink
=== RUN   TestRuntimeCallerContainerCRI/owner/mechanism-options-fifo
=== RUN   TestRuntimeCallerContainerCRI/owner/mechanism-options-oversize
=== RUN   TestRuntimeCallerContainerCRI/owner/mechanism-runtime-missing
=== RUN   TestRuntimeCallerContainerCRI/owner/mechanism-runtime-writable
=== RUN   TestRuntimeCallerContainerCRI/owner/mechanism-runtime-wrong-owner
=== RUN   TestRuntimeCallerContainerCRI/owner/mechanism-runtime-symlink
=== RUN   TestRuntimeCallerContainerCRI/owner/mechanism-runtime-hardlink
=== RUN   TestRuntimeCallerContainerCRI/owner/mechanism-runtime-fifo
=== RUN   TestRuntimeCallerContainerCRI/owner/mechanism-runtime-oversize
=== RUN   TestRuntimeCallerContainerCRI/owner/mechanism-shim-binary-missing
=== RUN   TestRuntimeCallerContainerCRI/owner/mechanism-shim-binary-writable
=== RUN   TestRuntimeCallerContainerCRI/owner/mechanism-shim-binary-wrong-owner
=== RUN   TestRuntimeCallerContainerCRI/owner/mechanism-shim-binary-symlink
=== RUN   TestRuntimeCallerContainerCRI/owner/mechanism-shim-binary-hardlink
=== RUN   TestRuntimeCallerContainerCRI/owner/mechanism-shim-binary-fifo
=== RUN   TestRuntimeCallerContainerCRI/owner/mechanism-shim-binary-oversize
=== RUN   TestRuntimeCallerContainerCRI/owner/mechanism-sandbox-id-missing
=== RUN   TestRuntimeCallerContainerCRI/owner/mechanism-sandbox-id-writable
=== RUN   TestRuntimeCallerContainerCRI/owner/mechanism-sandbox-id-wrong-owner
=== RUN   TestRuntimeCallerContainerCRI/owner/mechanism-sandbox-id-symlink
=== RUN   TestRuntimeCallerContainerCRI/owner/mechanism-sandbox-id-hardlink
=== RUN   TestRuntimeCallerContainerCRI/owner/mechanism-sandbox-id-fifo
=== RUN   TestRuntimeCallerContainerCRI/owner/mechanism-sandbox-id-oversize
=== RUN   TestRuntimeCallerContainerCRI/owner/mechanism-task-bootstrap-missing
=== RUN   TestRuntimeCallerContainerCRI/owner/mechanism-task-bootstrap-writable
=== RUN   TestRuntimeCallerContainerCRI/owner/mechanism-task-bootstrap-wrong-owner
=== RUN   TestRuntimeCallerContainerCRI/owner/mechanism-task-bootstrap-symlink
=== RUN   TestRuntimeCallerContainerCRI/owner/mechanism-task-bootstrap-hardlink
=== RUN   TestRuntimeCallerContainerCRI/owner/mechanism-task-bootstrap-fifo
=== RUN   TestRuntimeCallerContainerCRI/owner/mechanism-task-bootstrap-oversize
=== RUN   TestRuntimeCallerContainerCRI/owner/mechanism-shim-bootstrap-missing
=== RUN   TestRuntimeCallerContainerCRI/owner/mechanism-shim-bootstrap-writable
=== RUN   TestRuntimeCallerContainerCRI/owner/mechanism-shim-bootstrap-wrong-owner
=== RUN   TestRuntimeCallerContainerCRI/owner/mechanism-shim-bootstrap-symlink
=== RUN   TestRuntimeCallerContainerCRI/owner/mechanism-shim-bootstrap-hardlink
=== RUN   TestRuntimeCallerContainerCRI/owner/mechanism-shim-bootstrap-fifo
=== RUN   TestRuntimeCallerContainerCRI/owner/mechanism-shim-bootstrap-oversize
=== RUN   TestRuntimeCallerContainerCRI/owner/mechanism-mismatched-sandbox
=== RUN   TestRuntimeCallerContainerCRI/owner/mechanism-mismatched-bootstrap.json
=== RUN   TestRuntimeCallerContainerCRI/owner/mechanism-runtime-disagrees-with-options
=== NAME  TestRuntimeCallerContainerCRI/owner
    runtime_container_cri_linux_test.go:122: actual mechanism options=44136fa355b3678a1146ad16f7e8649e94fb4fc21fe77e8310c060f61caaff8a runtime="" shim="/usr/local/bin/containerd-shim-runc-v2" explicit_policy_match=false; 42 file negatives, mismatched sandbox/bootstrap and contradictory runtime record rejected
    runtime_container_cri_linux_test.go:198: retained namespace-owner pidfd observed original exit after actual CRI container removal and caller handle closure
=== RUN   TestRuntimeCallerContainerCRI/wrapper
    runtime_container_cri_linux_test.go:110: actual CRI wrapper rejected as namespace owner
=== RUN   TestRuntimeCallerContainerCRI/shared-pid
    runtime_container_cri_linux_test.go:110: actual CRI shared-pid rejected as namespace owner
=== RUN   TestRuntimeCallerContainerCRI/planned-owner
    runtime_container_cri_linux_test.go:118: actual CRI container=ac0500832cb5a5d3c3a3c4227ad033ae4a3ca8d195dcd9815592ec5b6df42d69 sandbox=c382905f35678bca6c3611f9c0fa327cec88b2a006796a3e7f3b9170d2140450 Pod=286e59a3-c40a-42cc-88c7-b81ec85df9c9 host_pid=554 namespace_pid=1 image_ref=sha256:437224c56edb45f2a2885faff91bd26461ea0eff00cc8820e78762b2df84c035
=== RUN   TestRuntimeCallerContainerCRI/planned-owner/copied-state-root
=== RUN   TestRuntimeCallerContainerCRI/planned-owner/node-mount-alias-and-shadow
    runtime_task_launch_integration_linux_test.go:118: === RUN   TestRuntimeTaskStateMountHelper
            runtime_task_launch_integration_linux_test.go:243: different Node path matched the state inode; shadow mount below alias could not change the daemon-view bundle
        --- PASS: TestRuntimeTaskStateMountHelper (0.01s)
        PASS
        
=== RUN   TestRuntimeCallerContainerCRI/planned-owner/task-bundle-writable
=== RUN   TestRuntimeCallerContainerCRI/planned-owner/task-bundle-wrong-owner
=== RUN   TestRuntimeCallerContainerCRI/planned-owner/task-bundle-missing
=== RUN   TestRuntimeCallerContainerCRI/planned-owner/task-bundle-oversize
=== RUN   TestRuntimeCallerContainerCRI/planned-owner/task-bundle-symlink
=== RUN   TestRuntimeCallerContainerCRI/planned-owner/task-bundle-hardlink
=== RUN   TestRuntimeCallerContainerCRI/planned-owner/task-bundle-fifo
=== RUN   TestRuntimeCallerContainerCRI/planned-owner/task-bundle-duplicate-key
=== RUN   TestRuntimeCallerContainerCRI/planned-owner/task-bundle-unknown-key
=== RUN   TestRuntimeCallerContainerCRI/planned-owner/task-bundle-wrong-init-pid
=== NAME  TestRuntimeCallerContainerCRI/planned-owner
    runtime_container_cri_linux_test.go:121: actual task bundle config sha256=ad131c74d5e571118b715a1d8344d3bc5e154843bb5cd4cc83228ab4d3e3b61a; metadata update did not alter launch; non-root writes, wrong state root and 10 invalid bundle cases rejected
=== RUN   TestRuntimeCallerContainerCRI/planned-owner/mechanism-options-missing
=== RUN   TestRuntimeCallerContainerCRI/planned-owner/mechanism-options-writable
=== RUN   TestRuntimeCallerContainerCRI/planned-owner/mechanism-options-wrong-owner
=== RUN   TestRuntimeCallerContainerCRI/planned-owner/mechanism-options-symlink
=== RUN   TestRuntimeCallerContainerCRI/planned-owner/mechanism-options-hardlink
=== RUN   TestRuntimeCallerContainerCRI/planned-owner/mechanism-options-fifo
=== RUN   TestRuntimeCallerContainerCRI/planned-owner/mechanism-options-oversize
=== RUN   TestRuntimeCallerContainerCRI/planned-owner/mechanism-runtime-missing
=== RUN   TestRuntimeCallerContainerCRI/planned-owner/mechanism-runtime-writable
=== RUN   TestRuntimeCallerContainerCRI/planned-owner/mechanism-runtime-wrong-owner
=== RUN   TestRuntimeCallerContainerCRI/planned-owner/mechanism-runtime-symlink
=== RUN   TestRuntimeCallerContainerCRI/planned-owner/mechanism-runtime-hardlink
=== RUN   TestRuntimeCallerContainerCRI/planned-owner/mechanism-runtime-fifo
=== RUN   TestRuntimeCallerContainerCRI/planned-owner/mechanism-runtime-oversize
=== RUN   TestRuntimeCallerContainerCRI/planned-owner/mechanism-shim-binary-missing
=== RUN   TestRuntimeCallerContainerCRI/planned-owner/mechanism-shim-binary-writable
=== RUN   TestRuntimeCallerContainerCRI/planned-owner/mechanism-shim-binary-wrong-owner
=== RUN   TestRuntimeCallerContainerCRI/planned-owner/mechanism-shim-binary-symlink
=== RUN   TestRuntimeCallerContainerCRI/planned-owner/mechanism-shim-binary-hardlink
=== RUN   TestRuntimeCallerContainerCRI/planned-owner/mechanism-shim-binary-fifo
=== RUN   TestRuntimeCallerContainerCRI/planned-owner/mechanism-shim-binary-oversize
=== RUN   TestRuntimeCallerContainerCRI/planned-owner/mechanism-sandbox-id-missing
=== RUN   TestRuntimeCallerContainerCRI/planned-owner/mechanism-sandbox-id-writable
=== RUN   TestRuntimeCallerContainerCRI/planned-owner/mechanism-sandbox-id-wrong-owner
=== RUN   TestRuntimeCallerContainerCRI/planned-owner/mechanism-sandbox-id-symlink
=== RUN   TestRuntimeCallerContainerCRI/planned-owner/mechanism-sandbox-id-hardlink
=== RUN   TestRuntimeCallerContainerCRI/planned-owner/mechanism-sandbox-id-fifo
=== RUN   TestRuntimeCallerContainerCRI/planned-owner/mechanism-sandbox-id-oversize
=== RUN   TestRuntimeCallerContainerCRI/planned-owner/mechanism-task-bootstrap-missing
=== RUN   TestRuntimeCallerContainerCRI/planned-owner/mechanism-task-bootstrap-writable
=== RUN   TestRuntimeCallerContainerCRI/planned-owner/mechanism-task-bootstrap-wrong-owner
=== RUN   TestRuntimeCallerContainerCRI/planned-owner/mechanism-task-bootstrap-symlink
=== RUN   TestRuntimeCallerContainerCRI/planned-owner/mechanism-task-bootstrap-hardlink
=== RUN   TestRuntimeCallerContainerCRI/planned-owner/mechanism-task-bootstrap-fifo
=== RUN   TestRuntimeCallerContainerCRI/planned-owner/mechanism-task-bootstrap-oversize
=== RUN   TestRuntimeCallerContainerCRI/planned-owner/mechanism-shim-bootstrap-missing
=== RUN   TestRuntimeCallerContainerCRI/planned-owner/mechanism-shim-bootstrap-writable
=== RUN   TestRuntimeCallerContainerCRI/planned-owner/mechanism-shim-bootstrap-wrong-owner
=== RUN   TestRuntimeCallerContainerCRI/planned-owner/mechanism-shim-bootstrap-symlink
=== RUN   TestRuntimeCallerContainerCRI/planned-owner/mechanism-shim-bootstrap-hardlink
=== RUN   TestRuntimeCallerContainerCRI/planned-owner/mechanism-shim-bootstrap-fifo
=== RUN   TestRuntimeCallerContainerCRI/planned-owner/mechanism-shim-bootstrap-oversize
=== RUN   TestRuntimeCallerContainerCRI/planned-owner/mechanism-mismatched-sandbox
=== RUN   TestRuntimeCallerContainerCRI/planned-owner/mechanism-mismatched-bootstrap.json
=== RUN   TestRuntimeCallerContainerCRI/planned-owner/mechanism-runtime-disagrees-with-options
=== RUN   TestRuntimeCallerContainerCRI/planned-owner/mechanism-hook-rejected
=== NAME  TestRuntimeCallerContainerCRI/planned-owner
    runtime_container_cri_linux_test.go:122: actual mechanism options=fcec52f264bf6b9af1e8e9bc0c5b6277b13599047b5bcf73275a2a5c92dd7602 runtime="/usr/local/bin/runc" shim="/usr/local/bin/containerd-shim-runc-v2" explicit_policy_match=true; 42 file negatives, mismatched sandbox/bootstrap and contradictory runtime record rejected
    runtime_container_cri_linux_test.go:137: Registry/Pod fixtures correlated with actual non-root CRI namespace owner; effective configuration is not attested
    runtime_container_cri_linux_test.go:138: Registry-bound image manifest=sha256:c64c30fbd934dd6bf79b304f32d259442e5f554825cf529339237b5f28bdfef3 config=sha256:437224c56edb45f2a2885faff91bd26461ea0eff00cc8820e78762b2df84c035 entrypoint=/probe sha256=065cea9fdfccfc3de876683d48bba83c770a79a6697b217abf87faadfd2c37ba matched actual caller and task argv
=== RUN   TestRuntimeCallerContainerCRI/planned-owner/planned-image-other-daemon
    runtime_containerd_linux_test.go:154: containerd github.com/containerd/containerd/v2 v2.3.1 64b425cf570b3b8dd1d4cc46da7c1fce65c6651a
    runtime_containerd_linux_test.go:154: runc version 1.4.2
        commit: v1.4.2-0-gc241c0bb
        spec: 1.3.0
        go: go1.25.8
        libseccomp: 2.6.0
=== RUN   TestRuntimeCallerContainerCRI/planned-owner/planned-image-wrong-argv
=== RUN   TestRuntimeCallerContainerCRI/planned-owner/planned-image-substituted-executable
    runtime_planned_image_integration_linux_test.go:117: same declared CRI image and signed manifest, different live executable bytes: rejected
=== NAME  TestRuntimeCallerContainerCRI/planned-owner
    runtime_container_cri_linux_test.go:198: retained namespace-owner pidfd observed original exit after actual CRI container removal and caller handle closure
=== RUN   TestRuntimeCallerContainerCRI/startup-image-reservation
=== RUN   TestRuntimeCallerContainerCRI/startup-image-reservation/none
    runtime_startup_image_integration_linux_test.go:295: actual CRI startup envelope + root journal + image observation: fault=none Fleet fixture calls=1 durable intents=1
=== RUN   TestRuntimeCallerContainerCRI/startup-image-reservation/node
    runtime_startup_image_integration_linux_test.go:295: actual CRI startup envelope + root journal + image observation: fault=node Fleet fixture calls=0 durable intents=0
=== RUN   TestRuntimeCallerContainerCRI/startup-image-reservation/binding
    runtime_startup_image_integration_linux_test.go:295: actual CRI startup envelope + root journal + image observation: fault=binding Fleet fixture calls=0 durable intents=0
=== RUN   TestRuntimeCallerContainerCRI/startup-image-reservation/journal
    runtime_startup_image_integration_linux_test.go:295: actual CRI startup envelope + root journal + image observation: fault=journal Fleet fixture calls=0 durable intents=0
=== RUN   TestRuntimeCallerContainerCRI/startup-image-reservation/scope
    runtime_startup_image_integration_linux_test.go:295: actual CRI startup envelope + root journal + image observation: fault=scope Fleet fixture calls=0 durable intents=0
=== RUN   TestRuntimeCallerContainerCRI/startup-image-reservation/launch
    runtime_startup_image_integration_linux_test.go:295: actual CRI startup envelope + root journal + image observation: fault=launch Fleet fixture calls=0 durable intents=0
=== RUN   TestRuntimeCallerContainerCRI/startup-image-reservation/incarnation
    runtime_startup_image_integration_linux_test.go:295: actual CRI startup envelope + root journal + image observation: fault=incarnation Fleet fixture calls=0 durable intents=0
=== RUN   TestRuntimeCallerContainerCRI/startup-image-reservation/manifest-only
    runtime_startup_image_integration_linux_test.go:295: actual CRI startup envelope + root journal + image observation: fault=manifest-only Fleet fixture calls=0 durable intents=0
=== RUN   TestRuntimeCallerContainerCRI/startup-image-reservation/missing-images
    runtime_startup_image_integration_linux_test.go:295: actual CRI startup envelope + root journal + image observation: fault=missing-images Fleet fixture calls=0 durable intents=0
=== RUN   TestRuntimeCallerContainerCRI/startup-image-reservation/policy
    runtime_startup_image_integration_linux_test.go:295: actual CRI startup envelope + root journal + image observation: fault=policy Fleet fixture calls=0 durable intents=0
=== RUN   TestRuntimeCallerContainerCRI/startup-image-reservation/substituted-executable
    runtime_startup_image_integration_linux_test.go:295: actual CRI startup envelope + root journal + image observation: fault=substituted-executable Fleet fixture calls=0 durable intents=0
=== RUN   TestRuntimeCallerContainerCRI/startup-image-reservation/before-fleet-task-change
    runtime_startup_image_integration_linux_test.go:295: actual CRI startup envelope + root journal + image observation: fault=before-fleet-task-change Fleet fixture calls=0 durable intents=1
=== RUN   TestRuntimeCallerContainerCRI/startup-image-reservation/after-fleet-task-change
    runtime_startup_image_integration_linux_test.go:295: actual CRI startup envelope + root journal + image observation: fault=after-fleet-task-change Fleet fixture calls=1 durable intents=1
=== RUN   TestRuntimeCallerContainerCRI/startup-image-reservation/fleet-loss
    runtime_startup_image_integration_linux_test.go:295: actual CRI startup envelope + root journal + image observation: fault=fleet-loss Fleet fixture calls=1 durable intents=1
=== RUN   TestRuntimeCallerContainerCRI/startup-image-reservation/image-observer-closed
    runtime_startup_image_integration_linux_test.go:295: actual CRI startup envelope + root journal + image observation: fault=image-observer-closed Fleet fixture calls=1 durable intents=1
=== RUN   TestRuntimeCallerContainerCRI/startup-image-reservation/before-fleet-journal-close
    runtime_startup_image_integration_linux_test.go:295: actual CRI startup envelope + root journal + image observation: fault=before-fleet-journal-close Fleet fixture calls=0 durable intents=1
=== RUN   TestRuntimeCallerContainerCRI/startup-image-reservation/after-fleet-journal-close
    runtime_startup_image_integration_linux_test.go:295: actual CRI startup envelope + root journal + image observation: fault=after-fleet-journal-close Fleet fixture calls=1 durable intents=1
=== RUN   TestRuntimeCallerContainerCRI/startup-image-reservation/publication-valid
    runtime_startup_image_integration_linux_test.go:295: actual CRI startup envelope + root journal + image observation: fault=publication-valid Fleet fixture calls=1 durable intents=1
=== RUN   TestRuntimeCallerContainerCRI/startup-image-reservation/publication-missing
    runtime_startup_image_integration_linux_test.go:295: actual CRI startup envelope + root journal + image observation: fault=publication-missing Fleet fixture calls=0 durable intents=0
=== RUN   TestRuntimeCallerContainerCRI/startup-image-reservation/publication-copy
    runtime_startup_image_integration_linux_test.go:295: actual CRI startup envelope + root journal + image observation: fault=publication-copy Fleet fixture calls=0 durable intents=0
=== RUN   TestRuntimeCallerContainerCRI/startup-image-reservation/publication-writable-mount
    runtime_startup_image_integration_linux_test.go:295: actual CRI startup envelope + root journal + image observation: fault=publication-writable-mount Fleet fixture calls=0 durable intents=0
=== RUN   TestRuntimeCallerContainerCRI/startup-image-reservation/publication-wrong-plan
    runtime_startup_image_integration_linux_test.go:295: actual CRI startup envelope + root journal + image observation: fault=publication-wrong-plan Fleet fixture calls=0 durable intents=0
=== RUN   TestRuntimeCallerContainerCRI/startup-image-reservation/publication-hardlink
    runtime_startup_image_integration_linux_test.go:295: actual CRI startup envelope + root journal + image observation: fault=publication-hardlink Fleet fixture calls=0 durable intents=0
=== RUN   TestRuntimeCallerContainerCRI/startup-image-reservation/publication-before-fleet-replaced
    runtime_startup_image_integration_linux_test.go:295: actual CRI startup envelope + root journal + image observation: fault=publication-before-fleet-replaced Fleet fixture calls=0 durable intents=1
=== RUN   TestRuntimeCallerContainerCRI/startup-image-reservation/publication-after-fleet-replaced
    runtime_startup_image_integration_linux_test.go:295: actual CRI startup envelope + root journal + image observation: fault=publication-after-fleet-replaced Fleet fixture calls=1 durable intents=1
=== RUN   TestRuntimeCallerContainerCRI/startup-image-reservation/publication-fleet-loss
    runtime_startup_image_integration_linux_test.go:295: actual CRI startup envelope + root journal + image observation: fault=publication-fleet-loss Fleet fixture calls=1 durable intents=1
=== RUN   TestRuntimeCallerContainerCRI/startup-image-reservation/publication-incarnation
    runtime_startup_image_integration_linux_test.go:295: actual CRI startup envelope + root journal + image observation: fault=publication-incarnation Fleet fixture calls=0 durable intents=0
=== RUN   TestRuntimeCallerContainerCRI/original-daemon-lifetime
    runtime_containerd_linux_test.go:154: containerd github.com/containerd/containerd/v2 v2.3.1 64b425cf570b3b8dd1d4cc46da7c1fce65c6651a
    runtime_containerd_linux_test.go:154: runc version 1.4.2
        commit: v1.4.2-0-gc241c0bb
        spec: 1.3.0
        go: go1.25.8
        libseccomp: 2.6.0
    runtime_container_cri_linux_test.go:208: same-daemon reconnect accepted; foreign root peer, exited peer and closed observer cannot replace the original process
--- PASS: TestRuntimeCallerContainerCRI (31.13s)
    --- PASS: TestRuntimeCallerContainerCRI/owner (3.71s)
        --- PASS: TestRuntimeCallerContainerCRI/owner/copied-state-root (0.01s)
        --- PASS: TestRuntimeCallerContainerCRI/owner/node-mount-alias-and-shadow (1.03s)
        --- PASS: TestRuntimeCallerContainerCRI/owner/task-bundle-writable (0.01s)
        --- PASS: TestRuntimeCallerContainerCRI/owner/task-bundle-wrong-owner (0.01s)
        --- PASS: TestRuntimeCallerContainerCRI/owner/task-bundle-missing (0.01s)
        --- PASS: TestRuntimeCallerContainerCRI/owner/task-bundle-oversize (0.01s)
        --- PASS: TestRuntimeCallerContainerCRI/owner/task-bundle-symlink (0.01s)
        --- PASS: TestRuntimeCallerContainerCRI/owner/task-bundle-hardlink (0.01s)
        --- PASS: TestRuntimeCallerContainerCRI/owner/task-bundle-fifo (0.01s)
        --- PASS: TestRuntimeCallerContainerCRI/owner/task-bundle-duplicate-key (0.01s)
        --- PASS: TestRuntimeCallerContainerCRI/owner/task-bundle-unknown-key (0.01s)
        --- PASS: TestRuntimeCallerContainerCRI/owner/task-bundle-wrong-init-pid (0.01s)
        --- PASS: TestRuntimeCallerContainerCRI/owner/mechanism-options-missing (0.01s)
        --- PASS: TestRuntimeCallerContainerCRI/owner/mechanism-options-writable (0.01s)
        --- PASS: TestRuntimeCallerContainerCRI/owner/mechanism-options-wrong-owner (0.01s)
        --- PASS: TestRuntimeCallerContainerCRI/owner/mechanism-options-symlink (0.01s)
        --- PASS: TestRuntimeCallerContainerCRI/owner/mechanism-options-hardlink (0.01s)
        --- PASS: TestRuntimeCallerContainerCRI/owner/mechanism-options-fifo (0.01s)
        --- PASS: TestRuntimeCallerContainerCRI/owner/mechanism-options-oversize (0.01s)
        --- PASS: TestRuntimeCallerContainerCRI/owner/mechanism-runtime-missing (0.01s)
        --- PASS: TestRuntimeCallerContainerCRI/owner/mechanism-runtime-writable (0.01s)
        --- PASS: TestRuntimeCallerContainerCRI/owner/mechanism-runtime-wrong-owner (0.01s)
        --- PASS: TestRuntimeCallerContainerCRI/owner/mechanism-runtime-symlink (0.01s)
        --- PASS: TestRuntimeCallerContainerCRI/owner/mechanism-runtime-hardlink (0.01s)
        --- PASS: TestRuntimeCallerContainerCRI/owner/mechanism-runtime-fifo (0.01s)
        --- PASS: TestRuntimeCallerContainerCRI/owner/mechanism-runtime-oversize (0.01s)
        --- PASS: TestRuntimeCallerContainerCRI/owner/mechanism-shim-binary-missing (0.01s)
        --- PASS: TestRuntimeCallerContainerCRI/owner/mechanism-shim-binary-writable (0.01s)
        --- PASS: TestRuntimeCallerContainerCRI/owner/mechanism-shim-binary-wrong-owner (0.01s)
        --- PASS: TestRuntimeCallerContainerCRI/owner/mechanism-shim-binary-symlink (0.01s)
        --- PASS: TestRuntimeCallerContainerCRI/owner/mechanism-shim-binary-hardlink (0.01s)
        --- PASS: TestRuntimeCallerContainerCRI/owner/mechanism-shim-binary-fifo (0.01s)
        --- PASS: TestRuntimeCallerContainerCRI/owner/mechanism-shim-binary-oversize (0.01s)
        --- PASS: TestRuntimeCallerContainerCRI/owner/mechanism-sandbox-id-missing (0.01s)
        --- PASS: TestRuntimeCallerContainerCRI/owner/mechanism-sandbox-id-writable (0.01s)
        --- PASS: TestRuntimeCallerContainerCRI/owner/mechanism-sandbox-id-wrong-owner (0.01s)
        --- PASS: TestRuntimeCallerContainerCRI/owner/mechanism-sandbox-id-symlink (0.01s)
        --- PASS: TestRuntimeCallerContainerCRI/owner/mechanism-sandbox-id-hardlink (0.01s)
        --- PASS: TestRuntimeCallerContainerCRI/owner/mechanism-sandbox-id-fifo (0.01s)
        --- PASS: TestRuntimeCallerContainerCRI/owner/mechanism-sandbox-id-oversize (0.01s)
        --- PASS: TestRuntimeCallerContainerCRI/owner/mechanism-task-bootstrap-missing (0.01s)
        --- PASS: TestRuntimeCallerContainerCRI/owner/mechanism-task-bootstrap-writable (0.01s)
        --- PASS: TestRuntimeCallerContainerCRI/owner/mechanism-task-bootstrap-wrong-owner (0.01s)
        --- PASS: TestRuntimeCallerContainerCRI/owner/mechanism-task-bootstrap-symlink (0.01s)
        --- PASS: TestRuntimeCallerContainerCRI/owner/mechanism-task-bootstrap-hardlink (0.01s)
        --- PASS: TestRuntimeCallerContainerCRI/owner/mechanism-task-bootstrap-fifo (0.01s)
        --- PASS: TestRuntimeCallerContainerCRI/owner/mechanism-task-bootstrap-oversize (0.01s)
        --- PASS: TestRuntimeCallerContainerCRI/owner/mechanism-shim-bootstrap-missing (0.01s)
        --- PASS: TestRuntimeCallerContainerCRI/owner/mechanism-shim-bootstrap-writable (0.01s)
        --- PASS: TestRuntimeCallerContainerCRI/owner/mechanism-shim-bootstrap-wrong-owner (0.01s)
        --- PASS: TestRuntimeCallerContainerCRI/owner/mechanism-shim-bootstrap-symlink (0.01s)
        --- PASS: TestRuntimeCallerContainerCRI/owner/mechanism-shim-bootstrap-hardlink (0.01s)
        --- PASS: TestRuntimeCallerContainerCRI/owner/mechanism-shim-bootstrap-fifo (0.01s)
        --- PASS: TestRuntimeCallerContainerCRI/owner/mechanism-shim-bootstrap-oversize (0.01s)
        --- PASS: TestRuntimeCallerContainerCRI/owner/mechanism-mismatched-sandbox (0.01s)
        --- PASS: TestRuntimeCallerContainerCRI/owner/mechanism-mismatched-bootstrap.json (0.01s)
        --- PASS: TestRuntimeCallerContainerCRI/owner/mechanism-runtime-disagrees-with-options (0.01s)
    --- PASS: TestRuntimeCallerContainerCRI/wrapper (0.17s)
    --- PASS: TestRuntimeCallerContainerCRI/shared-pid (0.18s)
    --- PASS: TestRuntimeCallerContainerCRI/planned-owner (5.54s)
        --- PASS: TestRuntimeCallerContainerCRI/planned-owner/copied-state-root (0.01s)
        --- PASS: TestRuntimeCallerContainerCRI/planned-owner/node-mount-alias-and-shadow (1.02s)
        --- PASS: TestRuntimeCallerContainerCRI/planned-owner/task-bundle-writable (0.01s)
        --- PASS: TestRuntimeCallerContainerCRI/planned-owner/task-bundle-wrong-owner (0.01s)
        --- PASS: TestRuntimeCallerContainerCRI/planned-owner/task-bundle-missing (0.01s)
        --- PASS: TestRuntimeCallerContainerCRI/planned-owner/task-bundle-oversize (0.01s)
        --- PASS: TestRuntimeCallerContainerCRI/planned-owner/task-bundle-symlink (0.01s)
        --- PASS: TestRuntimeCallerContainerCRI/planned-owner/task-bundle-hardlink (0.01s)
        --- PASS: TestRuntimeCallerContainerCRI/planned-owner/task-bundle-fifo (0.01s)
        --- PASS: TestRuntimeCallerContainerCRI/planned-owner/task-bundle-duplicate-key (0.01s)
        --- PASS: TestRuntimeCallerContainerCRI/planned-owner/task-bundle-unknown-key (0.01s)
        --- PASS: TestRuntimeCallerContainerCRI/planned-owner/task-bundle-wrong-init-pid (0.01s)
        --- PASS: TestRuntimeCallerContainerCRI/planned-owner/mechanism-options-missing (0.01s)
        --- PASS: TestRuntimeCallerContainerCRI/planned-owner/mechanism-options-writable (0.01s)
        --- PASS: TestRuntimeCallerContainerCRI/planned-owner/mechanism-options-wrong-owner (0.01s)
        --- PASS: TestRuntimeCallerContainerCRI/planned-owner/mechanism-options-symlink (0.01s)
        --- PASS: TestRuntimeCallerContainerCRI/planned-owner/mechanism-options-hardlink (0.01s)
        --- PASS: TestRuntimeCallerContainerCRI/planned-owner/mechanism-options-fifo (0.01s)
        --- PASS: TestRuntimeCallerContainerCRI/planned-owner/mechanism-options-oversize (0.01s)
        --- PASS: TestRuntimeCallerContainerCRI/planned-owner/mechanism-runtime-missing (0.01s)
        --- PASS: TestRuntimeCallerContainerCRI/planned-owner/mechanism-runtime-writable (0.01s)
        --- PASS: TestRuntimeCallerContainerCRI/planned-owner/mechanism-runtime-wrong-owner (0.01s)
        --- PASS: TestRuntimeCallerContainerCRI/planned-owner/mechanism-runtime-symlink (0.01s)
        --- PASS: TestRuntimeCallerContainerCRI/planned-owner/mechanism-runtime-hardlink (0.01s)
        --- PASS: TestRuntimeCallerContainerCRI/planned-owner/mechanism-runtime-fifo (0.01s)
        --- PASS: TestRuntimeCallerContainerCRI/planned-owner/mechanism-runtime-oversize (0.01s)
        --- PASS: TestRuntimeCallerContainerCRI/planned-owner/mechanism-shim-binary-missing (0.01s)
        --- PASS: TestRuntimeCallerContainerCRI/planned-owner/mechanism-shim-binary-writable (0.01s)
        --- PASS: TestRuntimeCallerContainerCRI/planned-owner/mechanism-shim-binary-wrong-owner (0.01s)
        --- PASS: TestRuntimeCallerContainerCRI/planned-owner/mechanism-shim-binary-symlink (0.01s)
        --- PASS: TestRuntimeCallerContainerCRI/planned-owner/mechanism-shim-binary-hardlink (0.01s)
        --- PASS: TestRuntimeCallerContainerCRI/planned-owner/mechanism-shim-binary-fifo (0.01s)
        --- PASS: TestRuntimeCallerContainerCRI/planned-owner/mechanism-shim-binary-oversize (0.01s)
        --- PASS: TestRuntimeCallerContainerCRI/planned-owner/mechanism-sandbox-id-missing (0.01s)
        --- PASS: TestRuntimeCallerContainerCRI/planned-owner/mechanism-sandbox-id-writable (0.01s)
        --- PASS: TestRuntimeCallerContainerCRI/planned-owner/mechanism-sandbox-id-wrong-owner (0.01s)
        --- PASS: TestRuntimeCallerContainerCRI/planned-owner/mechanism-sandbox-id-symlink (0.01s)
        --- PASS: TestRuntimeCallerContainerCRI/planned-owner/mechanism-sandbox-id-hardlink (0.01s)
        --- PASS: TestRuntimeCallerContainerCRI/planned-owner/mechanism-sandbox-id-fifo (0.01s)
        --- PASS: TestRuntimeCallerContainerCRI/planned-owner/mechanism-sandbox-id-oversize (0.01s)
        --- PASS: TestRuntimeCallerContainerCRI/planned-owner/mechanism-task-bootstrap-missing (0.01s)
        --- PASS: TestRuntimeCallerContainerCRI/planned-owner/mechanism-task-bootstrap-writable (0.01s)
        --- PASS: TestRuntimeCallerContainerCRI/planned-owner/mechanism-task-bootstrap-wrong-owner (0.01s)
        --- PASS: TestRuntimeCallerContainerCRI/planned-owner/mechanism-task-bootstrap-symlink (0.01s)
        --- PASS: TestRuntimeCallerContainerCRI/planned-owner/mechanism-task-bootstrap-hardlink (0.01s)
        --- PASS: TestRuntimeCallerContainerCRI/planned-owner/mechanism-task-bootstrap-fifo (0.01s)
        --- PASS: TestRuntimeCallerContainerCRI/planned-owner/mechanism-task-bootstrap-oversize (0.01s)
        --- PASS: TestRuntimeCallerContainerCRI/planned-owner/mechanism-shim-bootstrap-missing (0.01s)
        --- PASS: TestRuntimeCallerContainerCRI/planned-owner/mechanism-shim-bootstrap-writable (0.01s)
        --- PASS: TestRuntimeCallerContainerCRI/planned-owner/mechanism-shim-bootstrap-wrong-owner (0.01s)
        --- PASS: TestRuntimeCallerContainerCRI/planned-owner/mechanism-shim-bootstrap-symlink (0.01s)
        --- PASS: TestRuntimeCallerContainerCRI/planned-owner/mechanism-shim-bootstrap-hardlink (0.01s)
        --- PASS: TestRuntimeCallerContainerCRI/planned-owner/mechanism-shim-bootstrap-fifo (0.01s)
        --- PASS: TestRuntimeCallerContainerCRI/planned-owner/mechanism-shim-bootstrap-oversize (0.01s)
        --- PASS: TestRuntimeCallerContainerCRI/planned-owner/mechanism-mismatched-sandbox (0.01s)
        --- PASS: TestRuntimeCallerContainerCRI/planned-owner/mechanism-mismatched-bootstrap.json (0.01s)
        --- PASS: TestRuntimeCallerContainerCRI/planned-owner/mechanism-runtime-disagrees-with-options (0.01s)
        --- PASS: TestRuntimeCallerContainerCRI/planned-owner/mechanism-hook-rejected (0.01s)
        --- PASS: TestRuntimeCallerContainerCRI/planned-owner/planned-image-other-daemon (1.04s)
        --- PASS: TestRuntimeCallerContainerCRI/planned-owner/planned-image-wrong-argv (0.10s)
        --- PASS: TestRuntimeCallerContainerCRI/planned-owner/planned-image-substituted-executable (0.40s)
    --- PASS: TestRuntimeCallerContainerCRI/startup-image-reservation (11.63s)
        --- PASS: TestRuntimeCallerContainerCRI/startup-image-reservation/none (0.95s)
        --- PASS: TestRuntimeCallerContainerCRI/startup-image-reservation/node (0.18s)
        --- PASS: TestRuntimeCallerContainerCRI/startup-image-reservation/binding (0.25s)
        --- PASS: TestRuntimeCallerContainerCRI/startup-image-reservation/journal (0.21s)
        --- PASS: TestRuntimeCallerContainerCRI/startup-image-reservation/scope (0.21s)
        --- PASS: TestRuntimeCallerContainerCRI/startup-image-reservation/launch (0.17s)
        --- PASS: TestRuntimeCallerContainerCRI/startup-image-reservation/incarnation (0.17s)
        --- PASS: TestRuntimeCallerContainerCRI/startup-image-reservation/manifest-only (0.18s)
        --- PASS: TestRuntimeCallerContainerCRI/startup-image-reservation/missing-images (0.16s)
        --- PASS: TestRuntimeCallerContainerCRI/startup-image-reservation/policy (0.24s)
        --- PASS: TestRuntimeCallerContainerCRI/startup-image-reservation/substituted-executable (0.34s)
        --- PASS: TestRuntimeCallerContainerCRI/startup-image-reservation/before-fleet-task-change (0.74s)
        --- PASS: TestRuntimeCallerContainerCRI/startup-image-reservation/after-fleet-task-change (0.89s)
        --- PASS: TestRuntimeCallerContainerCRI/startup-image-reservation/fleet-loss (0.79s)
        --- PASS: TestRuntimeCallerContainerCRI/startup-image-reservation/image-observer-closed (0.52s)
        --- PASS: TestRuntimeCallerContainerCRI/startup-image-reservation/before-fleet-journal-close (0.48s)
        --- PASS: TestRuntimeCallerContainerCRI/startup-image-reservation/after-fleet-journal-close (0.66s)
        --- PASS: TestRuntimeCallerContainerCRI/startup-image-reservation/publication-valid (1.02s)
        --- PASS: TestRuntimeCallerContainerCRI/startup-image-reservation/publication-missing (0.20s)
        --- PASS: TestRuntimeCallerContainerCRI/startup-image-reservation/publication-copy (0.24s)
        --- PASS: TestRuntimeCallerContainerCRI/startup-image-reservation/publication-writable-mount (0.22s)
        --- PASS: TestRuntimeCallerContainerCRI/startup-image-reservation/publication-wrong-plan (0.19s)
        --- PASS: TestRuntimeCallerContainerCRI/startup-image-reservation/publication-hardlink (0.23s)
        --- PASS: TestRuntimeCallerContainerCRI/startup-image-reservation/publication-before-fleet-replaced (0.53s)
        --- PASS: TestRuntimeCallerContainerCRI/startup-image-reservation/publication-after-fleet-replaced (0.73s)
        --- PASS: TestRuntimeCallerContainerCRI/startup-image-reservation/publication-fleet-loss (0.90s)
        --- PASS: TestRuntimeCallerContainerCRI/startup-image-reservation/publication-incarnation (0.25s)
    --- PASS: TestRuntimeCallerContainerCRI/original-daemon-lifetime (1.04s)
=== RUN   TestRuntimeContainerDaemonClosesHandles
--- PASS: TestRuntimeContainerDaemonClosesHandles (0.00s)
=== RUN   TestRuntimeContainerdProcessEvidence
    runtime_containerd_linux_test.go:154: containerd github.com/containerd/containerd/v2 v2.3.1 64b425cf570b3b8dd1d4cc46da7c1fce65c6651a
    runtime_containerd_linux_test.go:154: runc version 1.4.2
        commit: v1.4.2-0-gc241c0bb
        spec: 1.3.0
        go: go1.25.8
        libseccomp: 2.6.0
=== RUN   TestRuntimeContainerdProcessEvidence/owner
    runtime_containerd_linux_test.go:76: mode=owner task_pid=4364 peer_pid=4364 peer_start_ticks=13977875 NSpid=[4364 1] namespace=pid:[4026532690]
    runtime_containerd_linux_test.go:109: two matching Containers.Get replies returned changed PID/argv metadata while the original namespace-init caller remained live
    runtime_containerd_linux_test.go:120: shared PID namespace: task_pid=peer_pid=4413 but NSpid=[4413 12]; task ownership alone does not prove namespace ownership
    runtime_containerd_linux_test.go:142: same container id=b12b03172a614950ae237a26df875aeefa7e975fa20a4d94906051f57908d336 and CreatedAt retained after task recreation: old_pid=4364 new_pid=4487 old_ticks=13977875 new_ticks=13978090
=== RUN   TestRuntimeContainerdProcessEvidence/wrapper
    runtime_containerd_linux_test.go:76: mode=wrapper task_pid=4587 peer_pid=4606 peer_start_ticks=13978200 NSpid=[4606 13] namespace=pid:[4026532690]
--- PASS: TestRuntimeContainerdProcessEvidence (6.36s)
    --- PASS: TestRuntimeContainerdProcessEvidence/owner (3.23s)
    --- PASS: TestRuntimeContainerdProcessEvidence/wrapper (2.10s)
=== RUN   TestRuntimeImageDefaultEntrypoint
--- PASS: TestRuntimeImageDefaultEntrypoint (0.00s)
=== RUN   TestRuntimeImageLayerExecutableIdentity
    runtime_containerd_linux_test.go:154: containerd github.com/containerd/containerd/v2 v2.3.1 64b425cf570b3b8dd1d4cc46da7c1fce65c6651a
    runtime_containerd_linux_test.go:154: runc version 1.4.2
        commit: v1.4.2-0-gc241c0bb
        spec: 1.3.0
        go: go1.25.8
        libseccomp: 2.6.0
=== RUN   TestRuntimeImageLayerExecutableIdentity/regular-overlay
=== RUN   TestRuntimeImageLayerExecutableIdentity/regular-overlay/missing-file
=== RUN   TestRuntimeImageLayerExecutableIdentity/regular-overlay/wrong-config
=== RUN   TestRuntimeImageLayerExecutableIdentity/regular-overlay/corrupt-json
=== RUN   TestRuntimeImageLayerExecutableIdentity/regular-overlay/lost-lease-response
=== RUN   TestRuntimeImageLayerExecutableIdentity/regular-overlay/lost-view-response
=== RUN   TestRuntimeImageLayerExecutableIdentity/regular-overlay/lost-activation-response
=== RUN   TestRuntimeImageLayerExecutableIdentity/regular-overlay/lost-journal-response
=== RUN   TestRuntimeImageLayerExecutableIdentity/regular-overlay/journal-update-failure
=== RUN   TestRuntimeImageLayerExecutableIdentity/regular-overlay/canceled-activation
=== RUN   TestRuntimeImageLayerExecutableIdentity/regular-overlay/canceled-cleanup
=== RUN   TestRuntimeImageLayerExecutableIdentity/regular-overlay/changed-activation
=== RUN   TestRuntimeImageLayerExecutableIdentity/regular-overlay/cleanup-failure
=== RUN   TestRuntimeImageLayerExecutableIdentity/regular-overlay/derived-entrypoint-corrupt-content
=== RUN   TestRuntimeImageLayerExecutableIdentity/regular-overlay/derived-entrypoint-lost-activation
=== RUN   TestRuntimeImageLayerExecutableIdentity/regular-overlay/derived-entrypoint-canceled-cleanup
=== RUN   TestRuntimeImageLayerExecutableIdentity/regular-overlay/derived-entrypoint-failed-cleanup
=== RUN   TestRuntimeImageLayerExecutableIdentity/regular-overlay/concurrent-observations
=== NAME  TestRuntimeImageLayerExecutableIdentity/regular-overlay
    runtime_image_layers_linux_test.go:211: image=sha256:a367b172903cff82911b7fe82f097225b65da2cde717764839ce1b6e2b970f79 kernel=224bfed97e12a058bfb8f9e0ae091c0f380f7e52a8d26901aacbe66b84a45289 flattened=224bfed97e12a058bfb8f9e0ae091c0f380f7e52a8d26901aacbe66b84a45289
=== RUN   TestRuntimeImageLayerExecutableIdentity/whiteout-recreate
    runtime_image_layers_linux_test.go:196: image=sha256:d5f5670fac9c5a363cfddf5db6f9ca757aa03a956951cf898a01becfa112bcb5 kernel=224bfed97e12a058bfb8f9e0ae091c0f380f7e52a8d26901aacbe66b84a45289; mutate.Extract omitted the recreated executable
=== RUN   TestRuntimeImageLayerExecutableIdentity/opaque-directory
    runtime_image_layers_linux_test.go:211: image=sha256:8429b94a365b1c7e1056998fd574d7964c226fae9d9338e27c503ac6e01556e2 kernel=224bfed97e12a058bfb8f9e0ae091c0f380f7e52a8d26901aacbe66b84a45289 flattened=224bfed97e12a058bfb8f9e0ae091c0f380f7e52a8d26901aacbe66b84a45289
=== RUN   TestRuntimeImageLayerExecutableIdentity/hardlink-copy-up
    runtime_image_layers_linux_test.go:211: image=sha256:14f79810a4640f786459d56e0f010743cdfa0bbfaaa8c7441c9aae6e52441c88 kernel=065cea9fdfccfc3de876683d48bba83c770a79a6697b217abf87faadfd2c37ba flattened=224bfed97e12a058bfb8f9e0ae091c0f380f7e52a8d26901aacbe66b84a45289
=== RUN   TestRuntimeImageLayerExecutableIdentity/relative-symlink
    runtime_image_layers_linux_test.go:211: image=sha256:be2fcb96eb201ee8f80dbbe6abb54b040eb67555e0a2148b1696072e4d1546d9 kernel=224bfed97e12a058bfb8f9e0ae091c0f380f7e52a8d26901aacbe66b84a45289 flattened=224bfed97e12a058bfb8f9e0ae091c0f380f7e52a8d26901aacbe66b84a45289
--- PASS: TestRuntimeImageLayerExecutableIdentity (87.42s)
    --- PASS: TestRuntimeImageLayerExecutableIdentity/regular-overlay (17.24s)
        --- PASS: TestRuntimeImageLayerExecutableIdentity/regular-overlay/missing-file (0.01s)
        --- PASS: TestRuntimeImageLayerExecutableIdentity/regular-overlay/wrong-config (0.00s)
        --- PASS: TestRuntimeImageLayerExecutableIdentity/regular-overlay/corrupt-json (0.00s)
        --- PASS: TestRuntimeImageLayerExecutableIdentity/regular-overlay/lost-lease-response (0.00s)
        --- PASS: TestRuntimeImageLayerExecutableIdentity/regular-overlay/lost-view-response (0.01s)
        --- PASS: TestRuntimeImageLayerExecutableIdentity/regular-overlay/lost-activation-response (0.01s)
        --- PASS: TestRuntimeImageLayerExecutableIdentity/regular-overlay/lost-journal-response (0.01s)
        --- PASS: TestRuntimeImageLayerExecutableIdentity/regular-overlay/journal-update-failure (0.01s)
        --- PASS: TestRuntimeImageLayerExecutableIdentity/regular-overlay/canceled-activation (0.01s)
        --- PASS: TestRuntimeImageLayerExecutableIdentity/regular-overlay/canceled-cleanup (0.04s)
        --- PASS: TestRuntimeImageLayerExecutableIdentity/regular-overlay/changed-activation (0.04s)
        --- PASS: TestRuntimeImageLayerExecutableIdentity/regular-overlay/cleanup-failure (0.04s)
        --- PASS: TestRuntimeImageLayerExecutableIdentity/regular-overlay/derived-entrypoint-corrupt-content (0.00s)
        --- PASS: TestRuntimeImageLayerExecutableIdentity/regular-overlay/derived-entrypoint-lost-activation (0.01s)
        --- PASS: TestRuntimeImageLayerExecutableIdentity/regular-overlay/derived-entrypoint-canceled-cleanup (0.04s)
        --- PASS: TestRuntimeImageLayerExecutableIdentity/regular-overlay/derived-entrypoint-failed-cleanup (0.04s)
        --- PASS: TestRuntimeImageLayerExecutableIdentity/regular-overlay/concurrent-observations (0.06s)
    --- PASS: TestRuntimeImageLayerExecutableIdentity/whiteout-recreate (17.89s)
    --- PASS: TestRuntimeImageLayerExecutableIdentity/opaque-directory (16.96s)
    --- PASS: TestRuntimeImageLayerExecutableIdentity/hardlink-copy-up (17.12s)
    --- PASS: TestRuntimeImageLayerExecutableIdentity/relative-symlink (17.03s)
=== RUN   TestRuntimeTaskMechanismPolicy
=== RUN   TestRuntimeTaskMechanismPolicy/implicit-binary
=== RUN   TestRuntimeTaskMechanismPolicy/different-binary
=== RUN   TestRuntimeTaskMechanismPolicy/implicit-root
=== RUN   TestRuntimeTaskMechanismPolicy/different-root
=== RUN   TestRuntimeTaskMechanismPolicy/no-pivot
=== RUN   TestRuntimeTaskMechanismPolicy/no-keyring
=== RUN   TestRuntimeTaskMechanismPolicy/shim-cgroup
=== RUN   TestRuntimeTaskMechanismPolicy/io-uid
=== RUN   TestRuntimeTaskMechanismPolicy/io-gid
=== RUN   TestRuntimeTaskMechanismPolicy/cgroup-mode
=== RUN   TestRuntimeTaskMechanismPolicy/criu-image
=== RUN   TestRuntimeTaskMechanismPolicy/criu-work
--- PASS: TestRuntimeTaskMechanismPolicy (0.00s)
    --- PASS: TestRuntimeTaskMechanismPolicy/implicit-binary (0.00s)
    --- PASS: TestRuntimeTaskMechanismPolicy/different-binary (0.00s)
    --- PASS: TestRuntimeTaskMechanismPolicy/implicit-root (0.00s)
    --- PASS: TestRuntimeTaskMechanismPolicy/different-root (0.00s)
    --- PASS: TestRuntimeTaskMechanismPolicy/no-pivot (0.00s)
    --- PASS: TestRuntimeTaskMechanismPolicy/no-keyring (0.00s)
    --- PASS: TestRuntimeTaskMechanismPolicy/shim-cgroup (0.00s)
    --- PASS: TestRuntimeTaskMechanismPolicy/io-uid (0.00s)
    --- PASS: TestRuntimeTaskMechanismPolicy/io-gid (0.00s)
    --- PASS: TestRuntimeTaskMechanismPolicy/cgroup-mode (0.00s)
    --- PASS: TestRuntimeTaskMechanismPolicy/criu-image (0.00s)
    --- PASS: TestRuntimeTaskMechanismPolicy/criu-work (0.00s)
=== RUN   TestRuntimeTaskOptionsCanonicalEncoding
--- PASS: TestRuntimeTaskOptionsCanonicalEncoding (0.00s)
=== RUN   TestRuntimeTaskBootstrapBinding
--- PASS: TestRuntimeTaskBootstrapBinding (0.00s)
=== RUN   TestRuntimeDaemonStateDirectory
--- PASS: TestRuntimeDaemonStateDirectory (0.00s)
PASS
