=== RUN   TestRuntimeCallerContainerCRI
    runtime_containerd_linux_test.go:154: containerd github.com/containerd/containerd/v2 v2.3.1 64b425cf570b3b8dd1d4cc46da7c1fce65c6651a
    runtime_containerd_linux_test.go:154: runc version 1.4.2
        commit: v1.4.2-0-gc241c0bb
        spec: 1.3.0
        go: go1.25.8
        libseccomp: 2.6.0
=== RUN   TestRuntimeCallerContainerCRI/startup-image-reservation
=== RUN   TestRuntimeCallerContainerCRI/startup-image-reservation/publication-valid
    runtime_startup_image_integration_linux_test.go:316: actual CRI startup envelope + root journal + image observation: fault=publication-valid Fleet fixture calls=1 durable intents=1
=== RUN   TestRuntimeCallerContainerCRI/startup-image-reservation/publication-missing
    runtime_startup_image_integration_linux_test.go:316: actual CRI startup envelope + root journal + image observation: fault=publication-missing Fleet fixture calls=0 durable intents=0
=== RUN   TestRuntimeCallerContainerCRI/startup-image-reservation/publication-copy
    runtime_startup_image_integration_linux_test.go:316: actual CRI startup envelope + root journal + image observation: fault=publication-copy Fleet fixture calls=0 durable intents=0
=== RUN   TestRuntimeCallerContainerCRI/startup-image-reservation/publication-writable-mount
    runtime_startup_image_integration_linux_test.go:316: actual CRI startup envelope + root journal + image observation: fault=publication-writable-mount Fleet fixture calls=0 durable intents=0
=== RUN   TestRuntimeCallerContainerCRI/startup-image-reservation/publication-wrong-plan
    runtime_startup_image_integration_linux_test.go:316: actual CRI startup envelope + root journal + image observation: fault=publication-wrong-plan Fleet fixture calls=0 durable intents=0
=== RUN   TestRuntimeCallerContainerCRI/startup-image-reservation/publication-hardlink
    runtime_startup_image_integration_linux_test.go:316: actual CRI startup envelope + root journal + image observation: fault=publication-hardlink Fleet fixture calls=0 durable intents=0
=== RUN   TestRuntimeCallerContainerCRI/startup-image-reservation/publication-before-fleet-replaced
    runtime_startup_image_integration_linux_test.go:316: actual CRI startup envelope + root journal + image observation: fault=publication-before-fleet-replaced Fleet fixture calls=0 durable intents=1
=== RUN   TestRuntimeCallerContainerCRI/startup-image-reservation/publication-after-fleet-replaced
    runtime_startup_image_integration_linux_test.go:316: actual CRI startup envelope + root journal + image observation: fault=publication-after-fleet-replaced Fleet fixture calls=1 durable intents=1
=== RUN   TestRuntimeCallerContainerCRI/startup-image-reservation/publication-fleet-loss
    runtime_startup_image_integration_linux_test.go:316: actual CRI startup envelope + root journal + image observation: fault=publication-fleet-loss Fleet fixture calls=1 durable intents=1
=== RUN   TestRuntimeCallerContainerCRI/startup-image-reservation/publication-incarnation
    runtime_startup_image_integration_linux_test.go:316: actual CRI startup envelope + root journal + image observation: fault=publication-incarnation Fleet fixture calls=0 durable intents=0
=== RUN   TestRuntimeCallerContainerCRI/startup-image-reservation/publication-before-fleet-remounted
    runtime_startup_image_integration_linux_test.go:316: actual CRI startup envelope + root journal + image observation: fault=publication-before-fleet-remounted Fleet fixture calls=0 durable intents=1
=== RUN   TestRuntimeCallerContainerCRI/startup-image-reservation/publication-after-fleet-remounted
    runtime_startup_image_integration_linux_test.go:316: actual CRI startup envelope + root journal + image observation: fault=publication-after-fleet-remounted Fleet fixture calls=1 durable intents=1
--- PASS: TestRuntimeCallerContainerCRI (16.93s)
    --- PASS: TestRuntimeCallerContainerCRI/startup-image-reservation (8.81s)
        --- PASS: TestRuntimeCallerContainerCRI/startup-image-reservation/publication-valid (1.00s)
        --- PASS: TestRuntimeCallerContainerCRI/startup-image-reservation/publication-missing (0.33s)
        --- PASS: TestRuntimeCallerContainerCRI/startup-image-reservation/publication-copy (0.31s)
        --- PASS: TestRuntimeCallerContainerCRI/startup-image-reservation/publication-writable-mount (0.31s)
        --- PASS: TestRuntimeCallerContainerCRI/startup-image-reservation/publication-wrong-plan (0.31s)
        --- PASS: TestRuntimeCallerContainerCRI/startup-image-reservation/publication-hardlink (0.29s)
        --- PASS: TestRuntimeCallerContainerCRI/startup-image-reservation/publication-before-fleet-replaced (0.62s)
        --- PASS: TestRuntimeCallerContainerCRI/startup-image-reservation/publication-after-fleet-replaced (0.69s)
        --- PASS: TestRuntimeCallerContainerCRI/startup-image-reservation/publication-fleet-loss (0.78s)
        --- PASS: TestRuntimeCallerContainerCRI/startup-image-reservation/publication-incarnation (0.21s)
        --- PASS: TestRuntimeCallerContainerCRI/startup-image-reservation/publication-before-fleet-remounted (2.00s)
        --- PASS: TestRuntimeCallerContainerCRI/startup-image-reservation/publication-after-fleet-remounted (1.96s)
PASS
