2026/09/17 16:04:57 github.com/testcontainers/testcontainers-go - Connected to docker: 
  Server Version: 28.3.2
  API Version: 1.51
  Operating System: Docker Desktop
  Total Memory: 32044 MB
  Labels:
    com.docker.desktop.address=unix:///Users/viv/Library/Containers/com.docker.docker/Data/docker-cli.sock
  Testcontainers for Go Version: v0.44.0
  Resolved Docker Host: unix:///var/run/docker.sock
  Resolved Docker Socket Path: /var/run/docker.sock
  Test SessionID: 266cb7a9ab5aae002ef0de47b55355f83162a1e0e651fbe39b1e8e8049c9fb18
  Test ProcessID: 3bbe5927-5236-429b-baab-a96e1bd45fdf
2026/09/17 16:04:57 🐳 Creating container for image postgres:17-alpine
2026/09/17 16:04:57 🐳 Creating container for image testcontainers/ryuk:0.14.0
2026/09/17 16:04:57 ✅ Container created: 94c89f2369e1
2026/09/17 16:04:57 🐳 Starting container: 94c89f2369e1
2026/09/17 16:04:57 ✅ Container started: 94c89f2369e1
2026/09/17 16:04:57 ⏳ Waiting for container id 94c89f2369e1 image: testcontainers/ryuk:0.14.0. Waiting for: all of: [log message "Started", port 8080/tcp to be listening]
2026/09/17 16:04:57 Shell not found in container
2026/09/17 16:04:57 🔔 Container is ready: 94c89f2369e1
2026/09/17 16:04:57 ✅ Container created: ee80ba18ef58
2026/09/17 16:04:57 🐳 Starting container: ee80ba18ef58
2026/09/17 16:04:58 ✅ Container started: ee80ba18ef58
2026/09/17 16:04:58 ⏳ Waiting for container id ee80ba18ef58 image: postgres:17-alpine. Waiting for: all of: [all of: [log message "database system is ready to accept connections" (occurrence: 2), port 5432/tcp to be mapped]]
2026/09/17 16:04:59 🔔 Container is ready: ee80ba18ef58
2026/09/17 16:04:59 OK   00001_foundation.sql (71.32ms)
2026/09/17 16:04:59 OK   00002_worker_assignment.sql (18.49ms)
2026/09/17 16:04:59 OK   00003_worker_start.sql (2.65ms)
2026/09/17 16:04:59 OK   00004_worker_heartbeat.sql (16.86ms)
2026/09/17 16:04:59 OK   00005_execution_failure.sql (13.36ms)
2026/09/17 16:04:59 OK   00006_customer_cancellation.sql (22.83ms)
2026/09/17 16:04:59 OK   00007_artifact_finalization.sql (35.89ms)
2026/09/17 16:04:59 OK   00008_hierarchical_scheduler.sql (42.72ms)
2026/09/17 16:04:59 OK   00009_invoice_export.sql (11.94ms)
2026/09/17 16:04:59 OK   00010_profile_certification_circuit.sql (18.25ms)
2026/09/17 16:04:59 OK   00011_project_webhooks.sql (28.36ms)
2026/09/17 16:04:59 OK   00012_human_oidc_fixed_rbac.sql (26.13ms)
2026/09/17 16:04:59 OK   00013_service_principal_administration.sql (9.49ms)
2026/09/17 16:04:59 OK   00014_human_membership_administration.sql (19.7ms)
2026/09/17 16:04:59 OK   00015_organization_reporting.sql (12.67ms)
2026/09/17 16:04:59 OK   00016_project_retention_content_deletion.sql (49.27ms)
2026/09/17 16:04:59 OK   00017_platform_operator_break_glass.sql (27.96ms)
2026/09/17 16:04:59 OK   00018_finance_reconciliation.sql (14.42ms)
2026/09/17 16:04:59 OK   00019_certified_remediation.sql (13.75ms)
2026/09/17 16:04:59 OK   00020_remediation_execution_claim.sql (5.5ms)
2026/09/17 16:04:59 OK   00021_remediation_execution_dispatch.sql (1.56ms)
2026/09/17 16:04:59 OK   00022_remediation_execution_claim_replay.sql (1.29ms)
2026/09/17 16:04:59 OK   00023_fleet_controller_worker_readiness.sql (48.4ms)
2026/09/17 16:04:59 OK   00024_staging_artifact_expiry.sql (2.31ms)
2026/09/17 16:04:59 OK   00025_scheduler_inbox_receipt.sql (1.61ms)
2026/09/17 16:04:59 OK   00026_synchronous_quorum_guard.sql (1.42ms)
2026/09/17 16:04:59 OK   00027_authorized_debug_dump_lifecycle.sql (42.69ms)
2026/09/17 16:04:59 OK   00028_off_cluster_backup_retention.sql (8.92ms)
2026/09/17 16:04:59 OK   00029_artifact_backup_replication.sql (8.21ms)
2026/09/17 16:04:59 OK   00030_non_content_legal_hold.sql (21.17ms)
2026/09/17 16:04:59 OK   00031_non_content_record_expiry.sql (66.54ms)
2026/09/17 16:04:59 OK   00032_catalog_promotion_production_gates.sql (28.42ms)
2026/09/17 16:04:59 OK   00033_statistical_slo_measurement.sql (27.62ms)
2026/09/17 16:04:59 OK   00034_stage_execution_catalog.sql (87.85ms)
2026/09/17 16:04:59 OK   00035_worker_instance_residency.sql (113.37ms)
2026/09/17 16:05:00 OK   00036_stage_attempt_authority.sql (111.7ms)
2026/09/17 16:05:00 OK   00037_stage_scheduler.sql (51.06ms)
2026/09/17 16:05:00 OK   00038_stage_artifact.sql (43.95ms)
2026/09/17 16:05:00 OK   00039_stage_worker_control_authority.sql (2.58ms)
2026/09/17 16:05:00 OK   00040_stage_worker_execution.sql (13.72ms)
2026/09/17 16:05:00 OK   00041_stage_worker_operations.sql (8.47ms)
2026/09/17 16:05:00 OK   00042_stage_worker_assignment.sql (10.06ms)
2026/09/17 16:05:00 OK   00043_stage_graph_finalization.sql (8.01ms)
2026/09/17 16:05:00 OK   00044_stage_cache.sql (25.11ms)
2026/09/17 16:05:00 OK   00045_stage_graph_finalization_outputs.sql (7.05ms)
2026/09/17 16:05:00 OK   00046_stage_graph_visible_completion.sql (6.4ms)
2026/09/17 16:05:00 OK   00047_usage_cost_ledger.sql (16.61ms)
2026/09/17 16:05:00 OK   00048_stage_run_output_binding.sql (14.68ms)
2026/09/17 16:05:00 OK   00049_stage_cutover_control.sql (32.98ms)
2026/09/17 16:05:00 OK   00050_stage_graph_instantiation_dispatch.sql (13.43ms)
2026/09/17 16:05:00 OK   00051_atomic_stage_graph_admission.sql (3.64ms)
2026/09/17 16:05:00 OK   00052_stage_cutover_zero_backlog_seal.sql (15.4ms)
2026/09/17 16:05:00 OK   00053_legacy_h3_guarded_contraction.sql (10.03ms)
2026/09/17 16:05:00 OK   00054_stage_transfer_consume_destination.sql (1.78ms)
2026/09/17 16:05:00 OK   00055_h3_campaign_evidence_reader.sql (3.38ms)
2026/09/17 16:05:00 OK   00056_stage_observability_reader.sql (693.92µs)
2026/09/17 16:05:00 OK   00057_legacy_h3_release_contraction_gate.sql (6.57ms)
2026/09/17 16:05:00 OK   00058_legacy_h3_schema_contraction.sql (213.04ms)
2026/09/17 16:05:00 OK   00059_model_runtime_epoch_registration.sql (15.93ms)
2026/09/17 16:05:00 OK   00060_model_runtime_gang_barrier.sql (10.63ms)
2026/09/17 16:05:00 OK   00061_stage_worker_gang_authority.sql (4.13ms)
2026/09/17 16:05:00 OK   00062_stage_authority_member_identity.sql (1.63ms)
2026/09/17 16:05:00 OK   00063_h3_execution_snapshot.sql (1.89ms)
2026/09/17 16:05:00 OK   00064_model_runtime_capacity_routes.sql (9.1ms)
2026/09/17 16:05:00 OK   00065_h3_exact_cache_reconciliation.sql (8.58ms)
2026/09/17 16:05:00 OK   00066_stage_worker_control_session_capacity.sql (18.35ms)
2026/09/17 16:05:00 OK   00067_stage_scheduler_project_capacity.sql (2.34ms)
2026/09/17 16:05:00 OK   00068_stage_assignment_connector_states.sql (2.31ms)
2026/09/17 16:05:00 OK   00069_stage_transfer_server_clock.sql (3.07ms)
2026/09/17 16:05:00 OK   00070_stage_lease_expiry_recovery.sql (5.82ms)
2026/09/17 16:05:00 OK   00071_stage_artifact_lifecycle.sql (14.66ms)
2026/09/17 16:05:00 OK   00072_recovery_quiescence.sql (12.58ms)
2026/09/17 16:05:00 OK   00073_stage_cache_downstream_bindings.sql (6.05ms)
2026/09/17 16:05:00 OK   00074_job_owned_public_artifact_copies.sql (3.15ms)
2026/09/17 16:05:00 OK   00075_stage_graph_failure_terminalization.sql (22.67ms)
2026/09/17 16:05:00 OK   00076_allocation_usage_unit.sql (1.02ms)
2026/09/17 16:05:00 OK   00077_runtime_usage_receipts.sql (2.27ms)
2026/09/17 16:05:00 OK   00078_idle_stage_worker_probe.sql (3.01ms)
2026/09/17 16:05:00 OK   00079_stage_job_expiry.sql (4.12ms)
2026/09/17 16:05:00 OK   00080_stage_scheduler_snapshot_lock_order.sql (3.71ms)
2026/09/17 16:05:00 OK   00081_stage_assignment_quorum.sql (1.33ms)
2026/09/17 16:05:00 OK   00082_stage_success_storage_completion.sql (3.05ms)
2026/09/17 16:05:00 OK   00083_capacity_observation_lifecycle.sql (4.1ms)
2026/09/17 16:05:00 OK   00084_blocked_stage_worker_probe.sql (2.68ms)
2026/09/17 16:05:00 OK   00085_stage_materialization_terminal_replay.sql (2.08ms)
2026/09/17 16:05:00 OK   00086_stage_failure_terminal_replay.sql (6.58ms)
2026/09/17 16:05:00 OK   00087_stage_claim_finalization_lock_order.sql (2.07ms)
2026/09/17 16:05:00 OK   00088_stage_allocation_execution_sequence.sql (3.81ms)
2026/09/17 16:05:00 OK   00089_stage_terminal_history.sql (2.61ms)
2026/09/17 16:05:00 OK   00090_stage_assignment_content_lifecycle.sql (14.27ms)
2026/09/17 16:05:00 OK   00091_worker_journal_bootstrap.sql (16.5ms)
2026/09/17 16:05:00 OK   00092_worker_bootstrap_history.sql (1.93ms)
2026/09/17 16:05:00 OK   00093_worker_bootstrap_nonzero_scopes.sql (1.14ms)
2026/09/17 16:05:00 OK   00094_worker_bootstrap_abandonment.sql (8.82ms)
2026/09/17 16:05:00 OK   00095_runtime_startup_reservation.sql (9.32ms)
2026/09/17 16:05:00 OK   00096_runtime_startup_authorization.sql (6.71ms)
2026/09/17 16:05:00 OK   00097_job_origin_trace.sql (2.09ms)
2026/09/17 16:05:00 OK   00098_stage_assignment_origin_trace.sql (947.29µs)
2026/09/17 16:05:00 OK   00099_h3_native_media_contract.sql (1.52ms)
2026/09/17 16:05:00 OK   00100_worker_bootstrap_pod_retirement.sql (7.96ms)
2026/09/17 16:05:00 OK   00101_stage_capacity_legacy_concurrency_compat.sql (1.61ms)
2026/09/17 16:05:00 OK   00102_stage_scheduler_legacy_capacity_compat.sql (2.13ms)
2026/09/17 16:05:00 OK   00103_worker_device_set_canonical_identity.sql (3.06ms)
2026/09/17 16:05:00 OK   00104_stage_worker_legacy_capacity_limit.sql (1.81ms)
2026/09/17 16:05:00 OK   00105_restore_stage_runtime_route_authority.sql (1.63ms)
2026/09/17 16:05:00 OK   00106_stage_allocation_capacity_binding.sql (21.41ms)
2026/09/17 16:05:00 OK   00107_stage_output_renewed_lease_expiry.sql (6.2ms)
2026/09/17 16:05:00 OK   00108_stage_busy_queue_admission.sql (1.99ms)
2026/09/17 16:05:00 OK   00109_model_stage_routes.sql (4.92ms)
2026/09/17 16:05:00 OK   00110_project_job_listing.sql (2.96ms)
2026/09/17 16:05:00 OK   00111_job_list_model_projection.sql (2.63ms)
2026/09/17 16:05:00 goose: successfully migrated database to version: 111
2026/09/17 16:05:01 ERROR HTTP request failed error="insert Idempotency-Key result: ERROR: injected transaction abort (SQLSTATE 40P01)"
2026/09/17 16:05:01 🐳 Stopping container: ee80ba18ef58
2026/09/17 16:05:01 ✅ Container stopped: ee80ba18ef58
2026/09/17 16:05:01 🐳 Terminating container: ee80ba18ef58
2026/09/17 16:05:01 🚫 Container terminated: ee80ba18ef58
2026/09/17 16:05:01 🐳 Creating container for image postgres:17-alpine
2026/09/17 16:05:01 ✅ Container created: 8e68978ee3a9
2026/09/17 16:05:01 🐳 Starting container: 8e68978ee3a9
2026/09/17 16:05:01 ✅ Container started: 8e68978ee3a9
2026/09/17 16:05:01 ⏳ Waiting for container id 8e68978ee3a9 image: postgres:17-alpine. Waiting for: all of: [all of: [log message "database system is ready to accept connections" (occurrence: 2), port 5432/tcp to be mapped]]
2026/09/17 16:05:02 🔔 Container is ready: 8e68978ee3a9
2026/09/17 16:05:02 OK   00001_foundation.sql (68.32ms)
2026/09/17 16:05:02 OK   00002_worker_assignment.sql (17.53ms)
2026/09/17 16:05:02 OK   00003_worker_start.sql (2.74ms)
2026/09/17 16:05:02 OK   00004_worker_heartbeat.sql (17.82ms)
2026/09/17 16:05:02 OK   00005_execution_failure.sql (14.45ms)
2026/09/17 16:05:02 OK   00006_customer_cancellation.sql (21.99ms)
2026/09/17 16:05:02 OK   00007_artifact_finalization.sql (34.98ms)
2026/09/17 16:05:02 OK   00008_hierarchical_scheduler.sql (41.92ms)
2026/09/17 16:05:02 OK   00009_invoice_export.sql (10.8ms)
2026/09/17 16:05:02 OK   00010_profile_certification_circuit.sql (16.33ms)
2026/09/17 16:05:02 OK   00011_project_webhooks.sql (25.67ms)
2026/09/17 16:05:02 OK   00012_human_oidc_fixed_rbac.sql (27.69ms)
2026/09/17 16:05:02 OK   00013_service_principal_administration.sql (9.67ms)
2026/09/17 16:05:02 OK   00014_human_membership_administration.sql (19.37ms)
2026/09/17 16:05:02 OK   00015_organization_reporting.sql (11.64ms)
2026/09/17 16:05:02 OK   00016_project_retention_content_deletion.sql (45.83ms)
2026/09/17 16:05:02 OK   00017_platform_operator_break_glass.sql (26.51ms)
2026/09/17 16:05:02 OK   00018_finance_reconciliation.sql (14.53ms)
2026/09/17 16:05:02 OK   00019_certified_remediation.sql (13.77ms)
2026/09/17 16:05:02 OK   00020_remediation_execution_claim.sql (4.82ms)
2026/09/17 16:05:02 OK   00021_remediation_execution_dispatch.sql (2.16ms)
2026/09/17 16:05:02 OK   00022_remediation_execution_claim_replay.sql (1.42ms)
2026/09/17 16:05:03 OK   00023_fleet_controller_worker_readiness.sql (49.19ms)
2026/09/17 16:05:03 OK   00024_staging_artifact_expiry.sql (2.32ms)
2026/09/17 16:05:03 OK   00025_scheduler_inbox_receipt.sql (1.31ms)
2026/09/17 16:05:03 OK   00026_synchronous_quorum_guard.sql (2.77ms)
2026/09/17 16:05:03 OK   00027_authorized_debug_dump_lifecycle.sql (41.91ms)
2026/09/17 16:05:03 OK   00028_off_cluster_backup_retention.sql (8.39ms)
2026/09/17 16:05:03 OK   00029_artifact_backup_replication.sql (8.48ms)
2026/09/17 16:05:03 OK   00030_non_content_legal_hold.sql (19.84ms)
2026/09/17 16:05:03 OK   00031_non_content_record_expiry.sql (61.93ms)
2026/09/17 16:05:03 OK   00032_catalog_promotion_production_gates.sql (26.62ms)
2026/09/17 16:05:03 OK   00033_statistical_slo_measurement.sql (21.62ms)
2026/09/17 16:05:03 OK   00034_stage_execution_catalog.sql (54.92ms)
2026/09/17 16:05:03 OK   00035_worker_instance_residency.sql (66.23ms)
2026/09/17 16:05:03 OK   00036_stage_attempt_authority.sql (68.39ms)
2026/09/17 16:05:03 OK   00037_stage_scheduler.sql (37.99ms)
2026/09/17 16:05:03 OK   00038_stage_artifact.sql (48.48ms)
2026/09/17 16:05:03 OK   00039_stage_worker_control_authority.sql (3.37ms)
2026/09/17 16:05:03 OK   00040_stage_worker_execution.sql (14.38ms)
2026/09/17 16:05:03 OK   00041_stage_worker_operations.sql (7.77ms)
2026/09/17 16:05:03 OK   00042_stage_worker_assignment.sql (11.71ms)
2026/09/17 16:05:03 OK   00043_stage_graph_finalization.sql (7.78ms)
2026/09/17 16:05:03 OK   00044_stage_cache.sql (25.4ms)
2026/09/17 16:05:03 OK   00045_stage_graph_finalization_outputs.sql (6.12ms)
2026/09/17 16:05:03 OK   00046_stage_graph_visible_completion.sql (7.03ms)
2026/09/17 16:05:03 OK   00047_usage_cost_ledger.sql (14.59ms)
2026/09/17 16:05:03 OK   00048_stage_run_output_binding.sql (14.42ms)
2026/09/17 16:05:03 OK   00049_stage_cutover_control.sql (30.69ms)
2026/09/17 16:05:03 OK   00050_stage_graph_instantiation_dispatch.sql (13.52ms)
2026/09/17 16:05:03 OK   00051_atomic_stage_graph_admission.sql (4.06ms)
2026/09/17 16:05:03 OK   00052_stage_cutover_zero_backlog_seal.sql (14.58ms)
2026/09/17 16:05:03 OK   00053_legacy_h3_guarded_contraction.sql (9.58ms)
2026/09/17 16:05:03 OK   00054_stage_transfer_consume_destination.sql (2.12ms)
2026/09/17 16:05:03 OK   00055_h3_campaign_evidence_reader.sql (3.3ms)
2026/09/17 16:05:03 OK   00056_stage_observability_reader.sql (1.02ms)
2026/09/17 16:05:03 OK   00057_legacy_h3_release_contraction_gate.sql (6.1ms)
2026/09/17 16:05:03 OK   00058_legacy_h3_schema_contraction.sql (202.89ms)
2026/09/17 16:05:03 OK   00059_model_runtime_epoch_registration.sql (15.35ms)
2026/09/17 16:05:03 OK   00060_model_runtime_gang_barrier.sql (11.86ms)
2026/09/17 16:05:03 OK   00061_stage_worker_gang_authority.sql (3.79ms)
2026/09/17 16:05:03 OK   00062_stage_authority_member_identity.sql (1.83ms)
2026/09/17 16:05:03 OK   00063_h3_execution_snapshot.sql (1.59ms)
2026/09/17 16:05:03 OK   00064_model_runtime_capacity_routes.sql (9.59ms)
2026/09/17 16:05:03 OK   00065_h3_exact_cache_reconciliation.sql (7.26ms)
2026/09/17 16:05:03 OK   00066_stage_worker_control_session_capacity.sql (15.82ms)
2026/09/17 16:05:03 OK   00067_stage_scheduler_project_capacity.sql (1.97ms)
2026/09/17 16:05:03 OK   00068_stage_assignment_connector_states.sql (2.15ms)
2026/09/17 16:05:03 OK   00069_stage_transfer_server_clock.sql (2.92ms)
2026/09/17 16:05:03 OK   00070_stage_lease_expiry_recovery.sql (6.5ms)
2026/09/17 16:05:03 OK   00071_stage_artifact_lifecycle.sql (15.02ms)
2026/09/17 16:05:04 OK   00072_recovery_quiescence.sql (13.13ms)
2026/09/17 16:05:04 OK   00073_stage_cache_downstream_bindings.sql (5.06ms)
2026/09/17 16:05:04 OK   00074_job_owned_public_artifact_copies.sql (3.27ms)
2026/09/17 16:05:04 OK   00075_stage_graph_failure_terminalization.sql (22.8ms)
2026/09/17 16:05:04 OK   00076_allocation_usage_unit.sql (1.78ms)
2026/09/17 16:05:04 OK   00077_runtime_usage_receipts.sql (3.02ms)
2026/09/17 16:05:04 OK   00078_idle_stage_worker_probe.sql (3.5ms)
2026/09/17 16:05:04 OK   00079_stage_job_expiry.sql (4.16ms)
2026/09/17 16:05:04 OK   00080_stage_scheduler_snapshot_lock_order.sql (3.73ms)
2026/09/17 16:05:04 OK   00081_stage_assignment_quorum.sql (1.37ms)
2026/09/17 16:05:04 OK   00082_stage_success_storage_completion.sql (3.21ms)
2026/09/17 16:05:04 OK   00083_capacity_observation_lifecycle.sql (4.4ms)
2026/09/17 16:05:04 OK   00084_blocked_stage_worker_probe.sql (5.03ms)
2026/09/17 16:05:04 OK   00085_stage_materialization_terminal_replay.sql (2.77ms)
2026/09/17 16:05:04 OK   00086_stage_failure_terminal_replay.sql (6.38ms)
2026/09/17 16:05:04 OK   00087_stage_claim_finalization_lock_order.sql (2.27ms)
2026/09/17 16:05:04 OK   00088_stage_allocation_execution_sequence.sql (4ms)
2026/09/17 16:05:04 OK   00089_stage_terminal_history.sql (3.5ms)
2026/09/17 16:05:04 OK   00090_stage_assignment_content_lifecycle.sql (13.93ms)
2026/09/17 16:05:04 OK   00091_worker_journal_bootstrap.sql (18.34ms)
2026/09/17 16:05:04 OK   00092_worker_bootstrap_history.sql (2.22ms)
2026/09/17 16:05:04 OK   00093_worker_bootstrap_nonzero_scopes.sql (1.35ms)
2026/09/17 16:05:04 OK   00094_worker_bootstrap_abandonment.sql (9.97ms)
2026/09/17 16:05:04 OK   00095_runtime_startup_reservation.sql (10.4ms)
2026/09/17 16:05:04 OK   00096_runtime_startup_authorization.sql (6.32ms)
2026/09/17 16:05:04 OK   00097_job_origin_trace.sql (2.21ms)
2026/09/17 16:05:04 OK   00098_stage_assignment_origin_trace.sql (1.1ms)
2026/09/17 16:05:04 OK   00099_h3_native_media_contract.sql (1.65ms)
2026/09/17 16:05:04 OK   00100_worker_bootstrap_pod_retirement.sql (7.52ms)
2026/09/17 16:05:04 OK   00101_stage_capacity_legacy_concurrency_compat.sql (1.58ms)
2026/09/17 16:05:04 OK   00102_stage_scheduler_legacy_capacity_compat.sql (1.95ms)
2026/09/17 16:05:04 OK   00103_worker_device_set_canonical_identity.sql (2.93ms)
2026/09/17 16:05:04 OK   00104_stage_worker_legacy_capacity_limit.sql (2.11ms)
2026/09/17 16:05:04 OK   00105_restore_stage_runtime_route_authority.sql (1.92ms)
2026/09/17 16:05:04 OK   00106_stage_allocation_capacity_binding.sql (20.04ms)
2026/09/17 16:05:04 OK   00107_stage_output_renewed_lease_expiry.sql (5.28ms)
2026/09/17 16:05:04 OK   00108_stage_busy_queue_admission.sql (2.54ms)
2026/09/17 16:05:04 OK   00109_model_stage_routes.sql (5.2ms)
2026/09/17 16:05:04 OK   00110_project_job_listing.sql (2.95ms)
2026/09/17 16:05:04 OK   00111_job_list_model_projection.sql (2.38ms)
2026/09/17 16:05:04 goose: successfully migrated database to version: 111
2026/09/17 16:05:04 ERROR HTTP request failed error="insert Idempotency-Key result: ERROR: injected transaction abort (SQLSTATE 40001)"
2026/09/17 16:05:04 🐳 Stopping container: 8e68978ee3a9
2026/09/17 16:05:04 ✅ Container stopped: 8e68978ee3a9
2026/09/17 16:05:04 🐳 Terminating container: 8e68978ee3a9
2026/09/17 16:05:04 🚫 Container terminated: 8e68978ee3a9
--- FAIL: TestAdmissionRetriesConfirmedTransactionAbortWithoutDuplicateEffects (7.50s)
    --- FAIL: TestAdmissionRetriesConfirmedTransactionAbortWithoutDuplicateEffects/40P01 (4.22s)
        admission_transaction_retry_test.go:29: confirmed transaction abort leaked to API: status=500 body={"code":"internal_error","message":"request could not be completed"}
    --- FAIL: TestAdmissionRetriesConfirmedTransactionAbortWithoutDuplicateEffects/40001 (3.28s)
        admission_transaction_retry_test.go:29: confirmed transaction abort leaked to API: status=500 body={"code":"internal_error","message":"request could not be completed"}
FAIL
FAIL	github.com/vivym/vela/internal/integration	8.795s
FAIL
