=== RUN   TestRuntimeCallerContainerCRI
    runtime_containerd_linux_test.go:154: containerd github.com/containerd/containerd/v2 v2.3.1 64b425cf570b3b8dd1d4cc46da7c1fce65c6651a
    runtime_containerd_linux_test.go:154: runc version 1.4.2
        commit: v1.4.2-0-gc241c0bb
        spec: 1.3.0
        go: go1.25.8
        libseccomp: 2.6.0
=== RUN   TestRuntimeCallerContainerCRI/remote-cli-reservation
=== RUN   TestRuntimeCallerContainerCRI/remote-cli-reservation/valid
    runtime_remote_cli_integration_linux_test.go:381: joined Node journal server: {Accepted:3 Overloaded:0 Authenticated:3 Replied:3 Failed:0 InFlight:0 PeakInFlight:1}
    runtime_remote_cli_integration_linux_test.go:396: actual CLI + CRI image/task + published readonly mount + Node journal + same-call Fleet fixture: valid calls=1 intents=1
=== RUN   TestRuntimeCallerContainerCRI/remote-cli-reservation/pregrant-floor
    runtime_remote_cli_integration_linux_test.go:225: startup read-only boundary changed journal: {Receipt:{SchemaVersion:1 RequestDigest:[63 216 237 66 231 178 70 168 247 163 39 124 134 229 206 64 61 233 150 67 42 11 18 214 42 79 164 200 162 167 56 92] JournalID:3db13f4e-7a86-49dd-93e0-6852f80c4e5e JournalScope:[173 86 212 179 164 216 180 75 229 230 248 162 179 184 95 125 143 205 39 15 110 34 17 2 77 25 8 248 37 113 146 111] StateDigest:[146 208 134 158 82 53 105 53 209 255 36 174 67 54 254 74 177 39 119 49 170 2 132 121 51 173 82 77 75 217 206 94] Highest:0 Floor:1 Replayed:false} Error: OwnerError: SupervisorCompleted:false IdleReady:0 ReadCompleted:false SupervisorReady:false Decision:MODEL_RUNTIME_COMMAND_DECISION_UNSPECIFIED StartCalls:0 PrepareCalls:0 CancelCalls:0 Barrier:<nil> PausedBefore: Checkpoint:false CancelReason:MODEL_RUNTIME_CANCEL_REASON_UNSPECIFIED RemoteStartup:<nil> FactoryCalls:0 Discovery:<nil>} <nil>
    runtime_remote_cli_integration_linux_test.go:442: actual CLI log: 
=== NAME  TestRuntimeCallerContainerCRI
    runtime_containerd_linux_test.go:200: private daemon log: time="2026-09-08T22:46:41Z" level=warning msg="Configuration migrated from version 3, use `containerd config migrate` to avoid migration" t="5.666µs"
        time="2026-09-08T22:46:41.534669467Z" level=info msg="starting containerd" revision=64b425cf570b3b8dd1d4cc46da7c1fce65c6651a version=v2.3.1
        time="2026-09-08T22:46:41.534707884Z" level=info msg="loading plugin" id=io.containerd.content.v1.content type=io.containerd.content.v1
        time="2026-09-08T22:46:41.534829967Z" level=warning msg="failed check for fsverity support" error="enable fsverity failed: inappropriate ioctl for device" path=/run/vela-ctrd-261311324/data/io.containerd.content.v1.content
        time="2026-09-08T22:46:41.534838259Z" level=info msg="loading plugin" id=io.containerd.image-verifier.v1.bindir type=io.containerd.image-verifier.v1
        time="2026-09-08T22:46:41.534842176Z" level=info msg="loading plugin" id=io.containerd.internal.v1.opt type=io.containerd.internal.v1
        time="2026-09-08T22:46:41.535480592Z" level=info msg="loading plugin" id=io.containerd.warning.v1.deprecations type=io.containerd.warning.v1
        time="2026-09-08T22:46:41.535486342Z" level=info msg="loading plugin" id=io.containerd.event.v1.exchange type=io.containerd.event.v1
        time="2026-09-08T22:46:41.535499967Z" level=info msg="loading plugin" id=io.containerd.mount-handler.v1.erofs type=io.containerd.mount-handler.v1
        time="2026-09-08T22:46:41.535503926Z" level=info msg="loading plugin" id=io.containerd.snapshotter.v1.blockfile type=io.containerd.snapshotter.v1
        time="2026-09-08T22:46:41.535541884Z" level=info msg="skip loading plugin" error="no scratch file generator: skip plugin" id=io.containerd.snapshotter.v1.blockfile type=io.containerd.snapshotter.v1
        time="2026-09-08T22:46:41.535545592Z" level=info msg="loading plugin" id=io.containerd.snapshotter.v1.btrfs type=io.containerd.snapshotter.v1
        time="2026-09-08T22:46:41.535607509Z" level=info msg="skip loading plugin" error="path /run/vela-ctrd-261311324/data/io.containerd.snapshotter.v1.btrfs (overlay) must be a btrfs filesystem to be used with the btrfs snapshotter: skip plugin" id=io.containerd.snapshotter.v1.btrfs type=io.containerd.snapshotter.v1
        time="2026-09-08T22:46:41.535611759Z" level=info msg="loading plugin" id=io.containerd.snapshotter.v1.devmapper type=io.containerd.snapshotter.v1
        time="2026-09-08T22:46:41.535616967Z" level=info msg="skip loading plugin" error="devmapper not configured: skip plugin" id=io.containerd.snapshotter.v1.devmapper type=io.containerd.snapshotter.v1
        time="2026-09-08T22:46:41.535619509Z" level=info msg="loading plugin" id=io.containerd.snapshotter.v1.erofs type=io.containerd.snapshotter.v1
        time="2026-09-08T22:46:41.535735301Z" level=info msg="loading plugin" id=io.containerd.snapshotter.v1.native type=io.containerd.snapshotter.v1
        time="2026-09-08T22:46:41.535798842Z" level=info msg="loading plugin" id=io.containerd.snapshotter.v1.overlayfs type=io.containerd.snapshotter.v1
        time="2026-09-08T22:46:41.535886967Z" level=info msg="loading plugin" id=io.containerd.snapshotter.v1.zfs type=io.containerd.snapshotter.v1
        time="2026-09-08T22:46:41.535895217Z" level=info msg="skip loading plugin" error="lstat /run/vela-ctrd-261311324/data/io.containerd.snapshotter.v1.zfs: no such file or directory: skip plugin" id=io.containerd.snapshotter.v1.zfs type=io.containerd.snapshotter.v1
        time="2026-09-08T22:46:41.535897967Z" level=info msg="loading plugin" id=io.containerd.monitor.task.v1.cgroups type=io.containerd.monitor.task.v1
        time="2026-09-08T22:46:41.535977967Z" level=info msg="loading plugin" id=io.containerd.metadata.v1.bolt type=io.containerd.metadata.v1
        time="2026-09-08T22:46:41.536010426Z" level=info msg="metadata content store policy set" policy=shared
        time="2026-09-08T22:46:41.538556051Z" level=info msg="loading plugin" id=io.containerd.gc.v1.scheduler type=io.containerd.gc.v1
        time="2026-09-08T22:46:41.538582717Z" level=info msg="loading plugin" id=io.containerd.server.v1.metrics type=io.containerd.server.v1
        time="2026-09-08T22:46:41.538588759Z" level=info msg="skip loading plugin" error="skip plugin" id=io.containerd.server.v1.metrics type=io.containerd.server.v1
        time="2026-09-08T22:46:41.538594176Z" level=info msg="loading plugin" id=io.containerd.tracing.processor.v1.otlp type=io.containerd.tracing.processor.v1
        time="2026-09-08T22:46:41.538598967Z" level=info msg="skip loading plugin" error="skip plugin: tracing endpoint not configured" id=io.containerd.tracing.processor.v1.otlp type=io.containerd.tracing.processor.v1
        time="2026-09-08T22:46:41.538602717Z" level=info msg="loading plugin" id=io.containerd.internal.v1.tracing type=io.containerd.internal.v1
        time="2026-09-08T22:46:41.538606509Z" level=info msg="skip loading plugin" error="skip plugin: tracing endpoint not configured" id=io.containerd.internal.v1.tracing type=io.containerd.internal.v1
        time="2026-09-08T22:46:41.538608967Z" level=info msg="loading plugin" id=io.containerd.nri.v1.nri type=io.containerd.nri.v1
        time="2026-09-08T22:46:41.538645384Z" level=info msg="built-in NRI default validator is disabled"
        time="2026-09-08T22:46:41.538647926Z" level=info msg="runtime interface created"
        time="2026-09-08T22:46:41.538649592Z" level=info msg="created NRI interface"
        time="2026-09-08T22:46:41.538651676Z" level=info msg="loading plugin" id=io.containerd.ttrpc.v1.otelttrpc type=io.containerd.ttrpc.v1
        time="2026-09-08T22:46:41.538654301Z" level=info msg="loading plugin" id=io.containerd.service.v1.containers-service type=io.containerd.service.v1
        time="2026-09-08T22:46:41.538658301Z" level=info msg="loading plugin" id=io.containerd.service.v1.content-service type=io.containerd.service.v1
        time="2026-09-08T22:46:41.538660884Z" level=info msg="loading plugin" id=io.containerd.differ.v1.erofs type=io.containerd.differ.v1
        time="2026-09-08T22:46:41.538728259Z" level=info msg="skip loading plugin" error="failed to check mkfs.erofs availability: failed to run mkfs.erofs --help: exec: \"mkfs.erofs\": executable file not found in $PATH: skip plugin" id=io.containerd.differ.v1.erofs type=io.containerd.differ.v1
        time="2026-09-08T22:46:41.538732259Z" level=info msg="loading plugin" id=io.containerd.mount-manager.v1.bolt type=io.containerd.mount-manager.v1
        time="2026-09-08T22:46:41.539351134Z" level=info msg="loading plugin" id=io.containerd.differ.v1.walking type=io.containerd.differ.v1
        time="2026-09-08T22:46:41.539358092Z" level=info msg="loading plugin" id=io.containerd.service.v1.diff-service type=io.containerd.service.v1
        time="2026-09-08T22:46:41.539362217Z" level=info msg="loading plugin" id=io.containerd.service.v1.images-service type=io.containerd.service.v1
        time="2026-09-08T22:46:41.539365884Z" level=info msg="loading plugin" id=io.containerd.service.v1.introspection-service type=io.containerd.service.v1
        time="2026-09-08T22:46:41.539368717Z" level=info msg="loading plugin" id=io.containerd.service.v1.namespaces-service type=io.containerd.service.v1
        time="2026-09-08T22:46:41.539372009Z" level=info msg="loading plugin" id=io.containerd.service.v1.snapshots-service type=io.containerd.service.v1
        time="2026-09-08T22:46:41.539374592Z" level=info msg="loading plugin" id=io.containerd.shim.v1.manager type=io.containerd.shim.v1
        time="2026-09-08T22:46:41.539378592Z" level=info msg="loading plugin" id=io.containerd.runtime.v2.task type=io.containerd.runtime.v2
        time="2026-09-08T22:46:41.539465134Z" level=info msg="loading plugin" id=io.containerd.service.v1.tasks-service type=io.containerd.service.v1
        time="2026-09-08T22:46:41.539471217Z" level=info msg="loading plugin" id=io.containerd.grpc.v1.containers type=io.containerd.grpc.v1
        time="2026-09-08T22:46:41.539475384Z" level=info msg="loading plugin" id=io.containerd.grpc.v1.content type=io.containerd.grpc.v1
        time="2026-09-08T22:46:41.539478051Z" level=info msg="loading plugin" id=io.containerd.grpc.v1.diff type=io.containerd.grpc.v1
        time="2026-09-08T22:46:41.539481134Z" level=info msg="loading plugin" id=io.containerd.grpc.v1.events type=io.containerd.grpc.v1
        time="2026-09-08T22:46:41.539483842Z" level=info msg="loading plugin" id=io.containerd.grpc.v1.images type=io.containerd.grpc.v1
        time="2026-09-08T22:46:41.539487092Z" level=info msg="loading plugin" id=io.containerd.grpc.v1.introspection type=io.containerd.grpc.v1
        time="2026-09-08T22:46:41.539490967Z" level=info msg="loading plugin" id=io.containerd.lease.v1.manager type=io.containerd.lease.v1
        time="2026-09-08T22:46:41.539494426Z" level=info msg="loading plugin" id=io.containerd.grpc.v1.leases type=io.containerd.grpc.v1
        time="2026-09-08T22:46:41.539497884Z" level=info msg="loading plugin" id=io.containerd.grpc.v1.mounts type=io.containerd.grpc.v1
        time="2026-09-08T22:46:41.539500301Z" level=info msg="loading plugin" id=io.containerd.grpc.v1.namespaces type=io.containerd.grpc.v1
        time="2026-09-08T22:46:41.539503426Z" level=info msg="loading plugin" id=io.containerd.sandbox.store.v1.local type=io.containerd.sandbox.store.v1
        time="2026-09-08T22:46:41.539505842Z" level=info msg="loading plugin" id=io.containerd.transfer.v1.local type=io.containerd.transfer.v1
        time="2026-09-08T22:46:41.539524259Z" level=info msg="loading plugin" id=io.containerd.cri.v1.images type=io.containerd.cri.v1
        time="2026-09-08T22:46:41.539591634Z" level=info msg="Get image filesystem path \"/run/vela-ctrd-261311324/data/io.containerd.snapshotter.v1.native\" for snapshotter \"native\""
        time="2026-09-08T22:46:41.539599009Z" level=info msg="Start snapshots syncer"
        time="2026-09-08T22:46:41.539611217Z" level=info msg="loading plugin" id=io.containerd.cri.v1.runtime type=io.containerd.cri.v1
        time="2026-09-08T22:46:41.539749342Z" level=info msg="starting cri plugin" config="{\"containerd\":{\"defaultRuntimeName\":\"runc\",\"runtimes\":{\"explicit\":{\"runtimeType\":\"io.containerd.runc.v2\",\"runtimePath\":\"\",\"PodAnnotations\":null,\"ContainerAnnotations\":null,\"options\":{\"BinaryName\":\"/usr/local/bin/runc\",\"Root\":\"/run/vela-approved-runc\"},\"privileged_without_host_devices\":false,\"privileged_without_host_devices_all_devices_allowed\":false,\"cgroupWritable\":false,\"baseRuntimeSpec\":\"\",\"cniConfDir\":\"\",\"cniMaxConfNum\":0,\"snapshotter\":\"\",\"sandboxer\":\"podsandbox\",\"io_type\":\"\"},\"runc\":{\"runtimeType\":\"io.containerd.runc.v2\",\"runtimePath\":\"\",\"PodAnnotations\":null,\"ContainerAnnotations\":null,\"options\":{\"BinaryName\":\"\",\"CriuImagePath\":\"\",\"CriuWorkPath\":\"\",\"IoGid\":0,\"IoUid\":0,\"NoNewKeyring\":false,\"Root\":\"\",\"ShimCgroup\":\"\",\"SystemdCgroup\":false},\"privileged_without_host_devices\":false,\"privileged_without_host_devices_all_devices_allowed\":false,\"cgroupWritable\":false,\"baseRuntimeSpec\":\"\",\"cniConfDir\":\"\",\"cniMaxConfNum\":0,\"snapshotter\":\"\",\"sandboxer\":\"podsandbox\",\"io_type\":\"\"}},\"ignoreBlockIONotEnabledErrors\":false,\"ignoreRdtNotEnabledErrors\":false},\"cni\":{\"binDir\":\"\",\"binDirs\":[\"/opt/cni/bin\"],\"confDir\":\"/etc/cni/net.d\",\"maxConfNum\":1,\"setupSerially\":false,\"confTemplate\":\"\",\"ipPref\":\"\",\"useInternalLoopback\":false},\"enableSelinux\":false,\"selinuxCategoryRange\":1024,\"maxContainerLogLineSize\":16384,\"disableApparmor\":false,\"restrictOOMScoreAdj\":false,\"disableProcMount\":false,\"unsetSeccompProfile\":\"\",\"tolerateMissingHugetlbController\":true,\"disableHugetlbController\":true,\"device_ownership_from_security_context\":false,\"ignoreImageDefinedVolumes\":false,\"netnsMountsUnderStateDir\":false,\"enableUnprivilegedPorts\":true,\"enableUnprivilegedICMP\":true,\"enableCDI\":true,\"cdiSpecDirs\":[\"/etc/cdi\",\"/var/run/cdi\"],\"drainExecSyncIOTimeout\":\"0s\",\"ignoreDeprecationWarnings\":null,\"statsCollectPeriod\":\"\",\"statsRetentionPeriod\":\"\",\"containerdRootDir\":\"/run/vela-ctrd-261311324/data\",\"containerdEndpoint\":\"/run/vela-ctrd-261311324/containerd.sock\",\"rootDir\":\"/run/vela-ctrd-261311324/data/io.containerd.grpc.v1.cri\",\"stateDir\":\"/run/vela-ctrd-261311324/state/io.containerd.grpc.v1.cri\"}"
        time="2026-09-08T22:46:41.539770759Z" level=info msg="loading plugin" id=io.containerd.podsandbox.controller.v1.podsandbox type=io.containerd.podsandbox.controller.v1
        time="2026-09-08T22:46:41.539786592Z" level=info msg="loading plugin" id=io.containerd.sandbox.controller.v1.shim type=io.containerd.sandbox.controller.v1
        time="2026-09-08T22:46:41.539858551Z" level=info msg="loading plugin" id=io.containerd.grpc.v1.sandbox-controllers type=io.containerd.grpc.v1
        time="2026-09-08T22:46:41.539867134Z" level=info msg="loading plugin" id=io.containerd.grpc.v1.sandboxes type=io.containerd.grpc.v1
        time="2026-09-08T22:46:41.539869926Z" level=info msg="loading plugin" id=io.containerd.grpc.v1.snapshots type=io.containerd.grpc.v1
        time="2026-09-08T22:46:41.539873634Z" level=info msg="loading plugin" id=io.containerd.streaming.v1.manager type=io.containerd.streaming.v1
        time="2026-09-08T22:46:41.539876676Z" level=info msg="loading plugin" id=io.containerd.grpc.v1.streaming type=io.containerd.grpc.v1
        time="2026-09-08T22:46:41.539881134Z" level=info msg="loading plugin" id=io.containerd.grpc.v1.tasks type=io.containerd.grpc.v1
        time="2026-09-08T22:46:41.539883801Z" level=info msg="loading plugin" id=io.containerd.grpc.v1.transfer type=io.containerd.grpc.v1
        time="2026-09-08T22:46:41.539887134Z" level=info msg="loading plugin" id=io.containerd.grpc.v1.version type=io.containerd.grpc.v1
        time="2026-09-08T22:46:41.539891051Z" level=info msg="loading plugin" id=io.containerd.grpc.v1.healthcheck type=io.containerd.grpc.v1
        time="2026-09-08T22:46:41.539893717Z" level=info msg="loading plugin" id=io.containerd.grpc.v1.cri type=io.containerd.grpc.v1
        time="2026-09-08T22:46:41.539899051Z" level=info msg="Connect containerd service"
        time="2026-09-08T22:46:41.539916884Z" level=info msg="using experimental NRI integration - disable nri plugin to prevent this"
        time="2026-09-08T22:46:41.540687926Z" level=warning msg="failed to load cni during init, please check CRI plugin status before setting up network for pods" error="cni config load failed: no network config found in /etc/cni/net.d: cni plugin not initialized: failed to load cni config"
        time="2026-09-08T22:46:41.546312801Z" level=info msg="loading plugin" id=io.containerd.server.v1.ttrpc type=io.containerd.server.v1
        time="2026-09-08T22:46:41.546360509Z" level=info msg="loading plugin" id=io.containerd.monitor.container.v1.restart type=io.containerd.monitor.container.v1
        time="2026-09-08T22:46:41.546383967Z" level=info msg="loading plugin" id=io.containerd.metrics.v1.grpc-prometheus type=io.containerd.metrics.v1
        time="2026-09-08T22:46:41.546400759Z" level=info msg="loading plugin" id=io.containerd.metrics.v1.grpc-otel type=io.containerd.metrics.v1
        time="2026-09-08T22:46:41.546407759Z" level=info msg="loading plugin" id=io.containerd.server.v1.grpc type=io.containerd.server.v1
        time="2026-09-08T22:46:41.547431301Z" level=info msg="Start subscribing containerd event"
        time="2026-09-08T22:46:41.547589301Z" level=info msg="Start stats collector"
        time="2026-09-08T22:46:41.547607676Z" level=info msg="Start recovering state"
        time="2026-09-08T22:46:41.547694592Z" level=info msg="Start event monitor"
        time="2026-09-08T22:46:41.547708259Z" level=info msg="Start cni network conf syncer for default"
        time="2026-09-08T22:46:41.547712967Z" level=info msg="Start streaming server"
        time="2026-09-08T22:46:41.547719426Z" level=info msg="Registered namespace \"k8s.io\" with NRI"
        time="2026-09-08T22:46:41.547725051Z" level=info msg="runtime interface starting up..."
        time="2026-09-08T22:46:41.547728134Z" level=info msg="starting plugins..."
        time="2026-09-08T22:46:41.547739467Z" level=info msg="Synchronizing NRI (plugin) with current runtime state"
        time="2026-09-08T22:46:41.550233801Z" level=info msg="loading plugin" id=io.containerd.server.v1.grpc-tcp type=io.containerd.server.v1
        time="2026-09-08T22:46:41.550248592Z" level=info msg="skip loading plugin" error="skip plugin" id=io.containerd.server.v1.grpc-tcp type=io.containerd.server.v1
        time="2026-09-08T22:46:41.550252759Z" level=info msg="loading plugin" id=io.containerd.http.v1.pprof type=io.containerd.http.v1
        time="2026-09-08T22:46:41.550277176Z" level=info msg="loading plugin" id=io.containerd.server.v1.debug type=io.containerd.server.v1
        time="2026-09-08T22:46:41.550281051Z" level=info msg="skip loading plugin" error="skip plugin" id=io.containerd.server.v1.debug type=io.containerd.server.v1
        time="2026-09-08T22:46:41.550327259Z" level=info msg=serving... address=/run/vela-ctrd-261311324/containerd.sock.ttrpc
        time="2026-09-08T22:46:41.550336384Z" level=info msg="starting GRPC server" address=/run/vela-ctrd-261311324/containerd.sock gid=0 uid=0
        time="2026-09-08T22:46:41.550352051Z" level=info msg=serving... address=/run/vela-ctrd-261311324/containerd.sock
        time="2026-09-08T22:46:41.550359634Z" level=info msg="containerd successfully booted in 0.016416s"
        time="2026-09-08T22:46:49.222190929Z" level=info msg="ImageCreate event name:\"docker.io/vela/caller-sandbox:cpu-fixture\""
        time="2026-09-08T22:46:49.223797929Z" level=info msg="ImageCreate event name:\"sha256:b67d505012d3f6318066e4cb30603da2869930d526523da4f5c035fb88666d95\" labels:{key:\"io.cri-containerd.image\" value:\"managed\"} labels:{key:\"io.cri-containerd.pinned\" value:\"pinned\"}"
        time="2026-09-08T22:46:49.223877138Z" level=info msg="ImageUpdate event name:\"docker.io/vela/caller-sandbox:cpu-fixture\" labels:{key:\"io.cri-containerd.image\" value:\"managed\"} labels:{key:\"io.cri-containerd.pinned\" value:\"pinned\"}"
        time="2026-09-08T22:46:49.224230513Z" level=info msg="ImageCreate event name:\"docker.io/vela/caller-runtime:cpu-fixture\""
        time="2026-09-08T22:46:49.227036971Z" level=info msg="ImageCreate event name:\"sha256:af7f39aaa1a509d74f470ca45b4d59ddaba288c8276e090bd397b92db3b9e6e0\" labels:{key:\"io.cri-containerd.image\" value:\"managed\"}"
        time="2026-09-08T22:46:49.227247138Z" level=info msg="ImageUpdate event name:\"docker.io/vela/caller-runtime:cpu-fixture\" labels:{key:\"io.cri-containerd.image\" value:\"managed\"}"
        time="2026-09-08T22:46:55.570397835Z" level=info msg="ImageCreate event name:\"docker.io/vela/remote-runtime:cpu-fixture\""
        time="2026-09-08T22:46:55.571843543Z" level=info msg="ImageCreate event name:\"sha256:887fc92e59edff8d3e46aa572bb9ecba346c2f6db423afdc01c8428b067d3f50\" labels:{key:\"io.cri-containerd.image\" value:\"managed\"}"
        time="2026-09-08T22:46:55.571918501Z" level=info msg="ImageUpdate event name:\"docker.io/vela/remote-runtime:cpu-fixture\" labels:{key:\"io.cri-containerd.image\" value:\"managed\"}"
        time="2026-09-08T22:46:55.808588752Z" level=info msg="RunPodSandbox for name:\"wi-4e89bc76e1d74b80845fe2888a5a51a8-ba3790e0\" uid:\"806c51e0-de66-4eb5-8b35-e9340a981de5\" namespace:\"vela-system\" attempt:1"
        time="2026-09-08T22:46:55.848016335Z" level=info msg="connecting to shim b2e1463c2d11d6fb237e85c52bc2f00e19bcd7273e7ad999653fd1defabaa3c9" address="unix:///run/containerd/s/c65fe93f7b84817827b0d12ddbf2a2097212a3b18e99018a27bb8af4bbc8faa5" namespace=k8s.io protocol=ttrpc version=3
        time="2026-09-08T22:46:55.883435835Z" level=info msg="RunPodSandbox for name:\"wi-4e89bc76e1d74b80845fe2888a5a51a8-ba3790e0\" uid:\"806c51e0-de66-4eb5-8b35-e9340a981de5\" namespace:\"vela-system\" attempt:1 returns sandbox id \"b2e1463c2d11d6fb237e85c52bc2f00e19bcd7273e7ad999653fd1defabaa3c9\""
        time="2026-09-08T22:46:55.884748960Z" level=info msg="CreateContainer within sandbox \"b2e1463c2d11d6fb237e85c52bc2f00e19bcd7273e7ad999653fd1defabaa3c9\" for container name:\"model-runtime\" attempt:3"
        time="2026-09-08T22:46:55.941099043Z" level=info msg="CreateContainer within sandbox \"b2e1463c2d11d6fb237e85c52bc2f00e19bcd7273e7ad999653fd1defabaa3c9\" for name:\"model-runtime\" attempt:3 returns container id \"2c8e7642197a9226e3a77957af5c5d7678e5ddaa1679a33004bbc5ca82fe82c0\""
        time="2026-09-08T22:46:55.941500127Z" level=info msg="StartContainer for \"2c8e7642197a9226e3a77957af5c5d7678e5ddaa1679a33004bbc5ca82fe82c0\""
        time="2026-09-08T22:46:55.942569418Z" level=info msg="connecting to shim 2c8e7642197a9226e3a77957af5c5d7678e5ddaa1679a33004bbc5ca82fe82c0" address="unix:///run/containerd/s/c65fe93f7b84817827b0d12ddbf2a2097212a3b18e99018a27bb8af4bbc8faa5" protocol=ttrpc version=3
        time="2026-09-08T22:46:55.976923168Z" level=info msg="StartContainer for \"2c8e7642197a9226e3a77957af5c5d7678e5ddaa1679a33004bbc5ca82fe82c0\" returns successfully"
        time="2026-09-08T22:46:56.411600127Z" level=info msg="StopContainer for \"2c8e7642197a9226e3a77957af5c5d7678e5ddaa1679a33004bbc5ca82fe82c0\" with timeout 5 (s)"
        time="2026-09-08T22:46:56.411815794Z" level=info msg="Stop container \"2c8e7642197a9226e3a77957af5c5d7678e5ddaa1679a33004bbc5ca82fe82c0\" with signal terminated"
        time="2026-09-08T22:46:58.440677253Z" level=info msg="received container exit event container_id:\"2c8e7642197a9226e3a77957af5c5d7678e5ddaa1679a33004bbc5ca82fe82c0\" id:\"2c8e7642197a9226e3a77957af5c5d7678e5ddaa1679a33004bbc5ca82fe82c0\" pid:160 exited_at:{seconds:1788907618 nanos:439814961}"
        time="2026-09-08T22:46:58.457101045Z" level=info msg="StopContainer for \"2c8e7642197a9226e3a77957af5c5d7678e5ddaa1679a33004bbc5ca82fe82c0\" returns successfully"
        time="2026-09-08T22:46:58.478153420Z" level=info msg="StopContainer for \"2c8e7642197a9226e3a77957af5c5d7678e5ddaa1679a33004bbc5ca82fe82c0\" with timeout 0 (s)"
        time="2026-09-08T22:46:58.478193378Z" level=info msg="Container to stop \"2c8e7642197a9226e3a77957af5c5d7678e5ddaa1679a33004bbc5ca82fe82c0\" must be in running or unknown state, current state \"CONTAINER_EXITED\""
        time="2026-09-08T22:46:58.478340503Z" level=info msg="StopContainer for \"2c8e7642197a9226e3a77957af5c5d7678e5ddaa1679a33004bbc5ca82fe82c0\" returns successfully"
        time="2026-09-08T22:46:58.478625878Z" level=info msg="RemoveContainer for \"2c8e7642197a9226e3a77957af5c5d7678e5ddaa1679a33004bbc5ca82fe82c0\""
        time="2026-09-08T22:46:58.479931003Z" level=info msg="RemoveContainer for \"2c8e7642197a9226e3a77957af5c5d7678e5ddaa1679a33004bbc5ca82fe82c0\" returns successfully"
        time="2026-09-08T22:46:58.480292211Z" level=info msg="StopPodSandbox for \"b2e1463c2d11d6fb237e85c52bc2f00e19bcd7273e7ad999653fd1defabaa3c9\""
        time="2026-09-08T22:46:58.484675128Z" level=info msg="received sandbox exit event container_id:\"b2e1463c2d11d6fb237e85c52bc2f00e19bcd7273e7ad999653fd1defabaa3c9\" id:\"b2e1463c2d11d6fb237e85c52bc2f00e19bcd7273e7ad999653fd1defabaa3c9\" exit_status:137 exited_at:{seconds:1788907618 nanos:483360503}" monitor_name=podsandbox
        time="2026-09-08T22:46:58.489283086Z" level=info msg="shim disconnected" id=b2e1463c2d11d6fb237e85c52bc2f00e19bcd7273e7ad999653fd1defabaa3c9 namespace=k8s.io
        time="2026-09-08T22:46:58.489292878Z" level=info msg="cleaning up after shim disconnected" id=b2e1463c2d11d6fb237e85c52bc2f00e19bcd7273e7ad999653fd1defabaa3c9 namespace=k8s.io
        time="2026-09-08T22:46:58.489315461Z" level=info msg="cleaning up dead shim" id=b2e1463c2d11d6fb237e85c52bc2f00e19bcd7273e7ad999653fd1defabaa3c9 namespace=k8s.io
        time="2026-09-08T22:46:58.492825253Z" level=info msg="received sandbox container exit event sandbox_id:\"b2e1463c2d11d6fb237e85c52bc2f00e19bcd7273e7ad999653fd1defabaa3c9\" exit_status:137 exited_at:{seconds:1788907618 nanos:483360503}" monitor_name=criService
        time="2026-09-08T22:46:58.492979878Z" level=info msg="TearDown network for sandbox \"b2e1463c2d11d6fb237e85c52bc2f00e19bcd7273e7ad999653fd1defabaa3c9\" successfully"
        time="2026-09-08T22:46:58.492993878Z" level=info msg="StopPodSandbox for \"b2e1463c2d11d6fb237e85c52bc2f00e19bcd7273e7ad999653fd1defabaa3c9\" returns successfully"
        time="2026-09-08T22:46:58.493333836Z" level=info msg="RemovePodSandbox for \"b2e1463c2d11d6fb237e85c52bc2f00e19bcd7273e7ad999653fd1defabaa3c9\""
        time="2026-09-08T22:46:58.493343753Z" level=info msg="Forcibly stopping sandbox \"b2e1463c2d11d6fb237e85c52bc2f00e19bcd7273e7ad999653fd1defabaa3c9\""
        time="2026-09-08T22:46:58.493414253Z" level=info msg="TearDown network for sandbox \"b2e1463c2d11d6fb237e85c52bc2f00e19bcd7273e7ad999653fd1defabaa3c9\" successfully"
        time="2026-09-08T22:46:58.493927170Z" level=info msg="Ensure that sandbox b2e1463c2d11d6fb237e85c52bc2f00e19bcd7273e7ad999653fd1defabaa3c9 in task-service has been cleanup successfully"
        time="2026-09-08T22:46:58.494853753Z" level=info msg="RemovePodSandbox \"b2e1463c2d11d6fb237e85c52bc2f00e19bcd7273e7ad999653fd1defabaa3c9\" returns successfully"
        time="2026-09-08T22:46:58.539755961Z" level=info msg="RunPodSandbox for name:\"wi-29f6b0f15f47465ba157e669e5227682-ba3790e0\" uid:\"29f7e349-87ef-45a2-9622-db534e72496b\" namespace:\"vela-system\" attempt:1"
        time="2026-09-08T22:46:58.591863378Z" level=info msg="connecting to shim a12af1bb8bd7b27adedf811529ccc95bff561cfde54dc53acf918088cba4d0d5" address="unix:///run/containerd/s/3fd55fb7053be1f7f4df1a3df915e4b85943886e746edb8b07e329141b883c05" namespace=k8s.io protocol=ttrpc version=3
        time="2026-09-08T22:46:58.619930670Z" level=info msg="RunPodSandbox for name:\"wi-29f6b0f15f47465ba157e669e5227682-ba3790e0\" uid:\"29f7e349-87ef-45a2-9622-db534e72496b\" namespace:\"vela-system\" attempt:1 returns sandbox id \"a12af1bb8bd7b27adedf811529ccc95bff561cfde54dc53acf918088cba4d0d5\""
        time="2026-09-08T22:46:58.620401711Z" level=info msg="CreateContainer within sandbox \"a12af1bb8bd7b27adedf811529ccc95bff561cfde54dc53acf918088cba4d0d5\" for container name:\"model-runtime\" attempt:3"
        time="2026-09-08T22:46:58.689977878Z" level=info msg="CreateContainer within sandbox \"a12af1bb8bd7b27adedf811529ccc95bff561cfde54dc53acf918088cba4d0d5\" for name:\"model-runtime\" attempt:3 returns container id \"9e1e8c6a7ccac4083a267b795a8113f99a666f6df3252f81037fd764bd2ede73\""
        time="2026-09-08T22:46:58.690364753Z" level=info msg="StartContainer for \"9e1e8c6a7ccac4083a267b795a8113f99a666f6df3252f81037fd764bd2ede73\""
        time="2026-09-08T22:46:58.692185795Z" level=info msg="connecting to shim 9e1e8c6a7ccac4083a267b795a8113f99a666f6df3252f81037fd764bd2ede73" address="unix:///run/containerd/s/3fd55fb7053be1f7f4df1a3df915e4b85943886e746edb8b07e329141b883c05" protocol=ttrpc version=3
        time="2026-09-08T22:46:58.726941045Z" level=info msg="StartContainer for \"9e1e8c6a7ccac4083a267b795a8113f99a666f6df3252f81037fd764bd2ede73\" returns successfully"
        time="2026-09-08T22:46:58.757381128Z" level=info msg="StopContainer for \"9e1e8c6a7ccac4083a267b795a8113f99a666f6df3252f81037fd764bd2ede73\" with timeout 0 (s)"
        time="2026-09-08T22:46:58.757612253Z" level=info msg="Kill container \"9e1e8c6a7ccac4083a267b795a8113f99a666f6df3252f81037fd764bd2ede73\""
        time="2026-09-08T22:46:58.760528211Z" level=info msg="received container exit event container_id:\"9e1e8c6a7ccac4083a267b795a8113f99a666f6df3252f81037fd764bd2ede73\" id:\"9e1e8c6a7ccac4083a267b795a8113f99a666f6df3252f81037fd764bd2ede73\" pid:310 exit_status:1 exited_at:{seconds:1788907618 nanos:760412003}"
        time="2026-09-08T22:46:58.768725670Z" level=info msg="StopContainer for \"9e1e8c6a7ccac4083a267b795a8113f99a666f6df3252f81037fd764bd2ede73\" returns successfully"
        time="2026-09-08T22:46:58.769013003Z" level=info msg="RemoveContainer for \"9e1e8c6a7ccac4083a267b795a8113f99a666f6df3252f81037fd764bd2ede73\""
        time="2026-09-08T22:46:58.769804878Z" level=info msg="RemoveContainer for \"9e1e8c6a7ccac4083a267b795a8113f99a666f6df3252f81037fd764bd2ede73\" returns successfully"
        time="2026-09-08T22:46:58.770013503Z" level=info msg="StopPodSandbox for \"a12af1bb8bd7b27adedf811529ccc95bff561cfde54dc53acf918088cba4d0d5\""
        time="2026-09-08T22:46:58.773521045Z" level=info msg="received sandbox exit event container_id:\"a12af1bb8bd7b27adedf811529ccc95bff561cfde54dc53acf918088cba4d0d5\" id:\"a12af1bb8bd7b27adedf811529ccc95bff561cfde54dc53acf918088cba4d0d5\" exit_status:137 exited_at:{seconds:1788907618 nanos:772430045}" monitor_name=podsandbox
        time="2026-09-08T22:46:58.777229670Z" level=info msg="shim disconnected" id=a12af1bb8bd7b27adedf811529ccc95bff561cfde54dc53acf918088cba4d0d5 namespace=k8s.io
        time="2026-09-08T22:46:58.777239461Z" level=info msg="cleaning up after shim disconnected" id=a12af1bb8bd7b27adedf811529ccc95bff561cfde54dc53acf918088cba4d0d5 namespace=k8s.io
        time="2026-09-08T22:46:58.777250170Z" level=info msg="cleaning up dead shim" id=a12af1bb8bd7b27adedf811529ccc95bff561cfde54dc53acf918088cba4d0d5 namespace=k8s.io
        time="2026-09-08T22:46:58.780089545Z" level=info msg="received sandbox container exit event sandbox_id:\"a12af1bb8bd7b27adedf811529ccc95bff561cfde54dc53acf918088cba4d0d5\" exit_status:137 exited_at:{seconds:1788907618 nanos:772430045}" monitor_name=criService
        time="2026-09-08T22:46:58.780202086Z" level=info msg="TearDown network for sandbox \"a12af1bb8bd7b27adedf811529ccc95bff561cfde54dc53acf918088cba4d0d5\" successfully"
        time="2026-09-08T22:46:58.780214711Z" level=info msg="StopPodSandbox for \"a12af1bb8bd7b27adedf811529ccc95bff561cfde54dc53acf918088cba4d0d5\" returns successfully"
        time="2026-09-08T22:46:58.780457461Z" level=info msg="RemovePodSandbox for \"a12af1bb8bd7b27adedf811529ccc95bff561cfde54dc53acf918088cba4d0d5\""
        time="2026-09-08T22:46:58.780465420Z" level=info msg="Forcibly stopping sandbox \"a12af1bb8bd7b27adedf811529ccc95bff561cfde54dc53acf918088cba4d0d5\""
        time="2026-09-08T22:46:58.780527586Z" level=info msg="TearDown network for sandbox \"a12af1bb8bd7b27adedf811529ccc95bff561cfde54dc53acf918088cba4d0d5\" successfully"
        time="2026-09-08T22:46:58.780955670Z" level=info msg="Ensure that sandbox a12af1bb8bd7b27adedf811529ccc95bff561cfde54dc53acf918088cba4d0d5 in task-service has been cleanup successfully"
        time="2026-09-08T22:46:58.781747211Z" level=info msg="RemovePodSandbox \"a12af1bb8bd7b27adedf811529ccc95bff561cfde54dc53acf918088cba4d0d5\" returns successfully"
        time="2026-09-08T22:46:58.783724420Z" level=info msg="Stop CRI service"
        time="2026-09-08T22:46:58.787504753Z" level=info msg="Stop CRI service"
        time="2026-09-08T22:46:58.787533211Z" level=info msg="Event monitor stopped"
        time="2026-09-08T22:46:58.787538711Z" level=info msg="Stream server stopped"
--- FAIL: TestRuntimeCallerContainerCRI (17.30s)
    --- FAIL: TestRuntimeCallerContainerCRI/remote-cli-reservation (9.35s)
        --- PASS: TestRuntimeCallerContainerCRI/remote-cli-reservation/valid (2.74s)
        --- FAIL: TestRuntimeCallerContainerCRI/remote-cli-reservation/pregrant-floor (0.29s)
FAIL
