?   	github.com/vivym/vela/api/gen	[no test files]
?   	github.com/vivym/vela/cmd/vela-artifact-validator	[no test files]
ok  	github.com/vivym/vela/cmd/vela-assignment-history-migrate	0.007s
ok  	github.com/vivym/vela/cmd/vela-capacity-sim	0.007s
ok  	github.com/vivym/vela/cmd/vela-catalog-promoter	0.007s
ok  	github.com/vivym/vela/cmd/vela-control	0.008s
ok  	github.com/vivym/vela/cmd/vela-fleet-controller	0.007s
ok  	github.com/vivym/vela/cmd/vela-h3-evidence	0.006s
ok  	github.com/vivym/vela/cmd/vela-h3-member-campaign	0.007s
?   	github.com/vivym/vela/cmd/vela-h3-mock-backend	[no test files]
ok  	github.com/vivym/vela/cmd/vela-h3-reachability	0.005s
ok  	github.com/vivym/vela/cmd/vela-h3-stage-mock	0.013s
ok  	github.com/vivym/vela/cmd/vela-lab-assets	0.014s
ok  	github.com/vivym/vela/cmd/vela-lab-bootstrap	0.011s
ok  	github.com/vivym/vela/cmd/vela-lab-cpu-thumbnail-mock	0.006s
?   	github.com/vivym/vela/cmd/vela-lab-recovery	[no test files]
ok  	github.com/vivym/vela/cmd/vela-lab-smoke	0.013s
ok  	github.com/vivym/vela/cmd/vela-model-runtime	0.005s
ok  	github.com/vivym/vela/cmd/vela-node-agent	0.013s
?   	github.com/vivym/vela/cmd/vela-release-artifacts	[no test files]
ok  	github.com/vivym/vela/cmd/vela-release-bundle	0.013s
ok  	github.com/vivym/vela/cmd/vela-stage-cutover	0.009s
ok  	github.com/vivym/vela/cmd/vela-stage-worker-agent	0.009s
ok  	github.com/vivym/vela/cmd/vela-verify-launch	0.009s
ok  	github.com/vivym/vela/hack	0.009s
?   	github.com/vivym/vela/internal/admission	[no test files]
?   	github.com/vivym/vela/internal/artifactaccess	[no test files]
ok  	github.com/vivym/vela/internal/artifactcleanup	0.011s
ok  	github.com/vivym/vela/internal/artifactreplication	0.008s
ok  	github.com/vivym/vela/internal/artifactstore	0.010s
ok  	github.com/vivym/vela/internal/artifactvalidator	0.009s
?   	github.com/vivym/vela/internal/attemptcoordinator	[no test files]
ok  	github.com/vivym/vela/internal/authoritypolicy	0.011s
ok  	github.com/vivym/vela/internal/billingexport	0.011s
?   	github.com/vivym/vela/internal/breakglass	[no test files]
?   	github.com/vivym/vela/internal/cancellation	[no test files]
ok  	github.com/vivym/vela/internal/capacitysim	0.012s
ok  	github.com/vivym/vela/internal/catalogpromotion	0.012s
ok  	github.com/vivym/vela/internal/cpumedia	0.015s
ok  	github.com/vivym/vela/internal/database	0.023s
ok  	github.com/vivym/vela/internal/debugdump	0.035s
?   	github.com/vivym/vela/internal/debugdumpcontract	[no test files]
ok  	github.com/vivym/vela/internal/deploymentcontract	0.010s
?   	github.com/vivym/vela/internal/driverchannel	[no test files]
ok  	github.com/vivym/vela/internal/driverdrain	0.025s
ok  	github.com/vivym/vela/internal/driverinspection	0.013s
ok  	github.com/vivym/vela/internal/eventstream	0.009s
?   	github.com/vivym/vela/internal/execution	[no test files]
ok  	github.com/vivym/vela/internal/executiongraph	0.014s
?   	github.com/vivym/vela/internal/executionprogress	[no test files]
ok  	github.com/vivym/vela/internal/financereconciliation	0.010s
?   	github.com/vivym/vela/internal/fleet	[no test files]
ok  	github.com/vivym/vela/internal/fleetadmission	0.008s
?   	github.com/vivym/vela/internal/fleetcontract	[no test files]
ok  	github.com/vivym/vela/internal/fleetcontroller	0.013s
ok  	github.com/vivym/vela/internal/fleettransport	0.011s
ok  	github.com/vivym/vela/internal/h3campaignevidence	0.015s
ok  	github.com/vivym/vela/internal/h3campaignrunner	0.015s
ok  	github.com/vivym/vela/internal/h3faultevidence	0.095s
ok  	github.com/vivym/vela/internal/h3launchevidence	0.080s
ok  	github.com/vivym/vela/internal/h3membercampaign	0.039s
ok  	github.com/vivym/vela/internal/h3mockbackend	0.032s
ok  	github.com/vivym/vela/internal/h3preflight	0.006s
ok  	github.com/vivym/vela/internal/h3request	0.011s
ok  	github.com/vivym/vela/internal/h3stage	0.011s
ok  	github.com/vivym/vela/internal/h3stagemock	0.007s
ok  	github.com/vivym/vela/internal/httpapi	0.006s
ok  	github.com/vivym/vela/internal/identity	0.011s
ok  	github.com/vivym/vela/internal/imageref	0.010s
ok  	github.com/vivym/vela/internal/inbox	0.009s
ok  	github.com/vivym/vela/internal/journalbinding	0.007s
ok  	github.com/vivym/vela/internal/labv2contract	0.008s
ok  	github.com/vivym/vela/internal/legacyh3reachability	0.016s
ok  	github.com/vivym/vela/internal/legalhold	0.050s
ok  	github.com/vivym/vela/internal/materializationauthority	0.006s
ok  	github.com/vivym/vela/internal/modelruntime	0.009s
ok  	github.com/vivym/vela/internal/modelruntimetransport	0.044s
ok  	github.com/vivym/vela/internal/natsauth	0.019s
ok  	github.com/vivym/vela/internal/nodeagent	0.020s
ok  	github.com/vivym/vela/internal/noncontentexpiry	0.035s
?   	github.com/vivym/vela/internal/organizationreporting	[no test files]
?   	github.com/vivym/vela/internal/outbox	[no test files]
?   	github.com/vivym/vela/internal/privilegedlistener	[no test files]
ok  	github.com/vivym/vela/internal/productiongates	0.013s
ok  	github.com/vivym/vela/internal/recovery	0.013s
ok  	github.com/vivym/vela/internal/releaseartifacts	0.025s
ok  	github.com/vivym/vela/internal/releasebundle	0.056s
ok  	github.com/vivym/vela/internal/remediation	0.030s
ok  	github.com/vivym/vela/internal/retention	0.043s
ok  	github.com/vivym/vela/internal/runtimechannel	0.028s
ok  	github.com/vivym/vela/internal/securefile	0.050s
ok  	github.com/vivym/vela/internal/slo	0.011s
ok  	github.com/vivym/vela/internal/sloevidence	0.019s
ok  	github.com/vivym/vela/internal/stageartifact	0.029s
ok  	github.com/vivym/vela/internal/stageassignment	0.026s
ok  	github.com/vivym/vela/internal/stageauthority	0.027s
ok  	github.com/vivym/vela/internal/stagecache	0.016s
?   	github.com/vivym/vela/internal/stagecutover	[no test files]
?   	github.com/vivym/vela/internal/stagefinalization	[no test files]
ok  	github.com/vivym/vela/internal/stageprotocol	0.021s
ok  	github.com/vivym/vela/internal/stagescheduler	0.020s
ok  	github.com/vivym/vela/internal/stageworkeragent	0.006s
ok  	github.com/vivym/vela/internal/stageworkercontrol	0.004s
ok  	github.com/vivym/vela/internal/stageworkermembertransport	0.011s
ok  	github.com/vivym/vela/internal/stageworkertransport	0.008s
?   	github.com/vivym/vela/internal/store/sqlc	[no test files]
?   	github.com/vivym/vela/internal/strictjson	[no test files]
ok  	github.com/vivym/vela/internal/supplychain	0.006s
ok  	github.com/vivym/vela/internal/telemetry	0.013s
ok  	github.com/vivym/vela/internal/usagecostledger	0.011s
ok  	github.com/vivym/vela/internal/webhook	0.010s
ok  	github.com/vivym/vela/internal/workerbootstrap	0.012s
?   	github.com/vivym/vela/internal/workerjournal	[no test files]
?   	github.com/vivym/vela/proto/gen/vela/v1	[no test files]
