=== RUN   TestCPUMockProductionLoopClockOffsetCampaign
2026/09/08 16:07:45 github.com/testcontainers/testcontainers-go - Connected to docker: 
  Server Version: 28.3.2
  API Version: 1.51
  Operating System: Docker Desktop
  Total Memory: 32044 MB
  Labels:
    com.docker.desktop.address=unix:///Users/viv/Library/Containers/com.docker.docker/Data/docker-cli.sock
  Testcontainers for Go Version: v0.44.0
  Resolved Docker Host: unix:///var/run/docker.sock
  Resolved Docker Socket Path: /var/run/docker.sock
  Test SessionID: 5f95026df189f89422d81e2335aa09741c7d46192e02cb6aed56f324e553d165
  Test ProcessID: b6583bf2-714d-4b1a-8d53-475b56279971
2026/09/08 16:07:45 🐳 Creating container for image postgres:17-alpine
2026/09/08 16:07:45 🐳 Creating container for image testcontainers/ryuk:0.14.0
2026/09/08 16:07:45 ✅ Container created: 8a7d6ffc925a
2026/09/08 16:07:45 🐳 Starting container: 8a7d6ffc925a
2026/09/08 16:07:45 ✅ Container started: 8a7d6ffc925a
2026/09/08 16:07:45 ⏳ Waiting for container id 8a7d6ffc925a image: testcontainers/ryuk:0.14.0. Waiting for: all of: [log message "Started", port 8080/tcp to be listening]
2026/09/08 16:07:46 Shell not found in container
2026/09/08 16:07:46 🔔 Container is ready: 8a7d6ffc925a
2026/09/08 16:07:46 ✅ Container created: dcac257f7f3b
2026/09/08 16:07:46 🐳 Starting container: dcac257f7f3b
2026/09/08 16:07:46 ✅ Container started: dcac257f7f3b
2026/09/08 16:07:46 ⏳ Waiting for container id dcac257f7f3b image: postgres:17-alpine. Waiting for: all of: [all of: [log message "database system is ready to accept connections" (occurrence: 2), port 5432/tcp to be mapped]]
2026/09/08 16:07:47 🔔 Container is ready: dcac257f7f3b
2026/09/08 16:07:47 OK   00001_foundation.sql (79.73ms)
2026/09/08 16:07:47 OK   00002_worker_assignment.sql (20.95ms)
2026/09/08 16:07:47 OK   00003_worker_start.sql (3.83ms)
2026/09/08 16:07:47 OK   00004_worker_heartbeat.sql (22.54ms)
2026/09/08 16:07:47 OK   00005_execution_failure.sql (19.47ms)
2026/09/08 16:07:47 OK   00006_customer_cancellation.sql (40.12ms)
2026/09/08 16:07:47 OK   00007_artifact_finalization.sql (44.53ms)
2026/09/08 16:07:47 OK   00008_hierarchical_scheduler.sql (69.01ms)
2026/09/08 16:07:47 OK   00009_invoice_export.sql (18.08ms)
2026/09/08 16:07:47 OK   00010_profile_certification_circuit.sql (28.77ms)
2026/09/08 16:07:47 OK   00011_project_webhooks.sql (48.47ms)
2026/09/08 16:07:47 OK   00012_human_oidc_fixed_rbac.sql (38.34ms)
2026/09/08 16:07:47 OK   00013_service_principal_administration.sql (22.45ms)
2026/09/08 16:07:47 OK   00014_human_membership_administration.sql (40.31ms)
2026/09/08 16:07:47 OK   00015_organization_reporting.sql (26.71ms)
2026/09/08 16:07:47 OK   00016_project_retention_content_deletion.sql (74.33ms)
2026/09/08 16:07:47 OK   00017_platform_operator_break_glass.sql (47.54ms)
2026/09/08 16:07:47 OK   00018_finance_reconciliation.sql (23.35ms)
2026/09/08 16:07:47 OK   00019_certified_remediation.sql (31.28ms)
2026/09/08 16:07:47 OK   00020_remediation_execution_claim.sql (7.41ms)
2026/09/08 16:07:47 OK   00021_remediation_execution_dispatch.sql (2.74ms)
2026/09/08 16:07:47 OK   00022_remediation_execution_claim_replay.sql (2.8ms)
2026/09/08 16:07:47 OK   00023_fleet_controller_worker_readiness.sql (93.43ms)
2026/09/08 16:07:48 OK   00024_staging_artifact_expiry.sql (5.28ms)
2026/09/08 16:07:48 OK   00025_scheduler_inbox_receipt.sql (3.08ms)
2026/09/08 16:07:48 OK   00026_synchronous_quorum_guard.sql (2.18ms)
2026/09/08 16:07:48 OK   00027_authorized_debug_dump_lifecycle.sql (66.73ms)
2026/09/08 16:07:48 OK   00028_off_cluster_backup_retention.sql (17.7ms)
2026/09/08 16:07:48 OK   00029_artifact_backup_replication.sql (16.02ms)
2026/09/08 16:07:48 OK   00030_non_content_legal_hold.sql (30.87ms)
2026/09/08 16:07:48 OK   00031_non_content_record_expiry.sql (100.73ms)
2026/09/08 16:07:48 OK   00032_catalog_promotion_production_gates.sql (47.16ms)
2026/09/08 16:07:48 OK   00033_statistical_slo_measurement.sql (36.39ms)
2026/09/08 16:07:48 OK   00034_stage_execution_catalog.sql (81.8ms)
2026/09/08 16:07:48 OK   00035_worker_instance_residency.sql (93.54ms)
2026/09/08 16:07:48 OK   00036_stage_attempt_authority.sql (124.85ms)
2026/09/08 16:07:48 OK   00037_stage_scheduler.sql (65.89ms)
2026/09/08 16:07:48 OK   00038_stage_artifact.sql (63.8ms)
2026/09/08 16:07:48 OK   00039_stage_worker_control_authority.sql (5.05ms)
2026/09/08 16:07:48 OK   00040_stage_worker_execution.sql (40.51ms)
2026/09/08 16:07:48 OK   00041_stage_worker_operations.sql (20.18ms)
2026/09/08 16:07:48 OK   00042_stage_worker_assignment.sql (21.76ms)
2026/09/08 16:07:48 OK   00043_stage_graph_finalization.sql (9.56ms)
2026/09/08 16:07:48 OK   00044_stage_cache.sql (43.19ms)
2026/09/08 16:07:48 OK   00045_stage_graph_finalization_outputs.sql (7.17ms)
2026/09/08 16:07:48 OK   00046_stage_graph_visible_completion.sql (9.58ms)
2026/09/08 16:07:48 OK   00047_usage_cost_ledger.sql (23.7ms)
2026/09/08 16:07:48 OK   00048_stage_run_output_binding.sql (21.09ms)
2026/09/08 16:07:49 OK   00049_stage_cutover_control.sql (76.79ms)
2026/09/08 16:07:49 OK   00050_stage_graph_instantiation_dispatch.sql (26.03ms)
2026/09/08 16:07:49 OK   00051_atomic_stage_graph_admission.sql (13.1ms)
2026/09/08 16:07:49 OK   00052_stage_cutover_zero_backlog_seal.sql (29.04ms)
2026/09/08 16:07:49 OK   00053_legacy_h3_guarded_contraction.sql (19.57ms)
2026/09/08 16:07:49 OK   00054_stage_transfer_consume_destination.sql (4.55ms)
2026/09/08 16:07:49 OK   00055_h3_campaign_evidence_reader.sql (4.88ms)
2026/09/08 16:07:49 OK   00056_stage_observability_reader.sql (1.13ms)
2026/09/08 16:07:49 OK   00057_legacy_h3_release_contraction_gate.sql (13.53ms)
2026/09/08 16:07:49 OK   00058_legacy_h3_schema_contraction.sql (242.5ms)
2026/09/08 16:07:49 OK   00059_model_runtime_epoch_registration.sql (26.81ms)
2026/09/08 16:07:49 OK   00060_model_runtime_gang_barrier.sql (24.35ms)
2026/09/08 16:07:49 OK   00061_stage_worker_gang_authority.sql (8.39ms)
2026/09/08 16:07:49 OK   00062_stage_authority_member_identity.sql (3.74ms)
2026/09/08 16:07:49 OK   00063_h3_execution_snapshot.sql (4.14ms)
2026/09/08 16:07:49 OK   00064_model_runtime_capacity_routes.sql (16.63ms)
2026/09/08 16:07:49 OK   00065_h3_exact_cache_reconciliation.sql (14.9ms)
2026/09/08 16:07:49 OK   00066_stage_worker_control_session_capacity.sql (32.54ms)
2026/09/08 16:07:49 OK   00067_stage_scheduler_project_capacity.sql (2.79ms)
2026/09/08 16:07:49 OK   00068_stage_assignment_connector_states.sql (2.56ms)
2026/09/08 16:07:49 OK   00069_stage_transfer_server_clock.sql (7.1ms)
2026/09/08 16:07:49 OK   00070_stage_lease_expiry_recovery.sql (15.58ms)
2026/09/08 16:07:49 OK   00071_stage_artifact_lifecycle.sql (24.81ms)
2026/09/08 16:07:49 OK   00072_recovery_quiescence.sql (17.61ms)
2026/09/08 16:07:49 OK   00073_stage_cache_downstream_bindings.sql (8.16ms)
2026/09/08 16:07:49 OK   00074_job_owned_public_artifact_copies.sql (4.63ms)
2026/09/08 16:07:49 OK   00075_stage_graph_failure_terminalization.sql (28.52ms)
2026/09/08 16:07:49 OK   00076_allocation_usage_unit.sql (1.05ms)
2026/09/08 16:07:49 OK   00077_runtime_usage_receipts.sql (5.7ms)
2026/09/08 16:07:49 OK   00078_idle_stage_worker_probe.sql (6.92ms)
2026/09/08 16:07:49 OK   00079_stage_job_expiry.sql (9.13ms)
2026/09/08 16:07:49 OK   00080_stage_scheduler_snapshot_lock_order.sql (4.1ms)
2026/09/08 16:07:49 OK   00081_stage_assignment_quorum.sql (1.74ms)
2026/09/08 16:07:49 OK   00082_stage_success_storage_completion.sql (4.3ms)
2026/09/08 16:07:49 OK   00083_capacity_observation_lifecycle.sql (5.32ms)
2026/09/08 16:07:49 OK   00084_blocked_stage_worker_probe.sql (5.5ms)
2026/09/08 16:07:49 OK   00085_stage_materialization_terminal_replay.sql (3.53ms)
2026/09/08 16:07:49 OK   00086_stage_failure_terminal_replay.sql (7.85ms)
2026/09/08 16:07:49 OK   00087_stage_claim_finalization_lock_order.sql (2.76ms)
2026/09/08 16:07:49 OK   00088_stage_allocation_execution_sequence.sql (5.53ms)
2026/09/08 16:07:49 OK   00089_stage_terminal_history.sql (10.65ms)
2026/09/08 16:07:49 OK   00090_stage_assignment_content_lifecycle.sql (25.7ms)
2026/09/08 16:07:49 OK   00091_worker_journal_bootstrap.sql (23.21ms)
2026/09/08 16:07:49 OK   00092_worker_bootstrap_history.sql (2.46ms)
2026/09/08 16:07:49 OK   00093_worker_bootstrap_nonzero_scopes.sql (1.28ms)
2026/09/08 16:07:49 OK   00094_worker_bootstrap_abandonment.sql (12.48ms)
2026/09/08 16:07:49 goose: successfully migrated database to version: 94
    cpu_mock_production_loop_campaign_test.go:23: CPU_MOCK_CAMPAIGN_START {"durable_stream":true,"exact_cache":false,"go_version":"go1.26.7","initial_budget":{"planned_jobs":32,"fixed_price_per_job_minor":1250,"initial_credit_limit_minor":40000,"currency":"CNY"},"runtime_binary_sha256":{"vela-h3-stage-mock":"2f572c2df6cf7619cb81322569acae2477dc5b8ab6a63ed646976a2a8d167ecd","vela-lab-cpu-thumbnail-mock":"763aace4542d4a443ae326ad0ab201a39832dafaf42ff6fef48a09c3282f4cce"},"source_tree_sha256":"fefd0031f9e8936ee12f3d8c195e4c2fe3c4dbf49cffbb74d14a3416574b9368"}
    cpu_mock_production_loop_campaign_test.go:90: encoder production retry resume-materialization: commit durable StageArtifact: rpc error: code = AlreadyExists desc = Stage Worker request identity is duplicated
    cpu_mock_production_loop_campaign_test.go:90: dit production retry resume-materialization: commit durable StageArtifact: rpc error: code = AlreadyExists desc = Stage Worker request identity is duplicated
    cpu_mock_production_loop_campaign_test.go:90: vae production retry resume-materialization: commit durable StageArtifact: rpc error: code = AlreadyExists desc = Stage Worker request identity is duplicated
    cpu_mock_production_loop_campaign_test.go:90: thumbnail production retry resume-materialization: commit durable StageArtifact: rpc error: code = AlreadyExists desc = Stage Worker request identity is duplicated
    cpu_mock_production_loop_campaign_test.go:23: CPU_MOCK_LOAD_WAVE 1 {ObservedAt:2026-09-08 08:08:09.600799 +0000 UTC Queued:0 Running:0 ActiveAllocations:0 ActiveLeases:0 ReservedStorage:0 ReservedBytes:0 MaterializedBytes:108168 HeldBuffers:0 Completed:8 AcquireIntents:35 DatabaseBytes:30062259 HeapBytes:15646696 Goroutines:149 ScratchBytes:0 JournalBytes:332528 InputBytes:0 OutputBytes:0 RuntimeWatchdogs:0 ReservedCredit:0 PostedCredit:10000 Charges:8 PoolCounters:0 ExecutionPins:24 FinalizationPins:0 CachePins:0 CacheEntries:0 CacheCarryingRefs:0 CommittedObjects:32 Processes:[{PID:6510 Name:integration.test RSSBytes:259342336 OpenFDs:150} {PID:6533 Name:h3-encoder RSSBytes:20086784 OpenFDs:12} {PID:6534 Name:h3-dit RSSBytes:19824640 OpenFDs:12} {PID:6536 Name:h3-vae-decoder RSSBytes:19890176 OpenFDs:12} {PID:6537 Name:vela-lab-cpu-thumbnail-mock RSSBytes:20054016 OpenFDs:12}]}
    cpu_mock_production_loop_campaign_test.go:23: CPU_MOCK_LOAD_WAVE 2 {ObservedAt:2026-09-08 08:08:31.257607 +0000 UTC Queued:0 Running:0 ActiveAllocations:0 ActiveLeases:0 ReservedStorage:0 ReservedBytes:0 MaterializedBytes:216336 HeldBuffers:0 Completed:16 AcquireIntents:69 DatabaseBytes:32023055 HeapBytes:27502320 Goroutines:149 ScratchBytes:0 JournalBytes:654702 InputBytes:0 OutputBytes:0 RuntimeWatchdogs:0 ReservedCredit:0 PostedCredit:20000 Charges:16 PoolCounters:0 ExecutionPins:24 FinalizationPins:0 CachePins:0 CacheEntries:0 CacheCarryingRefs:0 CommittedObjects:64 Processes:[{PID:6510 Name:integration.test RSSBytes:270024704 OpenFDs:151} {PID:6533 Name:h3-encoder RSSBytes:20561920 OpenFDs:12} {PID:6534 Name:h3-dit RSSBytes:21037056 OpenFDs:12} {PID:6536 Name:h3-vae-decoder RSSBytes:21315584 OpenFDs:12} {PID:6537 Name:vela-lab-cpu-thumbnail-mock RSSBytes:21610496 OpenFDs:12}]}
    cpu_mock_production_loop_campaign_test.go:23: CPU_MOCK_LOAD_WAVE 3 {ObservedAt:2026-09-08 08:09:05.630745 +0000 UTC Queued:0 Running:0 ActiveAllocations:0 ActiveLeases:0 ReservedStorage:0 ReservedBytes:0 MaterializedBytes:324504 HeldBuffers:0 Completed:24 AcquireIntents:103 DatabaseBytes:33461939 HeapBytes:21433344 Goroutines:149 ScratchBytes:0 JournalBytes:976808 InputBytes:0 OutputBytes:0 RuntimeWatchdogs:0 ReservedCredit:0 PostedCredit:30000 Charges:24 PoolCounters:0 ExecutionPins:24 FinalizationPins:0 CachePins:0 CacheEntries:0 CacheCarryingRefs:0 CommittedObjects:96 Processes:[{PID:6510 Name:integration.test RSSBytes:284524544 OpenFDs:152} {PID:6533 Name:h3-encoder RSSBytes:21331968 OpenFDs:12} {PID:6534 Name:h3-dit RSSBytes:21331968 OpenFDs:12} {PID:6536 Name:h3-vae-decoder RSSBytes:21676032 OpenFDs:12} {PID:6537 Name:vela-lab-cpu-thumbnail-mock RSSBytes:21839872 OpenFDs:12}]}
    cpu_mock_production_loop_campaign_test.go:23: CPU_MOCK_LOAD_WAVE 4 {ObservedAt:2026-09-08 08:09:33.295628 +0000 UTC Queued:0 Running:0 ActiveAllocations:0 ActiveLeases:0 ReservedStorage:0 ReservedBytes:0 MaterializedBytes:432672 HeldBuffers:0 Completed:32 AcquireIntents:137 DatabaseBytes:35160591 HeapBytes:32389784 Goroutines:149 ScratchBytes:0 JournalBytes:1299072 InputBytes:0 OutputBytes:0 RuntimeWatchdogs:0 ReservedCredit:0 PostedCredit:40000 Charges:32 PoolCounters:0 ExecutionPins:24 FinalizationPins:0 CachePins:0 CacheEntries:0 CacheCarryingRefs:0 CommittedObjects:128 Processes:[{PID:6510 Name:integration.test RSSBytes:273678336 OpenFDs:152} {PID:6533 Name:h3-encoder RSSBytes:21463040 OpenFDs:12} {PID:6534 Name:h3-dit RSSBytes:21872640 OpenFDs:12} {PID:6536 Name:h3-vae-decoder RSSBytes:22036480 OpenFDs:12} {PID:6537 Name:vela-lab-cpu-thumbnail-mock RSSBytes:22036480 OpenFDs:12}]}
    cpu_mock_production_loop_campaign_test.go:23: CPU_MOCK_LOAD_RECEIPT {"schema_version":1,"evidence_class":"LOCAL_CPU_MOCK_RUNTIME_LOAD","production_gate":false,"started_at":"2026-09-08T08:07:54.125777Z","jobs":32,"waves":4,"concurrent_arrivals_per_wave":8,"persistent_workers":4,"project_running_limit":2,"initial_budget":{"planned_jobs":32,"fixed_price_per_job_minor":1250,"initial_credit_limit_minor":40000,"currency":"CNY"},"elapsed_seconds":99.298781,"jobs_per_second":0.32225974657231693,"mean_queue_seconds":8.078155,"max_queue_seconds":20.669129,"mean_latency_seconds":13.11103425,"sampled_peak":{"queued_jobs":8,"running_jobs":2,"active_allocations":2,"active_leases":2,"reserved_storage":8,"reserved_storage_bytes":17179869184,"materialized_stage_bytes":432672,"held_buffers":2,"visible_completions":32,"acquire_intents":137,"database_bytes":35160591,"test_process_heap_bytes":42311952,"test_process_goroutines":156,"runtime_scratch_bytes":26303,"local_journal_bytes":1526236,"runtime_input_bytes":13186,"runtime_output_bytes":13186,"runtime_watchdog_goroutines":3,"reserved_credit_minor":10000,"posted_credit_minor":40000,"charges":32,"pool_active_counters":18,"active_execution_pins":24,"active_finalization_pins":0,"active_cache_pins":0,"live_cache_entries":0,"active_cache_carrying_references":0,"committed_stage_artifacts":128},"before_arrivals":{"observed_at":"2026-09-08T08:07:54.010361Z","queued_jobs":0,"running_jobs":0,"active_allocations":0,"active_leases":0,"reserved_storage":0,"reserved_storage_bytes":0,"materialized_stage_bytes":0,"held_buffers":0,"visible_completions":0,"acquire_intents":0,"database_bytes":26638003,"test_process_heap_bytes":16134104,"test_process_goroutines":127,"runtime_scratch_bytes":0,"local_journal_bytes":5898,"runtime_input_bytes":0,"runtime_output_bytes":0,"runtime_watchdog_goroutines":0,"reserved_credit_minor":0,"posted_credit_minor":0,"charges":0,"pool_active_counters":0,"active_execution_pins":0,"active_finalization_pins":0,"active_cache_pins":0,"live_cache_entries":0,"active_cache_carrying_references":0,"committed_stage_artifacts":0,"processes":[{"pid":6510,"name":"integration.test","rss_bytes":220741632,"open_fds":133},{"pid":6533,"name":"h3-encoder","rss_bytes":16695296,"open_fds":12},{"pid":6534,"name":"h3-dit","rss_bytes":16400384,"open_fds":12},{"pid":6536,"name":"h3-vae-decoder","rss_bytes":16187392,"open_fds":12},{"pid":6537,"name":"vela-lab-cpu-thumbnail-mock","rss_bytes":16596992,"open_fds":12}]},"after_wave":[{"observed_at":"2026-09-08T08:08:09.600799Z","queued_jobs":0,"running_jobs":0,"active_allocations":0,"active_leases":0,"reserved_storage":0,"reserved_storage_bytes":0,"materialized_stage_bytes":108168,"held_buffers":0,"visible_completions":8,"acquire_intents":35,"database_bytes":30062259,"test_process_heap_bytes":15646696,"test_process_goroutines":149,"runtime_scratch_bytes":0,"local_journal_bytes":332528,"runtime_input_bytes":0,"runtime_output_bytes":0,"runtime_watchdog_goroutines":0,"reserved_credit_minor":0,"posted_credit_minor":10000,"charges":8,"pool_active_counters":0,"active_execution_pins":24,"active_finalization_pins":0,"active_cache_pins":0,"live_cache_entries":0,"active_cache_carrying_references":0,"committed_stage_artifacts":32,"processes":[{"pid":6510,"name":"integration.test","rss_bytes":259342336,"open_fds":150},{"pid":6533,"name":"h3-encoder","rss_bytes":20086784,"open_fds":12},{"pid":6534,"name":"h3-dit","rss_bytes":19824640,"open_fds":12},{"pid":6536,"name":"h3-vae-decoder","rss_bytes":19890176,"open_fds":12},{"pid":6537,"name":"vela-lab-cpu-thumbnail-mock","rss_bytes":20054016,"open_fds":12}]},{"observed_at":"2026-09-08T08:08:31.257607Z","queued_jobs":0,"running_jobs":0,"active_allocations":0,"active_leases":0,"reserved_storage":0,"reserved_storage_bytes":0,"materialized_stage_bytes":216336,"held_buffers":0,"visible_completions":16,"acquire_intents":69,"database_bytes":32023055,"test_process_heap_bytes":27502320,"test_process_goroutines":149,"runtime_scratch_bytes":0,"local_journal_bytes":654702,"runtime_input_bytes":0,"runtime_output_bytes":0,"runtime_watchdog_goroutines":0,"reserved_credit_minor":0,"posted_credit_minor":20000,"charges":16,"pool_active_counters":0,"active_execution_pins":24,"active_finalization_pins":0,"active_cache_pins":0,"live_cache_entries":0,"active_cache_carrying_references":0,"committed_stage_artifacts":64,"processes":[{"pid":6510,"name":"integration.test","rss_bytes":270024704,"open_fds":151},{"pid":6533,"name":"h3-encoder","rss_bytes":20561920,"open_fds":12},{"pid":6534,"name":"h3-dit","rss_bytes":21037056,"open_fds":12},{"pid":6536,"name":"h3-vae-decoder","rss_bytes":21315584,"open_fds":12},{"pid":6537,"name":"vela-lab-cpu-thumbnail-mock","rss_bytes":21610496,"open_fds":12}]},{"observed_at":"2026-09-08T08:09:05.630745Z","queued_jobs":0,"running_jobs":0,"active_allocations":0,"active_leases":0,"reserved_storage":0,"reserved_storage_bytes":0,"materialized_stage_bytes":324504,"held_buffers":0,"visible_completions":24,"acquire_intents":103,"database_bytes":33461939,"test_process_heap_bytes":21433344,"test_process_goroutines":149,"runtime_scratch_bytes":0,"local_journal_bytes":976808,"runtime_input_bytes":0,"runtime_output_bytes":0,"runtime_watchdog_goroutines":0,"reserved_credit_minor":0,"posted_credit_minor":30000,"charges":24,"pool_active_counters":0,"active_execution_pins":24,"active_finalization_pins":0,"active_cache_pins":0,"live_cache_entries":0,"active_cache_carrying_references":0,"committed_stage_artifacts":96,"processes":[{"pid":6510,"name":"integration.test","rss_bytes":284524544,"open_fds":152},{"pid":6533,"name":"h3-encoder","rss_bytes":21331968,"open_fds":12},{"pid":6534,"name":"h3-dit","rss_bytes":21331968,"open_fds":12},{"pid":6536,"name":"h3-vae-decoder","rss_bytes":21676032,"open_fds":12},{"pid":6537,"name":"vela-lab-cpu-thumbnail-mock","rss_bytes":21839872,"open_fds":12}]},{"observed_at":"2026-09-08T08:09:33.295628Z","queued_jobs":0,"running_jobs":0,"active_allocations":0,"active_leases":0,"reserved_storage":0,"reserved_storage_bytes":0,"materialized_stage_bytes":432672,"held_buffers":0,"visible_completions":32,"acquire_intents":137,"database_bytes":35160591,"test_process_heap_bytes":32389784,"test_process_goroutines":149,"runtime_scratch_bytes":0,"local_journal_bytes":1299072,"runtime_input_bytes":0,"runtime_output_bytes":0,"runtime_watchdog_goroutines":0,"reserved_credit_minor":0,"posted_credit_minor":40000,"charges":32,"pool_active_counters":0,"active_execution_pins":24,"active_finalization_pins":0,"active_cache_pins":0,"live_cache_entries":0,"active_cache_carrying_references":0,"committed_stage_artifacts":128,"processes":[{"pid":6510,"name":"integration.test","rss_bytes":273678336,"open_fds":152},{"pid":6533,"name":"h3-encoder","rss_bytes":21463040,"open_fds":12},{"pid":6534,"name":"h3-dit","rss_bytes":21872640,"open_fds":12},{"pid":6536,"name":"h3-vae-decoder","rss_bytes":22036480,"open_fds":12},{"pid":6537,"name":"vela-lab-cpu-thumbnail-mock","rss_bytes":22036480,"open_fds":12}]}],"after_maintenance":[{"observed_at":"2026-09-08T08:08:09.730472Z","queued_jobs":0,"running_jobs":0,"active_allocations":0,"active_leases":0,"reserved_storage":0,"reserved_storage_bytes":0,"materialized_stage_bytes":108168,"held_buffers":0,"visible_completions":8,"acquire_intents":35,"database_bytes":30062259,"test_process_heap_bytes":18428816,"test_process_goroutines":149,"runtime_scratch_bytes":0,"local_journal_bytes":332528,"runtime_input_bytes":0,"runtime_output_bytes":0,"runtime_watchdog_goroutines":0,"reserved_credit_minor":0,"posted_credit_minor":10000,"charges":8,"pool_active_counters":0,"active_execution_pins":0,"active_finalization_pins":0,"active_cache_pins":0,"live_cache_entries":0,"active_cache_carrying_references":0,"committed_stage_artifacts":32},{"observed_at":"2026-09-08T08:08:31.373131Z","queued_jobs":0,"running_jobs":0,"active_allocations":0,"active_leases":0,"reserved_storage":0,"reserved_storage_bytes":0,"materialized_stage_bytes":216336,"held_buffers":0,"visible_completions":16,"acquire_intents":69,"database_bytes":32055823,"test_process_heap_bytes":30155272,"test_process_goroutines":149,"runtime_scratch_bytes":0,"local_journal_bytes":654702,"runtime_input_bytes":0,"runtime_output_bytes":0,"runtime_watchdog_goroutines":0,"reserved_credit_minor":0,"posted_credit_minor":20000,"charges":16,"pool_active_counters":0,"active_execution_pins":0,"active_finalization_pins":0,"active_cache_pins":0,"live_cache_entries":0,"active_cache_carrying_references":0,"committed_stage_artifacts":64},{"observed_at":"2026-09-08T08:09:06.191524Z","queued_jobs":0,"running_jobs":0,"active_allocations":0,"active_leases":0,"reserved_storage":0,"reserved_storage_bytes":0,"materialized_stage_bytes":324504,"held_buffers":0,"visible_completions":24,"acquire_intents":103,"database_bytes":33470131,"test_process_heap_bytes":24744720,"test_process_goroutines":149,"runtime_scratch_bytes":0,"local_journal_bytes":976808,"runtime_input_bytes":0,"runtime_output_bytes":0,"runtime_watchdog_goroutines":0,"reserved_credit_minor":0,"posted_credit_minor":30000,"charges":24,"pool_active_counters":0,"active_execution_pins":0,"active_finalization_pins":0,"active_cache_pins":0,"live_cache_entries":0,"active_cache_carrying_references":0,"committed_stage_artifacts":96},{"observed_at":"2026-09-08T08:09:33.415396Z","queued_jobs":0,"running_jobs":0,"active_allocations":0,"active_leases":0,"reserved_storage":0,"reserved_storage_bytes":0,"materialized_stage_bytes":432672,"held_buffers":0,"visible_completions":32,"acquire_intents":137,"database_bytes":35160591,"test_process_heap_bytes":19282328,"test_process_goroutines":149,"runtime_scratch_bytes":0,"local_journal_bytes":1299072,"runtime_input_bytes":0,"runtime_output_bytes":0,"runtime_watchdog_goroutines":0,"reserved_credit_minor":0,"posted_credit_minor":40000,"charges":32,"pool_active_counters":0,"active_execution_pins":0,"active_finalization_pins":0,"active_cache_pins":0,"live_cache_entries":0,"active_cache_carrying_references":0,"committed_stage_artifacts":128}],"maintenance_results":[{"RequestContentExpired":0,"ContentDeletionRequestsCreated":0,"Claimed":0,"Completed":0,"Failed":0},{"RequestContentExpired":0,"ContentDeletionRequestsCreated":0,"Claimed":0,"Completed":0,"Failed":0},{"RequestContentExpired":0,"ContentDeletionRequestsCreated":0,"Claimed":0,"Completed":0,"Failed":0},{"RequestContentExpired":0,"ContentDeletionRequestsCreated":0,"Claimed":0,"Completed":0,"Failed":0}],"after_idle":{"observed_at":"2026-09-08T08:09:34.436825Z","queued_jobs":0,"running_jobs":0,"active_allocations":0,"active_leases":0,"reserved_storage":0,"reserved_storage_bytes":0,"materialized_stage_bytes":432672,"held_buffers":0,"visible_completions":32,"acquire_intents":137,"database_bytes":35160591,"test_process_heap_bytes":16460040,"test_process_goroutines":149,"runtime_scratch_bytes":0,"local_journal_bytes":1299072,"runtime_input_bytes":0,"runtime_output_bytes":0,"runtime_watchdog_goroutines":0,"reserved_credit_minor":0,"posted_credit_minor":40000,"charges":32,"pool_active_counters":0,"active_execution_pins":0,"active_finalization_pins":0,"active_cache_pins":0,"live_cache_entries":0,"active_cache_carrying_references":0,"committed_stage_artifacts":128,"processes":[{"pid":6510,"name":"integration.test","rss_bytes":277168128,"open_fds":152},{"pid":6533,"name":"h3-encoder","rss_bytes":21463040,"open_fds":12},{"pid":6534,"name":"h3-dit","rss_bytes":21872640,"open_fds":12},{"pid":6536,"name":"h3-vae-decoder","rss_bytes":22036480,"open_fds":12},{"pid":6537,"name":"vela-lab-cpu-thumbnail-mock","rss_bytes":22036480,"open_fds":12}]},"acquire_transaction_retries":0,"acquire_deadlock_retries":0,"acquire_serialization_retries":0,"capacity_reports_by_worker":{"dit":7,"encoder":7,"thumbnail":5,"vae":6},"source_tree_sha256":"fefd0031f9e8936ee12f3d8c195e4c2fe3c4dbf49cffbb74d14a3416574b9368","runtime_binary_sha256":{"vela-h3-stage-mock":"2f572c2df6cf7619cb81322569acae2477dc5b8ab6a63ed646976a2a8d167ecd","vela-lab-cpu-thumbnail-mock":"763aace4542d4a443ae326ad0ab201a39832dafaf42ff6fef48a09c3282f4cce"},"go_version":"go1.26.7","ffprobe_version":"ffprobe version 8.0.1 Copyright (c) 2007-2025 the FFmpeg developers","limitations":["bounded native CPU mock Job campaign; no GPU certification or Production Gate evidence","production Run, readiness, capacity, heartbeat, mTLS transport and durable stream execute in the test host process","Fleet membership and static native mock canary approval use fixture catalog setup; Node custody, protected mounts and production startup issuer remain separate","application acknowledgement loss occurs after the real mTLS client received ACCEPTED; resident processes and StreamAgent remain live during automatic retry","retained journal metadata is measured separately from payload scratch; history reclamation and sustained arrivals remain open","Runtime gRPC is loopback and artifact store is local exact-version storage; remote storage and process isolation are separate","race detector covers Go test-host components, not native model subprocesses; sampled resources omit Docker VM peaks"],"durable_stream":true,"replayed_materialization_commits":4,"durable_records_by_worker":{"dit":32,"encoder":32,"thumbnail":32,"vae":32},"production_loop":true,"production_workers":{"dit":{"accepted_registrations":20,"accepted_capacity_reports":7,"accepted_heartbeats":32,"confirmed_stale_acquires":0,"control_session_epoch":3,"capacity_observation_sequence":4294967300},"encoder":{"accepted_registrations":19,"accepted_capacity_reports":7,"accepted_heartbeats":32,"confirmed_stale_acquires":9,"control_session_epoch":3,"capacity_observation_sequence":4294967300},"thumbnail":{"accepted_registrations":19,"accepted_capacity_reports":5,"accepted_heartbeats":32,"confirmed_stale_acquires":0,"control_session_epoch":3,"capacity_observation_sequence":4294967299},"vae":{"accepted_registrations":20,"accepted_capacity_reports":6,"accepted_heartbeats":32,"confirmed_stale_acquires":0,"control_session_epoch":3,"capacity_observation_sequence":4294967299}},"authority_max_clock_skew_ns":30000000000,"worker_authority_verifier_offset_ns":-1000000000,"future_issued_assignments_by_worker":{"dit":32,"encoder":32,"thumbnail":32,"vae":32}}
2026/09/08 16:09:34 🐳 Stopping container: dcac257f7f3b
2026/09/08 16:09:35 ✅ Container stopped: dcac257f7f3b
2026/09/08 16:09:35 🐳 Terminating container: dcac257f7f3b
2026/09/08 16:09:35 🚫 Container terminated: dcac257f7f3b
--- PASS: TestCPUMockProductionLoopClockOffsetCampaign (110.84s)
PASS
ok  	github.com/vivym/vela/internal/integration	113.246s
