=== RUN   TestCPUMockProductionLoopJobCampaign
2026/09/08 16:10:16 github.com/testcontainers/testcontainers-go - Connected to docker: 
  Server Version: 28.3.2
  API Version: 1.51
  Operating System: Docker Desktop
  Total Memory: 32044 MB
  Labels:
    com.docker.desktop.address=unix:///Users/viv/Library/Containers/com.docker.docker/Data/docker-cli.sock
  Testcontainers for Go Version: v0.44.0
  Resolved Docker Host: unix:///var/run/docker.sock
  Resolved Docker Socket Path: /var/run/docker.sock
  Test SessionID: 0159d802ec99e913b23d3ecd993a459c352e873fe03aa5e3fcb48ff02bbfc93d
  Test ProcessID: 95cb950f-0822-474e-84cd-959c24c2710d
2026/09/08 16:10:16 🐳 Creating container for image postgres:17-alpine
2026/09/08 16:10:16 🐳 Creating container for image testcontainers/ryuk:0.14.0
2026/09/08 16:10:16 ✅ Container created: e8bbd4ce5beb
2026/09/08 16:10:16 🐳 Starting container: e8bbd4ce5beb
2026/09/08 16:10:16 ✅ Container started: e8bbd4ce5beb
2026/09/08 16:10:16 ⏳ Waiting for container id e8bbd4ce5beb image: testcontainers/ryuk:0.14.0. Waiting for: all of: [log message "Started", port 8080/tcp to be listening]
2026/09/08 16:10:17 Shell not found in container
2026/09/08 16:10:17 🔔 Container is ready: e8bbd4ce5beb
2026/09/08 16:10:17 ✅ Container created: 73fca44400bd
2026/09/08 16:10:17 🐳 Starting container: 73fca44400bd
2026/09/08 16:10:17 ✅ Container started: 73fca44400bd
2026/09/08 16:10:17 ⏳ Waiting for container id 73fca44400bd image: postgres:17-alpine. Waiting for: all of: [all of: [log message "database system is ready to accept connections" (occurrence: 2), port 5432/tcp to be mapped]]
2026/09/08 16:10:18 🔔 Container is ready: 73fca44400bd
2026/09/08 16:10:18 OK   00001_foundation.sql (60.9ms)
2026/09/08 16:10:18 OK   00002_worker_assignment.sql (15.17ms)
2026/09/08 16:10:18 OK   00003_worker_start.sql (2.4ms)
2026/09/08 16:10:18 OK   00004_worker_heartbeat.sql (15.37ms)
2026/09/08 16:10:18 OK   00005_execution_failure.sql (12.47ms)
2026/09/08 16:10:18 OK   00006_customer_cancellation.sql (18.89ms)
2026/09/08 16:10:18 OK   00007_artifact_finalization.sql (32.59ms)
2026/09/08 16:10:18 OK   00008_hierarchical_scheduler.sql (38.25ms)
2026/09/08 16:10:18 OK   00009_invoice_export.sql (10.32ms)
2026/09/08 16:10:18 OK   00010_profile_certification_circuit.sql (15.74ms)
2026/09/08 16:10:18 OK   00011_project_webhooks.sql (25.07ms)
2026/09/08 16:10:18 OK   00012_human_oidc_fixed_rbac.sql (23.06ms)
2026/09/08 16:10:18 OK   00013_service_principal_administration.sql (9.07ms)
2026/09/08 16:10:18 OK   00014_human_membership_administration.sql (16.45ms)
2026/09/08 16:10:18 OK   00015_organization_reporting.sql (10.32ms)
2026/09/08 16:10:18 OK   00016_project_retention_content_deletion.sql (43.69ms)
2026/09/08 16:10:18 OK   00017_platform_operator_break_glass.sql (25.42ms)
2026/09/08 16:10:18 OK   00018_finance_reconciliation.sql (11.76ms)
2026/09/08 16:10:18 OK   00019_certified_remediation.sql (13.46ms)
2026/09/08 16:10:18 OK   00020_remediation_execution_claim.sql (4.26ms)
2026/09/08 16:10:18 OK   00021_remediation_execution_dispatch.sql (1.47ms)
2026/09/08 16:10:18 OK   00022_remediation_execution_claim_replay.sql (1.45ms)
2026/09/08 16:10:18 OK   00023_fleet_controller_worker_readiness.sql (43.77ms)
2026/09/08 16:10:18 OK   00024_staging_artifact_expiry.sql (1.75ms)
2026/09/08 16:10:18 OK   00025_scheduler_inbox_receipt.sql (1.16ms)
2026/09/08 16:10:18 OK   00026_synchronous_quorum_guard.sql (1.56ms)
2026/09/08 16:10:18 OK   00027_authorized_debug_dump_lifecycle.sql (39.99ms)
2026/09/08 16:10:18 OK   00028_off_cluster_backup_retention.sql (7.53ms)
2026/09/08 16:10:18 OK   00029_artifact_backup_replication.sql (7.49ms)
2026/09/08 16:10:18 OK   00030_non_content_legal_hold.sql (18.42ms)
2026/09/08 16:10:18 OK   00031_non_content_record_expiry.sql (61.41ms)
2026/09/08 16:10:18 OK   00032_catalog_promotion_production_gates.sql (23.83ms)
2026/09/08 16:10:18 OK   00033_statistical_slo_measurement.sql (20.49ms)
2026/09/08 16:10:18 OK   00034_stage_execution_catalog.sql (53.12ms)
2026/09/08 16:10:18 OK   00035_worker_instance_residency.sql (57.29ms)
2026/09/08 16:10:18 OK   00036_stage_attempt_authority.sql (60.56ms)
2026/09/08 16:10:18 OK   00037_stage_scheduler.sql (35.4ms)
2026/09/08 16:10:18 OK   00038_stage_artifact.sql (38.5ms)
2026/09/08 16:10:18 OK   00039_stage_worker_control_authority.sql (2.15ms)
2026/09/08 16:10:19 OK   00040_stage_worker_execution.sql (12.92ms)
2026/09/08 16:10:19 OK   00041_stage_worker_operations.sql (6.92ms)
2026/09/08 16:10:19 OK   00042_stage_worker_assignment.sql (9.21ms)
2026/09/08 16:10:19 OK   00043_stage_graph_finalization.sql (6.73ms)
2026/09/08 16:10:19 OK   00044_stage_cache.sql (22.69ms)
2026/09/08 16:10:19 OK   00045_stage_graph_finalization_outputs.sql (5.64ms)
2026/09/08 16:10:19 OK   00046_stage_graph_visible_completion.sql (5.58ms)
2026/09/08 16:10:19 OK   00047_usage_cost_ledger.sql (13.96ms)
2026/09/08 16:10:19 OK   00048_stage_run_output_binding.sql (13.3ms)
2026/09/08 16:10:19 OK   00049_stage_cutover_control.sql (28.79ms)
2026/09/08 16:10:19 OK   00050_stage_graph_instantiation_dispatch.sql (12.47ms)
2026/09/08 16:10:19 OK   00051_atomic_stage_graph_admission.sql (3.49ms)
2026/09/08 16:10:19 OK   00052_stage_cutover_zero_backlog_seal.sql (13.32ms)
2026/09/08 16:10:19 OK   00053_legacy_h3_guarded_contraction.sql (9.06ms)
2026/09/08 16:10:19 OK   00054_stage_transfer_consume_destination.sql (1.97ms)
2026/09/08 16:10:19 OK   00055_h3_campaign_evidence_reader.sql (3.44ms)
2026/09/08 16:10:19 OK   00056_stage_observability_reader.sql (828.58µs)
2026/09/08 16:10:19 OK   00057_legacy_h3_release_contraction_gate.sql (5.59ms)
2026/09/08 16:10:19 OK   00058_legacy_h3_schema_contraction.sql (192.64ms)
2026/09/08 16:10:19 OK   00059_model_runtime_epoch_registration.sql (15.42ms)
2026/09/08 16:10:19 OK   00060_model_runtime_gang_barrier.sql (10.38ms)
2026/09/08 16:10:19 OK   00061_stage_worker_gang_authority.sql (2.93ms)
2026/09/08 16:10:19 OK   00062_stage_authority_member_identity.sql (1.46ms)
2026/09/08 16:10:19 OK   00063_h3_execution_snapshot.sql (1.75ms)
2026/09/08 16:10:19 OK   00064_model_runtime_capacity_routes.sql (9.36ms)
2026/09/08 16:10:19 OK   00065_h3_exact_cache_reconciliation.sql (7.29ms)
2026/09/08 16:10:19 OK   00066_stage_worker_control_session_capacity.sql (14.06ms)
2026/09/08 16:10:19 OK   00067_stage_scheduler_project_capacity.sql (1.97ms)
2026/09/08 16:10:19 OK   00068_stage_assignment_connector_states.sql (1.84ms)
2026/09/08 16:10:19 OK   00069_stage_transfer_server_clock.sql (2.64ms)
2026/09/08 16:10:19 OK   00070_stage_lease_expiry_recovery.sql (5.14ms)
2026/09/08 16:10:19 OK   00071_stage_artifact_lifecycle.sql (13.25ms)
2026/09/08 16:10:19 OK   00072_recovery_quiescence.sql (11.27ms)
2026/09/08 16:10:19 OK   00073_stage_cache_downstream_bindings.sql (4.72ms)
2026/09/08 16:10:19 OK   00074_job_owned_public_artifact_copies.sql (3.25ms)
2026/09/08 16:10:19 OK   00075_stage_graph_failure_terminalization.sql (21.9ms)
2026/09/08 16:10:19 OK   00076_allocation_usage_unit.sql (1.46ms)
2026/09/08 16:10:19 OK   00077_runtime_usage_receipts.sql (2.04ms)
2026/09/08 16:10:19 OK   00078_idle_stage_worker_probe.sql (2.73ms)
2026/09/08 16:10:19 OK   00079_stage_job_expiry.sql (4.37ms)
2026/09/08 16:10:19 OK   00080_stage_scheduler_snapshot_lock_order.sql (3.44ms)
2026/09/08 16:10:19 OK   00081_stage_assignment_quorum.sql (1.24ms)
2026/09/08 16:10:19 OK   00082_stage_success_storage_completion.sql (3.26ms)
2026/09/08 16:10:19 OK   00083_capacity_observation_lifecycle.sql (4.08ms)
2026/09/08 16:10:19 OK   00084_blocked_stage_worker_probe.sql (2.65ms)
2026/09/08 16:10:19 OK   00085_stage_materialization_terminal_replay.sql (1.82ms)
2026/09/08 16:10:19 OK   00086_stage_failure_terminal_replay.sql (5.26ms)
2026/09/08 16:10:19 OK   00087_stage_claim_finalization_lock_order.sql (2.08ms)
2026/09/08 16:10:19 OK   00088_stage_allocation_execution_sequence.sql (3.19ms)
2026/09/08 16:10:19 OK   00089_stage_terminal_history.sql (2.31ms)
2026/09/08 16:10:19 OK   00090_stage_assignment_content_lifecycle.sql (13.26ms)
2026/09/08 16:10:19 OK   00091_worker_journal_bootstrap.sql (14.62ms)
2026/09/08 16:10:19 OK   00092_worker_bootstrap_history.sql (1.5ms)
2026/09/08 16:10:19 OK   00093_worker_bootstrap_nonzero_scopes.sql (855µs)
2026/09/08 16:10:19 OK   00094_worker_bootstrap_abandonment.sql (7.02ms)
2026/09/08 16:10:19 goose: successfully migrated database to version: 94
    cpu_mock_production_loop_campaign_test.go:19: CPU_MOCK_CAMPAIGN_START {"durable_stream":true,"exact_cache":false,"go_version":"go1.26.7","initial_budget":{"planned_jobs":32,"fixed_price_per_job_minor":1250,"initial_credit_limit_minor":40000,"currency":"CNY"},"runtime_binary_sha256":{"vela-h3-stage-mock":"2f572c2df6cf7619cb81322569acae2477dc5b8ab6a63ed646976a2a8d167ecd","vela-lab-cpu-thumbnail-mock":"763aace4542d4a443ae326ad0ab201a39832dafaf42ff6fef48a09c3282f4cce"},"source_tree_sha256":"fefd0031f9e8936ee12f3d8c195e4c2fe3c4dbf49cffbb74d14a3416574b9368"}
    cpu_mock_production_loop_campaign_test.go:90: encoder production retry resume-materialization: commit durable StageArtifact: rpc error: code = AlreadyExists desc = Stage Worker request identity is duplicated
    cpu_mock_production_loop_campaign_test.go:90: dit production retry resume-materialization: commit durable StageArtifact: rpc error: code = AlreadyExists desc = Stage Worker request identity is duplicated
    cpu_mock_production_loop_campaign_test.go:90: vae production retry resume-materialization: commit durable StageArtifact: rpc error: code = AlreadyExists desc = Stage Worker request identity is duplicated
    cpu_mock_production_loop_campaign_test.go:90: thumbnail production retry resume-materialization: commit durable StageArtifact: rpc error: code = AlreadyExists desc = Stage Worker request identity is duplicated
    cpu_mock_production_loop_campaign_test.go:19: CPU_MOCK_LOAD_WAVE 1 {ObservedAt:2026-09-08 08:10:33.35078 +0000 UTC Queued:0 Running:0 ActiveAllocations:0 ActiveLeases:0 ReservedStorage:0 ReservedBytes:0 MaterializedBytes:108168 HeldBuffers:0 Completed:8 AcquireIntents:35 DatabaseBytes:30045875 HeapBytes:24165184 Goroutines:149 ScratchBytes:0 JournalBytes:332556 InputBytes:0 OutputBytes:0 RuntimeWatchdogs:0 ReservedCredit:0 PostedCredit:10000 Charges:8 PoolCounters:0 ExecutionPins:24 FinalizationPins:0 CachePins:0 CacheEntries:0 CacheCarryingRefs:0 CommittedObjects:32 Processes:[{PID:7691 Name:integration.test RSSBytes:99500032 OpenFDs:152} {PID:7709 Name:h3-encoder RSSBytes:19791872 OpenFDs:12} {PID:7710 Name:h3-dit RSSBytes:19546112 OpenFDs:12} {PID:7711 Name:h3-vae-decoder RSSBytes:19824640 OpenFDs:12} {PID:7712 Name:vela-lab-cpu-thumbnail-mock RSSBytes:19922944 OpenFDs:12}]}
    cpu_mock_production_loop_campaign_test.go:19: CPU_MOCK_LOAD_WAVE 2 {ObservedAt:2026-09-08 08:10:43.114509 +0000 UTC Queued:0 Running:0 ActiveAllocations:0 ActiveLeases:0 ReservedStorage:0 ReservedBytes:0 MaterializedBytes:216336 HeldBuffers:0 Completed:16 AcquireIntents:70 DatabaseBytes:31602355 HeapBytes:22217912 Goroutines:149 ScratchBytes:0 JournalBytes:654788 InputBytes:0 OutputBytes:0 RuntimeWatchdogs:0 ReservedCredit:0 PostedCredit:20000 Charges:16 PoolCounters:0 ExecutionPins:24 FinalizationPins:0 CachePins:0 CacheEntries:0 CacheCarryingRefs:0 CommittedObjects:64 Processes:[{PID:7691 Name:integration.test RSSBytes:99926016 OpenFDs:152} {PID:7709 Name:h3-encoder RSSBytes:20152320 OpenFDs:12} {PID:7710 Name:h3-dit RSSBytes:20922368 OpenFDs:12} {PID:7711 Name:h3-vae-decoder RSSBytes:21413888 OpenFDs:12} {PID:7712 Name:vela-lab-cpu-thumbnail-mock RSSBytes:21790720 OpenFDs:12}]}
    cpu_mock_production_loop_campaign_test.go:19: CPU_MOCK_LOAD_WAVE 3 {ObservedAt:2026-09-08 08:10:52.235595 +0000 UTC Queued:0 Running:0 ActiveAllocations:0 ActiveLeases:0 ReservedStorage:0 ReservedBytes:0 MaterializedBytes:324504 HeldBuffers:0 Completed:24 AcquireIntents:105 DatabaseBytes:33522191 HeapBytes:21267912 Goroutines:149 ScratchBytes:0 JournalBytes:976963 InputBytes:0 OutputBytes:0 RuntimeWatchdogs:0 ReservedCredit:0 PostedCredit:30000 Charges:24 PoolCounters:0 ExecutionPins:24 FinalizationPins:0 CachePins:0 CacheEntries:0 CacheCarryingRefs:0 CommittedObjects:96 Processes:[{PID:7691 Name:integration.test RSSBytes:102121472 OpenFDs:152} {PID:7709 Name:h3-encoder RSSBytes:21151744 OpenFDs:12} {PID:7710 Name:h3-dit RSSBytes:21315584 OpenFDs:12} {PID:7711 Name:h3-vae-decoder RSSBytes:21676032 OpenFDs:12} {PID:7712 Name:vela-lab-cpu-thumbnail-mock RSSBytes:22085632 OpenFDs:12}]}
    cpu_mock_production_loop_campaign_test.go:19: CPU_MOCK_LOAD_WAVE 4 {ObservedAt:2026-09-08 08:11:01.701841 +0000 UTC Queued:0 Running:0 ActiveAllocations:0 ActiveLeases:0 ReservedStorage:0 ReservedBytes:0 MaterializedBytes:432672 HeldBuffers:0 Completed:32 AcquireIntents:139 DatabaseBytes:34497039 HeapBytes:20345224 Goroutines:149 ScratchBytes:0 JournalBytes:1299265 InputBytes:0 OutputBytes:0 RuntimeWatchdogs:0 ReservedCredit:0 PostedCredit:40000 Charges:32 PoolCounters:0 ExecutionPins:24 FinalizationPins:0 CachePins:0 CacheEntries:0 CacheCarryingRefs:0 CommittedObjects:128 Processes:[{PID:7691 Name:integration.test RSSBytes:106233856 OpenFDs:152} {PID:7709 Name:h3-encoder RSSBytes:21348352 OpenFDs:12} {PID:7710 Name:h3-dit RSSBytes:21463040 OpenFDs:12} {PID:7711 Name:h3-vae-decoder RSSBytes:21757952 OpenFDs:12} {PID:7712 Name:vela-lab-cpu-thumbnail-mock RSSBytes:22216704 OpenFDs:12}]}
    cpu_mock_production_loop_campaign_test.go:19: CPU_MOCK_LOAD_RECEIPT {"schema_version":1,"evidence_class":"LOCAL_CPU_MOCK_RUNTIME_LOAD","production_gate":false,"started_at":"2026-09-08T08:10:22.699519Z","jobs":32,"waves":4,"concurrent_arrivals_per_wave":8,"persistent_workers":4,"project_running_limit":2,"initial_budget":{"planned_jobs":32,"fixed_price_per_job_minor":1250,"initial_credit_limit_minor":40000,"currency":"CNY"},"elapsed_seconds":39.108723,"jobs_per_second":0.8182317791353095,"mean_queue_seconds":3.91652065625,"max_queue_seconds":7.927613,"mean_latency_seconds":5.881789375,"sampled_peak":{"queued_jobs":8,"running_jobs":2,"active_allocations":2,"active_leases":2,"reserved_storage":8,"reserved_storage_bytes":17179869184,"materialized_stage_bytes":432672,"held_buffers":2,"visible_completions":32,"acquire_intents":139,"database_bytes":34497039,"test_process_heap_bytes":53332632,"test_process_goroutines":155,"runtime_scratch_bytes":26303,"local_journal_bytes":1522779,"runtime_input_bytes":13186,"runtime_output_bytes":13186,"runtime_watchdog_goroutines":3,"reserved_credit_minor":10000,"posted_credit_minor":40000,"charges":32,"pool_active_counters":18,"active_execution_pins":24,"active_finalization_pins":0,"active_cache_pins":0,"live_cache_entries":0,"active_cache_carrying_references":0,"committed_stage_artifacts":128},"before_arrivals":{"observed_at":"2026-09-08T08:10:22.572633Z","queued_jobs":0,"running_jobs":0,"active_allocations":0,"active_leases":0,"reserved_storage":0,"reserved_storage_bytes":0,"materialized_stage_bytes":0,"held_buffers":0,"visible_completions":0,"acquire_intents":0,"database_bytes":26638003,"test_process_heap_bytes":39249464,"test_process_goroutines":127,"runtime_scratch_bytes":0,"local_journal_bytes":6596,"runtime_input_bytes":0,"runtime_output_bytes":0,"runtime_watchdog_goroutines":0,"reserved_credit_minor":0,"posted_credit_minor":0,"charges":0,"pool_active_counters":0,"active_execution_pins":0,"active_finalization_pins":0,"active_cache_pins":0,"live_cache_entries":0,"active_cache_carrying_references":0,"committed_stage_artifacts":0,"processes":[{"pid":7691,"name":"integration.test","rss_bytes":90406912,"open_fds":131},{"pid":7709,"name":"h3-encoder","rss_bytes":16482304,"open_fds":12},{"pid":7710,"name":"h3-dit","rss_bytes":16465920,"open_fds":12},{"pid":7711,"name":"h3-vae-decoder","rss_bytes":16400384,"open_fds":12},{"pid":7712,"name":"vela-lab-cpu-thumbnail-mock","rss_bytes":16498688,"open_fds":12}]},"after_wave":[{"observed_at":"2026-09-08T08:10:33.35078Z","queued_jobs":0,"running_jobs":0,"active_allocations":0,"active_leases":0,"reserved_storage":0,"reserved_storage_bytes":0,"materialized_stage_bytes":108168,"held_buffers":0,"visible_completions":8,"acquire_intents":35,"database_bytes":30045875,"test_process_heap_bytes":24165184,"test_process_goroutines":149,"runtime_scratch_bytes":0,"local_journal_bytes":332556,"runtime_input_bytes":0,"runtime_output_bytes":0,"runtime_watchdog_goroutines":0,"reserved_credit_minor":0,"posted_credit_minor":10000,"charges":8,"pool_active_counters":0,"active_execution_pins":24,"active_finalization_pins":0,"active_cache_pins":0,"live_cache_entries":0,"active_cache_carrying_references":0,"committed_stage_artifacts":32,"processes":[{"pid":7691,"name":"integration.test","rss_bytes":99500032,"open_fds":152},{"pid":7709,"name":"h3-encoder","rss_bytes":19791872,"open_fds":12},{"pid":7710,"name":"h3-dit","rss_bytes":19546112,"open_fds":12},{"pid":7711,"name":"h3-vae-decoder","rss_bytes":19824640,"open_fds":12},{"pid":7712,"name":"vela-lab-cpu-thumbnail-mock","rss_bytes":19922944,"open_fds":12}]},{"observed_at":"2026-09-08T08:10:43.114509Z","queued_jobs":0,"running_jobs":0,"active_allocations":0,"active_leases":0,"reserved_storage":0,"reserved_storage_bytes":0,"materialized_stage_bytes":216336,"held_buffers":0,"visible_completions":16,"acquire_intents":70,"database_bytes":31602355,"test_process_heap_bytes":22217912,"test_process_goroutines":149,"runtime_scratch_bytes":0,"local_journal_bytes":654788,"runtime_input_bytes":0,"runtime_output_bytes":0,"runtime_watchdog_goroutines":0,"reserved_credit_minor":0,"posted_credit_minor":20000,"charges":16,"pool_active_counters":0,"active_execution_pins":24,"active_finalization_pins":0,"active_cache_pins":0,"live_cache_entries":0,"active_cache_carrying_references":0,"committed_stage_artifacts":64,"processes":[{"pid":7691,"name":"integration.test","rss_bytes":99926016,"open_fds":152},{"pid":7709,"name":"h3-encoder","rss_bytes":20152320,"open_fds":12},{"pid":7710,"name":"h3-dit","rss_bytes":20922368,"open_fds":12},{"pid":7711,"name":"h3-vae-decoder","rss_bytes":21413888,"open_fds":12},{"pid":7712,"name":"vela-lab-cpu-thumbnail-mock","rss_bytes":21790720,"open_fds":12}]},{"observed_at":"2026-09-08T08:10:52.235595Z","queued_jobs":0,"running_jobs":0,"active_allocations":0,"active_leases":0,"reserved_storage":0,"reserved_storage_bytes":0,"materialized_stage_bytes":324504,"held_buffers":0,"visible_completions":24,"acquire_intents":105,"database_bytes":33522191,"test_process_heap_bytes":21267912,"test_process_goroutines":149,"runtime_scratch_bytes":0,"local_journal_bytes":976963,"runtime_input_bytes":0,"runtime_output_bytes":0,"runtime_watchdog_goroutines":0,"reserved_credit_minor":0,"posted_credit_minor":30000,"charges":24,"pool_active_counters":0,"active_execution_pins":24,"active_finalization_pins":0,"active_cache_pins":0,"live_cache_entries":0,"active_cache_carrying_references":0,"committed_stage_artifacts":96,"processes":[{"pid":7691,"name":"integration.test","rss_bytes":102121472,"open_fds":152},{"pid":7709,"name":"h3-encoder","rss_bytes":21151744,"open_fds":12},{"pid":7710,"name":"h3-dit","rss_bytes":21315584,"open_fds":12},{"pid":7711,"name":"h3-vae-decoder","rss_bytes":21676032,"open_fds":12},{"pid":7712,"name":"vela-lab-cpu-thumbnail-mock","rss_bytes":22085632,"open_fds":12}]},{"observed_at":"2026-09-08T08:11:01.701841Z","queued_jobs":0,"running_jobs":0,"active_allocations":0,"active_leases":0,"reserved_storage":0,"reserved_storage_bytes":0,"materialized_stage_bytes":432672,"held_buffers":0,"visible_completions":32,"acquire_intents":139,"database_bytes":34497039,"test_process_heap_bytes":20345224,"test_process_goroutines":149,"runtime_scratch_bytes":0,"local_journal_bytes":1299265,"runtime_input_bytes":0,"runtime_output_bytes":0,"runtime_watchdog_goroutines":0,"reserved_credit_minor":0,"posted_credit_minor":40000,"charges":32,"pool_active_counters":0,"active_execution_pins":24,"active_finalization_pins":0,"active_cache_pins":0,"live_cache_entries":0,"active_cache_carrying_references":0,"committed_stage_artifacts":128,"processes":[{"pid":7691,"name":"integration.test","rss_bytes":106233856,"open_fds":152},{"pid":7709,"name":"h3-encoder","rss_bytes":21348352,"open_fds":12},{"pid":7710,"name":"h3-dit","rss_bytes":21463040,"open_fds":12},{"pid":7711,"name":"h3-vae-decoder","rss_bytes":21757952,"open_fds":12},{"pid":7712,"name":"vela-lab-cpu-thumbnail-mock","rss_bytes":22216704,"open_fds":12}]}],"after_maintenance":[{"observed_at":"2026-09-08T08:10:33.473256Z","queued_jobs":0,"running_jobs":0,"active_allocations":0,"active_leases":0,"reserved_storage":0,"reserved_storage_bytes":0,"materialized_stage_bytes":108168,"held_buffers":0,"visible_completions":8,"acquire_intents":35,"database_bytes":30045875,"test_process_heap_bytes":26382504,"test_process_goroutines":149,"runtime_scratch_bytes":0,"local_journal_bytes":332556,"runtime_input_bytes":0,"runtime_output_bytes":0,"runtime_watchdog_goroutines":0,"reserved_credit_minor":0,"posted_credit_minor":10000,"charges":8,"pool_active_counters":0,"active_execution_pins":0,"active_finalization_pins":0,"active_cache_pins":0,"live_cache_entries":0,"active_cache_carrying_references":0,"committed_stage_artifacts":32},{"observed_at":"2026-09-08T08:10:43.215769Z","queued_jobs":0,"running_jobs":0,"active_allocations":0,"active_leases":0,"reserved_storage":0,"reserved_storage_bytes":0,"materialized_stage_bytes":216336,"held_buffers":0,"visible_completions":16,"acquire_intents":70,"database_bytes":31635123,"test_process_heap_bytes":24436576,"test_process_goroutines":149,"runtime_scratch_bytes":0,"local_journal_bytes":654788,"runtime_input_bytes":0,"runtime_output_bytes":0,"runtime_watchdog_goroutines":0,"reserved_credit_minor":0,"posted_credit_minor":20000,"charges":16,"pool_active_counters":0,"active_execution_pins":0,"active_finalization_pins":0,"active_cache_pins":0,"live_cache_entries":0,"active_cache_carrying_references":0,"committed_stage_artifacts":64},{"observed_at":"2026-09-08T08:10:52.339314Z","queued_jobs":0,"running_jobs":0,"active_allocations":0,"active_leases":0,"reserved_storage":0,"reserved_storage_bytes":0,"materialized_stage_bytes":324504,"held_buffers":0,"visible_completions":24,"acquire_intents":105,"database_bytes":33530383,"test_process_heap_bytes":23514208,"test_process_goroutines":149,"runtime_scratch_bytes":0,"local_journal_bytes":976963,"runtime_input_bytes":0,"runtime_output_bytes":0,"runtime_watchdog_goroutines":0,"reserved_credit_minor":0,"posted_credit_minor":30000,"charges":24,"pool_active_counters":0,"active_execution_pins":0,"active_finalization_pins":0,"active_cache_pins":0,"live_cache_entries":0,"active_cache_carrying_references":0,"committed_stage_artifacts":96},{"observed_at":"2026-09-08T08:11:01.802425Z","queued_jobs":0,"running_jobs":0,"active_allocations":0,"active_leases":0,"reserved_storage":0,"reserved_storage_bytes":0,"materialized_stage_bytes":432672,"held_buffers":0,"visible_completions":32,"acquire_intents":139,"database_bytes":34497039,"test_process_heap_bytes":22617864,"test_process_goroutines":149,"runtime_scratch_bytes":0,"local_journal_bytes":1299265,"runtime_input_bytes":0,"runtime_output_bytes":0,"runtime_watchdog_goroutines":0,"reserved_credit_minor":0,"posted_credit_minor":40000,"charges":32,"pool_active_counters":0,"active_execution_pins":0,"active_finalization_pins":0,"active_cache_pins":0,"live_cache_entries":0,"active_cache_carrying_references":0,"committed_stage_artifacts":128}],"maintenance_results":[{"RequestContentExpired":0,"ContentDeletionRequestsCreated":0,"Claimed":0,"Completed":0,"Failed":0},{"RequestContentExpired":0,"ContentDeletionRequestsCreated":0,"Claimed":0,"Completed":0,"Failed":0},{"RequestContentExpired":0,"ContentDeletionRequestsCreated":0,"Claimed":0,"Completed":0,"Failed":0},{"RequestContentExpired":0,"ContentDeletionRequestsCreated":0,"Claimed":0,"Completed":0,"Failed":0}],"after_idle":{"observed_at":"2026-09-08T08:11:02.824677Z","queued_jobs":0,"running_jobs":0,"active_allocations":0,"active_leases":0,"reserved_storage":0,"reserved_storage_bytes":0,"materialized_stage_bytes":432672,"held_buffers":0,"visible_completions":32,"acquire_intents":139,"database_bytes":34497039,"test_process_heap_bytes":16455064,"test_process_goroutines":149,"runtime_scratch_bytes":0,"local_journal_bytes":1299265,"runtime_input_bytes":0,"runtime_output_bytes":0,"runtime_watchdog_goroutines":0,"reserved_credit_minor":0,"posted_credit_minor":40000,"charges":32,"pool_active_counters":0,"active_execution_pins":0,"active_finalization_pins":0,"active_cache_pins":0,"live_cache_entries":0,"active_cache_carrying_references":0,"committed_stage_artifacts":128,"processes":[{"pid":7691,"name":"integration.test","rss_bytes":106250240,"open_fds":152},{"pid":7709,"name":"h3-encoder","rss_bytes":21348352,"open_fds":12},{"pid":7710,"name":"h3-dit","rss_bytes":21463040,"open_fds":12},{"pid":7711,"name":"h3-vae-decoder","rss_bytes":21757952,"open_fds":12},{"pid":7712,"name":"vela-lab-cpu-thumbnail-mock","rss_bytes":22216704,"open_fds":12}]},"acquire_transaction_retries":0,"acquire_deadlock_retries":0,"acquire_serialization_retries":0,"capacity_reports_by_worker":{"dit":4,"encoder":4,"thumbnail":4,"vae":4},"source_tree_sha256":"fefd0031f9e8936ee12f3d8c195e4c2fe3c4dbf49cffbb74d14a3416574b9368","runtime_binary_sha256":{"vela-h3-stage-mock":"2f572c2df6cf7619cb81322569acae2477dc5b8ab6a63ed646976a2a8d167ecd","vela-lab-cpu-thumbnail-mock":"763aace4542d4a443ae326ad0ab201a39832dafaf42ff6fef48a09c3282f4cce"},"go_version":"go1.26.7","ffprobe_version":"ffprobe version 8.0.1 Copyright (c) 2007-2025 the FFmpeg developers","limitations":["bounded native CPU mock Job campaign; no GPU certification or Production Gate evidence","production Run, readiness, capacity, heartbeat, mTLS transport and durable stream execute in the test host process","Fleet membership and static native mock canary approval use fixture catalog setup; Node custody, protected mounts and production startup issuer remain separate","application acknowledgement loss occurs after the real mTLS client received ACCEPTED; resident processes and StreamAgent remain live during automatic retry","retained journal metadata is measured separately from payload scratch; history reclamation and sustained arrivals remain open","Runtime gRPC is loopback and artifact store is local exact-version storage; remote storage and process isolation are separate","race detector covers Go test-host components, not native model subprocesses; sampled resources omit Docker VM peaks"],"durable_stream":true,"replayed_materialization_commits":4,"durable_records_by_worker":{"dit":32,"encoder":32,"thumbnail":32,"vae":32},"production_loop":true,"production_workers":{"dit":{"accepted_registrations":9,"accepted_capacity_reports":4,"accepted_heartbeats":32,"confirmed_stale_acquires":0,"control_session_epoch":3,"capacity_observation_sequence":4294967299},"encoder":{"accepted_registrations":9,"accepted_capacity_reports":4,"accepted_heartbeats":32,"confirmed_stale_acquires":11,"control_session_epoch":3,"capacity_observation_sequence":4294967299},"thumbnail":{"accepted_registrations":9,"accepted_capacity_reports":4,"accepted_heartbeats":32,"confirmed_stale_acquires":0,"control_session_epoch":3,"capacity_observation_sequence":4294967299},"vae":{"accepted_registrations":9,"accepted_capacity_reports":4,"accepted_heartbeats":32,"confirmed_stale_acquires":0,"control_session_epoch":3,"capacity_observation_sequence":4294967299}},"authority_max_clock_skew_ns":30000000000,"worker_authority_verifier_offset_ns":0,"future_issued_assignments_by_worker":{"dit":0,"encoder":0,"thumbnail":0,"vae":0}}
2026/09/08 16:11:02 🐳 Stopping container: 73fca44400bd
2026/09/08 16:11:03 ✅ Container stopped: 73fca44400bd
2026/09/08 16:11:03 🐳 Terminating container: 73fca44400bd
2026/09/08 16:11:03 🚫 Container terminated: 73fca44400bd
--- PASS: TestCPUMockProductionLoopJobCampaign (47.57s)
PASS
ok  	github.com/vivym/vela/internal/integration	48.737s
