=== RUN   TestCPUMockDurableStreamExactCacheCampaign
2026/09/08 22:10:48 github.com/testcontainers/testcontainers-go - Connected to docker: 
  Server Version: 28.3.2
  API Version: 1.51
  Operating System: Docker Desktop
  Total Memory: 32044 MB
  Labels:
    com.docker.desktop.address=unix:///Users/viv/Library/Containers/com.docker.docker/Data/docker-cli.sock
  Testcontainers for Go Version: v0.44.0
  Resolved Docker Host: unix:///var/run/docker.sock
  Resolved Docker Socket Path: /var/run/docker.sock
  Test SessionID: ed7935cae9a896c628036608b37bcab5e300a0e7bc9a0e6b0181cc81e5c994ee
  Test ProcessID: b2a3ee13-8e84-4bbb-ba83-e59e7ff2c4a0
2026/09/08 22:10:48 🐳 Creating container for image postgres:17-alpine
2026/09/08 22:10:49 🐳 Creating container for image testcontainers/ryuk:0.14.0
2026/09/08 22:10:49 ✅ Container created: 72d974ab8826
2026/09/08 22:10:49 🐳 Starting container: 72d974ab8826
2026/09/08 22:10:50 ✅ Container started: 72d974ab8826
2026/09/08 22:10:50 ⏳ Waiting for container id 72d974ab8826 image: testcontainers/ryuk:0.14.0. Waiting for: all of: [log message "Started", port 8080/tcp to be listening]
2026/09/08 22:10:50 Shell not found in container
2026/09/08 22:10:50 🔔 Container is ready: 72d974ab8826
2026/09/08 22:10:50 ✅ Container created: 237cb6793ae9
2026/09/08 22:10:50 🐳 Starting container: 237cb6793ae9
2026/09/08 22:10:51 ✅ Container started: 237cb6793ae9
2026/09/08 22:10:51 ⏳ Waiting for container id 237cb6793ae9 image: postgres:17-alpine. Waiting for: all of: [all of: [log message "database system is ready to accept connections" (occurrence: 2), port 5432/tcp to be mapped]]
2026/09/08 22:10:52 🔔 Container is ready: 237cb6793ae9
2026/09/08 22:10:53 OK   00001_foundation.sql (162.85ms)
2026/09/08 22:10:53 OK   00002_worker_assignment.sql (41.42ms)
2026/09/08 22:10:53 OK   00003_worker_start.sql (10.17ms)
2026/09/08 22:10:53 OK   00004_worker_heartbeat.sql (58.97ms)
2026/09/08 22:10:53 OK   00005_execution_failure.sql (49.66ms)
2026/09/08 22:10:53 OK   00006_customer_cancellation.sql (88.79ms)
2026/09/08 22:10:53 OK   00007_artifact_finalization.sql (162.09ms)
2026/09/08 22:10:53 OK   00008_hierarchical_scheduler.sql (214.21ms)
2026/09/08 22:10:53 OK   00009_invoice_export.sql (57.1ms)
2026/09/08 22:10:53 OK   00010_profile_certification_circuit.sql (66.88ms)
2026/09/08 22:10:53 OK   00011_project_webhooks.sql (135.21ms)
2026/09/08 22:10:54 OK   00012_human_oidc_fixed_rbac.sql (126.7ms)
2026/09/08 22:10:54 OK   00013_service_principal_administration.sql (57.73ms)
2026/09/08 22:10:54 OK   00014_human_membership_administration.sql (106.57ms)
2026/09/08 22:10:54 OK   00015_organization_reporting.sql (60.8ms)
2026/09/08 22:10:54 OK   00016_project_retention_content_deletion.sql (312ms)
2026/09/08 22:10:54 OK   00017_platform_operator_break_glass.sql (169.63ms)
2026/09/08 22:10:54 OK   00018_finance_reconciliation.sql (52.99ms)
2026/09/08 22:10:54 OK   00019_certified_remediation.sql (63.95ms)
2026/09/08 22:10:54 OK   00020_remediation_execution_claim.sql (22.57ms)
2026/09/08 22:10:54 OK   00021_remediation_execution_dispatch.sql (12.62ms)
2026/09/08 22:10:54 OK   00022_remediation_execution_claim_replay.sql (7.03ms)
2026/09/08 22:10:55 OK   00023_fleet_controller_worker_readiness.sql (172.04ms)
2026/09/08 22:10:55 OK   00024_staging_artifact_expiry.sql (9.26ms)
2026/09/08 22:10:55 OK   00025_scheduler_inbox_receipt.sql (6.81ms)
2026/09/08 22:10:55 OK   00026_synchronous_quorum_guard.sql (3.83ms)
2026/09/08 22:10:55 OK   00027_authorized_debug_dump_lifecycle.sql (136.5ms)
2026/09/08 22:10:55 OK   00028_off_cluster_backup_retention.sql (32.3ms)
2026/09/08 22:10:55 OK   00029_artifact_backup_replication.sql (29.58ms)
2026/09/08 22:10:55 OK   00030_non_content_legal_hold.sql (65.41ms)
2026/09/08 22:10:55 OK   00031_non_content_record_expiry.sql (196.83ms)
2026/09/08 22:10:55 OK   00032_catalog_promotion_production_gates.sql (85.31ms)
2026/09/08 22:10:55 OK   00033_statistical_slo_measurement.sql (71.26ms)
2026/09/08 22:10:55 OK   00034_stage_execution_catalog.sql (151.19ms)
2026/09/08 22:10:56 OK   00035_worker_instance_residency.sql (148.99ms)
2026/09/08 22:10:56 OK   00036_stage_attempt_authority.sql (238.48ms)
2026/09/08 22:10:56 OK   00037_stage_scheduler.sql (183.38ms)
2026/09/08 22:10:56 OK   00038_stage_artifact.sql (148.81ms)
2026/09/08 22:10:56 OK   00039_stage_worker_control_authority.sql (13.32ms)
2026/09/08 22:10:56 OK   00040_stage_worker_execution.sql (56.6ms)
2026/09/08 22:10:56 OK   00041_stage_worker_operations.sql (32.55ms)
2026/09/08 22:10:56 OK   00042_stage_worker_assignment.sql (38.49ms)
2026/09/08 22:10:56 OK   00043_stage_graph_finalization.sql (15.61ms)
2026/09/08 22:10:56 OK   00044_stage_cache.sql (87.41ms)
2026/09/08 22:10:56 OK   00045_stage_graph_finalization_outputs.sql (17.5ms)
2026/09/08 22:10:56 OK   00046_stage_graph_visible_completion.sql (22.88ms)
2026/09/08 22:10:57 OK   00047_usage_cost_ledger.sql (86.32ms)
2026/09/08 22:10:57 OK   00048_stage_run_output_binding.sql (101.21ms)
2026/09/08 22:10:57 OK   00049_stage_cutover_control.sql (162.96ms)
2026/09/08 22:10:57 OK   00050_stage_graph_instantiation_dispatch.sql (43.2ms)
2026/09/08 22:10:57 OK   00051_atomic_stage_graph_admission.sql (21.25ms)
2026/09/08 22:10:57 OK   00052_stage_cutover_zero_backlog_seal.sql (48.94ms)
2026/09/08 22:10:57 OK   00053_legacy_h3_guarded_contraction.sql (43.65ms)
2026/09/08 22:10:57 OK   00054_stage_transfer_consume_destination.sql (16.21ms)
2026/09/08 22:10:57 OK   00055_h3_campaign_evidence_reader.sql (10.83ms)
2026/09/08 22:10:57 OK   00056_stage_observability_reader.sql (2.73ms)
2026/09/08 22:10:57 OK   00057_legacy_h3_release_contraction_gate.sql (27.1ms)
2026/09/08 22:10:57 OK   00058_legacy_h3_schema_contraction.sql (359.54ms)
2026/09/08 22:10:57 OK   00059_model_runtime_epoch_registration.sql (32.71ms)
2026/09/08 22:10:57 OK   00060_model_runtime_gang_barrier.sql (29.43ms)
2026/09/08 22:10:57 OK   00061_stage_worker_gang_authority.sql (10.33ms)
2026/09/08 22:10:57 OK   00062_stage_authority_member_identity.sql (4.71ms)
2026/09/08 22:10:57 OK   00063_h3_execution_snapshot.sql (5.24ms)
2026/09/08 22:10:58 OK   00064_model_runtime_capacity_routes.sql (20.67ms)
2026/09/08 22:10:58 OK   00065_h3_exact_cache_reconciliation.sql (19.41ms)
2026/09/08 22:10:58 OK   00066_stage_worker_control_session_capacity.sql (44.23ms)
2026/09/08 22:10:58 OK   00067_stage_scheduler_project_capacity.sql (4.63ms)
2026/09/08 22:10:58 OK   00068_stage_assignment_connector_states.sql (3.57ms)
2026/09/08 22:10:58 OK   00069_stage_transfer_server_clock.sql (9.68ms)
2026/09/08 22:10:58 OK   00070_stage_lease_expiry_recovery.sql (22.48ms)
2026/09/08 22:10:58 OK   00071_stage_artifact_lifecycle.sql (34.86ms)
2026/09/08 22:10:58 OK   00072_recovery_quiescence.sql (24.97ms)
2026/09/08 22:10:58 OK   00073_stage_cache_downstream_bindings.sql (13.45ms)
2026/09/08 22:10:58 OK   00074_job_owned_public_artifact_copies.sql (8.1ms)
2026/09/08 22:10:58 OK   00075_stage_graph_failure_terminalization.sql (43.98ms)
2026/09/08 22:10:58 OK   00076_allocation_usage_unit.sql (1.94ms)
2026/09/08 22:10:58 OK   00077_runtime_usage_receipts.sql (8.33ms)
2026/09/08 22:10:58 OK   00078_idle_stage_worker_probe.sql (10.96ms)
2026/09/08 22:10:58 OK   00079_stage_job_expiry.sql (13.66ms)
2026/09/08 22:10:58 OK   00080_stage_scheduler_snapshot_lock_order.sql (7.56ms)
2026/09/08 22:10:58 OK   00081_stage_assignment_quorum.sql (3.67ms)
2026/09/08 22:10:58 OK   00082_stage_success_storage_completion.sql (7.18ms)
2026/09/08 22:10:58 OK   00083_capacity_observation_lifecycle.sql (9.78ms)
2026/09/08 22:10:58 OK   00084_blocked_stage_worker_probe.sql (8.96ms)
2026/09/08 22:10:58 OK   00085_stage_materialization_terminal_replay.sql (5.79ms)
2026/09/08 22:10:58 OK   00086_stage_failure_terminal_replay.sql (12.58ms)
2026/09/08 22:10:58 OK   00087_stage_claim_finalization_lock_order.sql (5.74ms)
2026/09/08 22:10:58 OK   00088_stage_allocation_execution_sequence.sql (9.36ms)
2026/09/08 22:10:58 OK   00089_stage_terminal_history.sql (17.67ms)
2026/09/08 22:10:58 OK   00090_stage_assignment_content_lifecycle.sql (39.97ms)
2026/09/08 22:10:58 OK   00091_worker_journal_bootstrap.sql (41.89ms)
2026/09/08 22:10:58 OK   00092_worker_bootstrap_history.sql (4.88ms)
2026/09/08 22:10:58 OK   00093_worker_bootstrap_nonzero_scopes.sql (2.9ms)
2026/09/08 22:10:58 OK   00094_worker_bootstrap_abandonment.sql (26.14ms)
2026/09/08 22:10:58 goose: successfully migrated database to version: 94
    cpu_mock_durable_stream_campaign_test.go:35: CPU_MOCK_CAMPAIGN_START {"durable_stream":true,"exact_cache":true,"go_version":"go1.26.7","initial_budget":{"planned_jobs":2,"fixed_price_per_job_minor":1250,"initial_credit_limit_minor":2500,"currency":"CNY"},"runtime_binary_sha256":{"vela-h3-stage-mock":"2f572c2df6cf7619cb81322569acae2477dc5b8ab6a63ed646976a2a8d167ecd","vela-lab-cpu-thumbnail-mock":"763aace4542d4a443ae326ad0ab201a39832dafaf42ff6fef48a09c3282f4cce"},"source_tree_sha256":"5f2854faca99f083d1a4576559bb4c19eb4b217a46738533136869baa080c237"}
    cpu_mock_durable_stream_campaign_test.go:35: CPU_MOCK_EXACT_CACHE_RECEIPT {"admission":{"AdmissionCandidates":2,"Admitted":2,"HitCandidates":0,"Hits":0,"Skipped":0},"after_maintenance":{"observed_at":"2026-09-08T14:11:10.312777Z","queued_jobs":0,"running_jobs":0,"active_allocations":0,"active_leases":0,"reserved_storage":0,"reserved_storage_bytes":0,"materialized_stage_bytes":26638,"held_buffers":0,"visible_completions":2,"acquire_intents":6,"database_bytes":29030067,"test_process_heap_bytes":14578008,"test_process_goroutines":142,"runtime_scratch_bytes":0,"local_journal_bytes":70438,"runtime_input_bytes":0,"runtime_output_bytes":0,"runtime_watchdog_goroutines":0,"reserved_credit_minor":0,"posted_credit_minor":2500,"charges":2,"pool_active_counters":0,"active_execution_pins":0,"active_finalization_pins":0,"active_cache_pins":0,"live_cache_entries":2,"active_cache_carrying_references":2,"committed_stage_artifacts":6},"after_source":{"observed_at":"2026-09-08T14:11:08.072715Z","queued_jobs":0,"running_jobs":0,"active_allocations":0,"active_leases":0,"reserved_storage":0,"reserved_storage_bytes":0,"materialized_stage_bytes":13521,"held_buffers":0,"visible_completions":1,"acquire_intents":4,"database_bytes":28686003,"test_process_heap_bytes":20330992,"test_process_goroutines":142,"runtime_scratch_bytes":0,"local_journal_bytes":49734,"runtime_input_bytes":0,"runtime_output_bytes":0,"runtime_watchdog_goroutines":0,"reserved_credit_minor":0,"posted_credit_minor":1250,"charges":1,"pool_active_counters":0,"active_execution_pins":3,"active_finalization_pins":0,"active_cache_pins":0,"live_cache_entries":0,"active_cache_carrying_references":0,"committed_stage_artifacts":4,"processes":[{"pid":58019,"name":"integration.test","rss_bytes":226230272,"open_fds":131},{"pid":58161,"name":"h3-encoder","rss_bytes":17760256,"open_fds":12},{"pid":58170,"name":"h3-dit","rss_bytes":18120704,"open_fds":12},{"pid":58173,"name":"h3-vae-decoder","rss_bytes":17924096,"open_fds":12},{"pid":58176,"name":"vela-lab-cpu-thumbnail-mock","rss_bytes":19021824,"open_fds":12}]},"after_target":{"observed_at":"2026-09-08T14:11:10.134446Z","queued_jobs":0,"running_jobs":0,"active_allocations":0,"active_leases":0,"reserved_storage":0,"reserved_storage_bytes":0,"materialized_stage_bytes":26638,"held_buffers":1,"visible_completions":2,"acquire_intents":6,"database_bytes":29030067,"test_process_heap_bytes":12094368,"test_process_goroutines":142,"runtime_scratch_bytes":0,"local_journal_bytes":70438,"runtime_input_bytes":0,"runtime_output_bytes":0,"runtime_watchdog_goroutines":0,"reserved_credit_minor":0,"posted_credit_minor":2500,"charges":2,"pool_active_counters":0,"active_execution_pins":8,"active_finalization_pins":0,"active_cache_pins":0,"live_cache_entries":2,"active_cache_carrying_references":2,"committed_stage_artifacts":6,"processes":[{"pid":58019,"name":"integration.test","rss_bytes":229720064,"open_fds":131},{"pid":58161,"name":"h3-encoder","rss_bytes":17760256,"open_fds":12},{"pid":58170,"name":"h3-dit","rss_bytes":18120704,"open_fds":12},{"pid":58173,"name":"h3-vae-decoder","rss_bytes":19873792,"open_fds":12},{"pid":58176,"name":"vela-lab-cpu-thumbnail-mock","rss_bytes":20676608,"open_fds":12}]},"before":{"observed_at":"2026-09-08T14:11:03.507067Z","queued_jobs":0,"running_jobs":0,"active_allocations":0,"active_leases":0,"reserved_storage":0,"reserved_storage_bytes":0,"materialized_stage_bytes":0,"held_buffers":0,"visible_completions":0,"acquire_intents":0,"database_bytes":26670771,"test_process_heap_bytes":13970592,"test_process_goroutines":102,"runtime_scratch_bytes":0,"local_journal_bytes":4954,"runtime_input_bytes":0,"runtime_output_bytes":0,"runtime_watchdog_goroutines":0,"reserved_credit_minor":0,"posted_credit_minor":0,"charges":0,"pool_active_counters":0,"active_execution_pins":0,"active_finalization_pins":0,"active_cache_pins":0,"live_cache_entries":0,"active_cache_carrying_references":0,"committed_stage_artifacts":0,"processes":[{"pid":58019,"name":"integration.test","rss_bytes":196444160,"open_fds":120},{"pid":58161,"name":"h3-encoder","rss_bytes":16793600,"open_fds":12},{"pid":58170,"name":"h3-dit","rss_bytes":17022976,"open_fds":12},{"pid":58173,"name":"h3-vae-decoder","rss_bytes":16875520,"open_fds":12},{"pid":58176,"name":"vela-lab-cpu-thumbnail-mock","rss_bytes":17924096,"open_fds":12}]},"capacity_reports_by_worker":{"dit":1,"encoder":1,"thumbnail":1,"vae":1},"consumed_transfers":5,"direct_allocation_receipts":6,"durable_records_by_worker":{"dit":1,"encoder":1,"thumbnail":2,"vae":2},"durable_stream":true,"elapsed_seconds":7.047967,"evidence_class":"LOCAL_CPU_MOCK_EXACT_CACHE","exact_bindings_and_pins":[{"stage":"dit","source_artifact_id":"dbdb201d-d75f-5af5-9a23-65879f87f6d5","object_version":"local-v00000000000000000002","pin_id":"0987ff94-0de9-5ba3-9f63-c62576640544"},{"stage":"encoder","source_artifact_id":"360b5a87-91d1-5307-93b9-08a73abe0087","object_version":"local-v00000000000000000001","pin_id":"2af8c24c-4812-51aa-868f-cc7cdf4dc94e"}],"ffprobe_version":"ffprobe version 8.0.1 Copyright (c) 2007-2025 the FFmpeg developers","go_version":"go1.26.7","hits":[{"AdmissionCandidates":0,"Admitted":0,"HitCandidates":2,"Hits":1,"Skipped":0},{"AdmissionCandidates":0,"Admitted":0,"HitCandidates":2,"Hits":1,"Skipped":0}],"initial_budget":{"planned_jobs":2,"fixed_price_per_job_minor":1250,"initial_credit_limit_minor":2500,"currency":"CNY"},"limitations":["bounded CPU mock Jobs, not sustained open-loop throughput or GPU certification","real mTLS Control stream and durable StreamAgent; Runtime gRPC and model processes are local CPU fixtures","Worker readiness/Registry setup uses fixture services; production Fleet activation, Node custody/startup and ProductionAgent orchestration are separate","lost committed responses reconstruct StreamAgent/file journal and replace mTLS transport in the same fixture session; processes remain live; production session reattachment is separate","bounded harness retries confirmed STALE Acquire results with new command IDs; production discovery orchestration is not exercised","input/output payload retirement is measured separately from retained journal metadata; history reclamation is not implemented","local exact-version object store, not remote S3; physical isolation and power-cut durability are separate","host race instrumentation does not instrument native mock subprocesses; sampled resources are not full VM peaks","BITWISE policy is a fixture declaration; native payloads, exact versions, ADMIT/HIT and billing are measured","Reconciler drives ADMIT/HIT before target Acquire; cache/scheduler races and organization isolation are separate tests"],"maintenance_result":{"RequestContentExpired":0,"ContentDeletionRequestsCreated":0,"Claimed":0,"Completed":0,"Failed":0},"production_gate":false,"replayed_commits":4,"runtime_binary_sha256":{"vela-h3-stage-mock":"2f572c2df6cf7619cb81322569acae2477dc5b8ab6a63ed646976a2a8d167ecd","vela-lab-cpu-thumbnail-mock":"763aace4542d4a443ae326ad0ab201a39832dafaf42ff6fef48a09c3282f4cce"},"schema_version":1,"source_job_id":"de8e552a-c4e6-49ed-9d89-b5e5c225caaf","source_physical_stages":4,"source_tree_sha256":"5f2854faca99f083d1a4576559bb4c19eb4b217a46738533136869baa080c237","started_at":"2026-09-08T14:11:03.507063Z","target_job_id":"6289cecf-32b6-424d-bf8d-0f16cb0f18c4","target_physical_stages":2,"verified_public_copies":[{"job_id":"6289cecf-32b6-424d-bf8d-0f16cb0f18c4","kind":"VIDEO","object_key":"artifacts/00000000-0000-0000-0000-000000000001/00000000-0000-0000-0000-000000000002/6289cecf-32b6-424d-bf8d-0f16cb0f18c4/7492be1d-35dd-5a92-a0bb-8554e91b2504","object_version":"local-v00000000000000000010","sha256":"0c91cb7c0225493a7e7b0855484fd7a82baf277b9812d7954e2b8d0bb3f1ee01","size_bytes":12953},{"job_id":"de8e552a-c4e6-49ed-9d89-b5e5c225caaf","kind":"VIDEO","object_key":"artifacts/00000000-0000-0000-0000-000000000001/00000000-0000-0000-0000-000000000002/de8e552a-c4e6-49ed-9d89-b5e5c225caaf/b19b825a-ce9c-5982-b050-a5140d5dc714","object_version":"local-v00000000000000000006","sha256":"0c91cb7c0225493a7e7b0855484fd7a82baf277b9812d7954e2b8d0bb3f1ee01","size_bytes":12953},{"job_id":"6289cecf-32b6-424d-bf8d-0f16cb0f18c4","kind":"THUMBNAIL","object_key":"artifacts/00000000-0000-0000-0000-000000000001/00000000-0000-0000-0000-000000000002/6289cecf-32b6-424d-bf8d-0f16cb0f18c4/c5e8c4e3-fad7-55f3-b173-9626a957710b","object_version":"local-v00000000000000000009","sha256":"4a5bebd434087d98bcc98e7c7f52a81e842b740800acd5e212de905b12282a58","size_bytes":164},{"job_id":"de8e552a-c4e6-49ed-9d89-b5e5c225caaf","kind":"THUMBNAIL","object_key":"artifacts/00000000-0000-0000-0000-000000000001/00000000-0000-0000-0000-000000000002/de8e552a-c4e6-49ed-9d89-b5e5c225caaf/33dacf6f-032d-5bec-8304-616a819aa0b8","object_version":"local-v00000000000000000005","sha256":"4a5bebd434087d98bcc98e7c7f52a81e842b740800acd5e212de905b12282a58","size_bytes":164}]}
2026/09/08 22:11:10 🐳 Stopping container: 237cb6793ae9
2026/09/08 22:11:11 ✅ Container stopped: 237cb6793ae9
2026/09/08 22:11:11 🐳 Terminating container: 237cb6793ae9
2026/09/08 22:11:11 🚫 Container terminated: 237cb6793ae9
--- PASS: TestCPUMockDurableStreamExactCacheCampaign (24.64s)
=== RUN   TestCPUMockExactCacheSourceTargetCampaign
2026/09/08 22:11:13 🐳 Creating container for image postgres:17-alpine
2026/09/08 22:11:14 ✅ Container created: 9e881249503e
2026/09/08 22:11:14 🐳 Starting container: 9e881249503e
2026/09/08 22:11:15 ✅ Container started: 9e881249503e
2026/09/08 22:11:15 ⏳ Waiting for container id 9e881249503e image: postgres:17-alpine. Waiting for: all of: [all of: [log message "database system is ready to accept connections" (occurrence: 2), port 5432/tcp to be mapped]]
2026/09/08 22:11:18 🔔 Container is ready: 9e881249503e
2026/09/08 22:11:18 OK   00001_foundation.sql (347.2ms)
2026/09/08 22:11:18 OK   00002_worker_assignment.sql (70.08ms)
2026/09/08 22:11:18 OK   00003_worker_start.sql (48.12ms)
2026/09/08 22:11:19 OK   00004_worker_heartbeat.sql (84.66ms)
2026/09/08 22:11:19 OK   00005_execution_failure.sql (67.66ms)
2026/09/08 22:11:19 OK   00006_customer_cancellation.sql (111.08ms)
2026/09/08 22:11:19 OK   00007_artifact_finalization.sql (686.76ms)
2026/09/08 22:11:20 OK   00008_hierarchical_scheduler.sql (341.72ms)
2026/09/08 22:11:20 OK   00009_invoice_export.sql (58.27ms)
2026/09/08 22:11:20 OK   00010_profile_certification_circuit.sql (99.26ms)
2026/09/08 22:11:20 OK   00011_project_webhooks.sql (171.04ms)
2026/09/08 22:11:20 OK   00012_human_oidc_fixed_rbac.sql (118.25ms)
2026/09/08 22:11:20 OK   00013_service_principal_administration.sql (60.54ms)
2026/09/08 22:11:20 OK   00014_human_membership_administration.sql (106.13ms)
2026/09/08 22:11:20 OK   00015_organization_reporting.sql (71.02ms)
2026/09/08 22:11:21 OK   00016_project_retention_content_deletion.sql (197.05ms)
2026/09/08 22:11:21 OK   00017_platform_operator_break_glass.sql (152.53ms)
2026/09/08 22:11:21 OK   00018_finance_reconciliation.sql (72.14ms)
2026/09/08 22:11:21 OK   00019_certified_remediation.sql (162.47ms)
2026/09/08 22:11:21 OK   00020_remediation_execution_claim.sql (25.99ms)
2026/09/08 22:11:21 OK   00021_remediation_execution_dispatch.sql (9.61ms)
2026/09/08 22:11:21 OK   00022_remediation_execution_claim_replay.sql (12.43ms)
2026/09/08 22:11:21 OK   00023_fleet_controller_worker_readiness.sql (332.01ms)
2026/09/08 22:11:22 OK   00024_staging_artifact_expiry.sql (22.76ms)
2026/09/08 22:11:22 OK   00025_scheduler_inbox_receipt.sql (10.14ms)
2026/09/08 22:11:22 OK   00026_synchronous_quorum_guard.sql (10.9ms)
2026/09/08 22:11:22 OK   00027_authorized_debug_dump_lifecycle.sql (281.76ms)
2026/09/08 22:11:22 OK   00028_off_cluster_backup_retention.sql (98.42ms)
2026/09/08 22:11:22 OK   00029_artifact_backup_replication.sql (47.06ms)
2026/09/08 22:11:22 OK   00030_non_content_legal_hold.sql (94.28ms)
2026/09/08 22:11:23 OK   00031_non_content_record_expiry.sql (550.91ms)
2026/09/08 22:11:23 OK   00032_catalog_promotion_production_gates.sql (131.43ms)
2026/09/08 22:11:23 OK   00033_statistical_slo_measurement.sql (139.83ms)
2026/09/08 22:11:24 OK   00034_stage_execution_catalog.sql (852.18ms)
2026/09/08 22:11:24 OK   00035_worker_instance_residency.sql (422.64ms)
2026/09/08 22:11:25 OK   00036_stage_attempt_authority.sql (441.23ms)
2026/09/08 22:11:25 OK   00037_stage_scheduler.sql (169.71ms)
2026/09/08 22:11:25 OK   00038_stage_artifact.sql (207.96ms)
2026/09/08 22:11:25 OK   00039_stage_worker_control_authority.sql (53.64ms)
2026/09/08 22:11:25 OK   00040_stage_worker_execution.sql (144.34ms)
2026/09/08 22:11:26 OK   00041_stage_worker_operations.sql (632.12ms)
2026/09/08 22:11:26 OK   00042_stage_worker_assignment.sql (305.91ms)
2026/09/08 22:11:26 OK   00043_stage_graph_finalization.sql (29.52ms)
2026/09/08 22:11:26 OK   00044_stage_cache.sql (198.2ms)
2026/09/08 22:11:26 OK   00045_stage_graph_finalization_outputs.sql (21.85ms)
2026/09/08 22:11:26 OK   00046_stage_graph_visible_completion.sql (24.46ms)
2026/09/08 22:11:27 OK   00047_usage_cost_ledger.sql (56.83ms)
2026/09/08 22:11:27 OK   00048_stage_run_output_binding.sql (51.75ms)
2026/09/08 22:11:27 OK   00049_stage_cutover_control.sql (237.91ms)
2026/09/08 22:11:27 OK   00050_stage_graph_instantiation_dispatch.sql (95.16ms)
2026/09/08 22:11:27 OK   00051_atomic_stage_graph_admission.sql (42.57ms)
2026/09/08 22:11:27 OK   00052_stage_cutover_zero_backlog_seal.sql (70.53ms)
2026/09/08 22:11:27 OK   00053_legacy_h3_guarded_contraction.sql (48.57ms)
2026/09/08 22:11:27 OK   00054_stage_transfer_consume_destination.sql (16.64ms)
2026/09/08 22:11:27 OK   00055_h3_campaign_evidence_reader.sql (14.8ms)
2026/09/08 22:11:27 OK   00056_stage_observability_reader.sql (4.77ms)
2026/09/08 22:11:27 OK   00057_legacy_h3_release_contraction_gate.sql (32.41ms)
2026/09/08 22:11:28 OK   00058_legacy_h3_schema_contraction.sql (686.97ms)
2026/09/08 22:11:28 OK   00059_model_runtime_epoch_registration.sql (87.25ms)
2026/09/08 22:11:28 OK   00060_model_runtime_gang_barrier.sql (131.52ms)
2026/09/08 22:11:28 OK   00061_stage_worker_gang_authority.sql (36.52ms)
2026/09/08 22:11:28 OK   00062_stage_authority_member_identity.sql (8.87ms)
2026/09/08 22:11:28 OK   00063_h3_execution_snapshot.sql (8.91ms)
2026/09/08 22:11:28 OK   00064_model_runtime_capacity_routes.sql (66.75ms)
2026/09/08 22:11:28 OK   00065_h3_exact_cache_reconciliation.sql (73.63ms)
2026/09/08 22:11:28 OK   00066_stage_worker_control_session_capacity.sql (210.32ms)
2026/09/08 22:11:29 OK   00067_stage_scheduler_project_capacity.sql (8.15ms)
2026/09/08 22:11:29 OK   00068_stage_assignment_connector_states.sql (6.64ms)
2026/09/08 22:11:29 OK   00069_stage_transfer_server_clock.sql (15.36ms)
2026/09/08 22:11:29 OK   00070_stage_lease_expiry_recovery.sql (38.61ms)
2026/09/08 22:11:29 OK   00071_stage_artifact_lifecycle.sql (249.55ms)
2026/09/08 22:11:29 OK   00072_recovery_quiescence.sql (50.01ms)
2026/09/08 22:11:29 OK   00073_stage_cache_downstream_bindings.sql (26.85ms)
2026/09/08 22:11:29 OK   00074_job_owned_public_artifact_copies.sql (22.67ms)
2026/09/08 22:11:29 OK   00075_stage_graph_failure_terminalization.sql (89.23ms)
2026/09/08 22:11:29 OK   00076_allocation_usage_unit.sql (4.29ms)
2026/09/08 22:11:29 OK   00077_runtime_usage_receipts.sql (12.11ms)
2026/09/08 22:11:29 OK   00078_idle_stage_worker_probe.sql (15.77ms)
2026/09/08 22:11:29 OK   00079_stage_job_expiry.sql (42.73ms)
2026/09/08 22:11:29 OK   00080_stage_scheduler_snapshot_lock_order.sql (9.84ms)
2026/09/08 22:11:29 OK   00081_stage_assignment_quorum.sql (6.29ms)
2026/09/08 22:11:29 OK   00082_stage_success_storage_completion.sql (8.67ms)
2026/09/08 22:11:29 OK   00083_capacity_observation_lifecycle.sql (12.57ms)
2026/09/08 22:11:29 OK   00084_blocked_stage_worker_probe.sql (12.96ms)
2026/09/08 22:11:29 OK   00085_stage_materialization_terminal_replay.sql (12.47ms)
2026/09/08 22:11:29 OK   00086_stage_failure_terminal_replay.sql (18.18ms)
2026/09/08 22:11:29 OK   00087_stage_claim_finalization_lock_order.sql (8.97ms)
2026/09/08 22:11:29 OK   00088_stage_allocation_execution_sequence.sql (13.5ms)
2026/09/08 22:11:29 OK   00089_stage_terminal_history.sql (23.72ms)
2026/09/08 22:11:29 OK   00090_stage_assignment_content_lifecycle.sql (150.09ms)
2026/09/08 22:11:30 OK   00091_worker_journal_bootstrap.sql (63.68ms)
2026/09/08 22:11:30 OK   00092_worker_bootstrap_history.sql (7.36ms)
2026/09/08 22:11:30 OK   00093_worker_bootstrap_nonzero_scopes.sql (4.33ms)
2026/09/08 22:11:30 OK   00094_worker_bootstrap_abandonment.sql (34.33ms)
2026/09/08 22:11:30 goose: successfully migrated database to version: 94
    cpu_mock_exact_cache_campaign_test.go:24: CPU_MOCK_CAMPAIGN_START {"durable_stream":false,"exact_cache":true,"go_version":"go1.26.7","initial_budget":{"planned_jobs":2,"fixed_price_per_job_minor":1250,"initial_credit_limit_minor":2500,"currency":"CNY"},"runtime_binary_sha256":{"vela-h3-stage-mock":"2f572c2df6cf7619cb81322569acae2477dc5b8ab6a63ed646976a2a8d167ecd","vela-lab-cpu-thumbnail-mock":"763aace4542d4a443ae326ad0ab201a39832dafaf42ff6fef48a09c3282f4cce"},"source_tree_sha256":"5f2854faca99f083d1a4576559bb4c19eb4b217a46738533136869baa080c237"}
    cpu_mock_exact_cache_campaign_test.go:24: CPU_MOCK_EXACT_CACHE_RECEIPT {"admission":{"AdmissionCandidates":2,"Admitted":2,"HitCandidates":0,"Hits":0,"Skipped":0},"after_maintenance":{"observed_at":"2026-09-08T14:11:36.087688Z","queued_jobs":0,"running_jobs":0,"active_allocations":0,"active_leases":0,"reserved_storage":0,"reserved_storage_bytes":0,"materialized_stage_bytes":26638,"held_buffers":0,"visible_completions":2,"acquire_intents":6,"database_bytes":29021875,"test_process_heap_bytes":13152304,"test_process_goroutines":87,"runtime_scratch_bytes":0,"runtime_input_bytes":0,"runtime_output_bytes":0,"runtime_watchdog_goroutines":0,"reserved_credit_minor":0,"posted_credit_minor":2500,"charges":2,"pool_active_counters":0,"active_execution_pins":0,"active_finalization_pins":0,"active_cache_pins":0,"live_cache_entries":2,"active_cache_carrying_references":2,"committed_stage_artifacts":6},"after_source":{"observed_at":"2026-09-08T14:11:35.423603Z","queued_jobs":0,"running_jobs":0,"active_allocations":0,"active_leases":0,"reserved_storage":0,"reserved_storage_bytes":0,"materialized_stage_bytes":13521,"held_buffers":0,"visible_completions":1,"acquire_intents":4,"database_bytes":28686003,"test_process_heap_bytes":11653640,"test_process_goroutines":87,"runtime_scratch_bytes":0,"runtime_input_bytes":0,"runtime_output_bytes":0,"runtime_watchdog_goroutines":0,"reserved_credit_minor":0,"posted_credit_minor":1250,"charges":1,"pool_active_counters":0,"active_execution_pins":3,"active_finalization_pins":0,"active_cache_pins":0,"live_cache_entries":0,"active_cache_carrying_references":0,"committed_stage_artifacts":4,"processes":[{"pid":58019,"name":"integration.test","rss_bytes":268353536,"open_fds":87},{"pid":58788,"name":"h3-encoder","rss_bytes":16990208,"open_fds":12},{"pid":58834,"name":"h3-dit","rss_bytes":18104320,"open_fds":12},{"pid":58837,"name":"h3-vae-decoder","rss_bytes":17743872,"open_fds":12},{"pid":58838,"name":"vela-lab-cpu-thumbnail-mock","rss_bytes":18038784,"open_fds":12}]},"after_target":{"observed_at":"2026-09-08T14:11:35.965342Z","queued_jobs":0,"running_jobs":0,"active_allocations":0,"active_leases":0,"reserved_storage":0,"reserved_storage_bytes":0,"materialized_stage_bytes":26638,"held_buffers":1,"visible_completions":2,"acquire_intents":6,"database_bytes":29021875,"test_process_heap_bytes":10954512,"test_process_goroutines":87,"runtime_scratch_bytes":0,"runtime_input_bytes":0,"runtime_output_bytes":0,"runtime_watchdog_goroutines":0,"reserved_credit_minor":0,"posted_credit_minor":2500,"charges":2,"pool_active_counters":0,"active_execution_pins":8,"active_finalization_pins":0,"active_cache_pins":0,"live_cache_entries":2,"active_cache_carrying_references":2,"committed_stage_artifacts":6,"processes":[{"pid":58019,"name":"integration.test","rss_bytes":268304384,"open_fds":87},{"pid":58788,"name":"h3-encoder","rss_bytes":16990208,"open_fds":12},{"pid":58834,"name":"h3-dit","rss_bytes":18104320,"open_fds":12},{"pid":58837,"name":"h3-vae-decoder","rss_bytes":17891328,"open_fds":12},{"pid":58838,"name":"vela-lab-cpu-thumbnail-mock","rss_bytes":18169856,"open_fds":12}]},"before":{"observed_at":"2026-09-08T14:11:33.726668Z","queued_jobs":0,"running_jobs":0,"active_allocations":0,"active_leases":0,"reserved_storage":0,"reserved_storage_bytes":0,"materialized_stage_bytes":0,"held_buffers":0,"visible_completions":0,"acquire_intents":0,"database_bytes":26670771,"test_process_heap_bytes":19529416,"test_process_goroutines":63,"runtime_scratch_bytes":0,"runtime_input_bytes":0,"runtime_output_bytes":0,"runtime_watchdog_goroutines":0,"reserved_credit_minor":0,"posted_credit_minor":0,"charges":0,"pool_active_counters":0,"active_execution_pins":0,"active_finalization_pins":0,"active_cache_pins":0,"live_cache_entries":0,"active_cache_carrying_references":0,"committed_stage_artifacts":0,"processes":[{"pid":58019,"name":"integration.test","rss_bytes":268173312,"open_fds":76},{"pid":58788,"name":"h3-encoder","rss_bytes":16269312,"open_fds":12},{"pid":58834,"name":"h3-dit","rss_bytes":17383424,"open_fds":12},{"pid":58837,"name":"h3-vae-decoder","rss_bytes":16924672,"open_fds":12},{"pid":58838,"name":"vela-lab-cpu-thumbnail-mock","rss_bytes":17203200,"open_fds":12}]},"capacity_reports_by_worker":{"dit":1,"encoder":1,"thumbnail":1,"vae":1},"consumed_transfers":5,"direct_allocation_receipts":6,"elapsed_seconds":2.431083,"evidence_class":"LOCAL_CPU_MOCK_EXACT_CACHE","exact_bindings_and_pins":[{"stage":"dit","source_artifact_id":"74ee81ed-be1f-4921-a1de-03855d304df1","object_version":"local-v00000000000000000002","pin_id":"bb29e248-d883-55b5-a234-6de64672628b"},{"stage":"encoder","source_artifact_id":"9d362ece-8559-4b76-90af-236656e5ee08","object_version":"local-v00000000000000000001","pin_id":"54ca605b-02f7-573a-bae5-ce58cf66581c"}],"ffprobe_version":"ffprobe version 8.0.1 Copyright (c) 2007-2025 the FFmpeg developers","go_version":"go1.26.7","hits":[{"AdmissionCandidates":0,"Admitted":0,"HitCandidates":2,"Hits":1,"Skipped":0},{"AdmissionCandidates":0,"Admitted":0,"HitCandidates":2,"Hits":1,"Skipped":0}],"initial_budget":{"planned_jobs":2,"fixed_price_per_job_minor":1250,"initial_credit_limit_minor":2500,"currency":"CNY"},"limitations":["CPU mock, local exact-version store and loopback Runtime gRPC; no real H3/GPU or Production Gate evidence","public Go control services and low-level agent; production stream handler/journal replay is covered by separate tests","BITWISE equivalence/policy are static fixture catalog declarations; native mock payloads and ADMIT/HIT outcomes are measured","Project cache remains enabled with two admitted entries; cache carrying history is retained","Reconciler drives real ADMIT/HIT before target physical Acquire; this does not benchmark a cache/scheduler race","real ffprobe verifies media; host execution does not prove Linux sandboxing; native subprocesses are not race-instrumented"],"maintenance_result":{"RequestContentExpired":0,"ContentDeletionRequestsCreated":0,"Claimed":0,"Completed":0,"Failed":0},"production_gate":false,"runtime_binary_sha256":{"vela-h3-stage-mock":"2f572c2df6cf7619cb81322569acae2477dc5b8ab6a63ed646976a2a8d167ecd","vela-lab-cpu-thumbnail-mock":"763aace4542d4a443ae326ad0ab201a39832dafaf42ff6fef48a09c3282f4cce"},"schema_version":1,"source_job_id":"b9f91128-02c6-4d35-9025-6cd6cdb8b838","source_physical_stages":4,"source_tree_sha256":"5f2854faca99f083d1a4576559bb4c19eb4b217a46738533136869baa080c237","started_at":"2026-09-08T14:11:33.726664Z","target_job_id":"b718c697-481c-4651-8225-aba9655c4f85","target_physical_stages":2,"verified_public_copies":[{"job_id":"b718c697-481c-4651-8225-aba9655c4f85","kind":"VIDEO","object_key":"artifacts/00000000-0000-0000-0000-000000000001/00000000-0000-0000-0000-000000000002/b718c697-481c-4651-8225-aba9655c4f85/31d770a2-e2af-5db2-9d19-789fd3923ab0","object_version":"local-v00000000000000000010","sha256":"0c91cb7c0225493a7e7b0855484fd7a82baf277b9812d7954e2b8d0bb3f1ee01","size_bytes":12953},{"job_id":"b9f91128-02c6-4d35-9025-6cd6cdb8b838","kind":"VIDEO","object_key":"artifacts/00000000-0000-0000-0000-000000000001/00000000-0000-0000-0000-000000000002/b9f91128-02c6-4d35-9025-6cd6cdb8b838/29d81cec-116f-52e5-a955-f6a3ab3ddcde","object_version":"local-v00000000000000000006","sha256":"0c91cb7c0225493a7e7b0855484fd7a82baf277b9812d7954e2b8d0bb3f1ee01","size_bytes":12953},{"job_id":"b718c697-481c-4651-8225-aba9655c4f85","kind":"THUMBNAIL","object_key":"artifacts/00000000-0000-0000-0000-000000000001/00000000-0000-0000-0000-000000000002/b718c697-481c-4651-8225-aba9655c4f85/14d8e055-7ef2-5171-bf78-8979c46e36cd","object_version":"local-v00000000000000000009","sha256":"4a5bebd434087d98bcc98e7c7f52a81e842b740800acd5e212de905b12282a58","size_bytes":164},{"job_id":"b9f91128-02c6-4d35-9025-6cd6cdb8b838","kind":"THUMBNAIL","object_key":"artifacts/00000000-0000-0000-0000-000000000001/00000000-0000-0000-0000-000000000002/b9f91128-02c6-4d35-9025-6cd6cdb8b838/cd48ac1e-736f-5312-ba62-2b553920268f","object_version":"local-v00000000000000000005","sha256":"4a5bebd434087d98bcc98e7c7f52a81e842b740800acd5e212de905b12282a58","size_bytes":164}]}
2026/09/08 22:11:36 🐳 Stopping container: 9e881249503e
2026/09/08 22:11:36 ✅ Container stopped: 9e881249503e
2026/09/08 22:11:36 🐳 Terminating container: 9e881249503e
2026/09/08 22:11:36 🚫 Container terminated: 9e881249503e
--- PASS: TestCPUMockExactCacheSourceTargetCampaign (25.13s)
=== RUN   TestCPUMockProductionLoopClockOffsetCampaign
2026/09/08 22:11:37 🐳 Creating container for image postgres:17-alpine
2026/09/08 22:11:37 ✅ Container created: 9d3786a68a4f
2026/09/08 22:11:37 🐳 Starting container: 9d3786a68a4f
2026/09/08 22:11:37 ✅ Container started: 9d3786a68a4f
2026/09/08 22:11:37 ⏳ Waiting for container id 9d3786a68a4f image: postgres:17-alpine. Waiting for: all of: [all of: [log message "database system is ready to accept connections" (occurrence: 2), port 5432/tcp to be mapped]]
2026/09/08 22:11:38 🔔 Container is ready: 9d3786a68a4f
2026/09/08 22:11:38 OK   00001_foundation.sql (75.94ms)
2026/09/08 22:11:38 OK   00002_worker_assignment.sql (20.43ms)
2026/09/08 22:11:38 OK   00003_worker_start.sql (3.53ms)
2026/09/08 22:11:38 OK   00004_worker_heartbeat.sql (21.6ms)
2026/09/08 22:11:38 OK   00005_execution_failure.sql (19.37ms)
2026/09/08 22:11:38 OK   00006_customer_cancellation.sql (38.75ms)
2026/09/08 22:11:38 OK   00007_artifact_finalization.sql (43.53ms)
2026/09/08 22:11:38 OK   00008_hierarchical_scheduler.sql (68.99ms)
2026/09/08 22:11:38 OK   00009_invoice_export.sql (18.6ms)
2026/09/08 22:11:38 OK   00010_profile_certification_circuit.sql (27.06ms)
2026/09/08 22:11:39 OK   00011_project_webhooks.sql (48.5ms)
2026/09/08 22:11:39 OK   00012_human_oidc_fixed_rbac.sql (35.96ms)
2026/09/08 22:11:39 OK   00013_service_principal_administration.sql (21.59ms)
2026/09/08 22:11:39 OK   00014_human_membership_administration.sql (37.81ms)
2026/09/08 22:11:39 OK   00015_organization_reporting.sql (25.94ms)
2026/09/08 22:11:39 OK   00016_project_retention_content_deletion.sql (76.05ms)
2026/09/08 22:11:39 OK   00017_platform_operator_break_glass.sql (51.31ms)
2026/09/08 22:11:39 OK   00018_finance_reconciliation.sql (27.3ms)
2026/09/08 22:11:39 OK   00019_certified_remediation.sql (38.71ms)
2026/09/08 22:11:39 OK   00020_remediation_execution_claim.sql (9.9ms)
2026/09/08 22:11:39 OK   00021_remediation_execution_dispatch.sql (4.89ms)
2026/09/08 22:11:39 OK   00022_remediation_execution_claim_replay.sql (3.81ms)
2026/09/08 22:11:39 OK   00023_fleet_controller_worker_readiness.sql (111.58ms)
2026/09/08 22:11:39 OK   00024_staging_artifact_expiry.sql (5.65ms)
2026/09/08 22:11:39 OK   00025_scheduler_inbox_receipt.sql (3.34ms)
2026/09/08 22:11:39 OK   00026_synchronous_quorum_guard.sql (2.43ms)
2026/09/08 22:11:39 OK   00027_authorized_debug_dump_lifecycle.sql (67.38ms)
2026/09/08 22:11:39 OK   00028_off_cluster_backup_retention.sql (16.58ms)
2026/09/08 22:11:39 OK   00029_artifact_backup_replication.sql (15.85ms)
2026/09/08 22:11:39 OK   00030_non_content_legal_hold.sql (30.26ms)
2026/09/08 22:11:39 OK   00031_non_content_record_expiry.sql (86.19ms)
2026/09/08 22:11:39 OK   00032_catalog_promotion_production_gates.sql (45.76ms)
2026/09/08 22:11:39 OK   00033_statistical_slo_measurement.sql (34.63ms)
2026/09/08 22:11:39 OK   00034_stage_execution_catalog.sql (78.87ms)
2026/09/08 22:11:39 OK   00035_worker_instance_residency.sql (90.74ms)
2026/09/08 22:11:40 OK   00036_stage_attempt_authority.sql (121.49ms)
2026/09/08 22:11:40 OK   00037_stage_scheduler.sql (63.88ms)
2026/09/08 22:11:40 OK   00038_stage_artifact.sql (63.76ms)
2026/09/08 22:11:40 OK   00039_stage_worker_control_authority.sql (5.04ms)
2026/09/08 22:11:40 OK   00040_stage_worker_execution.sql (28.45ms)
2026/09/08 22:11:40 OK   00041_stage_worker_operations.sql (18.51ms)
2026/09/08 22:11:40 OK   00042_stage_worker_assignment.sql (20.91ms)
2026/09/08 22:11:40 OK   00043_stage_graph_finalization.sql (8.81ms)
2026/09/08 22:11:40 OK   00044_stage_cache.sql (40.89ms)
2026/09/08 22:11:40 OK   00045_stage_graph_finalization_outputs.sql (7.02ms)
2026/09/08 22:11:40 OK   00046_stage_graph_visible_completion.sql (9.24ms)
2026/09/08 22:11:40 OK   00047_usage_cost_ledger.sql (23.34ms)
2026/09/08 22:11:40 OK   00048_stage_run_output_binding.sql (19.45ms)
2026/09/08 22:11:40 OK   00049_stage_cutover_control.sql (74.65ms)
2026/09/08 22:11:40 OK   00050_stage_graph_instantiation_dispatch.sql (24.74ms)
2026/09/08 22:11:40 OK   00051_atomic_stage_graph_admission.sql (11.64ms)
2026/09/08 22:11:40 OK   00052_stage_cutover_zero_backlog_seal.sql (26.21ms)
2026/09/08 22:11:40 OK   00053_legacy_h3_guarded_contraction.sql (19.98ms)
2026/09/08 22:11:40 OK   00054_stage_transfer_consume_destination.sql (4.42ms)
2026/09/08 22:11:40 OK   00055_h3_campaign_evidence_reader.sql (4.67ms)
2026/09/08 22:11:40 OK   00056_stage_observability_reader.sql (1.08ms)
2026/09/08 22:11:40 OK   00057_legacy_h3_release_contraction_gate.sql (13.18ms)
2026/09/08 22:11:40 OK   00058_legacy_h3_schema_contraction.sql (229.52ms)
2026/09/08 22:11:40 OK   00059_model_runtime_epoch_registration.sql (25.71ms)
2026/09/08 22:11:40 OK   00060_model_runtime_gang_barrier.sql (23.7ms)
2026/09/08 22:11:40 OK   00061_stage_worker_gang_authority.sql (8.08ms)
2026/09/08 22:11:40 OK   00062_stage_authority_member_identity.sql (3.44ms)
2026/09/08 22:11:40 OK   00063_h3_execution_snapshot.sql (4.25ms)
2026/09/08 22:11:40 OK   00064_model_runtime_capacity_routes.sql (16.82ms)
2026/09/08 22:11:40 OK   00065_h3_exact_cache_reconciliation.sql (14.91ms)
2026/09/08 22:11:40 OK   00066_stage_worker_control_session_capacity.sql (32.15ms)
2026/09/08 22:11:40 OK   00067_stage_scheduler_project_capacity.sql (2.7ms)
2026/09/08 22:11:40 OK   00068_stage_assignment_connector_states.sql (2.57ms)
2026/09/08 22:11:41 OK   00069_stage_transfer_server_clock.sql (6.51ms)
2026/09/08 22:11:41 OK   00070_stage_lease_expiry_recovery.sql (15.48ms)
2026/09/08 22:11:41 OK   00071_stage_artifact_lifecycle.sql (23.51ms)
2026/09/08 22:11:41 OK   00072_recovery_quiescence.sql (17.6ms)
2026/09/08 22:11:41 OK   00073_stage_cache_downstream_bindings.sql (7.69ms)
2026/09/08 22:11:41 OK   00074_job_owned_public_artifact_copies.sql (4.34ms)
2026/09/08 22:11:41 OK   00075_stage_graph_failure_terminalization.sql (26.75ms)
2026/09/08 22:11:41 OK   00076_allocation_usage_unit.sql (1.06ms)
2026/09/08 22:11:41 OK   00077_runtime_usage_receipts.sql (5.3ms)
2026/09/08 22:11:41 OK   00078_idle_stage_worker_probe.sql (7.06ms)
2026/09/08 22:11:41 OK   00079_stage_job_expiry.sql (8.31ms)
2026/09/08 22:11:41 OK   00080_stage_scheduler_snapshot_lock_order.sql (4.04ms)
2026/09/08 22:11:41 OK   00081_stage_assignment_quorum.sql (1.98ms)
2026/09/08 22:11:41 OK   00082_stage_success_storage_completion.sql (3.97ms)
2026/09/08 22:11:41 OK   00083_capacity_observation_lifecycle.sql (5.56ms)
2026/09/08 22:11:41 OK   00084_blocked_stage_worker_probe.sql (5.36ms)
2026/09/08 22:11:41 OK   00085_stage_materialization_terminal_replay.sql (3.2ms)
2026/09/08 22:11:41 OK   00086_stage_failure_terminal_replay.sql (7.8ms)
2026/09/08 22:11:41 OK   00087_stage_claim_finalization_lock_order.sql (3.16ms)
2026/09/08 22:11:41 OK   00088_stage_allocation_execution_sequence.sql (5.58ms)
2026/09/08 22:11:41 OK   00089_stage_terminal_history.sql (10.5ms)
2026/09/08 22:11:41 OK   00090_stage_assignment_content_lifecycle.sql (24.67ms)
2026/09/08 22:11:41 OK   00091_worker_journal_bootstrap.sql (24.42ms)
2026/09/08 22:11:41 OK   00092_worker_bootstrap_history.sql (3.07ms)
2026/09/08 22:11:41 OK   00093_worker_bootstrap_nonzero_scopes.sql (1.63ms)
2026/09/08 22:11:41 OK   00094_worker_bootstrap_abandonment.sql (14.38ms)
2026/09/08 22:11:41 goose: successfully migrated database to version: 94
    cpu_mock_production_loop_campaign_test.go:23: CPU_MOCK_CAMPAIGN_START {"durable_stream":true,"exact_cache":false,"go_version":"go1.26.7","initial_budget":{"planned_jobs":16,"fixed_price_per_job_minor":1250,"initial_credit_limit_minor":20000,"currency":"CNY"},"runtime_binary_sha256":{"vela-h3-stage-mock":"2f572c2df6cf7619cb81322569acae2477dc5b8ab6a63ed646976a2a8d167ecd","vela-lab-cpu-thumbnail-mock":"763aace4542d4a443ae326ad0ab201a39832dafaf42ff6fef48a09c3282f4cce"},"source_tree_sha256":"5f2854faca99f083d1a4576559bb4c19eb4b217a46738533136869baa080c237"}
    cpu_mock_production_loop_campaign_test.go:90: encoder production retry resume-materialization: commit durable StageArtifact: rpc error: code = AlreadyExists desc = Stage Worker request identity is duplicated
    cpu_mock_production_loop_campaign_test.go:90: dit production retry resume-materialization: commit durable StageArtifact: rpc error: code = AlreadyExists desc = Stage Worker request identity is duplicated
    cpu_mock_production_loop_campaign_test.go:90: vae production retry resume-materialization: commit durable StageArtifact: rpc error: code = AlreadyExists desc = Stage Worker request identity is duplicated
    cpu_mock_production_loop_campaign_test.go:90: thumbnail production retry resume-materialization: commit durable StageArtifact: rpc error: code = AlreadyExists desc = Stage Worker request identity is duplicated
    cpu_mock_production_loop_campaign_test.go:23: CPU_MOCK_LOAD_WAVE 1 {ObservedAt:2026-09-08 14:12:03.411296 +0000 UTC Queued:0 Running:0 ActiveAllocations:0 ActiveLeases:0 ReservedStorage:0 ReservedBytes:0 MaterializedBytes:108168 HeldBuffers:0 Completed:8 AcquireIntents:35 DatabaseBytes:30045875 HeapBytes:19694424 Goroutines:150 ScratchBytes:0 JournalBytes:332595 InputBytes:0 OutputBytes:0 RuntimeWatchdogs:0 ReservedCredit:0 PostedCredit:10000 Charges:8 PoolCounters:0 ExecutionPins:24 FinalizationPins:0 CachePins:0 CacheEntries:0 CacheCarryingRefs:0 CommittedObjects:32 Processes:[{PID:58019 Name:integration.test RSSBytes:294862848 OpenFDs:150} {PID:58930 Name:h3-encoder RSSBytes:19660800 OpenFDs:12} {PID:58954 Name:h3-dit RSSBytes:20201472 OpenFDs:12} {PID:58956 Name:h3-vae-decoder RSSBytes:19759104 OpenFDs:12} {PID:58990 Name:vela-lab-cpu-thumbnail-mock RSSBytes:20529152 OpenFDs:12}]}
    cpu_mock_production_loop_campaign_test.go:23: CPU_MOCK_LOAD_WAVE 2 {ObservedAt:2026-09-08 14:12:22.827079 +0000 UTC Queued:0 Running:0 ActiveAllocations:0 ActiveLeases:0 ReservedStorage:0 ReservedBytes:0 MaterializedBytes:216336 HeldBuffers:0 Completed:16 AcquireIntents:70 DatabaseBytes:32069299 HeapBytes:23714320 Goroutines:151 ScratchBytes:0 JournalBytes:654770 InputBytes:0 OutputBytes:0 RuntimeWatchdogs:0 ReservedCredit:0 PostedCredit:20000 Charges:16 PoolCounters:0 ExecutionPins:24 FinalizationPins:0 CachePins:0 CacheEntries:0 CacheCarryingRefs:0 CommittedObjects:64 Processes:[{PID:58019 Name:integration.test RSSBytes:306020352 OpenFDs:151} {PID:58930 Name:h3-encoder RSSBytes:20004864 OpenFDs:12} {PID:58954 Name:h3-dit RSSBytes:21200896 OpenFDs:12} {PID:58956 Name:h3-vae-decoder RSSBytes:21381120 OpenFDs:12} {PID:58990 Name:vela-lab-cpu-thumbnail-mock RSSBytes:21512192 OpenFDs:12}]}
    cpu_mock_production_loop_campaign_test.go:23: CPU_MOCK_LOAD_RECEIPT {"schema_version":1,"evidence_class":"LOCAL_CPU_MOCK_RUNTIME_LOAD","production_gate":false,"started_at":"2026-09-08T14:11:44.708694Z","jobs":16,"waves":2,"concurrent_arrivals_per_wave":8,"persistent_workers":4,"project_running_limit":2,"initial_budget":{"planned_jobs":16,"fixed_price_per_job_minor":1250,"initial_credit_limit_minor":20000,"currency":"CNY"},"elapsed_seconds":38.245874,"jobs_per_second":0.4183457802533157,"mean_queue_seconds":6.67020525,"max_queue_seconds":14.387367,"mean_latency_seconds":10.569752625,"sampled_peak":{"queued_jobs":8,"running_jobs":2,"active_allocations":2,"active_leases":2,"reserved_storage":8,"reserved_storage_bytes":17179869184,"materialized_stage_bytes":216336,"held_buffers":2,"visible_completions":16,"acquire_intents":70,"database_bytes":32069299,"test_process_heap_bytes":32408600,"test_process_goroutines":156,"runtime_scratch_bytes":26467,"local_journal_bytes":739987,"runtime_input_bytes":13186,"runtime_output_bytes":13186,"runtime_watchdog_goroutines":2,"reserved_credit_minor":10000,"posted_credit_minor":20000,"charges":16,"pool_active_counters":18,"active_execution_pins":24,"active_finalization_pins":0,"active_cache_pins":0,"live_cache_entries":0,"active_cache_carrying_references":0,"committed_stage_artifacts":64},"before_arrivals":{"observed_at":"2026-09-08T14:11:44.581115Z","queued_jobs":0,"running_jobs":0,"active_allocations":0,"active_leases":0,"reserved_storage":0,"reserved_storage_bytes":0,"materialized_stage_bytes":0,"held_buffers":0,"visible_completions":0,"acquire_intents":0,"database_bytes":26638003,"test_process_heap_bytes":13617096,"test_process_goroutines":128,"runtime_scratch_bytes":0,"local_journal_bytes":6602,"runtime_input_bytes":0,"runtime_output_bytes":0,"runtime_watchdog_goroutines":0,"reserved_credit_minor":0,"posted_credit_minor":0,"charges":0,"pool_active_counters":0,"active_execution_pins":0,"active_finalization_pins":0,"active_cache_pins":0,"live_cache_entries":0,"active_cache_carrying_references":0,"committed_stage_artifacts":0,"processes":[{"pid":58019,"name":"integration.test","rss_bytes":271892480,"open_fds":131},{"pid":58930,"name":"h3-encoder","rss_bytes":16482304,"open_fds":12},{"pid":58954,"name":"h3-dit","rss_bytes":16384000,"open_fds":12},{"pid":58956,"name":"h3-vae-decoder","rss_bytes":16154624,"open_fds":12},{"pid":58990,"name":"vela-lab-cpu-thumbnail-mock","rss_bytes":16416768,"open_fds":12}]},"after_wave":[{"observed_at":"2026-09-08T14:12:03.411296Z","queued_jobs":0,"running_jobs":0,"active_allocations":0,"active_leases":0,"reserved_storage":0,"reserved_storage_bytes":0,"materialized_stage_bytes":108168,"held_buffers":0,"visible_completions":8,"acquire_intents":35,"database_bytes":30045875,"test_process_heap_bytes":19694424,"test_process_goroutines":150,"runtime_scratch_bytes":0,"local_journal_bytes":332595,"runtime_input_bytes":0,"runtime_output_bytes":0,"runtime_watchdog_goroutines":0,"reserved_credit_minor":0,"posted_credit_minor":10000,"charges":8,"pool_active_counters":0,"active_execution_pins":24,"active_finalization_pins":0,"active_cache_pins":0,"live_cache_entries":0,"active_cache_carrying_references":0,"committed_stage_artifacts":32,"processes":[{"pid":58019,"name":"integration.test","rss_bytes":294862848,"open_fds":150},{"pid":58930,"name":"h3-encoder","rss_bytes":19660800,"open_fds":12},{"pid":58954,"name":"h3-dit","rss_bytes":20201472,"open_fds":12},{"pid":58956,"name":"h3-vae-decoder","rss_bytes":19759104,"open_fds":12},{"pid":58990,"name":"vela-lab-cpu-thumbnail-mock","rss_bytes":20529152,"open_fds":12}]},{"observed_at":"2026-09-08T14:12:22.827079Z","queued_jobs":0,"running_jobs":0,"active_allocations":0,"active_leases":0,"reserved_storage":0,"reserved_storage_bytes":0,"materialized_stage_bytes":216336,"held_buffers":0,"visible_completions":16,"acquire_intents":70,"database_bytes":32069299,"test_process_heap_bytes":23714320,"test_process_goroutines":151,"runtime_scratch_bytes":0,"local_journal_bytes":654770,"runtime_input_bytes":0,"runtime_output_bytes":0,"runtime_watchdog_goroutines":0,"reserved_credit_minor":0,"posted_credit_minor":20000,"charges":16,"pool_active_counters":0,"active_execution_pins":24,"active_finalization_pins":0,"active_cache_pins":0,"live_cache_entries":0,"active_cache_carrying_references":0,"committed_stage_artifacts":64,"processes":[{"pid":58019,"name":"integration.test","rss_bytes":306020352,"open_fds":151},{"pid":58930,"name":"h3-encoder","rss_bytes":20004864,"open_fds":12},{"pid":58954,"name":"h3-dit","rss_bytes":21200896,"open_fds":12},{"pid":58956,"name":"h3-vae-decoder","rss_bytes":21381120,"open_fds":12},{"pid":58990,"name":"vela-lab-cpu-thumbnail-mock","rss_bytes":21512192,"open_fds":12}]}],"after_maintenance":[{"observed_at":"2026-09-08T14:12:03.542312Z","queued_jobs":0,"running_jobs":0,"active_allocations":0,"active_leases":0,"reserved_storage":0,"reserved_storage_bytes":0,"materialized_stage_bytes":108168,"held_buffers":0,"visible_completions":8,"acquire_intents":35,"database_bytes":30045875,"test_process_heap_bytes":22491408,"test_process_goroutines":150,"runtime_scratch_bytes":0,"local_journal_bytes":332595,"runtime_input_bytes":0,"runtime_output_bytes":0,"runtime_watchdog_goroutines":0,"reserved_credit_minor":0,"posted_credit_minor":10000,"charges":8,"pool_active_counters":0,"active_execution_pins":0,"active_finalization_pins":0,"active_cache_pins":0,"live_cache_entries":0,"active_cache_carrying_references":0,"committed_stage_artifacts":32},{"observed_at":"2026-09-08T14:12:22.946426Z","queued_jobs":0,"running_jobs":0,"active_allocations":0,"active_leases":0,"reserved_storage":0,"reserved_storage_bytes":0,"materialized_stage_bytes":216336,"held_buffers":0,"visible_completions":16,"acquire_intents":70,"database_bytes":32102067,"test_process_heap_bytes":15054080,"test_process_goroutines":150,"runtime_scratch_bytes":0,"local_journal_bytes":654770,"runtime_input_bytes":0,"runtime_output_bytes":0,"runtime_watchdog_goroutines":0,"reserved_credit_minor":0,"posted_credit_minor":20000,"charges":16,"pool_active_counters":0,"active_execution_pins":0,"active_finalization_pins":0,"active_cache_pins":0,"live_cache_entries":0,"active_cache_carrying_references":0,"committed_stage_artifacts":64}],"maintenance_results":[{"RequestContentExpired":0,"ContentDeletionRequestsCreated":0,"Claimed":0,"Completed":0,"Failed":0},{"RequestContentExpired":0,"ContentDeletionRequestsCreated":0,"Claimed":0,"Completed":0,"Failed":0}],"after_idle":{"observed_at":"2026-09-08T14:12:23.964793Z","queued_jobs":0,"running_jobs":0,"active_allocations":0,"active_leases":0,"reserved_storage":0,"reserved_storage_bytes":0,"materialized_stage_bytes":216336,"held_buffers":0,"visible_completions":16,"acquire_intents":70,"database_bytes":32102067,"test_process_heap_bytes":15010728,"test_process_goroutines":150,"runtime_scratch_bytes":0,"local_journal_bytes":654770,"runtime_input_bytes":0,"runtime_output_bytes":0,"runtime_watchdog_goroutines":0,"reserved_credit_minor":0,"posted_credit_minor":20000,"charges":16,"pool_active_counters":0,"active_execution_pins":0,"active_finalization_pins":0,"active_cache_pins":0,"live_cache_entries":0,"active_cache_carrying_references":0,"committed_stage_artifacts":64,"processes":[{"pid":58019,"name":"integration.test","rss_bytes":310149120,"open_fds":151},{"pid":58930,"name":"h3-encoder","rss_bytes":20004864,"open_fds":12},{"pid":58954,"name":"h3-dit","rss_bytes":21200896,"open_fds":12},{"pid":58956,"name":"h3-vae-decoder","rss_bytes":21381120,"open_fds":12},{"pid":58990,"name":"vela-lab-cpu-thumbnail-mock","rss_bytes":21512192,"open_fds":12}]},"acquire_transaction_retries":0,"acquire_deadlock_retries":0,"acquire_serialization_retries":0,"capacity_reports_by_worker":{"dit":4,"encoder":4,"thumbnail":4,"vae":4},"source_tree_sha256":"5f2854faca99f083d1a4576559bb4c19eb4b217a46738533136869baa080c237","runtime_binary_sha256":{"vela-h3-stage-mock":"2f572c2df6cf7619cb81322569acae2477dc5b8ab6a63ed646976a2a8d167ecd","vela-lab-cpu-thumbnail-mock":"763aace4542d4a443ae326ad0ab201a39832dafaf42ff6fef48a09c3282f4cce"},"go_version":"go1.26.7","ffprobe_version":"ffprobe version 8.0.1 Copyright (c) 2007-2025 the FFmpeg developers","limitations":["bounded native CPU mock Job campaign; no GPU certification or Production Gate evidence","production Run, readiness, capacity, heartbeat, mTLS transport and durable stream execute in the test host process","Fleet membership and static native mock canary approval use fixture catalog setup; Node custody, protected mounts and production startup issuer remain separate","application acknowledgement loss occurs after the real mTLS client received ACCEPTED; resident processes and StreamAgent remain live during automatic retry","retained journal metadata is measured separately from payload scratch; history reclamation and sustained arrivals remain open","Runtime gRPC is loopback and artifact store is local exact-version storage; remote storage and process isolation are separate","race detector covers Go test-host components, not native model subprocesses; sampled resources omit Docker VM peaks"],"durable_stream":true,"replayed_materialization_commits":4,"durable_records_by_worker":{"dit":16,"encoder":16,"thumbnail":16,"vae":16},"production_loop":true,"production_workers":{"dit":{"accepted_registrations":9,"accepted_capacity_reports":4,"accepted_heartbeats":16,"confirmed_stale_acquires":0,"control_session_epoch":3,"capacity_observation_sequence":4294967299},"encoder":{"accepted_registrations":9,"accepted_capacity_reports":4,"accepted_heartbeats":16,"confirmed_stale_acquires":6,"control_session_epoch":3,"capacity_observation_sequence":4294967299},"thumbnail":{"accepted_registrations":9,"accepted_capacity_reports":4,"accepted_heartbeats":16,"confirmed_stale_acquires":0,"control_session_epoch":3,"capacity_observation_sequence":4294967299},"vae":{"accepted_registrations":9,"accepted_capacity_reports":4,"accepted_heartbeats":16,"confirmed_stale_acquires":0,"control_session_epoch":3,"capacity_observation_sequence":4294967299}},"authority_max_clock_skew_ns":30000000000,"worker_authority_verifier_offset_ns":-1000000000,"future_issued_assignments_by_worker":{"dit":16,"encoder":16,"thumbnail":16,"vae":16}}
2026/09/08 22:12:24 🐳 Stopping container: 9d3786a68a4f
2026/09/08 22:12:24 ✅ Container stopped: 9d3786a68a4f
2026/09/08 22:12:24 🐳 Terminating container: 9d3786a68a4f
2026/09/08 22:12:24 🚫 Container terminated: 9d3786a68a4f
--- PASS: TestCPUMockProductionLoopClockOffsetCampaign (48.10s)
=== RUN   TestStageTerminalRecoveryThroughReplacementRuntimeRestoresCapacity
2026/09/08 22:12:24 🐳 Creating container for image postgres:17-alpine
2026/09/08 22:12:24 ✅ Container created: 8f97c936a822
2026/09/08 22:12:24 🐳 Starting container: 8f97c936a822
2026/09/08 22:12:24 ✅ Container started: 8f97c936a822
2026/09/08 22:12:24 ⏳ Waiting for container id 8f97c936a822 image: postgres:17-alpine. Waiting for: all of: [all of: [log message "database system is ready to accept connections" (occurrence: 2), port 5432/tcp to be mapped]]
2026/09/08 22:12:25 🔔 Container is ready: 8f97c936a822
2026/09/08 22:12:25 OK   00001_foundation.sql (81.74ms)
2026/09/08 22:12:25 OK   00002_worker_assignment.sql (20.79ms)
2026/09/08 22:12:25 OK   00003_worker_start.sql (3.66ms)
2026/09/08 22:12:25 OK   00004_worker_heartbeat.sql (21.98ms)
2026/09/08 22:12:25 OK   00005_execution_failure.sql (19.83ms)
2026/09/08 22:12:25 OK   00006_customer_cancellation.sql (41.38ms)
2026/09/08 22:12:25 OK   00007_artifact_finalization.sql (45.81ms)
2026/09/08 22:12:25 OK   00008_hierarchical_scheduler.sql (71.91ms)
2026/09/08 22:12:25 OK   00009_invoice_export.sql (19.42ms)
2026/09/08 22:12:25 OK   00010_profile_certification_circuit.sql (29.79ms)
2026/09/08 22:12:25 OK   00011_project_webhooks.sql (48.74ms)
2026/09/08 22:12:26 OK   00012_human_oidc_fixed_rbac.sql (37.22ms)
2026/09/08 22:12:26 OK   00013_service_principal_administration.sql (22.83ms)
2026/09/08 22:12:26 OK   00014_human_membership_administration.sql (39.84ms)
2026/09/08 22:12:26 OK   00015_organization_reporting.sql (26.06ms)
2026/09/08 22:12:26 OK   00016_project_retention_content_deletion.sql (74.22ms)
2026/09/08 22:12:26 OK   00017_platform_operator_break_glass.sql (49.59ms)
2026/09/08 22:12:26 OK   00018_finance_reconciliation.sql (23.44ms)
2026/09/08 22:12:26 OK   00019_certified_remediation.sql (31.25ms)
2026/09/08 22:12:26 OK   00020_remediation_execution_claim.sql (7.56ms)
2026/09/08 22:12:26 OK   00021_remediation_execution_dispatch.sql (3.17ms)
2026/09/08 22:12:26 OK   00022_remediation_execution_claim_replay.sql (3.09ms)
2026/09/08 22:12:26 OK   00023_fleet_controller_worker_readiness.sql (96.84ms)
2026/09/08 22:12:26 OK   00024_staging_artifact_expiry.sql (5.58ms)
2026/09/08 22:12:26 OK   00025_scheduler_inbox_receipt.sql (3.4ms)
2026/09/08 22:12:26 OK   00026_synchronous_quorum_guard.sql (2.7ms)
2026/09/08 22:12:26 OK   00027_authorized_debug_dump_lifecycle.sql (68.81ms)
2026/09/08 22:12:26 OK   00028_off_cluster_backup_retention.sql (16.92ms)
2026/09/08 22:12:26 OK   00029_artifact_backup_replication.sql (16.33ms)
2026/09/08 22:12:26 OK   00030_non_content_legal_hold.sql (32.21ms)
2026/09/08 22:12:26 OK   00031_non_content_record_expiry.sql (93.8ms)
2026/09/08 22:12:26 OK   00032_catalog_promotion_production_gates.sql (47.37ms)
2026/09/08 22:12:26 OK   00033_statistical_slo_measurement.sql (36.9ms)
2026/09/08 22:12:26 OK   00034_stage_execution_catalog.sql (82.11ms)
2026/09/08 22:12:26 OK   00035_worker_instance_residency.sql (93.75ms)
2026/09/08 22:12:27 OK   00036_stage_attempt_authority.sql (129.32ms)
2026/09/08 22:12:27 OK   00037_stage_scheduler.sql (66.89ms)
2026/09/08 22:12:27 OK   00038_stage_artifact.sql (66.39ms)
2026/09/08 22:12:27 OK   00039_stage_worker_control_authority.sql (5.09ms)
2026/09/08 22:12:27 OK   00040_stage_worker_execution.sql (30.28ms)
2026/09/08 22:12:27 OK   00041_stage_worker_operations.sql (19.96ms)
2026/09/08 22:12:27 OK   00042_stage_worker_assignment.sql (22.34ms)
2026/09/08 22:12:27 OK   00043_stage_graph_finalization.sql (9.95ms)
2026/09/08 22:12:27 OK   00044_stage_cache.sql (42.86ms)
2026/09/08 22:12:27 OK   00045_stage_graph_finalization_outputs.sql (7.65ms)
2026/09/08 22:12:27 OK   00046_stage_graph_visible_completion.sql (9.71ms)
2026/09/08 22:12:27 OK   00047_usage_cost_ledger.sql (25.11ms)
2026/09/08 22:12:27 OK   00048_stage_run_output_binding.sql (21ms)
2026/09/08 22:12:27 OK   00049_stage_cutover_control.sql (78.33ms)
2026/09/08 22:12:27 OK   00050_stage_graph_instantiation_dispatch.sql (25.72ms)
2026/09/08 22:12:27 OK   00051_atomic_stage_graph_admission.sql (12.74ms)
2026/09/08 22:12:27 OK   00052_stage_cutover_zero_backlog_seal.sql (28.89ms)
2026/09/08 22:12:27 OK   00053_legacy_h3_guarded_contraction.sql (20.98ms)
2026/09/08 22:12:27 OK   00054_stage_transfer_consume_destination.sql (4.7ms)
2026/09/08 22:12:27 OK   00055_h3_campaign_evidence_reader.sql (5.58ms)
2026/09/08 22:12:27 OK   00056_stage_observability_reader.sql (1.25ms)
2026/09/08 22:12:27 OK   00057_legacy_h3_release_contraction_gate.sql (14.23ms)
2026/09/08 22:12:27 OK   00058_legacy_h3_schema_contraction.sql (247.76ms)
2026/09/08 22:12:27 OK   00059_model_runtime_epoch_registration.sql (27.96ms)
2026/09/08 22:12:27 OK   00060_model_runtime_gang_barrier.sql (25.15ms)
2026/09/08 22:12:27 OK   00061_stage_worker_gang_authority.sql (8.93ms)
2026/09/08 22:12:27 OK   00062_stage_authority_member_identity.sql (3.89ms)
2026/09/08 22:12:27 OK   00063_h3_execution_snapshot.sql (4.49ms)
2026/09/08 22:12:27 OK   00064_model_runtime_capacity_routes.sql (16.49ms)
2026/09/08 22:12:27 OK   00065_h3_exact_cache_reconciliation.sql (15.47ms)
2026/09/08 22:12:27 OK   00066_stage_worker_control_session_capacity.sql (33.2ms)
2026/09/08 22:12:27 OK   00067_stage_scheduler_project_capacity.sql (3.06ms)
2026/09/08 22:12:27 OK   00068_stage_assignment_connector_states.sql (2.88ms)
2026/09/08 22:12:27 OK   00069_stage_transfer_server_clock.sql (6.82ms)
2026/09/08 22:12:28 OK   00070_stage_lease_expiry_recovery.sql (15.9ms)
2026/09/08 22:12:28 OK   00071_stage_artifact_lifecycle.sql (24.59ms)
2026/09/08 22:12:28 OK   00072_recovery_quiescence.sql (18.66ms)
2026/09/08 22:12:28 OK   00073_stage_cache_downstream_bindings.sql (8.53ms)
2026/09/08 22:12:28 OK   00074_job_owned_public_artifact_copies.sql (4.5ms)
2026/09/08 22:12:28 OK   00075_stage_graph_failure_terminalization.sql (27.78ms)
2026/09/08 22:12:28 OK   00076_allocation_usage_unit.sql (1.55ms)
2026/09/08 22:12:28 OK   00077_runtime_usage_receipts.sql (5.64ms)
2026/09/08 22:12:28 OK   00078_idle_stage_worker_probe.sql (7.28ms)
2026/09/08 22:12:28 OK   00079_stage_job_expiry.sql (8.55ms)
2026/09/08 22:12:28 OK   00080_stage_scheduler_snapshot_lock_order.sql (4.73ms)
2026/09/08 22:12:28 OK   00081_stage_assignment_quorum.sql (2.16ms)
2026/09/08 22:12:28 OK   00082_stage_success_storage_completion.sql (4.31ms)
2026/09/08 22:12:28 OK   00083_capacity_observation_lifecycle.sql (6.06ms)
2026/09/08 22:12:28 OK   00084_blocked_stage_worker_probe.sql (5.74ms)
2026/09/08 22:12:28 OK   00085_stage_materialization_terminal_replay.sql (3.4ms)
2026/09/08 22:12:28 OK   00086_stage_failure_terminal_replay.sql (8.28ms)
2026/09/08 22:12:28 OK   00087_stage_claim_finalization_lock_order.sql (2.96ms)
2026/09/08 22:12:28 OK   00088_stage_allocation_execution_sequence.sql (5.65ms)
2026/09/08 22:12:28 OK   00089_stage_terminal_history.sql (10.42ms)
2026/09/08 22:12:28 OK   00090_stage_assignment_content_lifecycle.sql (24.93ms)
2026/09/08 22:12:28 OK   00091_worker_journal_bootstrap.sql (24.19ms)
2026/09/08 22:12:28 OK   00092_worker_bootstrap_history.sql (3.02ms)
2026/09/08 22:12:28 OK   00093_worker_bootstrap_nonzero_scopes.sql (1.56ms)
2026/09/08 22:12:28 OK   00094_worker_bootstrap_abandonment.sql (14.83ms)
2026/09/08 22:12:28 goose: successfully migrated database to version: 94
    stage_terminal_history_test.go:96: replacement=true: zero capacity/current PostgreSQL session -> automatic authenticated history -> UDS proof -> durable RETIRED -> readiness/capacity -> offline replay
    stage_terminal_history_test.go:96: unsigned retry: PostgreSQL history -> authenticated Control disposition -> durable Runtime floor and non-admission -> next-epoch proof recovery
2026/09/08 22:12:30 🐳 Stopping container: 8f97c936a822
2026/09/08 22:12:30 ✅ Container stopped: 8f97c936a822
2026/09/08 22:12:30 🐳 Terminating container: 8f97c936a822
2026/09/08 22:12:30 🚫 Container terminated: 8f97c936a822
--- PASS: TestStageTerminalRecoveryThroughReplacementRuntimeRestoresCapacity (6.08s)
PASS
ok  	github.com/vivym/vela/internal/integration	106.839s
