=== RUN   TestCPUMockProductionLoopJobCampaign
2026/09/08 15:42:15 github.com/testcontainers/testcontainers-go - Connected to docker: 
  Server Version: 28.3.2
  API Version: 1.51
  Operating System: Docker Desktop
  Total Memory: 32044 MB
  Labels:
    com.docker.desktop.address=unix:///Users/viv/Library/Containers/com.docker.docker/Data/docker-cli.sock
  Testcontainers for Go Version: v0.44.0
  Resolved Docker Host: unix:///var/run/docker.sock
  Resolved Docker Socket Path: /var/run/docker.sock
  Test SessionID: 4cea23d167a188eae93d68b991600cff1d4ccb294cbd152c0b0c062e04296da0
  Test ProcessID: 21c1f1de-dba8-4cb4-aba5-bbeb78ac8fa6
2026/09/08 15:42:15 🐳 Creating container for image postgres:17-alpine
2026/09/08 15:42:15 🐳 Creating container for image testcontainers/ryuk:0.14.0
2026/09/08 15:42:15 ✅ Container created: 81a0058e7d36
2026/09/08 15:42:15 🐳 Starting container: 81a0058e7d36
2026/09/08 15:42:15 ✅ Container started: 81a0058e7d36
2026/09/08 15:42:15 ⏳ Waiting for container id 81a0058e7d36 image: testcontainers/ryuk:0.14.0. Waiting for: all of: [log message "Started", port 8080/tcp to be listening]
2026/09/08 15:42:15 Shell not found in container
2026/09/08 15:42:15 🔔 Container is ready: 81a0058e7d36
2026/09/08 15:42:15 ✅ Container created: 69b699928143
2026/09/08 15:42:15 🐳 Starting container: 69b699928143
2026/09/08 15:42:15 ✅ Container started: 69b699928143
2026/09/08 15:42:15 ⏳ Waiting for container id 69b699928143 image: postgres:17-alpine. Waiting for: all of: [all of: [log message "database system is ready to accept connections" (occurrence: 2), port 5432/tcp to be mapped]]
2026/09/08 15:42:16 🔔 Container is ready: 69b699928143
2026/09/08 15:42:16 OK   00001_foundation.sql (55.87ms)
2026/09/08 15:42:16 OK   00002_worker_assignment.sql (15.23ms)
2026/09/08 15:42:16 OK   00003_worker_start.sql (2.73ms)
2026/09/08 15:42:16 OK   00004_worker_heartbeat.sql (14.91ms)
2026/09/08 15:42:16 OK   00005_execution_failure.sql (12.47ms)
2026/09/08 15:42:16 OK   00006_customer_cancellation.sql (20.28ms)
2026/09/08 15:42:16 OK   00007_artifact_finalization.sql (30.98ms)
2026/09/08 15:42:16 OK   00008_hierarchical_scheduler.sql (39ms)
2026/09/08 15:42:16 OK   00009_invoice_export.sql (11.53ms)
2026/09/08 15:42:16 OK   00010_profile_certification_circuit.sql (18.32ms)
2026/09/08 15:42:16 OK   00011_project_webhooks.sql (28.81ms)
2026/09/08 15:42:16 OK   00012_human_oidc_fixed_rbac.sql (25.04ms)
2026/09/08 15:42:16 OK   00013_service_principal_administration.sql (10.5ms)
2026/09/08 15:42:16 OK   00014_human_membership_administration.sql (18.92ms)
2026/09/08 15:42:16 OK   00015_organization_reporting.sql (11.65ms)
2026/09/08 15:42:16 OK   00016_project_retention_content_deletion.sql (42.71ms)
2026/09/08 15:42:16 OK   00017_platform_operator_break_glass.sql (26.83ms)
2026/09/08 15:42:16 OK   00018_finance_reconciliation.sql (13.12ms)
2026/09/08 15:42:16 OK   00019_certified_remediation.sql (13.88ms)
2026/09/08 15:42:16 OK   00020_remediation_execution_claim.sql (4.78ms)
2026/09/08 15:42:16 OK   00021_remediation_execution_dispatch.sql (1.98ms)
2026/09/08 15:42:16 OK   00022_remediation_execution_claim_replay.sql (1.42ms)
2026/09/08 15:42:16 OK   00023_fleet_controller_worker_readiness.sql (44.22ms)
2026/09/08 15:42:16 OK   00024_staging_artifact_expiry.sql (2.37ms)
2026/09/08 15:42:16 OK   00025_scheduler_inbox_receipt.sql (1.81ms)
2026/09/08 15:42:16 OK   00026_synchronous_quorum_guard.sql (1.73ms)
2026/09/08 15:42:17 OK   00027_authorized_debug_dump_lifecycle.sql (39.29ms)
2026/09/08 15:42:17 OK   00028_off_cluster_backup_retention.sql (8.6ms)
2026/09/08 15:42:17 OK   00029_artifact_backup_replication.sql (8.48ms)
2026/09/08 15:42:17 OK   00030_non_content_legal_hold.sql (19.1ms)
2026/09/08 15:42:17 OK   00031_non_content_record_expiry.sql (60.92ms)
2026/09/08 15:42:17 OK   00032_catalog_promotion_production_gates.sql (24.8ms)
2026/09/08 15:42:17 OK   00033_statistical_slo_measurement.sql (22.49ms)
2026/09/08 15:42:17 OK   00034_stage_execution_catalog.sql (52.99ms)
2026/09/08 15:42:17 OK   00035_worker_instance_residency.sql (57.64ms)
2026/09/08 15:42:17 OK   00036_stage_attempt_authority.sql (63.4ms)
2026/09/08 15:42:17 OK   00037_stage_scheduler.sql (36.54ms)
2026/09/08 15:42:17 OK   00038_stage_artifact.sql (39.68ms)
2026/09/08 15:42:17 OK   00039_stage_worker_control_authority.sql (2.82ms)
2026/09/08 15:42:17 OK   00040_stage_worker_execution.sql (13.48ms)
2026/09/08 15:42:17 OK   00041_stage_worker_operations.sql (8.84ms)
2026/09/08 15:42:17 OK   00042_stage_worker_assignment.sql (8.61ms)
2026/09/08 15:42:17 OK   00043_stage_graph_finalization.sql (6.55ms)
2026/09/08 15:42:17 OK   00044_stage_cache.sql (21.5ms)
2026/09/08 15:42:17 OK   00045_stage_graph_finalization_outputs.sql (5.4ms)
2026/09/08 15:42:17 OK   00046_stage_graph_visible_completion.sql (5.18ms)
2026/09/08 15:42:17 OK   00047_usage_cost_ledger.sql (13.46ms)
2026/09/08 15:42:17 OK   00048_stage_run_output_binding.sql (12.55ms)
2026/09/08 15:42:17 OK   00049_stage_cutover_control.sql (29.47ms)
2026/09/08 15:42:17 OK   00050_stage_graph_instantiation_dispatch.sql (13.21ms)
2026/09/08 15:42:17 OK   00051_atomic_stage_graph_admission.sql (4.53ms)
2026/09/08 15:42:17 OK   00052_stage_cutover_zero_backlog_seal.sql (15.54ms)
2026/09/08 15:42:17 OK   00053_legacy_h3_guarded_contraction.sql (10.85ms)
2026/09/08 15:42:17 OK   00054_stage_transfer_consume_destination.sql (2.33ms)
2026/09/08 15:42:17 OK   00055_h3_campaign_evidence_reader.sql (3.67ms)
2026/09/08 15:42:17 OK   00056_stage_observability_reader.sql (1.03ms)
2026/09/08 15:42:17 OK   00057_legacy_h3_release_contraction_gate.sql (6.24ms)
2026/09/08 15:42:17 OK   00058_legacy_h3_schema_contraction.sql (187.87ms)
2026/09/08 15:42:17 OK   00059_model_runtime_epoch_registration.sql (15.96ms)
2026/09/08 15:42:17 OK   00060_model_runtime_gang_barrier.sql (11.84ms)
2026/09/08 15:42:17 OK   00061_stage_worker_gang_authority.sql (3.72ms)
2026/09/08 15:42:17 OK   00062_stage_authority_member_identity.sql (1.68ms)
2026/09/08 15:42:17 OK   00063_h3_execution_snapshot.sql (1.9ms)
2026/09/08 15:42:17 OK   00064_model_runtime_capacity_routes.sql (9.65ms)
2026/09/08 15:42:17 OK   00065_h3_exact_cache_reconciliation.sql (7.35ms)
2026/09/08 15:42:17 OK   00066_stage_worker_control_session_capacity.sql (15.56ms)
2026/09/08 15:42:17 OK   00067_stage_scheduler_project_capacity.sql (2.16ms)
2026/09/08 15:42:17 OK   00068_stage_assignment_connector_states.sql (2.06ms)
2026/09/08 15:42:17 OK   00069_stage_transfer_server_clock.sql (3.66ms)
2026/09/08 15:42:17 OK   00070_stage_lease_expiry_recovery.sql (5.95ms)
2026/09/08 15:42:17 OK   00071_stage_artifact_lifecycle.sql (13.32ms)
2026/09/08 15:42:17 OK   00072_recovery_quiescence.sql (11.73ms)
2026/09/08 15:42:17 OK   00073_stage_cache_downstream_bindings.sql (4.86ms)
2026/09/08 15:42:17 OK   00074_job_owned_public_artifact_copies.sql (3.14ms)
2026/09/08 15:42:17 OK   00075_stage_graph_failure_terminalization.sql (21.91ms)
2026/09/08 15:42:17 OK   00076_allocation_usage_unit.sql (1.08ms)
2026/09/08 15:42:17 OK   00077_runtime_usage_receipts.sql (2.39ms)
2026/09/08 15:42:17 OK   00078_idle_stage_worker_probe.sql (3.22ms)
2026/09/08 15:42:17 OK   00079_stage_job_expiry.sql (4.07ms)
2026/09/08 15:42:17 OK   00080_stage_scheduler_snapshot_lock_order.sql (3.36ms)
2026/09/08 15:42:17 OK   00081_stage_assignment_quorum.sql (1.48ms)
2026/09/08 15:42:17 OK   00082_stage_success_storage_completion.sql (2.92ms)
2026/09/08 15:42:17 OK   00083_capacity_observation_lifecycle.sql (4.28ms)
2026/09/08 15:42:17 OK   00084_blocked_stage_worker_probe.sql (3.1ms)
2026/09/08 15:42:17 OK   00085_stage_materialization_terminal_replay.sql (2.38ms)
2026/09/08 15:42:17 OK   00086_stage_failure_terminal_replay.sql (6.13ms)
2026/09/08 15:42:17 OK   00087_stage_claim_finalization_lock_order.sql (2.22ms)
2026/09/08 15:42:17 OK   00088_stage_allocation_execution_sequence.sql (3.66ms)
2026/09/08 15:42:17 OK   00089_stage_terminal_history.sql (4.13ms)
2026/09/08 15:42:17 OK   00090_stage_assignment_content_lifecycle.sql (13.3ms)
2026/09/08 15:42:18 OK   00091_worker_journal_bootstrap.sql (15.85ms)
2026/09/08 15:42:18 OK   00092_worker_bootstrap_history.sql (2.11ms)
2026/09/08 15:42:18 OK   00093_worker_bootstrap_nonzero_scopes.sql (1.17ms)
2026/09/08 15:42:18 OK   00094_worker_bootstrap_abandonment.sql (9.73ms)
2026/09/08 15:42:18 goose: successfully migrated database to version: 94
    cpu_mock_production_loop_campaign_test.go:19: CPU_MOCK_CAMPAIGN_START {"durable_stream":true,"exact_cache":false,"go_version":"go1.26.7","initial_budget":{"planned_jobs":32,"fixed_price_per_job_minor":1250,"initial_credit_limit_minor":40000,"currency":"CNY"},"runtime_binary_sha256":{"vela-h3-stage-mock":"2f572c2df6cf7619cb81322569acae2477dc5b8ab6a63ed646976a2a8d167ecd","vela-lab-cpu-thumbnail-mock":"763aace4542d4a443ae326ad0ab201a39832dafaf42ff6fef48a09c3282f4cce"},"source_tree_sha256":"97291ec7df3d483ec9296842dab881638a6c3d199b72bbbcd27d5241af78874b"}
    cpu_mock_production_loop_campaign_test.go:86: encoder production retry resume-materialization: commit durable StageArtifact: rpc error: code = AlreadyExists desc = Stage Worker request identity is duplicated
    cpu_mock_production_loop_campaign_test.go:86: dit production retry resume-materialization: commit durable StageArtifact: rpc error: code = AlreadyExists desc = Stage Worker request identity is duplicated
    cpu_mock_production_loop_campaign_test.go:86: vae production retry resume-materialization: commit durable StageArtifact: rpc error: code = AlreadyExists desc = Stage Worker request identity is duplicated
    cpu_mock_production_loop_campaign_test.go:86: thumbnail production retry resume-materialization: commit durable StageArtifact: rpc error: code = AlreadyExists desc = Stage Worker request identity is duplicated
    cpu_mock_production_loop_campaign_test.go:19: execute StageAssignment: StageAuthority is stale
    cpu_mock_load_campaign_test.go:221: CPU_CAMPAIGN_POSTGRES_LOG
        The files belonging to this database system will be owned by user "postgres".
        This user must also own the server process.
        
        The database cluster will be initialized with locale "en_US.utf8".
        The default database encoding has accordingly been set to "UTF8".
        The default text search configuration will be set to "english".
        
        Data page checksums are disabled.
        
        fixing permissions on existing directory /var/lib/postgresql/data ... ok
        creating subdirectories ... ok
        selecting dynamic shared memory implementation ... posix
        selecting default "max_connections" ... 100
        selecting default "shared_buffers" ... 128MB
        selecting default time zone ... UTC
        creating configuration files ... ok
        running bootstrap script ... ok
        sh: locale: not found
        2026-09-08 07:42:15.900 UTC [35] WARNING:  no usable system locales were found
        performing post-bootstrap initialization ... ok
        initdb: warning: enabling "trust" authentication for local connections
        initdb: hint: You can change this by editing pg_hba.conf or using the option -A, or --auth-local and --auth-host, the next time you run initdb.
        syncing data to disk ... ok
        
        
        Success. You can now start the database server using:
        
            pg_ctl -D /var/lib/postgresql/data -l logfile start
        
        waiting for server to start....2026-09-08 07:42:16.161 UTC [41] LOG:  starting PostgreSQL 17.11 on aarch64-unknown-linux-musl, compiled by gcc (Alpine 15.2.0) 15.2.0, 64-bit
        2026-09-08 07:42:16.161 UTC [41] LOG:  listening on Unix socket "/var/run/postgresql/.s.PGSQL.5432"
        2026-09-08 07:42:16.162 UTC [44] LOG:  database system was shut down at 2026-09-08 07:42:16 UTC
        2026-09-08 07:42:16.163 UTC [41] LOG:  database system is ready to accept connections
         done
        server started
        CREATE DATABASE
        
        
        /usr/local/bin/docker-entrypoint.sh: ignoring /docker-entrypoint-initdb.d/*
        
        waiting for server to shut down....2026-09-08 07:42:16.279 UTC [41] LOG:  received fast shutdown request
        2026-09-08 07:42:16.279 UTC [41] LOG:  aborting any active transactions
        2026-09-08 07:42:16.280 UTC [41] LOG:  background worker "logical replication launcher" (PID 47) exited with exit code 1
        2026-09-08 07:42:16.280 UTC [42] LOG:  shutting down
        2026-09-08 07:42:16.280 UTC [42] LOG:  checkpoint starting: shutdown immediate
        2026-09-08 07:42:16.284 UTC [42] LOG:  checkpoint complete: wrote 926 buffers (5.7%); 0 WAL file(s) added, 0 removed, 0 recycled; write=0.004 s, sync=0.001 s, total=0.004 s; sync files=0, longest=0.000 s, average=0.000 s; distance=4266 kB, estimate=4266 kB; lsn=0/191E800, redo lsn=0/191E800
        2026-09-08 07:42:16.286 UTC [41] LOG:  database system is shut down
         done
        server stopped
        
        PostgreSQL init process complete; ready for start up.
        
        2026-09-08 07:42:16.392 UTC [1] LOG:  starting PostgreSQL 17.11 on aarch64-unknown-linux-musl, compiled by gcc (Alpine 15.2.0) 15.2.0, 64-bit
        2026-09-08 07:42:16.392 UTC [1] LOG:  listening on IPv4 address "0.0.0.0", port 5432
        2026-09-08 07:42:16.392 UTC [1] LOG:  listening on IPv6 address "::", port 5432
        2026-09-08 07:42:16.392 UTC [1] LOG:  listening on Unix socket "/var/run/postgresql/.s.PGSQL.5432"
        2026-09-08 07:42:16.393 UTC [57] LOG:  database system was shut down at 2026-09-08 07:42:16 UTC
        2026-09-08 07:42:16.394 UTC [1] LOG:  database system is ready to accept connections
        2026-09-08 07:42:16.473 UTC [61] ERROR:  relation "goose_db_version" does not exist at character 36
        2026-09-08 07:42:16.473 UTC [61] STATEMENT:  SELECT version_id, is_applied from goose_db_version ORDER BY id DESC
        2026-09-08 07:42:21.361 UTC [79] ERROR:  CapacityPool scheduling state changed before claim
        2026-09-08 07:42:21.361 UTC [79] CONTEXT:  PL/pgSQL function vela_claim_stage_scheduler_decision(jsonb) line 130 at RAISE
        2026-09-08 07:42:21.361 UTC [79] STATEMENT:  
        			SELECT claim_id, replayed
        			FROM vela_claim_stage_scheduler_decision($1::jsonb)
        		
        2026-09-08 07:42:21.557 UTC [79] ERROR:  CapacityPool scheduling state changed before claim
        2026-09-08 07:42:21.557 UTC [79] CONTEXT:  PL/pgSQL function vela_claim_stage_scheduler_decision(jsonb) line 130 at RAISE
        2026-09-08 07:42:21.557 UTC [79] STATEMENT:  
        			SELECT claim_id, replayed
        			FROM vela_claim_stage_scheduler_decision($1::jsonb)
        		
        2026-09-08 07:42:21.750 UTC [79] ERROR:  CapacityPool scheduling state changed before claim
        2026-09-08 07:42:21.750 UTC [79] CONTEXT:  PL/pgSQL function vela_claim_stage_scheduler_decision(jsonb) line 130 at RAISE
        2026-09-08 07:42:21.750 UTC [79] STATEMENT:  
        			SELECT claim_id, replayed
        			FROM vela_claim_stage_scheduler_decision($1::jsonb)
        		
2026/09/08 15:42:28 🐳 Stopping container: 69b699928143
2026/09/08 15:42:28 ✅ Container stopped: 69b699928143
2026/09/08 15:42:28 🐳 Terminating container: 69b699928143
2026/09/08 15:42:28 🚫 Container terminated: 69b699928143
--- FAIL: TestCPUMockProductionLoopJobCampaign (14.65s)
FAIL
FAIL	github.com/vivym/vela/internal/integration	16.492s
FAIL
