=== RUN   TestCPUMockDurableStreamExactCacheCampaign
2026/09/08 23:24:20 github.com/testcontainers/testcontainers-go - Connected to docker: 
  Server Version: 28.3.2
  API Version: 1.51
  Operating System: Docker Desktop
  Total Memory: 32044 MB
  Labels:
    com.docker.desktop.address=unix:///Users/viv/Library/Containers/com.docker.docker/Data/docker-cli.sock
  Testcontainers for Go Version: v0.44.0
  Resolved Docker Host: unix:///var/run/docker.sock
  Resolved Docker Socket Path: /var/run/docker.sock
  Test SessionID: 8f6587b06851dbf38d1ae609c50dc51bc49b679deef3109dd23bfe7a52521690
  Test ProcessID: 0a4378c6-e775-45ed-9a9a-1779a4ad591c
2026/09/08 23:24:20 🐳 Creating container for image postgres:17-alpine
2026/09/08 23:24:20 🐳 Creating container for image testcontainers/ryuk:0.14.0
2026/09/08 23:24:20 ✅ Container created: b26a5e68de35
2026/09/08 23:24:20 🐳 Starting container: b26a5e68de35
2026/09/08 23:24:21 ✅ Container started: b26a5e68de35
2026/09/08 23:24:21 ⏳ Waiting for container id b26a5e68de35 image: testcontainers/ryuk:0.14.0. Waiting for: all of: [log message "Started", port 8080/tcp to be listening]
2026/09/08 23:24:21 Shell not found in container
2026/09/08 23:24:21 🔔 Container is ready: b26a5e68de35
2026/09/08 23:24:21 ✅ Container created: 46a38c581076
2026/09/08 23:24:21 🐳 Starting container: 46a38c581076
2026/09/08 23:24:21 ✅ Container started: 46a38c581076
2026/09/08 23:24:21 ⏳ Waiting for container id 46a38c581076 image: postgres:17-alpine. Waiting for: all of: [all of: [log message "database system is ready to accept connections" (occurrence: 2), port 5432/tcp to be mapped]]
2026/09/08 23:24:22 🔔 Container is ready: 46a38c581076
2026/09/08 23:24:22 OK   00001_foundation.sql (74.54ms)
2026/09/08 23:24:22 OK   00002_worker_assignment.sql (16.51ms)
2026/09/08 23:24:22 OK   00003_worker_start.sql (3.19ms)
2026/09/08 23:24:22 OK   00004_worker_heartbeat.sql (18.36ms)
2026/09/08 23:24:22 OK   00005_execution_failure.sql (15.96ms)
2026/09/08 23:24:22 OK   00006_customer_cancellation.sql (33.05ms)
2026/09/08 23:24:22 OK   00007_artifact_finalization.sql (36.6ms)
2026/09/08 23:24:22 OK   00008_hierarchical_scheduler.sql (55.12ms)
2026/09/08 23:24:22 OK   00009_invoice_export.sql (14.75ms)
2026/09/08 23:24:22 OK   00010_profile_certification_circuit.sql (22.03ms)
2026/09/08 23:24:22 OK   00011_project_webhooks.sql (37.75ms)
2026/09/08 23:24:22 OK   00012_human_oidc_fixed_rbac.sql (28.17ms)
2026/09/08 23:24:22 OK   00013_service_principal_administration.sql (17.2ms)
2026/09/08 23:24:22 OK   00014_human_membership_administration.sql (30.32ms)
2026/09/08 23:24:22 OK   00015_organization_reporting.sql (19.67ms)
2026/09/08 23:24:22 OK   00016_project_retention_content_deletion.sql (58.75ms)
2026/09/08 23:24:22 OK   00017_platform_operator_break_glass.sql (36.81ms)
2026/09/08 23:24:22 OK   00018_finance_reconciliation.sql (18.32ms)
2026/09/08 23:24:22 OK   00019_certified_remediation.sql (23.58ms)
2026/09/08 23:24:22 OK   00020_remediation_execution_claim.sql (5.89ms)
2026/09/08 23:24:22 OK   00021_remediation_execution_dispatch.sql (2.27ms)
2026/09/08 23:24:22 OK   00022_remediation_execution_claim_replay.sql (2.43ms)
2026/09/08 23:24:22 OK   00023_fleet_controller_worker_readiness.sql (73.32ms)
2026/09/08 23:24:22 OK   00024_staging_artifact_expiry.sql (4.17ms)
2026/09/08 23:24:22 OK   00025_scheduler_inbox_receipt.sql (2.93ms)
2026/09/08 23:24:22 OK   00026_synchronous_quorum_guard.sql (1.88ms)
2026/09/08 23:24:22 OK   00027_authorized_debug_dump_lifecycle.sql (52.6ms)
2026/09/08 23:24:22 OK   00028_off_cluster_backup_retention.sql (12.56ms)
2026/09/08 23:24:23 OK   00029_artifact_backup_replication.sql (11.61ms)
2026/09/08 23:24:23 OK   00030_non_content_legal_hold.sql (23.85ms)
2026/09/08 23:24:23 OK   00031_non_content_record_expiry.sql (71.19ms)
2026/09/08 23:24:23 OK   00032_catalog_promotion_production_gates.sql (35.86ms)
2026/09/08 23:24:23 OK   00033_statistical_slo_measurement.sql (28.24ms)
2026/09/08 23:24:23 OK   00034_stage_execution_catalog.sql (62.48ms)
2026/09/08 23:24:23 OK   00035_worker_instance_residency.sql (72.63ms)
2026/09/08 23:24:23 OK   00036_stage_attempt_authority.sql (96.94ms)
2026/09/08 23:24:23 OK   00037_stage_scheduler.sql (51.04ms)
2026/09/08 23:24:23 OK   00038_stage_artifact.sql (51.87ms)
2026/09/08 23:24:23 OK   00039_stage_worker_control_authority.sql (3.77ms)
2026/09/08 23:24:23 OK   00040_stage_worker_execution.sql (22.14ms)
2026/09/08 23:24:23 OK   00041_stage_worker_operations.sql (14.62ms)
2026/09/08 23:24:23 OK   00042_stage_worker_assignment.sql (15.96ms)
2026/09/08 23:24:23 OK   00043_stage_graph_finalization.sql (7.17ms)
2026/09/08 23:24:23 OK   00044_stage_cache.sql (32.14ms)
2026/09/08 23:24:23 OK   00045_stage_graph_finalization_outputs.sql (5.9ms)
2026/09/08 23:24:23 OK   00046_stage_graph_visible_completion.sql (6.95ms)
2026/09/08 23:24:23 OK   00047_usage_cost_ledger.sql (19.01ms)
2026/09/08 23:24:23 OK   00048_stage_run_output_binding.sql (15.14ms)
2026/09/08 23:24:23 OK   00049_stage_cutover_control.sql (56.6ms)
2026/09/08 23:24:23 OK   00050_stage_graph_instantiation_dispatch.sql (19.21ms)
2026/09/08 23:24:23 OK   00051_atomic_stage_graph_admission.sql (9.49ms)
2026/09/08 23:24:23 OK   00052_stage_cutover_zero_backlog_seal.sql (20.61ms)
2026/09/08 23:24:23 OK   00053_legacy_h3_guarded_contraction.sql (15.68ms)
2026/09/08 23:24:23 OK   00054_stage_transfer_consume_destination.sql (3.41ms)
2026/09/08 23:24:23 OK   00055_h3_campaign_evidence_reader.sql (4.11ms)
2026/09/08 23:24:23 OK   00056_stage_observability_reader.sql (991.67µs)
2026/09/08 23:24:23 OK   00057_legacy_h3_release_contraction_gate.sql (10.02ms)
2026/09/08 23:24:23 OK   00058_legacy_h3_schema_contraction.sql (183ms)
2026/09/08 23:24:24 OK   00059_model_runtime_epoch_registration.sql (22.47ms)
2026/09/08 23:24:24 OK   00060_model_runtime_gang_barrier.sql (19.88ms)
2026/09/08 23:24:24 OK   00061_stage_worker_gang_authority.sql (6.38ms)
2026/09/08 23:24:24 OK   00062_stage_authority_member_identity.sql (2.97ms)
2026/09/08 23:24:24 OK   00063_h3_execution_snapshot.sql (3.14ms)
2026/09/08 23:24:24 OK   00064_model_runtime_capacity_routes.sql (12.87ms)
2026/09/08 23:24:24 OK   00065_h3_exact_cache_reconciliation.sql (11.57ms)
2026/09/08 23:24:24 OK   00066_stage_worker_control_session_capacity.sql (25.75ms)
2026/09/08 23:24:24 OK   00067_stage_scheduler_project_capacity.sql (2.42ms)
2026/09/08 23:24:24 OK   00068_stage_assignment_connector_states.sql (1.86ms)
2026/09/08 23:24:24 OK   00069_stage_transfer_server_clock.sql (5.21ms)
2026/09/08 23:24:24 OK   00070_stage_lease_expiry_recovery.sql (11.39ms)
2026/09/08 23:24:24 OK   00071_stage_artifact_lifecycle.sql (18.33ms)
2026/09/08 23:24:24 OK   00072_recovery_quiescence.sql (14.28ms)
2026/09/08 23:24:24 OK   00073_stage_cache_downstream_bindings.sql (6.58ms)
2026/09/08 23:24:24 OK   00074_job_owned_public_artifact_copies.sql (3.46ms)
2026/09/08 23:24:24 OK   00075_stage_graph_failure_terminalization.sql (21.68ms)
2026/09/08 23:24:24 OK   00076_allocation_usage_unit.sql (1.19ms)
2026/09/08 23:24:24 OK   00077_runtime_usage_receipts.sql (4.11ms)
2026/09/08 23:24:24 OK   00078_idle_stage_worker_probe.sql (5.63ms)
2026/09/08 23:24:24 OK   00079_stage_job_expiry.sql (6.21ms)
2026/09/08 23:24:24 OK   00080_stage_scheduler_snapshot_lock_order.sql (3.43ms)
2026/09/08 23:24:24 OK   00081_stage_assignment_quorum.sql (1.45ms)
2026/09/08 23:24:24 OK   00082_stage_success_storage_completion.sql (3.14ms)
2026/09/08 23:24:24 OK   00083_capacity_observation_lifecycle.sql (4.38ms)
2026/09/08 23:24:24 OK   00084_blocked_stage_worker_probe.sql (3.8ms)
2026/09/08 23:24:24 OK   00085_stage_materialization_terminal_replay.sql (2.6ms)
2026/09/08 23:24:24 OK   00086_stage_failure_terminal_replay.sql (5.95ms)
2026/09/08 23:24:24 OK   00087_stage_claim_finalization_lock_order.sql (2.27ms)
2026/09/08 23:24:24 OK   00088_stage_allocation_execution_sequence.sql (4.41ms)
2026/09/08 23:24:24 OK   00089_stage_terminal_history.sql (8.06ms)
2026/09/08 23:24:24 OK   00090_stage_assignment_content_lifecycle.sql (19.28ms)
2026/09/08 23:24:24 OK   00091_worker_journal_bootstrap.sql (18.37ms)
2026/09/08 23:24:24 OK   00092_worker_bootstrap_history.sql (2.3ms)
2026/09/08 23:24:24 OK   00093_worker_bootstrap_nonzero_scopes.sql (1.22ms)
2026/09/08 23:24:24 OK   00094_worker_bootstrap_abandonment.sql (10.99ms)
2026/09/08 23:24:24 goose: successfully migrated database to version: 94
    cpu_mock_durable_stream_campaign_test.go:35: CPU_MOCK_CAMPAIGN_START {"durable_stream":true,"exact_cache":true,"go_version":"go1.26.7","initial_budget":{"planned_jobs":2,"fixed_price_per_job_minor":1250,"initial_credit_limit_minor":2500,"currency":"CNY"},"runtime_binary_sha256":{"vela-h3-stage-mock":"2f572c2df6cf7619cb81322569acae2477dc5b8ab6a63ed646976a2a8d167ecd","vela-lab-cpu-thumbnail-mock":"763aace4542d4a443ae326ad0ab201a39832dafaf42ff6fef48a09c3282f4cce"},"source_tree_sha256":"6fd580ec9b2d4b962d6ee8b95b0ac52417ea47b2b8612d5facb12a5b0976f92e"}
    cpu_mock_durable_stream_campaign_test.go:35: CPU_MOCK_EXACT_CACHE_RECEIPT {"admission":{"AdmissionCandidates":2,"Admitted":2,"HitCandidates":0,"Hits":0,"Skipped":0},"after_maintenance":{"observed_at":"2026-09-08T15:24:32.128505Z","queued_jobs":0,"running_jobs":0,"active_allocations":0,"active_leases":0,"reserved_storage":0,"reserved_storage_bytes":0,"materialized_stage_bytes":26638,"held_buffers":0,"visible_completions":2,"acquire_intents":6,"database_bytes":29030067,"test_process_heap_bytes":14559224,"test_process_goroutines":143,"runtime_scratch_bytes":0,"local_journal_bytes":70481,"runtime_input_bytes":0,"runtime_output_bytes":0,"runtime_watchdog_goroutines":0,"reserved_credit_minor":0,"posted_credit_minor":2500,"charges":2,"pool_active_counters":0,"active_execution_pins":0,"active_finalization_pins":0,"active_cache_pins":0,"live_cache_entries":2,"active_cache_carrying_references":2,"committed_stage_artifacts":6},"after_source":{"observed_at":"2026-09-08T15:24:30.482783Z","queued_jobs":0,"running_jobs":0,"active_allocations":0,"active_leases":0,"reserved_storage":0,"reserved_storage_bytes":0,"materialized_stage_bytes":13521,"held_buffers":0,"visible_completions":1,"acquire_intents":4,"database_bytes":28686003,"test_process_heap_bytes":12608000,"test_process_goroutines":143,"runtime_scratch_bytes":0,"local_journal_bytes":49777,"runtime_input_bytes":0,"runtime_output_bytes":0,"runtime_watchdog_goroutines":0,"reserved_credit_minor":0,"posted_credit_minor":1250,"charges":1,"pool_active_counters":0,"active_execution_pins":3,"active_finalization_pins":0,"active_cache_pins":0,"live_cache_entries":0,"active_cache_carrying_references":0,"committed_stage_artifacts":4,"processes":[{"pid":93187,"name":"integration.test","rss_bytes":242401280,"open_fds":131},{"pid":93220,"name":"h3-encoder","rss_bytes":17858560,"open_fds":12},{"pid":93221,"name":"h3-dit","rss_bytes":17661952,"open_fds":12},{"pid":93224,"name":"h3-vae-decoder","rss_bytes":17743872,"open_fds":12},{"pid":93225,"name":"vela-lab-cpu-thumbnail-mock","rss_bytes":17661952,"open_fds":12}]},"after_target":{"observed_at":"2026-09-08T15:24:32.019544Z","queued_jobs":0,"running_jobs":0,"active_allocations":0,"active_leases":0,"reserved_storage":0,"reserved_storage_bytes":0,"materialized_stage_bytes":26638,"held_buffers":1,"visible_completions":2,"acquire_intents":6,"database_bytes":29030067,"test_process_heap_bytes":12080680,"test_process_goroutines":143,"runtime_scratch_bytes":0,"local_journal_bytes":70481,"runtime_input_bytes":0,"runtime_output_bytes":0,"runtime_watchdog_goroutines":0,"reserved_credit_minor":0,"posted_credit_minor":2500,"charges":2,"pool_active_counters":0,"active_execution_pins":8,"active_finalization_pins":0,"active_cache_pins":0,"live_cache_entries":2,"active_cache_carrying_references":2,"committed_stage_artifacts":6,"processes":[{"pid":93187,"name":"integration.test","rss_bytes":244105216,"open_fds":131},{"pid":93220,"name":"h3-encoder","rss_bytes":17858560,"open_fds":12},{"pid":93221,"name":"h3-dit","rss_bytes":17661952,"open_fds":12},{"pid":93224,"name":"h3-vae-decoder","rss_bytes":19562496,"open_fds":12},{"pid":93225,"name":"vela-lab-cpu-thumbnail-mock","rss_bytes":17809408,"open_fds":12}]},"before":{"observed_at":"2026-09-08T15:24:27.115257Z","queued_jobs":0,"running_jobs":0,"active_allocations":0,"active_leases":0,"reserved_storage":0,"reserved_storage_bytes":0,"materialized_stage_bytes":0,"held_buffers":0,"visible_completions":0,"acquire_intents":0,"database_bytes":26670771,"test_process_heap_bytes":11348968,"test_process_goroutines":102,"runtime_scratch_bytes":0,"local_journal_bytes":4969,"runtime_input_bytes":0,"runtime_output_bytes":0,"runtime_watchdog_goroutines":0,"reserved_credit_minor":0,"posted_credit_minor":0,"charges":0,"pool_active_counters":0,"active_execution_pins":0,"active_finalization_pins":0,"active_cache_pins":0,"live_cache_entries":0,"active_cache_carrying_references":0,"committed_stage_artifacts":0,"processes":[{"pid":93187,"name":"integration.test","rss_bytes":213008384,"open_fds":120},{"pid":93220,"name":"h3-encoder","rss_bytes":16908288,"open_fds":12},{"pid":93221,"name":"h3-dit","rss_bytes":16793600,"open_fds":12},{"pid":93224,"name":"h3-vae-decoder","rss_bytes":16744448,"open_fds":12},{"pid":93225,"name":"vela-lab-cpu-thumbnail-mock","rss_bytes":16547840,"open_fds":12}]},"capacity_reports_by_worker":{"dit":1,"encoder":1,"thumbnail":1,"vae":1},"consumed_transfers":5,"direct_allocation_receipts":6,"durable_records_by_worker":{"dit":1,"encoder":1,"thumbnail":2,"vae":2},"durable_stream":true,"elapsed_seconds":5.068901,"evidence_class":"LOCAL_CPU_MOCK_EXACT_CACHE","exact_bindings_and_pins":[{"stage":"dit","source_artifact_id":"f0378ee7-0dcc-570d-8c0b-d3f08c370b91","object_version":"local-v00000000000000000002","pin_id":"850e669c-ad61-51ba-899d-2ac668fcf1be"},{"stage":"encoder","source_artifact_id":"4e60cf6d-9371-55dd-aaf6-787553d7dcd5","object_version":"local-v00000000000000000001","pin_id":"f5ab747f-defd-5c9f-b8bf-5bd939332e35"}],"ffprobe_version":"ffprobe version 8.0.1 Copyright (c) 2007-2025 the FFmpeg developers","go_version":"go1.26.7","hits":[{"AdmissionCandidates":0,"Admitted":0,"HitCandidates":2,"Hits":1,"Skipped":0},{"AdmissionCandidates":0,"Admitted":0,"HitCandidates":2,"Hits":1,"Skipped":0}],"initial_budget":{"planned_jobs":2,"fixed_price_per_job_minor":1250,"initial_credit_limit_minor":2500,"currency":"CNY"},"limitations":["bounded CPU mock Jobs, not sustained open-loop throughput or GPU certification","real mTLS Control stream and durable StreamAgent; Runtime gRPC and model processes are local CPU fixtures","Worker readiness/Registry setup uses fixture services; production Fleet activation, Node custody/startup and ProductionAgent orchestration are separate","lost committed responses reconstruct StreamAgent/file journal and replace mTLS transport in the same fixture session; processes remain live; production session reattachment is separate","bounded harness retries confirmed STALE Acquire results with new command IDs; production discovery orchestration is not exercised","input/output payload retirement is measured separately from retained journal metadata; history reclamation is not implemented","local exact-version object store, not remote S3; physical isolation and power-cut durability are separate","host race instrumentation does not instrument native mock subprocesses; sampled resources are not full VM peaks","BITWISE policy is a fixture declaration; native payloads, exact versions, ADMIT/HIT and billing are measured","Reconciler drives ADMIT/HIT before target Acquire; cache/scheduler races and organization isolation are separate tests"],"maintenance_result":{"RequestContentExpired":0,"ContentDeletionRequestsCreated":0,"Claimed":0,"Completed":0,"Failed":0},"production_gate":false,"replayed_commits":4,"runtime_binary_sha256":{"vela-h3-stage-mock":"2f572c2df6cf7619cb81322569acae2477dc5b8ab6a63ed646976a2a8d167ecd","vela-lab-cpu-thumbnail-mock":"763aace4542d4a443ae326ad0ab201a39832dafaf42ff6fef48a09c3282f4cce"},"schema_version":1,"source_job_id":"d809c3b6-471a-4356-b3a2-0c07515c3b5d","source_physical_stages":4,"source_tree_sha256":"6fd580ec9b2d4b962d6ee8b95b0ac52417ea47b2b8612d5facb12a5b0976f92e","started_at":"2026-09-08T15:24:27.115254Z","target_job_id":"ee87a48f-43d8-45be-aacc-2824d8dcd43f","target_physical_stages":2,"verified_public_copies":[{"job_id":"d809c3b6-471a-4356-b3a2-0c07515c3b5d","kind":"VIDEO","object_key":"artifacts/00000000-0000-0000-0000-000000000001/00000000-0000-0000-0000-000000000002/d809c3b6-471a-4356-b3a2-0c07515c3b5d/f001f1fb-8dc3-530a-b564-3feb75eb5098","object_version":"local-v00000000000000000006","sha256":"0c91cb7c0225493a7e7b0855484fd7a82baf277b9812d7954e2b8d0bb3f1ee01","size_bytes":12953},{"job_id":"ee87a48f-43d8-45be-aacc-2824d8dcd43f","kind":"VIDEO","object_key":"artifacts/00000000-0000-0000-0000-000000000001/00000000-0000-0000-0000-000000000002/ee87a48f-43d8-45be-aacc-2824d8dcd43f/08a48925-8cbb-566d-992b-c1b0c7d652aa","object_version":"local-v00000000000000000010","sha256":"0c91cb7c0225493a7e7b0855484fd7a82baf277b9812d7954e2b8d0bb3f1ee01","size_bytes":12953},{"job_id":"d809c3b6-471a-4356-b3a2-0c07515c3b5d","kind":"THUMBNAIL","object_key":"artifacts/00000000-0000-0000-0000-000000000001/00000000-0000-0000-0000-000000000002/d809c3b6-471a-4356-b3a2-0c07515c3b5d/180a7009-8c33-54d3-bc75-8d78a1d934af","object_version":"local-v00000000000000000005","sha256":"4a5bebd434087d98bcc98e7c7f52a81e842b740800acd5e212de905b12282a58","size_bytes":164},{"job_id":"ee87a48f-43d8-45be-aacc-2824d8dcd43f","kind":"THUMBNAIL","object_key":"artifacts/00000000-0000-0000-0000-000000000001/00000000-0000-0000-0000-000000000002/ee87a48f-43d8-45be-aacc-2824d8dcd43f/7cc1e8ce-bb0b-53f3-831c-840438b3a8d0","object_version":"local-v00000000000000000009","sha256":"4a5bebd434087d98bcc98e7c7f52a81e842b740800acd5e212de905b12282a58","size_bytes":164}]}
2026/09/08 23:24:32 🐳 Stopping container: 46a38c581076
2026/09/08 23:24:32 ✅ Container stopped: 46a38c581076
2026/09/08 23:24:32 🐳 Terminating container: 46a38c581076
2026/09/08 23:24:32 🚫 Container terminated: 46a38c581076
--- PASS: TestCPUMockDurableStreamExactCacheCampaign (13.29s)
=== RUN   TestCPUMockExactCacheSourceTargetCampaign
2026/09/08 23:24:33 🐳 Creating container for image postgres:17-alpine
2026/09/08 23:24:34 ✅ Container created: ff794bcfa412
2026/09/08 23:24:34 🐳 Starting container: ff794bcfa412
2026/09/08 23:24:34 ✅ Container started: ff794bcfa412
2026/09/08 23:24:34 ⏳ Waiting for container id ff794bcfa412 image: postgres:17-alpine. Waiting for: all of: [all of: [log message "database system is ready to accept connections" (occurrence: 2), port 5432/tcp to be mapped]]
2026/09/08 23:24:35 🔔 Container is ready: ff794bcfa412
2026/09/08 23:24:35 OK   00001_foundation.sql (70.29ms)
2026/09/08 23:24:35 OK   00002_worker_assignment.sql (19.61ms)
2026/09/08 23:24:35 OK   00003_worker_start.sql (6.13ms)
2026/09/08 23:24:35 OK   00004_worker_heartbeat.sql (33.86ms)
2026/09/08 23:24:35 OK   00005_execution_failure.sql (35.16ms)
2026/09/08 23:24:35 OK   00006_customer_cancellation.sql (39.7ms)
2026/09/08 23:24:35 OK   00007_artifact_finalization.sql (40.07ms)
2026/09/08 23:24:35 OK   00008_hierarchical_scheduler.sql (53.58ms)
2026/09/08 23:24:35 OK   00009_invoice_export.sql (14.58ms)
2026/09/08 23:24:35 OK   00010_profile_certification_circuit.sql (22.61ms)
2026/09/08 23:24:35 OK   00011_project_webhooks.sql (36.04ms)
2026/09/08 23:24:35 OK   00012_human_oidc_fixed_rbac.sql (28.57ms)
2026/09/08 23:24:35 OK   00013_service_principal_administration.sql (16.51ms)
2026/09/08 23:24:35 OK   00014_human_membership_administration.sql (29.45ms)
2026/09/08 23:24:35 OK   00015_organization_reporting.sql (20.18ms)
2026/09/08 23:24:35 OK   00016_project_retention_content_deletion.sql (59.05ms)
2026/09/08 23:24:35 OK   00017_platform_operator_break_glass.sql (39.08ms)
2026/09/08 23:24:35 OK   00018_finance_reconciliation.sql (18.24ms)
2026/09/08 23:24:35 OK   00019_certified_remediation.sql (24.34ms)
2026/09/08 23:24:35 OK   00020_remediation_execution_claim.sql (5.8ms)
2026/09/08 23:24:35 OK   00021_remediation_execution_dispatch.sql (2.19ms)
2026/09/08 23:24:35 OK   00022_remediation_execution_claim_replay.sql (2.17ms)
2026/09/08 23:24:35 OK   00023_fleet_controller_worker_readiness.sql (73.31ms)
2026/09/08 23:24:35 OK   00024_staging_artifact_expiry.sql (4.11ms)
2026/09/08 23:24:35 OK   00025_scheduler_inbox_receipt.sql (2.9ms)
2026/09/08 23:24:35 OK   00026_synchronous_quorum_guard.sql (1.77ms)
2026/09/08 23:24:35 OK   00027_authorized_debug_dump_lifecycle.sql (52.16ms)
2026/09/08 23:24:35 OK   00028_off_cluster_backup_retention.sql (12.95ms)
2026/09/08 23:24:35 OK   00029_artifact_backup_replication.sql (12.08ms)
2026/09/08 23:24:35 OK   00030_non_content_legal_hold.sql (24.64ms)
2026/09/08 23:24:35 OK   00031_non_content_record_expiry.sql (70.25ms)
2026/09/08 23:24:36 OK   00032_catalog_promotion_production_gates.sql (34.93ms)
2026/09/08 23:24:36 OK   00033_statistical_slo_measurement.sql (27.38ms)
2026/09/08 23:24:36 OK   00034_stage_execution_catalog.sql (62.41ms)
2026/09/08 23:24:36 OK   00035_worker_instance_residency.sql (73.38ms)
2026/09/08 23:24:36 OK   00036_stage_attempt_authority.sql (99.03ms)
2026/09/08 23:24:36 OK   00037_stage_scheduler.sql (51.64ms)
2026/09/08 23:24:36 OK   00038_stage_artifact.sql (50.57ms)
2026/09/08 23:24:36 OK   00039_stage_worker_control_authority.sql (4.2ms)
2026/09/08 23:24:36 OK   00040_stage_worker_execution.sql (21.78ms)
2026/09/08 23:24:36 OK   00041_stage_worker_operations.sql (14.78ms)
2026/09/08 23:24:36 OK   00042_stage_worker_assignment.sql (18.07ms)
2026/09/08 23:24:36 OK   00043_stage_graph_finalization.sql (7.55ms)
2026/09/08 23:24:36 OK   00044_stage_cache.sql (31.68ms)
2026/09/08 23:24:36 OK   00045_stage_graph_finalization_outputs.sql (6.62ms)
2026/09/08 23:24:36 OK   00046_stage_graph_visible_completion.sql (38.64ms)
2026/09/08 23:24:36 OK   00047_usage_cost_ledger.sql (31.19ms)
2026/09/08 23:24:36 OK   00048_stage_run_output_binding.sql (21.32ms)
2026/09/08 23:24:36 OK   00049_stage_cutover_control.sql (61.37ms)
2026/09/08 23:24:36 OK   00050_stage_graph_instantiation_dispatch.sql (21.45ms)
2026/09/08 23:24:36 OK   00051_atomic_stage_graph_admission.sql (9.57ms)
2026/09/08 23:24:36 OK   00052_stage_cutover_zero_backlog_seal.sql (22.24ms)
2026/09/08 23:24:36 OK   00053_legacy_h3_guarded_contraction.sql (15.92ms)
2026/09/08 23:24:36 OK   00054_stage_transfer_consume_destination.sql (3.75ms)
2026/09/08 23:24:36 OK   00055_h3_campaign_evidence_reader.sql (4.4ms)
2026/09/08 23:24:36 OK   00056_stage_observability_reader.sql (1.12ms)
2026/09/08 23:24:36 OK   00057_legacy_h3_release_contraction_gate.sql (10.98ms)
2026/09/08 23:24:36 OK   00058_legacy_h3_schema_contraction.sql (189.94ms)
2026/09/08 23:24:36 OK   00059_model_runtime_epoch_registration.sql (20.61ms)
2026/09/08 23:24:36 OK   00060_model_runtime_gang_barrier.sql (18.47ms)
2026/09/08 23:24:36 OK   00061_stage_worker_gang_authority.sql (6.16ms)
2026/09/08 23:24:36 OK   00062_stage_authority_member_identity.sql (2.81ms)
2026/09/08 23:24:36 OK   00063_h3_execution_snapshot.sql (3.19ms)
2026/09/08 23:24:37 OK   00064_model_runtime_capacity_routes.sql (12.69ms)
2026/09/08 23:24:37 OK   00065_h3_exact_cache_reconciliation.sql (12.04ms)
2026/09/08 23:24:37 OK   00066_stage_worker_control_session_capacity.sql (25.04ms)
2026/09/08 23:24:37 OK   00067_stage_scheduler_project_capacity.sql (2.34ms)
2026/09/08 23:24:37 OK   00068_stage_assignment_connector_states.sql (2.05ms)
2026/09/08 23:24:37 OK   00069_stage_transfer_server_clock.sql (5ms)
2026/09/08 23:24:37 OK   00070_stage_lease_expiry_recovery.sql (11.7ms)
2026/09/08 23:24:37 OK   00071_stage_artifact_lifecycle.sql (19.06ms)
2026/09/08 23:24:37 OK   00072_recovery_quiescence.sql (14.17ms)
2026/09/08 23:24:37 OK   00073_stage_cache_downstream_bindings.sql (6.45ms)
2026/09/08 23:24:37 OK   00074_job_owned_public_artifact_copies.sql (3.43ms)
2026/09/08 23:24:37 OK   00075_stage_graph_failure_terminalization.sql (22.34ms)
2026/09/08 23:24:37 OK   00076_allocation_usage_unit.sql (754.04µs)
2026/09/08 23:24:37 OK   00077_runtime_usage_receipts.sql (4.24ms)
2026/09/08 23:24:37 OK   00078_idle_stage_worker_probe.sql (5.55ms)
2026/09/08 23:24:37 OK   00079_stage_job_expiry.sql (6.55ms)
2026/09/08 23:24:37 OK   00080_stage_scheduler_snapshot_lock_order.sql (3.46ms)
2026/09/08 23:24:37 OK   00081_stage_assignment_quorum.sql (1.83ms)
2026/09/08 23:24:37 OK   00082_stage_success_storage_completion.sql (3.29ms)
2026/09/08 23:24:37 OK   00083_capacity_observation_lifecycle.sql (4.81ms)
2026/09/08 23:24:37 OK   00084_blocked_stage_worker_probe.sql (3.92ms)
2026/09/08 23:24:37 OK   00085_stage_materialization_terminal_replay.sql (2.69ms)
2026/09/08 23:24:37 OK   00086_stage_failure_terminal_replay.sql (6.2ms)
2026/09/08 23:24:37 OK   00087_stage_claim_finalization_lock_order.sql (3.34ms)
2026/09/08 23:24:37 OK   00088_stage_allocation_execution_sequence.sql (4.74ms)
2026/09/08 23:24:37 OK   00089_stage_terminal_history.sql (8.37ms)
2026/09/08 23:24:37 OK   00090_stage_assignment_content_lifecycle.sql (19.28ms)
2026/09/08 23:24:37 OK   00091_worker_journal_bootstrap.sql (19.06ms)
2026/09/08 23:24:37 OK   00092_worker_bootstrap_history.sql (2.69ms)
2026/09/08 23:24:37 OK   00093_worker_bootstrap_nonzero_scopes.sql (1.02ms)
2026/09/08 23:24:37 OK   00094_worker_bootstrap_abandonment.sql (10.71ms)
2026/09/08 23:24:37 goose: successfully migrated database to version: 94
    cpu_mock_exact_cache_campaign_test.go:24: CPU_MOCK_CAMPAIGN_START {"durable_stream":false,"exact_cache":true,"go_version":"go1.26.7","initial_budget":{"planned_jobs":2,"fixed_price_per_job_minor":1250,"initial_credit_limit_minor":2500,"currency":"CNY"},"runtime_binary_sha256":{"vela-h3-stage-mock":"2f572c2df6cf7619cb81322569acae2477dc5b8ab6a63ed646976a2a8d167ecd","vela-lab-cpu-thumbnail-mock":"763aace4542d4a443ae326ad0ab201a39832dafaf42ff6fef48a09c3282f4cce"},"source_tree_sha256":"6fd580ec9b2d4b962d6ee8b95b0ac52417ea47b2b8612d5facb12a5b0976f92e"}
    cpu_mock_exact_cache_campaign_test.go:24: CPU_MOCK_EXACT_CACHE_RECEIPT {"admission":{"AdmissionCandidates":2,"Admitted":2,"HitCandidates":0,"Hits":0,"Skipped":0},"after_maintenance":{"observed_at":"2026-09-08T15:24:40.529668Z","queued_jobs":0,"running_jobs":0,"active_allocations":0,"active_leases":0,"reserved_storage":0,"reserved_storage_bytes":0,"materialized_stage_bytes":26638,"held_buffers":0,"visible_completions":2,"acquire_intents":6,"database_bytes":29021875,"test_process_heap_bytes":13012536,"test_process_goroutines":88,"runtime_scratch_bytes":0,"runtime_input_bytes":0,"runtime_output_bytes":0,"runtime_watchdog_goroutines":0,"reserved_credit_minor":0,"posted_credit_minor":2500,"charges":2,"pool_active_counters":0,"active_execution_pins":0,"active_finalization_pins":0,"active_cache_pins":0,"live_cache_entries":2,"active_cache_carrying_references":2,"committed_stage_artifacts":6},"after_source":{"observed_at":"2026-09-08T15:24:39.830572Z","queued_jobs":0,"running_jobs":0,"active_allocations":0,"active_leases":0,"reserved_storage":0,"reserved_storage_bytes":0,"materialized_stage_bytes":13521,"held_buffers":0,"visible_completions":1,"acquire_intents":4,"database_bytes":28686003,"test_process_heap_bytes":21317528,"test_process_goroutines":88,"runtime_scratch_bytes":0,"runtime_input_bytes":0,"runtime_output_bytes":0,"runtime_watchdog_goroutines":0,"reserved_credit_minor":0,"posted_credit_minor":1250,"charges":1,"pool_active_counters":0,"active_execution_pins":3,"active_finalization_pins":0,"active_cache_pins":0,"live_cache_entries":0,"active_cache_carrying_references":0,"committed_stage_artifacts":4,"processes":[{"pid":93187,"name":"integration.test","rss_bytes":272596992,"open_fds":87},{"pid":93285,"name":"h3-encoder","rss_bytes":17776640,"open_fds":12},{"pid":93286,"name":"h3-dit","rss_bytes":17121280,"open_fds":12},{"pid":93287,"name":"h3-vae-decoder","rss_bytes":17580032,"open_fds":12},{"pid":93288,"name":"vela-lab-cpu-thumbnail-mock","rss_bytes":17186816,"open_fds":12}]},"after_target":{"observed_at":"2026-09-08T15:24:40.429247Z","queued_jobs":0,"running_jobs":0,"active_allocations":0,"active_leases":0,"reserved_storage":0,"reserved_storage_bytes":0,"materialized_stage_bytes":26638,"held_buffers":1,"visible_completions":2,"acquire_intents":6,"database_bytes":29021875,"test_process_heap_bytes":10817808,"test_process_goroutines":88,"runtime_scratch_bytes":0,"runtime_input_bytes":0,"runtime_output_bytes":0,"runtime_watchdog_goroutines":0,"reserved_credit_minor":0,"posted_credit_minor":2500,"charges":2,"pool_active_counters":0,"active_execution_pins":8,"active_finalization_pins":0,"active_cache_pins":0,"live_cache_entries":2,"active_cache_carrying_references":2,"committed_stage_artifacts":6,"processes":[{"pid":93187,"name":"integration.test","rss_bytes":272629760,"open_fds":87},{"pid":93285,"name":"h3-encoder","rss_bytes":17776640,"open_fds":12},{"pid":93286,"name":"h3-dit","rss_bytes":17121280,"open_fds":12},{"pid":93287,"name":"h3-vae-decoder","rss_bytes":17842176,"open_fds":12},{"pid":93288,"name":"vela-lab-cpu-thumbnail-mock","rss_bytes":17252352,"open_fds":12}]},"before":{"observed_at":"2026-09-08T15:24:38.809281Z","queued_jobs":0,"running_jobs":0,"active_allocations":0,"active_leases":0,"reserved_storage":0,"reserved_storage_bytes":0,"materialized_stage_bytes":0,"held_buffers":0,"visible_completions":0,"acquire_intents":0,"database_bytes":26670771,"test_process_heap_bytes":14330632,"test_process_goroutines":64,"runtime_scratch_bytes":0,"runtime_input_bytes":0,"runtime_output_bytes":0,"runtime_watchdog_goroutines":0,"reserved_credit_minor":0,"posted_credit_minor":0,"charges":0,"pool_active_counters":0,"active_execution_pins":0,"active_finalization_pins":0,"active_cache_pins":0,"live_cache_entries":0,"active_cache_carrying_references":0,"committed_stage_artifacts":0,"processes":[{"pid":93187,"name":"integration.test","rss_bytes":273383424,"open_fds":76},{"pid":93285,"name":"h3-encoder","rss_bytes":17072128,"open_fds":12},{"pid":93286,"name":"h3-dit","rss_bytes":16367616,"open_fds":12},{"pid":93287,"name":"h3-vae-decoder","rss_bytes":16859136,"open_fds":12},{"pid":93288,"name":"vela-lab-cpu-thumbnail-mock","rss_bytes":16433152,"open_fds":12}]},"capacity_reports_by_worker":{"dit":1,"encoder":1,"thumbnail":1,"vae":1},"consumed_transfers":5,"direct_allocation_receipts":6,"elapsed_seconds":1.776402,"evidence_class":"LOCAL_CPU_MOCK_EXACT_CACHE","exact_bindings_and_pins":[{"stage":"dit","source_artifact_id":"c2e07a46-fd0a-4241-9068-802270b0caf4","object_version":"local-v00000000000000000002","pin_id":"540e5a65-f038-51b4-90cb-e8ea1d020151"},{"stage":"encoder","source_artifact_id":"e672e498-13bd-4ea3-8a42-5429f602c88f","object_version":"local-v00000000000000000001","pin_id":"ae52590b-2f18-5257-b510-fc7d78ea7edd"}],"ffprobe_version":"ffprobe version 8.0.1 Copyright (c) 2007-2025 the FFmpeg developers","go_version":"go1.26.7","hits":[{"AdmissionCandidates":0,"Admitted":0,"HitCandidates":2,"Hits":1,"Skipped":0},{"AdmissionCandidates":0,"Admitted":0,"HitCandidates":2,"Hits":1,"Skipped":0}],"initial_budget":{"planned_jobs":2,"fixed_price_per_job_minor":1250,"initial_credit_limit_minor":2500,"currency":"CNY"},"limitations":["CPU mock, local exact-version store and loopback Runtime gRPC; no real H3/GPU or Production Gate evidence","public Go control services and low-level agent; production stream handler/journal replay is covered by separate tests","BITWISE equivalence/policy are static fixture catalog declarations; native mock payloads and ADMIT/HIT outcomes are measured","Project cache remains enabled with two admitted entries; cache carrying history is retained","Reconciler drives real ADMIT/HIT before target physical Acquire; this does not benchmark a cache/scheduler race","real ffprobe verifies media; host execution does not prove Linux sandboxing; native subprocesses are not race-instrumented"],"maintenance_result":{"RequestContentExpired":0,"ContentDeletionRequestsCreated":0,"Claimed":0,"Completed":0,"Failed":0},"production_gate":false,"runtime_binary_sha256":{"vela-h3-stage-mock":"2f572c2df6cf7619cb81322569acae2477dc5b8ab6a63ed646976a2a8d167ecd","vela-lab-cpu-thumbnail-mock":"763aace4542d4a443ae326ad0ab201a39832dafaf42ff6fef48a09c3282f4cce"},"schema_version":1,"source_job_id":"92386402-8a6e-4ced-8285-0da930d6d445","source_physical_stages":4,"source_tree_sha256":"6fd580ec9b2d4b962d6ee8b95b0ac52417ea47b2b8612d5facb12a5b0976f92e","started_at":"2026-09-08T15:24:38.809279Z","target_job_id":"ac988f05-8584-4bdb-a088-95c432fc351e","target_physical_stages":2,"verified_public_copies":[{"job_id":"92386402-8a6e-4ced-8285-0da930d6d445","kind":"VIDEO","object_key":"artifacts/00000000-0000-0000-0000-000000000001/00000000-0000-0000-0000-000000000002/92386402-8a6e-4ced-8285-0da930d6d445/7786c9be-9fb1-51b3-8a61-08a5a9f55ddb","object_version":"local-v00000000000000000006","sha256":"0c91cb7c0225493a7e7b0855484fd7a82baf277b9812d7954e2b8d0bb3f1ee01","size_bytes":12953},{"job_id":"ac988f05-8584-4bdb-a088-95c432fc351e","kind":"VIDEO","object_key":"artifacts/00000000-0000-0000-0000-000000000001/00000000-0000-0000-0000-000000000002/ac988f05-8584-4bdb-a088-95c432fc351e/ed948077-a027-56b7-8dc7-7c0beff72608","object_version":"local-v00000000000000000010","sha256":"0c91cb7c0225493a7e7b0855484fd7a82baf277b9812d7954e2b8d0bb3f1ee01","size_bytes":12953},{"job_id":"92386402-8a6e-4ced-8285-0da930d6d445","kind":"THUMBNAIL","object_key":"artifacts/00000000-0000-0000-0000-000000000001/00000000-0000-0000-0000-000000000002/92386402-8a6e-4ced-8285-0da930d6d445/34e08261-dc4a-584a-b7f1-ed48b94a0264","object_version":"local-v00000000000000000005","sha256":"4a5bebd434087d98bcc98e7c7f52a81e842b740800acd5e212de905b12282a58","size_bytes":164},{"job_id":"ac988f05-8584-4bdb-a088-95c432fc351e","kind":"THUMBNAIL","object_key":"artifacts/00000000-0000-0000-0000-000000000001/00000000-0000-0000-0000-000000000002/ac988f05-8584-4bdb-a088-95c432fc351e/677d8bf6-6597-5ed0-856c-bdd212a8be84","object_version":"local-v00000000000000000009","sha256":"4a5bebd434087d98bcc98e7c7f52a81e842b740800acd5e212de905b12282a58","size_bytes":164}]}
2026/09/08 23:24:40 🐳 Stopping container: ff794bcfa412
2026/09/08 23:24:41 ✅ Container stopped: ff794bcfa412
2026/09/08 23:24:41 🐳 Terminating container: ff794bcfa412
2026/09/08 23:24:41 🚫 Container terminated: ff794bcfa412
--- PASS: TestCPUMockExactCacheSourceTargetCampaign (8.41s)
=== RUN   TestCPUMockProductionLoopClockOffsetCampaign
2026/09/08 23:24:42 🐳 Creating container for image postgres:17-alpine
2026/09/08 23:24:42 ✅ Container created: e7f6c557e689
2026/09/08 23:24:42 🐳 Starting container: e7f6c557e689
2026/09/08 23:24:42 ✅ Container started: e7f6c557e689
2026/09/08 23:24:42 ⏳ Waiting for container id e7f6c557e689 image: postgres:17-alpine. Waiting for: all of: [all of: [log message "database system is ready to accept connections" (occurrence: 2), port 5432/tcp to be mapped]]
2026/09/08 23:24:44 🔔 Container is ready: e7f6c557e689
2026/09/08 23:24:44 OK   00001_foundation.sql (68.41ms)
2026/09/08 23:24:44 OK   00002_worker_assignment.sql (16.3ms)
2026/09/08 23:24:44 OK   00003_worker_start.sql (3.13ms)
2026/09/08 23:24:44 OK   00004_worker_heartbeat.sql (16.66ms)
2026/09/08 23:24:44 OK   00005_execution_failure.sql (15.71ms)
2026/09/08 23:24:44 OK   00006_customer_cancellation.sql (30.95ms)
2026/09/08 23:24:44 OK   00007_artifact_finalization.sql (37.22ms)
2026/09/08 23:24:44 OK   00008_hierarchical_scheduler.sql (56.2ms)
2026/09/08 23:24:44 OK   00009_invoice_export.sql (15.94ms)
2026/09/08 23:24:44 OK   00010_profile_certification_circuit.sql (25.86ms)
2026/09/08 23:24:44 OK   00011_project_webhooks.sql (40.14ms)
2026/09/08 23:24:44 OK   00012_human_oidc_fixed_rbac.sql (31.11ms)
2026/09/08 23:24:44 OK   00013_service_principal_administration.sql (17.05ms)
2026/09/08 23:24:44 OK   00014_human_membership_administration.sql (29.53ms)
2026/09/08 23:24:44 OK   00015_organization_reporting.sql (19.16ms)
2026/09/08 23:24:44 OK   00016_project_retention_content_deletion.sql (57.78ms)
2026/09/08 23:24:44 OK   00017_platform_operator_break_glass.sql (37.39ms)
2026/09/08 23:24:44 OK   00018_finance_reconciliation.sql (17.79ms)
2026/09/08 23:24:44 OK   00019_certified_remediation.sql (23.33ms)
2026/09/08 23:24:44 OK   00020_remediation_execution_claim.sql (5.15ms)
2026/09/08 23:24:44 OK   00021_remediation_execution_dispatch.sql (1.89ms)
2026/09/08 23:24:44 OK   00022_remediation_execution_claim_replay.sql (2.03ms)
2026/09/08 23:24:45 OK   00023_fleet_controller_worker_readiness.sql (71.59ms)
2026/09/08 23:24:45 OK   00024_staging_artifact_expiry.sql (3.87ms)
2026/09/08 23:24:45 OK   00025_scheduler_inbox_receipt.sql (2.75ms)
2026/09/08 23:24:45 OK   00026_synchronous_quorum_guard.sql (1.67ms)
2026/09/08 23:24:45 OK   00027_authorized_debug_dump_lifecycle.sql (51.69ms)
2026/09/08 23:24:45 OK   00028_off_cluster_backup_retention.sql (13.09ms)
2026/09/08 23:24:45 OK   00029_artifact_backup_replication.sql (12.2ms)
2026/09/08 23:24:45 OK   00030_non_content_legal_hold.sql (24.8ms)
2026/09/08 23:24:45 OK   00031_non_content_record_expiry.sql (69.37ms)
2026/09/08 23:24:45 OK   00032_catalog_promotion_production_gates.sql (35.4ms)
2026/09/08 23:24:45 OK   00033_statistical_slo_measurement.sql (28.82ms)
2026/09/08 23:24:45 OK   00034_stage_execution_catalog.sql (62.88ms)
2026/09/08 23:24:45 OK   00035_worker_instance_residency.sql (70.93ms)
2026/09/08 23:24:45 OK   00036_stage_attempt_authority.sql (96.1ms)
2026/09/08 23:24:45 OK   00037_stage_scheduler.sql (49.7ms)
2026/09/08 23:24:45 OK   00038_stage_artifact.sql (48.97ms)
2026/09/08 23:24:45 OK   00039_stage_worker_control_authority.sql (3.87ms)
2026/09/08 23:24:45 OK   00040_stage_worker_execution.sql (21.94ms)
2026/09/08 23:24:45 OK   00041_stage_worker_operations.sql (14.04ms)
2026/09/08 23:24:45 OK   00042_stage_worker_assignment.sql (15.79ms)
2026/09/08 23:24:45 OK   00043_stage_graph_finalization.sql (6.89ms)
2026/09/08 23:24:45 OK   00044_stage_cache.sql (32.41ms)
2026/09/08 23:24:45 OK   00045_stage_graph_finalization_outputs.sql (5.58ms)
2026/09/08 23:24:45 OK   00046_stage_graph_visible_completion.sql (7.17ms)
2026/09/08 23:24:45 OK   00047_usage_cost_ledger.sql (17.52ms)
2026/09/08 23:24:45 OK   00048_stage_run_output_binding.sql (15.34ms)
2026/09/08 23:24:45 OK   00049_stage_cutover_control.sql (58.43ms)
2026/09/08 23:24:45 OK   00050_stage_graph_instantiation_dispatch.sql (18.9ms)
2026/09/08 23:24:45 OK   00051_atomic_stage_graph_admission.sql (9.66ms)
2026/09/08 23:24:45 OK   00052_stage_cutover_zero_backlog_seal.sql (21.33ms)
2026/09/08 23:24:45 OK   00053_legacy_h3_guarded_contraction.sql (15.77ms)
2026/09/08 23:24:45 OK   00054_stage_transfer_consume_destination.sql (3.99ms)
2026/09/08 23:24:45 OK   00055_h3_campaign_evidence_reader.sql (3.87ms)
2026/09/08 23:24:45 OK   00056_stage_observability_reader.sql (928.79µs)
2026/09/08 23:24:45 OK   00057_legacy_h3_release_contraction_gate.sql (10.39ms)
2026/09/08 23:24:46 OK   00058_legacy_h3_schema_contraction.sql (184.68ms)
2026/09/08 23:24:46 OK   00059_model_runtime_epoch_registration.sql (20.52ms)
2026/09/08 23:24:46 OK   00060_model_runtime_gang_barrier.sql (18.54ms)
2026/09/08 23:24:46 OK   00061_stage_worker_gang_authority.sql (6.22ms)
2026/09/08 23:24:46 OK   00062_stage_authority_member_identity.sql (3.03ms)
2026/09/08 23:24:46 OK   00063_h3_execution_snapshot.sql (2.92ms)
2026/09/08 23:24:46 OK   00064_model_runtime_capacity_routes.sql (12.69ms)
2026/09/08 23:24:46 OK   00065_h3_exact_cache_reconciliation.sql (11.09ms)
2026/09/08 23:24:46 OK   00066_stage_worker_control_session_capacity.sql (24.25ms)
2026/09/08 23:24:46 OK   00067_stage_scheduler_project_capacity.sql (2.31ms)
2026/09/08 23:24:46 OK   00068_stage_assignment_connector_states.sql (1.77ms)
2026/09/08 23:24:46 OK   00069_stage_transfer_server_clock.sql (4.89ms)
2026/09/08 23:24:46 OK   00070_stage_lease_expiry_recovery.sql (11.38ms)
2026/09/08 23:24:46 OK   00071_stage_artifact_lifecycle.sql (18.75ms)
2026/09/08 23:24:46 OK   00072_recovery_quiescence.sql (13.95ms)
2026/09/08 23:24:46 OK   00073_stage_cache_downstream_bindings.sql (6.27ms)
2026/09/08 23:24:46 OK   00074_job_owned_public_artifact_copies.sql (3.73ms)
2026/09/08 23:24:46 OK   00075_stage_graph_failure_terminalization.sql (20.82ms)
2026/09/08 23:24:46 OK   00076_allocation_usage_unit.sql (765.5µs)
2026/09/08 23:24:46 OK   00077_runtime_usage_receipts.sql (4.37ms)
2026/09/08 23:24:46 OK   00078_idle_stage_worker_probe.sql (5.6ms)
2026/09/08 23:24:46 OK   00079_stage_job_expiry.sql (6.64ms)
2026/09/08 23:24:46 OK   00080_stage_scheduler_snapshot_lock_order.sql (3.13ms)
2026/09/08 23:24:46 OK   00081_stage_assignment_quorum.sql (1.55ms)
2026/09/08 23:24:46 OK   00082_stage_success_storage_completion.sql (3.24ms)
2026/09/08 23:24:46 OK   00083_capacity_observation_lifecycle.sql (4.64ms)
2026/09/08 23:24:46 OK   00084_blocked_stage_worker_probe.sql (3.91ms)
2026/09/08 23:24:46 OK   00085_stage_materialization_terminal_replay.sql (2.43ms)
2026/09/08 23:24:46 OK   00086_stage_failure_terminal_replay.sql (6.36ms)
2026/09/08 23:24:46 OK   00087_stage_claim_finalization_lock_order.sql (2.42ms)
2026/09/08 23:24:46 OK   00088_stage_allocation_execution_sequence.sql (4.72ms)
2026/09/08 23:24:46 OK   00089_stage_terminal_history.sql (8.18ms)
2026/09/08 23:24:46 OK   00090_stage_assignment_content_lifecycle.sql (19.46ms)
2026/09/08 23:24:46 OK   00091_worker_journal_bootstrap.sql (18.32ms)
2026/09/08 23:24:46 OK   00092_worker_bootstrap_history.sql (2.32ms)
2026/09/08 23:24:46 OK   00093_worker_bootstrap_nonzero_scopes.sql (1.05ms)
2026/09/08 23:24:46 OK   00094_worker_bootstrap_abandonment.sql (9.27ms)
2026/09/08 23:24:46 goose: successfully migrated database to version: 94
    cpu_mock_production_loop_campaign_test.go:23: CPU_MOCK_CAMPAIGN_START {"durable_stream":true,"exact_cache":false,"go_version":"go1.26.7","initial_budget":{"planned_jobs":16,"fixed_price_per_job_minor":1250,"initial_credit_limit_minor":20000,"currency":"CNY"},"runtime_binary_sha256":{"vela-h3-stage-mock":"2f572c2df6cf7619cb81322569acae2477dc5b8ab6a63ed646976a2a8d167ecd","vela-lab-cpu-thumbnail-mock":"763aace4542d4a443ae326ad0ab201a39832dafaf42ff6fef48a09c3282f4cce"},"source_tree_sha256":"6fd580ec9b2d4b962d6ee8b95b0ac52417ea47b2b8612d5facb12a5b0976f92e"}
    cpu_mock_production_loop_campaign_test.go:90: encoder production retry resume-materialization: commit durable StageArtifact: rpc error: code = AlreadyExists desc = Stage Worker request identity is duplicated
    cpu_mock_production_loop_campaign_test.go:90: dit production retry resume-materialization: commit durable StageArtifact: rpc error: code = AlreadyExists desc = Stage Worker request identity is duplicated
    cpu_mock_production_loop_campaign_test.go:90: vae production retry resume-materialization: commit durable StageArtifact: rpc error: code = AlreadyExists desc = Stage Worker request identity is duplicated
    cpu_mock_production_loop_campaign_test.go:90: thumbnail production retry resume-materialization: commit durable StageArtifact: rpc error: code = AlreadyExists desc = Stage Worker request identity is duplicated
    cpu_mock_production_loop_campaign_test.go:23: CPU_MOCK_LOAD_WAVE 1 {ObservedAt:2026-09-08 15:25:03.828116 +0000 UTC Queued:0 Running:0 ActiveAllocations:0 ActiveLeases:0 ReservedStorage:0 ReservedBytes:0 MaterializedBytes:108168 HeldBuffers:0 Completed:8 AcquireIntents:34 DatabaseBytes:30045875 HeapBytes:27812824 Goroutines:151 ScratchBytes:0 JournalBytes:332572 InputBytes:0 OutputBytes:0 RuntimeWatchdogs:0 ReservedCredit:0 PostedCredit:10000 Charges:8 PoolCounters:0 ExecutionPins:24 FinalizationPins:0 CachePins:0 CacheEntries:0 CacheCarryingRefs:0 CommittedObjects:32 Processes:[{PID:93187 Name:integration.test RSSBytes:300056576 OpenFDs:151} {PID:93710 Name:h3-encoder RSSBytes:20234240 OpenFDs:12} {PID:93714 Name:h3-dit RSSBytes:20430848 OpenFDs:12} {PID:93716 Name:h3-vae-decoder RSSBytes:20004864 OpenFDs:12} {PID:93722 Name:vela-lab-cpu-thumbnail-mock RSSBytes:20545536 OpenFDs:12}]}
    cpu_mock_production_loop_campaign_test.go:23: CPU_MOCK_LOAD_WAVE 2 {ObservedAt:2026-09-08 15:25:19.888956 +0000 UTC Queued:0 Running:0 ActiveAllocations:0 ActiveLeases:0 ReservedStorage:0 ReservedBytes:0 MaterializedBytes:216336 HeldBuffers:0 Completed:16 AcquireIntents:68 DatabaseBytes:32154127 HeapBytes:30346320 Goroutines:151 ScratchBytes:0 JournalBytes:654850 InputBytes:0 OutputBytes:0 RuntimeWatchdogs:0 ReservedCredit:0 PostedCredit:20000 Charges:16 PoolCounters:0 ExecutionPins:24 FinalizationPins:0 CachePins:0 CacheEntries:0 CacheCarryingRefs:0 CommittedObjects:64 Processes:[{PID:93187 Name:integration.test RSSBytes:309919744 OpenFDs:151} {PID:93710 Name:h3-encoder RSSBytes:20692992 OpenFDs:12} {PID:93714 Name:h3-dit RSSBytes:21430272 OpenFDs:12} {PID:93716 Name:h3-vae-decoder RSSBytes:21348352 OpenFDs:12} {PID:93722 Name:vela-lab-cpu-thumbnail-mock RSSBytes:21381120 OpenFDs:12}]}
    cpu_mock_production_loop_campaign_test.go:23: CPU_MOCK_LOAD_RECEIPT {"schema_version":1,"evidence_class":"LOCAL_CPU_MOCK_RUNTIME_LOAD","production_gate":false,"started_at":"2026-09-08T15:24:48.991768Z","jobs":16,"waves":2,"concurrent_arrivals_per_wave":8,"persistent_workers":4,"project_running_limit":2,"initial_budget":{"planned_jobs":16,"fixed_price_per_job_minor":1250,"initial_credit_limit_minor":20000,"currency":"CNY"},"elapsed_seconds":30.995606,"jobs_per_second":0.5162021997569591,"mean_queue_seconds":6.122534875,"max_queue_seconds":11.865343,"mean_latency_seconds":9.3014590625,"sampled_peak":{"queued_jobs":8,"running_jobs":2,"active_allocations":2,"active_leases":2,"reserved_storage":8,"reserved_storage_bytes":17179869184,"materialized_stage_bytes":216336,"held_buffers":2,"visible_completions":16,"acquire_intents":68,"database_bytes":32154127,"test_process_heap_bytes":32544816,"test_process_goroutines":157,"runtime_scratch_bytes":26467,"local_journal_bytes":765127,"runtime_input_bytes":13186,"runtime_output_bytes":13186,"runtime_watchdog_goroutines":2,"reserved_credit_minor":10000,"posted_credit_minor":20000,"charges":16,"pool_active_counters":18,"active_execution_pins":24,"active_finalization_pins":0,"active_cache_pins":0,"live_cache_entries":0,"active_cache_carrying_references":0,"committed_stage_artifacts":64},"before_arrivals":{"observed_at":"2026-09-08T15:24:48.878004Z","queued_jobs":0,"running_jobs":0,"active_allocations":0,"active_leases":0,"reserved_storage":0,"reserved_storage_bytes":0,"materialized_stage_bytes":0,"held_buffers":0,"visible_completions":0,"acquire_intents":0,"database_bytes":26638003,"test_process_heap_bytes":14668048,"test_process_goroutines":129,"runtime_scratch_bytes":0,"local_journal_bytes":5898,"runtime_input_bytes":0,"runtime_output_bytes":0,"runtime_watchdog_goroutines":0,"reserved_credit_minor":0,"posted_credit_minor":0,"charges":0,"pool_active_counters":0,"active_execution_pins":0,"active_finalization_pins":0,"active_cache_pins":0,"live_cache_entries":0,"active_cache_carrying_references":0,"committed_stage_artifacts":0,"processes":[{"pid":93187,"name":"integration.test","rss_bytes":281624576,"open_fds":132},{"pid":93710,"name":"h3-encoder","rss_bytes":16826368,"open_fds":12},{"pid":93714,"name":"h3-dit","rss_bytes":16809984,"open_fds":12},{"pid":93716,"name":"h3-vae-decoder","rss_bytes":16875520,"open_fds":12},{"pid":93722,"name":"vela-lab-cpu-thumbnail-mock","rss_bytes":16629760,"open_fds":12}]},"after_wave":[{"observed_at":"2026-09-08T15:25:03.828116Z","queued_jobs":0,"running_jobs":0,"active_allocations":0,"active_leases":0,"reserved_storage":0,"reserved_storage_bytes":0,"materialized_stage_bytes":108168,"held_buffers":0,"visible_completions":8,"acquire_intents":34,"database_bytes":30045875,"test_process_heap_bytes":27812824,"test_process_goroutines":151,"runtime_scratch_bytes":0,"local_journal_bytes":332572,"runtime_input_bytes":0,"runtime_output_bytes":0,"runtime_watchdog_goroutines":0,"reserved_credit_minor":0,"posted_credit_minor":10000,"charges":8,"pool_active_counters":0,"active_execution_pins":24,"active_finalization_pins":0,"active_cache_pins":0,"live_cache_entries":0,"active_cache_carrying_references":0,"committed_stage_artifacts":32,"processes":[{"pid":93187,"name":"integration.test","rss_bytes":300056576,"open_fds":151},{"pid":93710,"name":"h3-encoder","rss_bytes":20234240,"open_fds":12},{"pid":93714,"name":"h3-dit","rss_bytes":20430848,"open_fds":12},{"pid":93716,"name":"h3-vae-decoder","rss_bytes":20004864,"open_fds":12},{"pid":93722,"name":"vela-lab-cpu-thumbnail-mock","rss_bytes":20545536,"open_fds":12}]},{"observed_at":"2026-09-08T15:25:19.888956Z","queued_jobs":0,"running_jobs":0,"active_allocations":0,"active_leases":0,"reserved_storage":0,"reserved_storage_bytes":0,"materialized_stage_bytes":216336,"held_buffers":0,"visible_completions":16,"acquire_intents":68,"database_bytes":32154127,"test_process_heap_bytes":30346320,"test_process_goroutines":151,"runtime_scratch_bytes":0,"local_journal_bytes":654850,"runtime_input_bytes":0,"runtime_output_bytes":0,"runtime_watchdog_goroutines":0,"reserved_credit_minor":0,"posted_credit_minor":20000,"charges":16,"pool_active_counters":0,"active_execution_pins":24,"active_finalization_pins":0,"active_cache_pins":0,"live_cache_entries":0,"active_cache_carrying_references":0,"committed_stage_artifacts":64,"processes":[{"pid":93187,"name":"integration.test","rss_bytes":309919744,"open_fds":151},{"pid":93710,"name":"h3-encoder","rss_bytes":20692992,"open_fds":12},{"pid":93714,"name":"h3-dit","rss_bytes":21430272,"open_fds":12},{"pid":93716,"name":"h3-vae-decoder","rss_bytes":21348352,"open_fds":12},{"pid":93722,"name":"vela-lab-cpu-thumbnail-mock","rss_bytes":21381120,"open_fds":12}]}],"after_maintenance":[{"observed_at":"2026-09-08T15:25:03.932318Z","queued_jobs":0,"running_jobs":0,"active_allocations":0,"active_leases":0,"reserved_storage":0,"reserved_storage_bytes":0,"materialized_stage_bytes":108168,"held_buffers":0,"visible_completions":8,"acquire_intents":34,"database_bytes":30045875,"test_process_heap_bytes":14457904,"test_process_goroutines":151,"runtime_scratch_bytes":0,"local_journal_bytes":332572,"runtime_input_bytes":0,"runtime_output_bytes":0,"runtime_watchdog_goroutines":0,"reserved_credit_minor":0,"posted_credit_minor":10000,"charges":8,"pool_active_counters":0,"active_execution_pins":0,"active_finalization_pins":0,"active_cache_pins":0,"live_cache_entries":0,"active_cache_carrying_references":0,"committed_stage_artifacts":32},{"observed_at":"2026-09-08T15:25:19.980862Z","queued_jobs":0,"running_jobs":0,"active_allocations":0,"active_leases":0,"reserved_storage":0,"reserved_storage_bytes":0,"materialized_stage_bytes":216336,"held_buffers":0,"visible_completions":16,"acquire_intents":68,"database_bytes":32186895,"test_process_heap_bytes":15443400,"test_process_goroutines":151,"runtime_scratch_bytes":0,"local_journal_bytes":654850,"runtime_input_bytes":0,"runtime_output_bytes":0,"runtime_watchdog_goroutines":0,"reserved_credit_minor":0,"posted_credit_minor":20000,"charges":16,"pool_active_counters":0,"active_execution_pins":0,"active_finalization_pins":0,"active_cache_pins":0,"live_cache_entries":0,"active_cache_carrying_references":0,"committed_stage_artifacts":64}],"maintenance_results":[{"RequestContentExpired":0,"ContentDeletionRequestsCreated":0,"Claimed":0,"Completed":0,"Failed":0},{"RequestContentExpired":0,"ContentDeletionRequestsCreated":0,"Claimed":0,"Completed":0,"Failed":0}],"after_idle":{"observed_at":"2026-09-08T15:25:20.998181Z","queued_jobs":0,"running_jobs":0,"active_allocations":0,"active_leases":0,"reserved_storage":0,"reserved_storage_bytes":0,"materialized_stage_bytes":216336,"held_buffers":0,"visible_completions":16,"acquire_intents":68,"database_bytes":32186895,"test_process_heap_bytes":15078104,"test_process_goroutines":151,"runtime_scratch_bytes":0,"local_journal_bytes":654850,"runtime_input_bytes":0,"runtime_output_bytes":0,"runtime_watchdog_goroutines":0,"reserved_credit_minor":0,"posted_credit_minor":20000,"charges":16,"pool_active_counters":0,"active_execution_pins":0,"active_finalization_pins":0,"active_cache_pins":0,"live_cache_entries":0,"active_cache_carrying_references":0,"committed_stage_artifacts":64,"processes":[{"pid":93187,"name":"integration.test","rss_bytes":312049664,"open_fds":151},{"pid":93710,"name":"h3-encoder","rss_bytes":20692992,"open_fds":12},{"pid":93714,"name":"h3-dit","rss_bytes":21430272,"open_fds":12},{"pid":93716,"name":"h3-vae-decoder","rss_bytes":21348352,"open_fds":12},{"pid":93722,"name":"vela-lab-cpu-thumbnail-mock","rss_bytes":21381120,"open_fds":12}]},"acquire_transaction_retries":0,"acquire_deadlock_retries":0,"acquire_serialization_retries":0,"capacity_reports_by_worker":{"dit":3,"encoder":4,"thumbnail":3,"vae":3},"source_tree_sha256":"6fd580ec9b2d4b962d6ee8b95b0ac52417ea47b2b8612d5facb12a5b0976f92e","runtime_binary_sha256":{"vela-h3-stage-mock":"2f572c2df6cf7619cb81322569acae2477dc5b8ab6a63ed646976a2a8d167ecd","vela-lab-cpu-thumbnail-mock":"763aace4542d4a443ae326ad0ab201a39832dafaf42ff6fef48a09c3282f4cce"},"go_version":"go1.26.7","ffprobe_version":"ffprobe version 8.0.1 Copyright (c) 2007-2025 the FFmpeg developers","limitations":["bounded native CPU mock Job campaign; no GPU certification or Production Gate evidence","production Run, readiness, capacity, heartbeat, mTLS transport and durable stream execute in the test host process","Fleet membership and static native mock canary approval use fixture catalog setup; Node custody, protected mounts and production startup issuer remain separate","application acknowledgement loss occurs after the real mTLS client received ACCEPTED; resident processes and StreamAgent remain live during automatic retry","retained journal metadata is measured separately from payload scratch; history reclamation and sustained arrivals remain open","Runtime gRPC is loopback and artifact store is local exact-version storage; remote storage and process isolation are separate","race detector covers Go test-host components, not native model subprocesses; sampled resources omit Docker VM peaks"],"durable_stream":true,"replayed_materialization_commits":4,"durable_records_by_worker":{"dit":16,"encoder":16,"thumbnail":16,"vae":16},"production_loop":true,"production_workers":{"dit":{"accepted_registrations":7,"accepted_capacity_reports":3,"accepted_heartbeats":16,"confirmed_stale_acquires":0,"control_session_epoch":3,"capacity_observation_sequence":4294967299},"encoder":{"accepted_registrations":8,"accepted_capacity_reports":4,"accepted_heartbeats":16,"confirmed_stale_acquires":4,"control_session_epoch":3,"capacity_observation_sequence":4294967299},"thumbnail":{"accepted_registrations":7,"accepted_capacity_reports":3,"accepted_heartbeats":16,"confirmed_stale_acquires":0,"control_session_epoch":3,"capacity_observation_sequence":4294967299},"vae":{"accepted_registrations":7,"accepted_capacity_reports":3,"accepted_heartbeats":16,"confirmed_stale_acquires":0,"control_session_epoch":3,"capacity_observation_sequence":4294967299}},"authority_max_clock_skew_ns":30000000000,"worker_authority_verifier_offset_ns":-1000000000,"future_issued_assignments_by_worker":{"dit":16,"encoder":16,"thumbnail":16,"vae":16}}
2026/09/08 23:25:21 🐳 Stopping container: e7f6c557e689
2026/09/08 23:25:21 ✅ Container stopped: e7f6c557e689
2026/09/08 23:25:21 🐳 Terminating container: e7f6c557e689
2026/09/08 23:25:21 🚫 Container terminated: e7f6c557e689
--- PASS: TestCPUMockProductionLoopClockOffsetCampaign (40.25s)
=== RUN   TestStageTerminalRecoveryThroughReplacementRuntimeRestoresCapacity
2026/09/08 23:25:21 🐳 Creating container for image postgres:17-alpine
2026/09/08 23:25:21 ✅ Container created: a9469eda92e3
2026/09/08 23:25:21 🐳 Starting container: a9469eda92e3
2026/09/08 23:25:21 ✅ Container started: a9469eda92e3
2026/09/08 23:25:21 ⏳ Waiting for container id a9469eda92e3 image: postgres:17-alpine. Waiting for: all of: [all of: [log message "database system is ready to accept connections" (occurrence: 2), port 5432/tcp to be mapped]]
2026/09/08 23:25:22 🔔 Container is ready: a9469eda92e3
2026/09/08 23:25:22 OK   00001_foundation.sql (77.28ms)
2026/09/08 23:25:22 OK   00002_worker_assignment.sql (18.09ms)
2026/09/08 23:25:22 OK   00003_worker_start.sql (3.21ms)
2026/09/08 23:25:22 OK   00004_worker_heartbeat.sql (19.3ms)
2026/09/08 23:25:22 OK   00005_execution_failure.sql (15.92ms)
2026/09/08 23:25:22 OK   00006_customer_cancellation.sql (33.84ms)
2026/09/08 23:25:22 OK   00007_artifact_finalization.sql (37.59ms)
2026/09/08 23:25:22 OK   00008_hierarchical_scheduler.sql (58.17ms)
2026/09/08 23:25:22 OK   00009_invoice_export.sql (15.78ms)
2026/09/08 23:25:22 OK   00010_profile_certification_circuit.sql (23.3ms)
2026/09/08 23:25:22 OK   00011_project_webhooks.sql (39.95ms)
2026/09/08 23:25:22 OK   00012_human_oidc_fixed_rbac.sql (30.13ms)
2026/09/08 23:25:22 OK   00013_service_principal_administration.sql (17.19ms)
2026/09/08 23:25:22 OK   00014_human_membership_administration.sql (29.41ms)
2026/09/08 23:25:22 OK   00015_organization_reporting.sql (19.83ms)
2026/09/08 23:25:22 OK   00016_project_retention_content_deletion.sql (56.96ms)
2026/09/08 23:25:22 OK   00017_platform_operator_break_glass.sql (37.77ms)
2026/09/08 23:25:22 OK   00018_finance_reconciliation.sql (18.56ms)
2026/09/08 23:25:22 OK   00019_certified_remediation.sql (24.23ms)
2026/09/08 23:25:22 OK   00020_remediation_execution_claim.sql (6.4ms)
2026/09/08 23:25:22 OK   00021_remediation_execution_dispatch.sql (3.17ms)
2026/09/08 23:25:22 OK   00022_remediation_execution_claim_replay.sql (2.34ms)
2026/09/08 23:25:23 OK   00023_fleet_controller_worker_readiness.sql (72.33ms)
2026/09/08 23:25:23 OK   00024_staging_artifact_expiry.sql (4.48ms)
2026/09/08 23:25:23 OK   00025_scheduler_inbox_receipt.sql (3.04ms)
2026/09/08 23:25:23 OK   00026_synchronous_quorum_guard.sql (1.89ms)
2026/09/08 23:25:23 OK   00027_authorized_debug_dump_lifecycle.sql (53.89ms)
2026/09/08 23:25:23 OK   00028_off_cluster_backup_retention.sql (13.14ms)
2026/09/08 23:25:23 OK   00029_artifact_backup_replication.sql (12.36ms)
2026/09/08 23:25:23 OK   00030_non_content_legal_hold.sql (24.97ms)
2026/09/08 23:25:23 OK   00031_non_content_record_expiry.sql (70.64ms)
2026/09/08 23:25:23 OK   00032_catalog_promotion_production_gates.sql (37.43ms)
2026/09/08 23:25:23 OK   00033_statistical_slo_measurement.sql (28.83ms)
2026/09/08 23:25:23 OK   00034_stage_execution_catalog.sql (63.05ms)
2026/09/08 23:25:23 OK   00035_worker_instance_residency.sql (72.82ms)
2026/09/08 23:25:23 OK   00036_stage_attempt_authority.sql (97.62ms)
2026/09/08 23:25:23 OK   00037_stage_scheduler.sql (51.62ms)
2026/09/08 23:25:23 OK   00038_stage_artifact.sql (50.77ms)
2026/09/08 23:25:23 OK   00039_stage_worker_control_authority.sql (3.92ms)
2026/09/08 23:25:23 OK   00040_stage_worker_execution.sql (23.15ms)
2026/09/08 23:25:23 OK   00041_stage_worker_operations.sql (14.98ms)
2026/09/08 23:25:23 OK   00042_stage_worker_assignment.sql (16.34ms)
2026/09/08 23:25:23 OK   00043_stage_graph_finalization.sql (7.17ms)
2026/09/08 23:25:23 OK   00044_stage_cache.sql (33.06ms)
2026/09/08 23:25:23 OK   00045_stage_graph_finalization_outputs.sql (5.71ms)
2026/09/08 23:25:23 OK   00046_stage_graph_visible_completion.sql (7.62ms)
2026/09/08 23:25:23 OK   00047_usage_cost_ledger.sql (17.67ms)
2026/09/08 23:25:23 OK   00048_stage_run_output_binding.sql (15.74ms)
2026/09/08 23:25:23 OK   00049_stage_cutover_control.sql (55.27ms)
2026/09/08 23:25:23 OK   00050_stage_graph_instantiation_dispatch.sql (18.84ms)
2026/09/08 23:25:23 OK   00051_atomic_stage_graph_admission.sql (8.81ms)
2026/09/08 23:25:23 OK   00052_stage_cutover_zero_backlog_seal.sql (20.76ms)
2026/09/08 23:25:23 OK   00053_legacy_h3_guarded_contraction.sql (15.68ms)
2026/09/08 23:25:23 OK   00054_stage_transfer_consume_destination.sql (3.44ms)
2026/09/08 23:25:23 OK   00055_h3_campaign_evidence_reader.sql (3.96ms)
2026/09/08 23:25:23 OK   00056_stage_observability_reader.sql (927.29µs)
2026/09/08 23:25:23 OK   00057_legacy_h3_release_contraction_gate.sql (10.11ms)
2026/09/08 23:25:24 OK   00058_legacy_h3_schema_contraction.sql (178.82ms)
2026/09/08 23:25:24 OK   00059_model_runtime_epoch_registration.sql (24.49ms)
2026/09/08 23:25:24 OK   00060_model_runtime_gang_barrier.sql (21.24ms)
2026/09/08 23:25:24 OK   00061_stage_worker_gang_authority.sql (6.4ms)
2026/09/08 23:25:24 OK   00062_stage_authority_member_identity.sql (3.14ms)
2026/09/08 23:25:24 OK   00063_h3_execution_snapshot.sql (4.01ms)
2026/09/08 23:25:24 OK   00064_model_runtime_capacity_routes.sql (13.47ms)
2026/09/08 23:25:24 OK   00065_h3_exact_cache_reconciliation.sql (12.27ms)
2026/09/08 23:25:24 OK   00066_stage_worker_control_session_capacity.sql (25.96ms)
2026/09/08 23:25:24 OK   00067_stage_scheduler_project_capacity.sql (2.36ms)
2026/09/08 23:25:24 OK   00068_stage_assignment_connector_states.sql (1.99ms)
2026/09/08 23:25:24 OK   00069_stage_transfer_server_clock.sql (5.39ms)
2026/09/08 23:25:24 OK   00070_stage_lease_expiry_recovery.sql (12.96ms)
2026/09/08 23:25:24 OK   00071_stage_artifact_lifecycle.sql (19.57ms)
2026/09/08 23:25:24 OK   00072_recovery_quiescence.sql (14.2ms)
2026/09/08 23:25:24 OK   00073_stage_cache_downstream_bindings.sql (6.62ms)
2026/09/08 23:25:24 OK   00074_job_owned_public_artifact_copies.sql (3.48ms)
2026/09/08 23:25:24 OK   00075_stage_graph_failure_terminalization.sql (22.3ms)
2026/09/08 23:25:24 OK   00076_allocation_usage_unit.sql (990.13µs)
2026/09/08 23:25:24 OK   00077_runtime_usage_receipts.sql (4.2ms)
2026/09/08 23:25:24 OK   00078_idle_stage_worker_probe.sql (5.67ms)
2026/09/08 23:25:24 OK   00079_stage_job_expiry.sql (6.7ms)
2026/09/08 23:25:24 OK   00080_stage_scheduler_snapshot_lock_order.sql (3.49ms)
2026/09/08 23:25:24 OK   00081_stage_assignment_quorum.sql (1.57ms)
2026/09/08 23:25:24 OK   00082_stage_success_storage_completion.sql (3.21ms)
2026/09/08 23:25:24 OK   00083_capacity_observation_lifecycle.sql (4.5ms)
2026/09/08 23:25:24 OK   00084_blocked_stage_worker_probe.sql (4.29ms)
2026/09/08 23:25:24 OK   00085_stage_materialization_terminal_replay.sql (2.57ms)
2026/09/08 23:25:24 OK   00086_stage_failure_terminal_replay.sql (7.17ms)
2026/09/08 23:25:24 OK   00087_stage_claim_finalization_lock_order.sql (2.65ms)
2026/09/08 23:25:24 OK   00088_stage_allocation_execution_sequence.sql (4.43ms)
2026/09/08 23:25:24 OK   00089_stage_terminal_history.sql (8.09ms)
2026/09/08 23:25:24 OK   00090_stage_assignment_content_lifecycle.sql (19.65ms)
2026/09/08 23:25:24 OK   00091_worker_journal_bootstrap.sql (19.92ms)
2026/09/08 23:25:24 OK   00092_worker_bootstrap_history.sql (2.79ms)
2026/09/08 23:25:24 OK   00093_worker_bootstrap_nonzero_scopes.sql (1.17ms)
2026/09/08 23:25:24 OK   00094_worker_bootstrap_abandonment.sql (11.64ms)
2026/09/08 23:25:24 goose: successfully migrated database to version: 94
    stage_terminal_history_test.go:96: replacement=true: zero capacity/current PostgreSQL session -> automatic authenticated history -> UDS proof -> durable RETIRED -> readiness/capacity -> offline replay
    stage_terminal_history_test.go:96: unsigned retry: PostgreSQL history -> authenticated Control disposition -> durable Runtime floor and non-admission -> next-epoch proof recovery
2026/09/08 23:25:26 🐳 Stopping container: a9469eda92e3
2026/09/08 23:25:26 ✅ Container stopped: a9469eda92e3
2026/09/08 23:25:26 🐳 Terminating container: a9469eda92e3
2026/09/08 23:25:26 🚫 Container terminated: a9469eda92e3
--- PASS: TestStageTerminalRecoveryThroughReplacementRuntimeRestoresCapacity (4.82s)
PASS
ok  	github.com/vivym/vela/internal/integration	68.847s
