=== RUN   TestCPUMockDurableStreamExactCacheCampaign
2026/09/08 17:17:32 github.com/testcontainers/testcontainers-go - Connected to docker: 
  Server Version: 28.3.2
  API Version: 1.51
  Operating System: Docker Desktop
  Total Memory: 32044 MB
  Labels:
    com.docker.desktop.address=unix:///Users/viv/Library/Containers/com.docker.docker/Data/docker-cli.sock
  Testcontainers for Go Version: v0.44.0
  Resolved Docker Host: unix:///var/run/docker.sock
  Resolved Docker Socket Path: /var/run/docker.sock
  Test SessionID: 92b5e33b0ea522df51f78effa9074e83952662043e51d83b38aa103c054df27c
  Test ProcessID: 40571b6a-a903-4f0c-8ed6-4a87d97589c7
2026/09/08 17:17:32 🐳 Creating container for image postgres:17-alpine
2026/09/08 17:17:32 🐳 Creating container for image testcontainers/ryuk:0.14.0
2026/09/08 17:17:32 ✅ Container created: 7508253370d4
2026/09/08 17:17:32 🐳 Starting container: 7508253370d4
2026/09/08 17:17:32 ✅ Container started: 7508253370d4
2026/09/08 17:17:32 ⏳ Waiting for container id 7508253370d4 image: testcontainers/ryuk:0.14.0. Waiting for: all of: [log message "Started", port 8080/tcp to be listening]
2026/09/08 17:17:32 Shell not found in container
2026/09/08 17:17:32 🔔 Container is ready: 7508253370d4
2026/09/08 17:17:32 ✅ Container created: 278604e003fa
2026/09/08 17:17:32 🐳 Starting container: 278604e003fa
2026/09/08 17:17:32 ✅ Container started: 278604e003fa
2026/09/08 17:17:32 ⏳ Waiting for container id 278604e003fa image: postgres:17-alpine. Waiting for: all of: [all of: [log message "database system is ready to accept connections" (occurrence: 2), port 5432/tcp to be mapped]]
2026/09/08 17:17:33 🔔 Container is ready: 278604e003fa
2026/09/08 17:17:33 OK   00001_foundation.sql (78.92ms)
2026/09/08 17:17:33 OK   00002_worker_assignment.sql (18.68ms)
2026/09/08 17:17:33 OK   00003_worker_start.sql (3.03ms)
2026/09/08 17:17:33 OK   00004_worker_heartbeat.sql (18.89ms)
2026/09/08 17:17:33 OK   00005_execution_failure.sql (17.86ms)
2026/09/08 17:17:33 OK   00006_customer_cancellation.sql (36.06ms)
2026/09/08 17:17:33 OK   00007_artifact_finalization.sql (37.68ms)
2026/09/08 17:17:33 OK   00008_hierarchical_scheduler.sql (58.64ms)
2026/09/08 17:17:33 OK   00009_invoice_export.sql (15.69ms)
2026/09/08 17:17:33 OK   00010_profile_certification_circuit.sql (24.05ms)
2026/09/08 17:17:33 OK   00011_project_webhooks.sql (39.6ms)
2026/09/08 17:17:33 OK   00012_human_oidc_fixed_rbac.sql (29.71ms)
2026/09/08 17:17:33 OK   00013_service_principal_administration.sql (17.92ms)
2026/09/08 17:17:34 OK   00014_human_membership_administration.sql (32.04ms)
2026/09/08 17:17:34 OK   00015_organization_reporting.sql (20.71ms)
2026/09/08 17:17:34 OK   00016_project_retention_content_deletion.sql (58.85ms)
2026/09/08 17:17:34 OK   00017_platform_operator_break_glass.sql (38.93ms)
2026/09/08 17:17:34 OK   00018_finance_reconciliation.sql (17.57ms)
2026/09/08 17:17:34 OK   00019_certified_remediation.sql (24.63ms)
2026/09/08 17:17:34 OK   00020_remediation_execution_claim.sql (6.58ms)
2026/09/08 17:17:34 OK   00021_remediation_execution_dispatch.sql (2.43ms)
2026/09/08 17:17:34 OK   00022_remediation_execution_claim_replay.sql (2.36ms)
2026/09/08 17:17:34 OK   00023_fleet_controller_worker_readiness.sql (73.85ms)
2026/09/08 17:17:34 OK   00024_staging_artifact_expiry.sql (4.4ms)
2026/09/08 17:17:34 OK   00025_scheduler_inbox_receipt.sql (2.77ms)
2026/09/08 17:17:34 OK   00026_synchronous_quorum_guard.sql (2.11ms)
2026/09/08 17:17:34 OK   00027_authorized_debug_dump_lifecycle.sql (53.59ms)
2026/09/08 17:17:34 OK   00028_off_cluster_backup_retention.sql (13.57ms)
2026/09/08 17:17:34 OK   00029_artifact_backup_replication.sql (12.96ms)
2026/09/08 17:17:34 OK   00030_non_content_legal_hold.sql (25.8ms)
2026/09/08 17:17:34 OK   00031_non_content_record_expiry.sql (70.58ms)
2026/09/08 17:17:34 OK   00032_catalog_promotion_production_gates.sql (38.59ms)
2026/09/08 17:17:34 OK   00033_statistical_slo_measurement.sql (29.5ms)
2026/09/08 17:17:34 OK   00034_stage_execution_catalog.sql (64.83ms)
2026/09/08 17:17:34 OK   00035_worker_instance_residency.sql (73.13ms)
2026/09/08 17:17:34 OK   00036_stage_attempt_authority.sql (100.8ms)
2026/09/08 17:17:34 OK   00037_stage_scheduler.sql (53.33ms)
2026/09/08 17:17:34 OK   00038_stage_artifact.sql (50.96ms)
2026/09/08 17:17:34 OK   00039_stage_worker_control_authority.sql (4.07ms)
2026/09/08 17:17:34 OK   00040_stage_worker_execution.sql (22.93ms)
2026/09/08 17:17:34 OK   00041_stage_worker_operations.sql (15.66ms)
2026/09/08 17:17:34 OK   00042_stage_worker_assignment.sql (16.65ms)
2026/09/08 17:17:34 OK   00043_stage_graph_finalization.sql (7.69ms)
2026/09/08 17:17:35 OK   00044_stage_cache.sql (33.28ms)
2026/09/08 17:17:35 OK   00045_stage_graph_finalization_outputs.sql (5.84ms)
2026/09/08 17:17:35 OK   00046_stage_graph_visible_completion.sql (7.31ms)
2026/09/08 17:17:35 OK   00047_usage_cost_ledger.sql (19.89ms)
2026/09/08 17:17:35 OK   00048_stage_run_output_binding.sql (15.93ms)
2026/09/08 17:17:35 OK   00049_stage_cutover_control.sql (59.39ms)
2026/09/08 17:17:35 OK   00050_stage_graph_instantiation_dispatch.sql (20.47ms)
2026/09/08 17:17:35 OK   00051_atomic_stage_graph_admission.sql (10.43ms)
2026/09/08 17:17:35 OK   00052_stage_cutover_zero_backlog_seal.sql (22.47ms)
2026/09/08 17:17:35 OK   00053_legacy_h3_guarded_contraction.sql (16.28ms)
2026/09/08 17:17:35 OK   00054_stage_transfer_consume_destination.sql (3.84ms)
2026/09/08 17:17:35 OK   00055_h3_campaign_evidence_reader.sql (4.02ms)
2026/09/08 17:17:35 OK   00056_stage_observability_reader.sql (859.58µs)
2026/09/08 17:17:35 OK   00057_legacy_h3_release_contraction_gate.sql (11.07ms)
2026/09/08 17:17:35 OK   00058_legacy_h3_schema_contraction.sql (187.31ms)
2026/09/08 17:17:35 OK   00059_model_runtime_epoch_registration.sql (22.65ms)
2026/09/08 17:17:35 OK   00060_model_runtime_gang_barrier.sql (22.06ms)
2026/09/08 17:17:35 OK   00061_stage_worker_gang_authority.sql (6.64ms)
2026/09/08 17:17:35 OK   00062_stage_authority_member_identity.sql (2.7ms)
2026/09/08 17:17:35 OK   00063_h3_execution_snapshot.sql (3.38ms)
2026/09/08 17:17:35 OK   00064_model_runtime_capacity_routes.sql (12.44ms)
2026/09/08 17:17:35 OK   00065_h3_exact_cache_reconciliation.sql (12.44ms)
2026/09/08 17:17:35 OK   00066_stage_worker_control_session_capacity.sql (26.45ms)
2026/09/08 17:17:35 OK   00067_stage_scheduler_project_capacity.sql (2.32ms)
2026/09/08 17:17:35 OK   00068_stage_assignment_connector_states.sql (2ms)
2026/09/08 17:17:35 OK   00069_stage_transfer_server_clock.sql (5.12ms)
2026/09/08 17:17:35 OK   00070_stage_lease_expiry_recovery.sql (12.61ms)
2026/09/08 17:17:35 OK   00071_stage_artifact_lifecycle.sql (25.83ms)
2026/09/08 17:17:35 OK   00072_recovery_quiescence.sql (16.97ms)
2026/09/08 17:17:35 OK   00073_stage_cache_downstream_bindings.sql (8.42ms)
2026/09/08 17:17:35 OK   00074_job_owned_public_artifact_copies.sql (5.25ms)
2026/09/08 17:17:35 OK   00075_stage_graph_failure_terminalization.sql (22.32ms)
2026/09/08 17:17:35 OK   00076_allocation_usage_unit.sql (1.69ms)
2026/09/08 17:17:35 OK   00077_runtime_usage_receipts.sql (5ms)
2026/09/08 17:17:35 OK   00078_idle_stage_worker_probe.sql (5.76ms)
2026/09/08 17:17:35 OK   00079_stage_job_expiry.sql (6.48ms)
2026/09/08 17:17:35 OK   00080_stage_scheduler_snapshot_lock_order.sql (3.76ms)
2026/09/08 17:17:35 OK   00081_stage_assignment_quorum.sql (2.02ms)
2026/09/08 17:17:35 OK   00082_stage_success_storage_completion.sql (4.01ms)
2026/09/08 17:17:35 OK   00083_capacity_observation_lifecycle.sql (5.06ms)
2026/09/08 17:17:35 OK   00084_blocked_stage_worker_probe.sql (4.33ms)
2026/09/08 17:17:35 OK   00085_stage_materialization_terminal_replay.sql (2.91ms)
2026/09/08 17:17:35 OK   00086_stage_failure_terminal_replay.sql (6.54ms)
2026/09/08 17:17:35 OK   00087_stage_claim_finalization_lock_order.sql (2.38ms)
2026/09/08 17:17:35 OK   00088_stage_allocation_execution_sequence.sql (4.89ms)
2026/09/08 17:17:35 OK   00089_stage_terminal_history.sql (8.29ms)
2026/09/08 17:17:35 OK   00090_stage_assignment_content_lifecycle.sql (19.83ms)
2026/09/08 17:17:35 OK   00091_worker_journal_bootstrap.sql (19.8ms)
2026/09/08 17:17:35 OK   00092_worker_bootstrap_history.sql (2.7ms)
2026/09/08 17:17:35 OK   00093_worker_bootstrap_nonzero_scopes.sql (1.53ms)
2026/09/08 17:17:35 OK   00094_worker_bootstrap_abandonment.sql (13.83ms)
2026/09/08 17:17:35 goose: successfully migrated database to version: 94
    cpu_mock_durable_stream_campaign_test.go:35: CPU_MOCK_CAMPAIGN_START {"durable_stream":true,"exact_cache":true,"go_version":"go1.26.7","initial_budget":{"planned_jobs":2,"fixed_price_per_job_minor":1250,"initial_credit_limit_minor":2500,"currency":"CNY"},"runtime_binary_sha256":{"vela-h3-stage-mock":"2f572c2df6cf7619cb81322569acae2477dc5b8ab6a63ed646976a2a8d167ecd","vela-lab-cpu-thumbnail-mock":"763aace4542d4a443ae326ad0ab201a39832dafaf42ff6fef48a09c3282f4cce"},"source_tree_sha256":"80c719afde4829e52e8f742ea1cf81c01472b8f10e0518dcd92b4c879e3bbbbf"}
    cpu_mock_durable_stream_campaign_test.go:35: CPU_MOCK_EXACT_CACHE_RECEIPT {"admission":{"AdmissionCandidates":2,"Admitted":2,"HitCandidates":0,"Hits":0,"Skipped":0},"after_maintenance":{"observed_at":"2026-09-08T09:17:42.575139Z","queued_jobs":0,"running_jobs":0,"active_allocations":0,"active_leases":0,"reserved_storage":0,"reserved_storage_bytes":0,"materialized_stage_bytes":26638,"held_buffers":0,"visible_completions":2,"acquire_intents":6,"database_bytes":29030067,"test_process_heap_bytes":14472608,"test_process_goroutines":144,"runtime_scratch_bytes":0,"local_journal_bytes":70449,"runtime_input_bytes":0,"runtime_output_bytes":0,"runtime_watchdog_goroutines":0,"reserved_credit_minor":0,"posted_credit_minor":2500,"charges":2,"pool_active_counters":0,"active_execution_pins":0,"active_finalization_pins":0,"active_cache_pins":0,"live_cache_entries":2,"active_cache_carrying_references":2,"committed_stage_artifacts":6},"after_source":{"observed_at":"2026-09-08T09:17:41.364723Z","queued_jobs":0,"running_jobs":0,"active_allocations":0,"active_leases":0,"reserved_storage":0,"reserved_storage_bytes":0,"materialized_stage_bytes":13521,"held_buffers":0,"visible_completions":1,"acquire_intents":4,"database_bytes":28686003,"test_process_heap_bytes":17291840,"test_process_goroutines":144,"runtime_scratch_bytes":0,"local_journal_bytes":49763,"runtime_input_bytes":0,"runtime_output_bytes":0,"runtime_watchdog_goroutines":0,"reserved_credit_minor":0,"posted_credit_minor":1250,"charges":1,"pool_active_counters":0,"active_execution_pins":3,"active_finalization_pins":0,"active_cache_pins":0,"live_cache_entries":0,"active_cache_carrying_references":0,"committed_stage_artifacts":4,"processes":[{"pid":36163,"name":"integration.test","rss_bytes":223805440,"open_fds":131},{"pid":36195,"name":"h3-encoder","rss_bytes":17580032,"open_fds":12},{"pid":36197,"name":"h3-dit","rss_bytes":17711104,"open_fds":12},{"pid":36198,"name":"h3-vae-decoder","rss_bytes":17121280,"open_fds":12},{"pid":36199,"name":"vela-lab-cpu-thumbnail-mock","rss_bytes":17530880,"open_fds":12}]},"after_target":{"observed_at":"2026-09-08T09:17:42.467593Z","queued_jobs":0,"running_jobs":0,"active_allocations":0,"active_leases":0,"reserved_storage":0,"reserved_storage_bytes":0,"materialized_stage_bytes":26638,"held_buffers":1,"visible_completions":2,"acquire_intents":6,"database_bytes":29030067,"test_process_heap_bytes":11995200,"test_process_goroutines":144,"runtime_scratch_bytes":0,"local_journal_bytes":70449,"runtime_input_bytes":0,"runtime_output_bytes":0,"runtime_watchdog_goroutines":0,"reserved_credit_minor":0,"posted_credit_minor":2500,"charges":2,"pool_active_counters":0,"active_execution_pins":8,"active_finalization_pins":0,"active_cache_pins":0,"live_cache_entries":2,"active_cache_carrying_references":2,"committed_stage_artifacts":6,"processes":[{"pid":36163,"name":"integration.test","rss_bytes":228442112,"open_fds":131},{"pid":36195,"name":"h3-encoder","rss_bytes":17580032,"open_fds":12},{"pid":36197,"name":"h3-dit","rss_bytes":17711104,"open_fds":12},{"pid":36198,"name":"h3-vae-decoder","rss_bytes":17252352,"open_fds":12},{"pid":36199,"name":"vela-lab-cpu-thumbnail-mock","rss_bytes":17612800,"open_fds":12}]},"before":{"observed_at":"2026-09-08T09:17:38.82151Z","queued_jobs":0,"running_jobs":0,"active_allocations":0,"active_leases":0,"reserved_storage":0,"reserved_storage_bytes":0,"materialized_stage_bytes":0,"held_buffers":0,"visible_completions":0,"acquire_intents":0,"database_bytes":26670771,"test_process_heap_bytes":12376272,"test_process_goroutines":102,"runtime_scratch_bytes":0,"local_journal_bytes":4977,"runtime_input_bytes":0,"runtime_output_bytes":0,"runtime_watchdog_goroutines":0,"reserved_credit_minor":0,"posted_credit_minor":0,"charges":0,"pool_active_counters":0,"active_execution_pins":0,"active_finalization_pins":0,"active_cache_pins":0,"live_cache_entries":0,"active_cache_carrying_references":0,"committed_stage_artifacts":0,"processes":[{"pid":36163,"name":"integration.test","rss_bytes":201080832,"open_fds":120},{"pid":36195,"name":"h3-encoder","rss_bytes":16629760,"open_fds":12},{"pid":36197,"name":"h3-dit","rss_bytes":16678912,"open_fds":12},{"pid":36198,"name":"h3-vae-decoder","rss_bytes":16220160,"open_fds":12},{"pid":36199,"name":"vela-lab-cpu-thumbnail-mock","rss_bytes":16367616,"open_fds":12}]},"capacity_reports_by_worker":{"dit":1,"encoder":1,"thumbnail":1,"vae":1},"consumed_transfers":5,"direct_allocation_receipts":6,"durable_records_by_worker":{"dit":1,"encoder":1,"thumbnail":2,"vae":2},"durable_stream":true,"elapsed_seconds":3.810204,"evidence_class":"LOCAL_CPU_MOCK_EXACT_CACHE","exact_bindings_and_pins":[{"stage":"dit","source_artifact_id":"34cd82a9-d568-52fd-b01f-36fcb8fbf03a","object_version":"local-v00000000000000000002","pin_id":"72630c67-7122-592b-9129-26655bcd364e"},{"stage":"encoder","source_artifact_id":"f0045448-aff1-5865-bef4-b40960c31987","object_version":"local-v00000000000000000001","pin_id":"269a8361-9be7-5007-80df-7d8fde02771b"}],"ffprobe_version":"ffprobe version 8.0.1 Copyright (c) 2007-2025 the FFmpeg developers","go_version":"go1.26.7","hits":[{"AdmissionCandidates":0,"Admitted":0,"HitCandidates":2,"Hits":1,"Skipped":0},{"AdmissionCandidates":0,"Admitted":0,"HitCandidates":2,"Hits":1,"Skipped":0}],"initial_budget":{"planned_jobs":2,"fixed_price_per_job_minor":1250,"initial_credit_limit_minor":2500,"currency":"CNY"},"limitations":["bounded CPU mock Jobs, not sustained open-loop throughput or GPU certification","real mTLS Control stream and durable StreamAgent; Runtime gRPC and model processes are local CPU fixtures","Worker readiness/Registry setup uses fixture services; production Fleet activation, Node custody/startup and ProductionAgent orchestration are separate","lost committed responses reconstruct StreamAgent/file journal and replace mTLS transport in the same fixture session; processes remain live; production session reattachment is separate","bounded harness retries confirmed STALE Acquire results with new command IDs; production discovery orchestration is not exercised","input/output payload retirement is measured separately from retained journal metadata; history reclamation is not implemented","local exact-version object store, not remote S3; physical isolation and power-cut durability are separate","host race instrumentation does not instrument native mock subprocesses; sampled resources are not full VM peaks","BITWISE policy is a fixture declaration; native payloads, exact versions, ADMIT/HIT and billing are measured","Reconciler drives ADMIT/HIT before target Acquire; cache/scheduler races and organization isolation are separate tests"],"maintenance_result":{"RequestContentExpired":0,"ContentDeletionRequestsCreated":0,"Claimed":0,"Completed":0,"Failed":0},"production_gate":false,"replayed_commits":4,"runtime_binary_sha256":{"vela-h3-stage-mock":"2f572c2df6cf7619cb81322569acae2477dc5b8ab6a63ed646976a2a8d167ecd","vela-lab-cpu-thumbnail-mock":"763aace4542d4a443ae326ad0ab201a39832dafaf42ff6fef48a09c3282f4cce"},"schema_version":1,"source_job_id":"73e8e534-0891-4710-b96d-617a5865ce93","source_physical_stages":4,"source_tree_sha256":"80c719afde4829e52e8f742ea1cf81c01472b8f10e0518dcd92b4c879e3bbbbf","started_at":"2026-09-08T09:17:38.821508Z","target_job_id":"c6247b88-1f7b-41ac-94cf-3c2cff1218eb","target_physical_stages":2,"verified_public_copies":[{"job_id":"73e8e534-0891-4710-b96d-617a5865ce93","kind":"VIDEO","object_key":"artifacts/00000000-0000-0000-0000-000000000001/00000000-0000-0000-0000-000000000002/73e8e534-0891-4710-b96d-617a5865ce93/78eaa935-0831-5777-9075-06c227561543","object_version":"local-v00000000000000000006","sha256":"0c91cb7c0225493a7e7b0855484fd7a82baf277b9812d7954e2b8d0bb3f1ee01","size_bytes":12953},{"job_id":"c6247b88-1f7b-41ac-94cf-3c2cff1218eb","kind":"VIDEO","object_key":"artifacts/00000000-0000-0000-0000-000000000001/00000000-0000-0000-0000-000000000002/c6247b88-1f7b-41ac-94cf-3c2cff1218eb/e58e1f83-1c80-52a3-880b-c64a9769fb72","object_version":"local-v00000000000000000010","sha256":"0c91cb7c0225493a7e7b0855484fd7a82baf277b9812d7954e2b8d0bb3f1ee01","size_bytes":12953},{"job_id":"73e8e534-0891-4710-b96d-617a5865ce93","kind":"THUMBNAIL","object_key":"artifacts/00000000-0000-0000-0000-000000000001/00000000-0000-0000-0000-000000000002/73e8e534-0891-4710-b96d-617a5865ce93/14ad047e-e91a-5366-a855-779b1c809118","object_version":"local-v00000000000000000005","sha256":"4a5bebd434087d98bcc98e7c7f52a81e842b740800acd5e212de905b12282a58","size_bytes":164},{"job_id":"c6247b88-1f7b-41ac-94cf-3c2cff1218eb","kind":"THUMBNAIL","object_key":"artifacts/00000000-0000-0000-0000-000000000001/00000000-0000-0000-0000-000000000002/c6247b88-1f7b-41ac-94cf-3c2cff1218eb/5d68c9ea-6c0d-569b-8aaf-8c26272db6b1","object_version":"local-v00000000000000000009","sha256":"4a5bebd434087d98bcc98e7c7f52a81e842b740800acd5e212de905b12282a58","size_bytes":164}]}
2026/09/08 17:17:42 🐳 Stopping container: 278604e003fa
2026/09/08 17:17:42 ✅ Container stopped: 278604e003fa
2026/09/08 17:17:42 🐳 Terminating container: 278604e003fa
2026/09/08 17:17:42 🚫 Container terminated: 278604e003fa
--- PASS: TestCPUMockDurableStreamExactCacheCampaign (11.36s)
=== RUN   TestCPUMockExactCacheSourceTargetCampaign
2026/09/08 17:17:43 🐳 Creating container for image postgres:17-alpine
2026/09/08 17:17:43 ✅ Container created: a016760f1160
2026/09/08 17:17:43 🐳 Starting container: a016760f1160
2026/09/08 17:17:43 ✅ Container started: a016760f1160
2026/09/08 17:17:43 ⏳ Waiting for container id a016760f1160 image: postgres:17-alpine. Waiting for: all of: [all of: [log message "database system is ready to accept connections" (occurrence: 2), port 5432/tcp to be mapped]]
2026/09/08 17:17:44 🔔 Container is ready: a016760f1160
2026/09/08 17:17:44 OK   00001_foundation.sql (79.81ms)
2026/09/08 17:17:44 OK   00002_worker_assignment.sql (16.91ms)
2026/09/08 17:17:44 OK   00003_worker_start.sql (3.37ms)
2026/09/08 17:17:44 OK   00004_worker_heartbeat.sql (19.68ms)
2026/09/08 17:17:44 OK   00005_execution_failure.sql (17.51ms)
2026/09/08 17:17:44 OK   00006_customer_cancellation.sql (35.75ms)
2026/09/08 17:17:44 OK   00007_artifact_finalization.sql (39.03ms)
2026/09/08 17:17:44 OK   00008_hierarchical_scheduler.sql (58.89ms)
2026/09/08 17:17:44 OK   00009_invoice_export.sql (15.17ms)
2026/09/08 17:17:44 OK   00010_profile_certification_circuit.sql (23.99ms)
2026/09/08 17:17:44 OK   00011_project_webhooks.sql (35.22ms)
2026/09/08 17:17:44 OK   00012_human_oidc_fixed_rbac.sql (28.33ms)
2026/09/08 17:17:44 OK   00013_service_principal_administration.sql (17.42ms)
2026/09/08 17:17:45 OK   00014_human_membership_administration.sql (31.14ms)
2026/09/08 17:17:45 OK   00015_organization_reporting.sql (20.48ms)
2026/09/08 17:17:45 OK   00016_project_retention_content_deletion.sql (60.14ms)
2026/09/08 17:17:45 OK   00017_platform_operator_break_glass.sql (40.18ms)
2026/09/08 17:17:45 OK   00018_finance_reconciliation.sql (18.61ms)
2026/09/08 17:17:45 OK   00019_certified_remediation.sql (24.81ms)
2026/09/08 17:17:45 OK   00020_remediation_execution_claim.sql (5.94ms)
2026/09/08 17:17:45 OK   00021_remediation_execution_dispatch.sql (2.67ms)
2026/09/08 17:17:45 OK   00022_remediation_execution_claim_replay.sql (2.26ms)
2026/09/08 17:17:45 OK   00023_fleet_controller_worker_readiness.sql (74.89ms)
2026/09/08 17:17:45 OK   00024_staging_artifact_expiry.sql (4.35ms)
2026/09/08 17:17:45 OK   00025_scheduler_inbox_receipt.sql (2.79ms)
2026/09/08 17:17:45 OK   00026_synchronous_quorum_guard.sql (1.87ms)
2026/09/08 17:17:45 OK   00027_authorized_debug_dump_lifecycle.sql (55.55ms)
2026/09/08 17:17:45 OK   00028_off_cluster_backup_retention.sql (13.88ms)
2026/09/08 17:17:45 OK   00029_artifact_backup_replication.sql (12.8ms)
2026/09/08 17:17:45 OK   00030_non_content_legal_hold.sql (25.62ms)
2026/09/08 17:17:45 OK   00031_non_content_record_expiry.sql (71.09ms)
2026/09/08 17:17:45 OK   00032_catalog_promotion_production_gates.sql (38.74ms)
2026/09/08 17:17:45 OK   00033_statistical_slo_measurement.sql (29.93ms)
2026/09/08 17:17:45 OK   00034_stage_execution_catalog.sql (64.59ms)
2026/09/08 17:17:45 OK   00035_worker_instance_residency.sql (74.63ms)
2026/09/08 17:17:45 OK   00036_stage_attempt_authority.sql (103.22ms)
2026/09/08 17:17:45 OK   00037_stage_scheduler.sql (52.19ms)
2026/09/08 17:17:45 OK   00038_stage_artifact.sql (52.18ms)
2026/09/08 17:17:45 OK   00039_stage_worker_control_authority.sql (3.88ms)
2026/09/08 17:17:45 OK   00040_stage_worker_execution.sql (23.66ms)
2026/09/08 17:17:45 OK   00041_stage_worker_operations.sql (15.56ms)
2026/09/08 17:17:45 OK   00042_stage_worker_assignment.sql (16.85ms)
2026/09/08 17:17:45 OK   00043_stage_graph_finalization.sql (7.67ms)
2026/09/08 17:17:46 OK   00044_stage_cache.sql (34.23ms)
2026/09/08 17:17:46 OK   00045_stage_graph_finalization_outputs.sql (5.77ms)
2026/09/08 17:17:46 OK   00046_stage_graph_visible_completion.sql (7.6ms)
2026/09/08 17:17:46 OK   00047_usage_cost_ledger.sql (19.28ms)
2026/09/08 17:17:46 OK   00048_stage_run_output_binding.sql (17.8ms)
2026/09/08 17:17:46 OK   00049_stage_cutover_control.sql (64.1ms)
2026/09/08 17:17:46 OK   00050_stage_graph_instantiation_dispatch.sql (19.96ms)
2026/09/08 17:17:46 OK   00051_atomic_stage_graph_admission.sql (10.15ms)
2026/09/08 17:17:46 OK   00052_stage_cutover_zero_backlog_seal.sql (22.82ms)
2026/09/08 17:17:46 OK   00053_legacy_h3_guarded_contraction.sql (16.15ms)
2026/09/08 17:17:46 OK   00054_stage_transfer_consume_destination.sql (3.86ms)
2026/09/08 17:17:46 OK   00055_h3_campaign_evidence_reader.sql (4.24ms)
2026/09/08 17:17:46 OK   00056_stage_observability_reader.sql (982.79µs)
2026/09/08 17:17:46 OK   00057_legacy_h3_release_contraction_gate.sql (10.82ms)
2026/09/08 17:17:46 OK   00058_legacy_h3_schema_contraction.sql (182.68ms)
2026/09/08 17:17:46 OK   00059_model_runtime_epoch_registration.sql (25.18ms)
2026/09/08 17:17:46 OK   00060_model_runtime_gang_barrier.sql (20.7ms)
2026/09/08 17:17:46 OK   00061_stage_worker_gang_authority.sql (7.26ms)
2026/09/08 17:17:46 OK   00062_stage_authority_member_identity.sql (3.44ms)
2026/09/08 17:17:46 OK   00063_h3_execution_snapshot.sql (3.45ms)
2026/09/08 17:17:46 OK   00064_model_runtime_capacity_routes.sql (13.95ms)
2026/09/08 17:17:46 OK   00065_h3_exact_cache_reconciliation.sql (12.7ms)
2026/09/08 17:17:46 OK   00066_stage_worker_control_session_capacity.sql (27.17ms)
2026/09/08 17:17:46 OK   00067_stage_scheduler_project_capacity.sql (2.48ms)
2026/09/08 17:17:46 OK   00068_stage_assignment_connector_states.sql (2.15ms)
2026/09/08 17:17:46 OK   00069_stage_transfer_server_clock.sql (5.78ms)
2026/09/08 17:17:46 OK   00070_stage_lease_expiry_recovery.sql (12.9ms)
2026/09/08 17:17:46 OK   00071_stage_artifact_lifecycle.sql (19.72ms)
2026/09/08 17:17:46 OK   00072_recovery_quiescence.sql (15.13ms)
2026/09/08 17:17:46 OK   00073_stage_cache_downstream_bindings.sql (6.64ms)
2026/09/08 17:17:46 OK   00074_job_owned_public_artifact_copies.sql (3.9ms)
2026/09/08 17:17:46 OK   00075_stage_graph_failure_terminalization.sql (21.59ms)
2026/09/08 17:17:46 OK   00076_allocation_usage_unit.sql (1.14ms)
2026/09/08 17:17:46 OK   00077_runtime_usage_receipts.sql (4.42ms)
2026/09/08 17:17:46 OK   00078_idle_stage_worker_probe.sql (6.07ms)
2026/09/08 17:17:46 OK   00079_stage_job_expiry.sql (6.74ms)
2026/09/08 17:17:46 OK   00080_stage_scheduler_snapshot_lock_order.sql (3.66ms)
2026/09/08 17:17:46 OK   00081_stage_assignment_quorum.sql (1.69ms)
2026/09/08 17:17:46 OK   00082_stage_success_storage_completion.sql (3.68ms)
2026/09/08 17:17:46 OK   00083_capacity_observation_lifecycle.sql (4.82ms)
2026/09/08 17:17:46 OK   00084_blocked_stage_worker_probe.sql (4.98ms)
2026/09/08 17:17:46 OK   00085_stage_materialization_terminal_replay.sql (2.85ms)
2026/09/08 17:17:46 OK   00086_stage_failure_terminal_replay.sql (6.88ms)
2026/09/08 17:17:46 OK   00087_stage_claim_finalization_lock_order.sql (2.68ms)
2026/09/08 17:17:46 OK   00088_stage_allocation_execution_sequence.sql (4.89ms)
2026/09/08 17:17:46 OK   00089_stage_terminal_history.sql (9.1ms)
2026/09/08 17:17:46 OK   00090_stage_assignment_content_lifecycle.sql (19.94ms)
2026/09/08 17:17:46 OK   00091_worker_journal_bootstrap.sql (20.54ms)
2026/09/08 17:17:46 OK   00092_worker_bootstrap_history.sql (2.39ms)
2026/09/08 17:17:46 OK   00093_worker_bootstrap_nonzero_scopes.sql (1.52ms)
2026/09/08 17:17:46 OK   00094_worker_bootstrap_abandonment.sql (12.45ms)
2026/09/08 17:17:46 goose: successfully migrated database to version: 94
    cpu_mock_exact_cache_campaign_test.go:24: CPU_MOCK_CAMPAIGN_START {"durable_stream":false,"exact_cache":true,"go_version":"go1.26.7","initial_budget":{"planned_jobs":2,"fixed_price_per_job_minor":1250,"initial_credit_limit_minor":2500,"currency":"CNY"},"runtime_binary_sha256":{"vela-h3-stage-mock":"2f572c2df6cf7619cb81322569acae2477dc5b8ab6a63ed646976a2a8d167ecd","vela-lab-cpu-thumbnail-mock":"763aace4542d4a443ae326ad0ab201a39832dafaf42ff6fef48a09c3282f4cce"},"source_tree_sha256":"80c719afde4829e52e8f742ea1cf81c01472b8f10e0518dcd92b4c879e3bbbbf"}
    cpu_mock_exact_cache_campaign_test.go:24: CPU_MOCK_EXACT_CACHE_RECEIPT {"admission":{"AdmissionCandidates":2,"Admitted":2,"HitCandidates":0,"Hits":0,"Skipped":0},"after_maintenance":{"observed_at":"2026-09-08T09:17:49.926498Z","queued_jobs":0,"running_jobs":0,"active_allocations":0,"active_leases":0,"reserved_storage":0,"reserved_storage_bytes":0,"materialized_stage_bytes":26638,"held_buffers":0,"visible_completions":2,"acquire_intents":6,"database_bytes":29021875,"test_process_heap_bytes":13383752,"test_process_goroutines":89,"runtime_scratch_bytes":0,"runtime_input_bytes":0,"runtime_output_bytes":0,"runtime_watchdog_goroutines":0,"reserved_credit_minor":0,"posted_credit_minor":2500,"charges":2,"pool_active_counters":0,"active_execution_pins":0,"active_finalization_pins":0,"active_cache_pins":0,"live_cache_entries":2,"active_cache_carrying_references":2,"committed_stage_artifacts":6},"after_source":{"observed_at":"2026-09-08T09:17:49.36928Z","queued_jobs":0,"running_jobs":0,"active_allocations":0,"active_leases":0,"reserved_storage":0,"reserved_storage_bytes":0,"materialized_stage_bytes":13521,"held_buffers":0,"visible_completions":1,"acquire_intents":4,"database_bytes":28686003,"test_process_heap_bytes":25680800,"test_process_goroutines":89,"runtime_scratch_bytes":0,"runtime_input_bytes":0,"runtime_output_bytes":0,"runtime_watchdog_goroutines":0,"reserved_credit_minor":0,"posted_credit_minor":1250,"charges":1,"pool_active_counters":0,"active_execution_pins":3,"active_finalization_pins":0,"active_cache_pins":0,"live_cache_entries":0,"active_cache_carrying_references":0,"committed_stage_artifacts":4,"processes":[{"pid":36163,"name":"integration.test","rss_bytes":273006592,"open_fds":87},{"pid":36244,"name":"h3-encoder","rss_bytes":17612800,"open_fds":12},{"pid":36251,"name":"h3-dit","rss_bytes":17514496,"open_fds":12},{"pid":36252,"name":"h3-vae-decoder","rss_bytes":17104896,"open_fds":12},{"pid":36253,"name":"vela-lab-cpu-thumbnail-mock","rss_bytes":17776640,"open_fds":12}]},"after_target":{"observed_at":"2026-09-08T09:17:49.826461Z","queued_jobs":0,"running_jobs":0,"active_allocations":0,"active_leases":0,"reserved_storage":0,"reserved_storage_bytes":0,"materialized_stage_bytes":26638,"held_buffers":1,"visible_completions":2,"acquire_intents":6,"database_bytes":29021875,"test_process_heap_bytes":11190680,"test_process_goroutines":89,"runtime_scratch_bytes":0,"runtime_input_bytes":0,"runtime_output_bytes":0,"runtime_watchdog_goroutines":0,"reserved_credit_minor":0,"posted_credit_minor":2500,"charges":2,"pool_active_counters":0,"active_execution_pins":8,"active_finalization_pins":0,"active_cache_pins":0,"live_cache_entries":2,"active_cache_carrying_references":2,"committed_stage_artifacts":6,"processes":[{"pid":36163,"name":"integration.test","rss_bytes":273072128,"open_fds":87},{"pid":36244,"name":"h3-encoder","rss_bytes":17612800,"open_fds":12},{"pid":36251,"name":"h3-dit","rss_bytes":17514496,"open_fds":12},{"pid":36252,"name":"h3-vae-decoder","rss_bytes":17235968,"open_fds":12},{"pid":36253,"name":"vela-lab-cpu-thumbnail-mock","rss_bytes":17907712,"open_fds":12}]},"before":{"observed_at":"2026-09-08T09:17:48.517439Z","queued_jobs":0,"running_jobs":0,"active_allocations":0,"active_leases":0,"reserved_storage":0,"reserved_storage_bytes":0,"materialized_stage_bytes":0,"held_buffers":0,"visible_completions":0,"acquire_intents":0,"database_bytes":26670771,"test_process_heap_bytes":18612176,"test_process_goroutines":65,"runtime_scratch_bytes":0,"runtime_input_bytes":0,"runtime_output_bytes":0,"runtime_watchdog_goroutines":0,"reserved_credit_minor":0,"posted_credit_minor":0,"charges":0,"pool_active_counters":0,"active_execution_pins":0,"active_finalization_pins":0,"active_cache_pins":0,"live_cache_entries":0,"active_cache_carrying_references":0,"committed_stage_artifacts":0,"processes":[{"pid":36163,"name":"integration.test","rss_bytes":272793600,"open_fds":76},{"pid":36244,"name":"h3-encoder","rss_bytes":16957440,"open_fds":12},{"pid":36251,"name":"h3-dit","rss_bytes":16760832,"open_fds":12},{"pid":36252,"name":"h3-vae-decoder","rss_bytes":16416768,"open_fds":12},{"pid":36253,"name":"vela-lab-cpu-thumbnail-mock","rss_bytes":16990208,"open_fds":12}]},"capacity_reports_by_worker":{"dit":1,"encoder":1,"thumbnail":1,"vae":1},"consumed_transfers":5,"direct_allocation_receipts":6,"elapsed_seconds":1.464042,"evidence_class":"LOCAL_CPU_MOCK_EXACT_CACHE","exact_bindings_and_pins":[{"stage":"dit","source_artifact_id":"c988ff64-e8b5-4260-be19-83d1e26f9c1b","object_version":"local-v00000000000000000002","pin_id":"ef682288-b1d0-5ba4-a291-d4a2170a5c5b"},{"stage":"encoder","source_artifact_id":"6835a9ac-33ab-4f2c-9521-ac5bb303a1e0","object_version":"local-v00000000000000000001","pin_id":"4ba1926a-cab1-5782-867a-89531245a9d6"}],"ffprobe_version":"ffprobe version 8.0.1 Copyright (c) 2007-2025 the FFmpeg developers","go_version":"go1.26.7","hits":[{"AdmissionCandidates":0,"Admitted":0,"HitCandidates":2,"Hits":1,"Skipped":0},{"AdmissionCandidates":0,"Admitted":0,"HitCandidates":2,"Hits":1,"Skipped":0}],"initial_budget":{"planned_jobs":2,"fixed_price_per_job_minor":1250,"initial_credit_limit_minor":2500,"currency":"CNY"},"limitations":["CPU mock, local exact-version store and loopback Runtime gRPC; no real H3/GPU or Production Gate evidence","public Go control services and low-level agent; production stream handler/journal replay is covered by separate tests","BITWISE equivalence/policy are static fixture catalog declarations; native mock payloads and ADMIT/HIT outcomes are measured","Project cache remains enabled with two admitted entries; cache carrying history is retained","Reconciler drives real ADMIT/HIT before target physical Acquire; this does not benchmark a cache/scheduler race","real ffprobe verifies media; host execution does not prove Linux sandboxing; native subprocesses are not race-instrumented"],"maintenance_result":{"RequestContentExpired":0,"ContentDeletionRequestsCreated":0,"Claimed":0,"Completed":0,"Failed":0},"production_gate":false,"runtime_binary_sha256":{"vela-h3-stage-mock":"2f572c2df6cf7619cb81322569acae2477dc5b8ab6a63ed646976a2a8d167ecd","vela-lab-cpu-thumbnail-mock":"763aace4542d4a443ae326ad0ab201a39832dafaf42ff6fef48a09c3282f4cce"},"schema_version":1,"source_job_id":"9cfebda3-c401-4b33-8a10-38e0a9f30a4b","source_physical_stages":4,"source_tree_sha256":"80c719afde4829e52e8f742ea1cf81c01472b8f10e0518dcd92b4c879e3bbbbf","started_at":"2026-09-08T09:17:48.517437Z","target_job_id":"17d14bcd-437c-4f71-a49f-e7cdd49a9f94","target_physical_stages":2,"verified_public_copies":[{"job_id":"17d14bcd-437c-4f71-a49f-e7cdd49a9f94","kind":"VIDEO","object_key":"artifacts/00000000-0000-0000-0000-000000000001/00000000-0000-0000-0000-000000000002/17d14bcd-437c-4f71-a49f-e7cdd49a9f94/bf2a282d-af3b-5aeb-b7f5-859593ffc50c","object_version":"local-v00000000000000000010","sha256":"0c91cb7c0225493a7e7b0855484fd7a82baf277b9812d7954e2b8d0bb3f1ee01","size_bytes":12953},{"job_id":"9cfebda3-c401-4b33-8a10-38e0a9f30a4b","kind":"VIDEO","object_key":"artifacts/00000000-0000-0000-0000-000000000001/00000000-0000-0000-0000-000000000002/9cfebda3-c401-4b33-8a10-38e0a9f30a4b/6e0c6d23-3320-5d3f-b1ed-1cbdd633b58e","object_version":"local-v00000000000000000006","sha256":"0c91cb7c0225493a7e7b0855484fd7a82baf277b9812d7954e2b8d0bb3f1ee01","size_bytes":12953},{"job_id":"17d14bcd-437c-4f71-a49f-e7cdd49a9f94","kind":"THUMBNAIL","object_key":"artifacts/00000000-0000-0000-0000-000000000001/00000000-0000-0000-0000-000000000002/17d14bcd-437c-4f71-a49f-e7cdd49a9f94/68867612-de0b-53d2-9dfb-ada0127f8f66","object_version":"local-v00000000000000000009","sha256":"4a5bebd434087d98bcc98e7c7f52a81e842b740800acd5e212de905b12282a58","size_bytes":164},{"job_id":"9cfebda3-c401-4b33-8a10-38e0a9f30a4b","kind":"THUMBNAIL","object_key":"artifacts/00000000-0000-0000-0000-000000000001/00000000-0000-0000-0000-000000000002/9cfebda3-c401-4b33-8a10-38e0a9f30a4b/359b3f99-6672-5bce-a62b-d204e39cafa2","object_version":"local-v00000000000000000005","sha256":"4a5bebd434087d98bcc98e7c7f52a81e842b740800acd5e212de905b12282a58","size_bytes":164}]}
2026/09/08 17:17:49 🐳 Stopping container: a016760f1160
2026/09/08 17:17:50 ✅ Container stopped: a016760f1160
2026/09/08 17:17:50 🐳 Terminating container: a016760f1160
2026/09/08 17:17:50 🚫 Container terminated: a016760f1160
--- PASS: TestCPUMockExactCacheSourceTargetCampaign (7.34s)
=== RUN   TestCPUMockProductionLoopClockOffsetCampaign
2026/09/08 17:17:51 🐳 Creating container for image postgres:17-alpine
2026/09/08 17:17:51 ✅ Container created: 21ff47ab9a19
2026/09/08 17:17:51 🐳 Starting container: 21ff47ab9a19
2026/09/08 17:17:51 ✅ Container started: 21ff47ab9a19
2026/09/08 17:17:51 ⏳ Waiting for container id 21ff47ab9a19 image: postgres:17-alpine. Waiting for: all of: [all of: [log message "database system is ready to accept connections" (occurrence: 2), port 5432/tcp to be mapped]]
2026/09/08 17:17:51 🔔 Container is ready: 21ff47ab9a19
2026/09/08 17:17:52 OK   00001_foundation.sql (81.32ms)
2026/09/08 17:17:52 OK   00002_worker_assignment.sql (18.18ms)
2026/09/08 17:17:52 OK   00003_worker_start.sql (3.51ms)
2026/09/08 17:17:52 OK   00004_worker_heartbeat.sql (19.17ms)
2026/09/08 17:17:52 OK   00005_execution_failure.sql (18.12ms)
2026/09/08 17:17:52 OK   00006_customer_cancellation.sql (34.09ms)
2026/09/08 17:17:52 OK   00007_artifact_finalization.sql (37.41ms)
2026/09/08 17:17:52 OK   00008_hierarchical_scheduler.sql (55.76ms)
2026/09/08 17:17:52 OK   00009_invoice_export.sql (15.63ms)
2026/09/08 17:17:52 OK   00010_profile_certification_circuit.sql (22.99ms)
2026/09/08 17:17:52 OK   00011_project_webhooks.sql (39.15ms)
2026/09/08 17:17:52 OK   00012_human_oidc_fixed_rbac.sql (28.98ms)
2026/09/08 17:17:52 OK   00013_service_principal_administration.sql (18.16ms)
2026/09/08 17:17:52 OK   00014_human_membership_administration.sql (31.63ms)
2026/09/08 17:17:52 OK   00015_organization_reporting.sql (21.18ms)
2026/09/08 17:17:52 OK   00016_project_retention_content_deletion.sql (59.17ms)
2026/09/08 17:17:52 OK   00017_platform_operator_break_glass.sql (39.4ms)
2026/09/08 17:17:52 OK   00018_finance_reconciliation.sql (18.74ms)
2026/09/08 17:17:52 OK   00019_certified_remediation.sql (25.59ms)
2026/09/08 17:17:52 OK   00020_remediation_execution_claim.sql (6.38ms)
2026/09/08 17:17:52 OK   00021_remediation_execution_dispatch.sql (2.49ms)
2026/09/08 17:17:52 OK   00022_remediation_execution_claim_replay.sql (2.66ms)
2026/09/08 17:17:52 OK   00023_fleet_controller_worker_readiness.sql (73.06ms)
2026/09/08 17:17:52 OK   00024_staging_artifact_expiry.sql (4.49ms)
2026/09/08 17:17:52 OK   00025_scheduler_inbox_receipt.sql (3.12ms)
2026/09/08 17:17:52 OK   00026_synchronous_quorum_guard.sql (1.92ms)
2026/09/08 17:17:52 OK   00027_authorized_debug_dump_lifecycle.sql (53.39ms)
2026/09/08 17:17:52 OK   00028_off_cluster_backup_retention.sql (14.52ms)
2026/09/08 17:17:52 OK   00029_artifact_backup_replication.sql (12.8ms)
2026/09/08 17:17:52 OK   00030_non_content_legal_hold.sql (25.13ms)
2026/09/08 17:17:52 OK   00031_non_content_record_expiry.sql (69.22ms)
2026/09/08 17:17:52 OK   00032_catalog_promotion_production_gates.sql (36.85ms)
2026/09/08 17:17:52 OK   00033_statistical_slo_measurement.sql (27.94ms)
2026/09/08 17:17:52 OK   00034_stage_execution_catalog.sql (60.78ms)
2026/09/08 17:17:53 OK   00035_worker_instance_residency.sql (71.65ms)
2026/09/08 17:17:53 OK   00036_stage_attempt_authority.sql (98.77ms)
2026/09/08 17:17:53 OK   00037_stage_scheduler.sql (51.71ms)
2026/09/08 17:17:53 OK   00038_stage_artifact.sql (51.32ms)
2026/09/08 17:17:53 OK   00039_stage_worker_control_authority.sql (3.87ms)
2026/09/08 17:17:53 OK   00040_stage_worker_execution.sql (23.2ms)
2026/09/08 17:17:53 OK   00041_stage_worker_operations.sql (15.64ms)
2026/09/08 17:17:53 OK   00042_stage_worker_assignment.sql (16.99ms)
2026/09/08 17:17:53 OK   00043_stage_graph_finalization.sql (7.67ms)
2026/09/08 17:17:53 OK   00044_stage_cache.sql (34.18ms)
2026/09/08 17:17:53 OK   00045_stage_graph_finalization_outputs.sql (6.34ms)
2026/09/08 17:17:53 OK   00046_stage_graph_visible_completion.sql (7.84ms)
2026/09/08 17:17:53 OK   00047_usage_cost_ledger.sql (19.53ms)
2026/09/08 17:17:53 OK   00048_stage_run_output_binding.sql (16.33ms)
2026/09/08 17:17:53 OK   00049_stage_cutover_control.sql (60.74ms)
2026/09/08 17:17:53 OK   00050_stage_graph_instantiation_dispatch.sql (20.24ms)
2026/09/08 17:17:53 OK   00051_atomic_stage_graph_admission.sql (9.9ms)
2026/09/08 17:17:53 OK   00052_stage_cutover_zero_backlog_seal.sql (22.51ms)
2026/09/08 17:17:53 OK   00053_legacy_h3_guarded_contraction.sql (15.33ms)
2026/09/08 17:17:53 OK   00054_stage_transfer_consume_destination.sql (4.32ms)
2026/09/08 17:17:53 OK   00055_h3_campaign_evidence_reader.sql (4.15ms)
2026/09/08 17:17:53 OK   00056_stage_observability_reader.sql (1.19ms)
2026/09/08 17:17:53 OK   00057_legacy_h3_release_contraction_gate.sql (10.82ms)
2026/09/08 17:17:53 OK   00058_legacy_h3_schema_contraction.sql (182.17ms)
2026/09/08 17:17:53 OK   00059_model_runtime_epoch_registration.sql (23.78ms)
2026/09/08 17:17:53 OK   00060_model_runtime_gang_barrier.sql (20.1ms)
2026/09/08 17:17:53 OK   00061_stage_worker_gang_authority.sql (6.81ms)
2026/09/08 17:17:53 OK   00062_stage_authority_member_identity.sql (3.17ms)
2026/09/08 17:17:53 OK   00063_h3_execution_snapshot.sql (3.26ms)
2026/09/08 17:17:53 OK   00064_model_runtime_capacity_routes.sql (13.5ms)
2026/09/08 17:17:53 OK   00065_h3_exact_cache_reconciliation.sql (12ms)
2026/09/08 17:17:53 OK   00066_stage_worker_control_session_capacity.sql (26.81ms)
2026/09/08 17:17:53 OK   00067_stage_scheduler_project_capacity.sql (2.41ms)
2026/09/08 17:17:53 OK   00068_stage_assignment_connector_states.sql (1.99ms)
2026/09/08 17:17:53 OK   00069_stage_transfer_server_clock.sql (5.93ms)
2026/09/08 17:17:53 OK   00070_stage_lease_expiry_recovery.sql (12.66ms)
2026/09/08 17:17:53 OK   00071_stage_artifact_lifecycle.sql (20.03ms)
2026/09/08 17:17:53 OK   00072_recovery_quiescence.sql (14.31ms)
2026/09/08 17:17:53 OK   00073_stage_cache_downstream_bindings.sql (6.33ms)
2026/09/08 17:17:53 OK   00074_job_owned_public_artifact_copies.sql (3.55ms)
2026/09/08 17:17:53 OK   00075_stage_graph_failure_terminalization.sql (22.09ms)
2026/09/08 17:17:53 OK   00076_allocation_usage_unit.sql (984.42µs)
2026/09/08 17:17:53 OK   00077_runtime_usage_receipts.sql (4.53ms)
2026/09/08 17:17:53 OK   00078_idle_stage_worker_probe.sql (5.98ms)
2026/09/08 17:17:53 OK   00079_stage_job_expiry.sql (6.94ms)
2026/09/08 17:17:53 OK   00080_stage_scheduler_snapshot_lock_order.sql (3.8ms)
2026/09/08 17:17:53 OK   00081_stage_assignment_quorum.sql (1.76ms)
2026/09/08 17:17:53 OK   00082_stage_success_storage_completion.sql (3.78ms)
2026/09/08 17:17:53 OK   00083_capacity_observation_lifecycle.sql (5.04ms)
2026/09/08 17:17:53 OK   00084_blocked_stage_worker_probe.sql (4.88ms)
2026/09/08 17:17:53 OK   00085_stage_materialization_terminal_replay.sql (2.82ms)
2026/09/08 17:17:53 OK   00086_stage_failure_terminal_replay.sql (6.93ms)
2026/09/08 17:17:53 OK   00087_stage_claim_finalization_lock_order.sql (2.74ms)
2026/09/08 17:17:53 OK   00088_stage_allocation_execution_sequence.sql (4.94ms)
2026/09/08 17:17:53 OK   00089_stage_terminal_history.sql (9.16ms)
2026/09/08 17:17:54 OK   00090_stage_assignment_content_lifecycle.sql (20.64ms)
2026/09/08 17:17:54 OK   00091_worker_journal_bootstrap.sql (20.89ms)
2026/09/08 17:17:54 OK   00092_worker_bootstrap_history.sql (2.43ms)
2026/09/08 17:17:54 OK   00093_worker_bootstrap_nonzero_scopes.sql (1.53ms)
2026/09/08 17:17:54 OK   00094_worker_bootstrap_abandonment.sql (12.63ms)
2026/09/08 17:17:54 goose: successfully migrated database to version: 94
    cpu_mock_production_loop_campaign_test.go:23: CPU_MOCK_CAMPAIGN_START {"durable_stream":true,"exact_cache":false,"go_version":"go1.26.7","initial_budget":{"planned_jobs":16,"fixed_price_per_job_minor":1250,"initial_credit_limit_minor":20000,"currency":"CNY"},"runtime_binary_sha256":{"vela-h3-stage-mock":"2f572c2df6cf7619cb81322569acae2477dc5b8ab6a63ed646976a2a8d167ecd","vela-lab-cpu-thumbnail-mock":"763aace4542d4a443ae326ad0ab201a39832dafaf42ff6fef48a09c3282f4cce"},"source_tree_sha256":"80c719afde4829e52e8f742ea1cf81c01472b8f10e0518dcd92b4c879e3bbbbf"}
    cpu_mock_production_loop_campaign_test.go:90: encoder production retry resume-materialization: commit durable StageArtifact: rpc error: code = AlreadyExists desc = Stage Worker request identity is duplicated
    cpu_mock_production_loop_campaign_test.go:90: dit production retry resume-materialization: commit durable StageArtifact: rpc error: code = AlreadyExists desc = Stage Worker request identity is duplicated
    cpu_mock_production_loop_campaign_test.go:90: vae production retry resume-materialization: commit durable StageArtifact: rpc error: code = AlreadyExists desc = Stage Worker request identity is duplicated
    cpu_mock_production_loop_campaign_test.go:90: thumbnail production retry resume-materialization: commit durable StageArtifact: rpc error: code = AlreadyExists desc = Stage Worker request identity is duplicated
    cpu_mock_production_loop_campaign_test.go:23: CPU_MOCK_LOAD_WAVE 1 {ObservedAt:2026-09-08 09:18:09.709982 +0000 UTC Queued:0 Running:0 ActiveAllocations:0 ActiveLeases:0 ReservedStorage:0 ReservedBytes:0 MaterializedBytes:108168 HeldBuffers:0 Completed:8 AcquireIntents:34 DatabaseBytes:30045875 HeapBytes:24325584 Goroutines:152 ScratchBytes:0 JournalBytes:332630 InputBytes:0 OutputBytes:0 RuntimeWatchdogs:0 ReservedCredit:0 PostedCredit:10000 Charges:8 PoolCounters:0 ExecutionPins:24 FinalizationPins:0 CachePins:0 CacheEntries:0 CacheCarryingRefs:0 CommittedObjects:32 Processes:[{PID:36163 Name:integration.test RSSBytes:298762240 OpenFDs:150} {PID:36286 Name:h3-encoder RSSBytes:20021248 OpenFDs:12} {PID:36287 Name:h3-dit RSSBytes:20430848 OpenFDs:12} {PID:36288 Name:h3-vae-decoder RSSBytes:20299776 OpenFDs:12} {PID:36291 Name:vela-lab-cpu-thumbnail-mock RSSBytes:20627456 OpenFDs:12}]}
    cpu_mock_production_loop_campaign_test.go:23: CPU_MOCK_LOAD_WAVE 2 {ObservedAt:2026-09-08 09:18:26.810818 +0000 UTC Queued:0 Running:0 ActiveAllocations:0 ActiveLeases:0 ReservedStorage:0 ReservedBytes:0 MaterializedBytes:216336 HeldBuffers:0 Completed:16 AcquireIntents:68 DatabaseBytes:32186895 HeapBytes:15304112 Goroutines:152 ScratchBytes:0 JournalBytes:654822 InputBytes:0 OutputBytes:0 RuntimeWatchdogs:0 ReservedCredit:0 PostedCredit:20000 Charges:16 PoolCounters:0 ExecutionPins:24 FinalizationPins:0 CachePins:0 CacheEntries:0 CacheCarryingRefs:0 CommittedObjects:64 Processes:[{PID:36163 Name:integration.test RSSBytes:304545792 OpenFDs:151} {PID:36286 Name:h3-encoder RSSBytes:20447232 OpenFDs:12} {PID:36287 Name:h3-dit RSSBytes:21807104 OpenFDs:12} {PID:36288 Name:h3-vae-decoder RSSBytes:21626880 OpenFDs:12} {PID:36291 Name:vela-lab-cpu-thumbnail-mock RSSBytes:21905408 OpenFDs:12}]}
    cpu_mock_production_loop_campaign_test.go:23: CPU_MOCK_LOAD_RECEIPT {"schema_version":1,"evidence_class":"LOCAL_CPU_MOCK_RUNTIME_LOAD","production_gate":false,"started_at":"2026-09-08T09:17:57.047901Z","jobs":16,"waves":2,"concurrent_arrivals_per_wave":8,"persistent_workers":4,"project_running_limit":2,"initial_budget":{"planned_jobs":16,"fixed_price_per_job_minor":1250,"initial_credit_limit_minor":20000,"currency":"CNY"},"elapsed_seconds":29.856671,"jobs_per_second":0.5358936366348412,"mean_queue_seconds":5.4415311875,"max_queue_seconds":12.660267,"mean_latency_seconds":8.415503,"sampled_peak":{"queued_jobs":8,"running_jobs":2,"active_allocations":2,"active_leases":2,"reserved_storage":8,"reserved_storage_bytes":17179869184,"materialized_stage_bytes":216336,"held_buffers":2,"visible_completions":16,"acquire_intents":68,"database_bytes":32186895,"test_process_heap_bytes":34057048,"test_process_goroutines":159,"runtime_scratch_bytes":39256,"local_journal_bytes":766274,"runtime_input_bytes":13186,"runtime_output_bytes":13186,"runtime_watchdog_goroutines":2,"reserved_credit_minor":10000,"posted_credit_minor":20000,"charges":16,"pool_active_counters":17,"active_execution_pins":24,"active_finalization_pins":0,"active_cache_pins":0,"live_cache_entries":0,"active_cache_carrying_references":0,"committed_stage_artifacts":64},"before_arrivals":{"observed_at":"2026-09-08T09:17:56.940524Z","queued_jobs":0,"running_jobs":0,"active_allocations":0,"active_leases":0,"reserved_storage":0,"reserved_storage_bytes":0,"materialized_stage_bytes":0,"held_buffers":0,"visible_completions":0,"acquire_intents":0,"database_bytes":26638003,"test_process_heap_bytes":15557712,"test_process_goroutines":130,"runtime_scratch_bytes":0,"local_journal_bytes":6371,"runtime_input_bytes":0,"runtime_output_bytes":0,"runtime_watchdog_goroutines":0,"reserved_credit_minor":0,"posted_credit_minor":0,"charges":0,"pool_active_counters":0,"active_execution_pins":0,"active_finalization_pins":0,"active_cache_pins":0,"live_cache_entries":0,"active_cache_carrying_references":0,"committed_stage_artifacts":0,"processes":[{"pid":36163,"name":"integration.test","rss_bytes":278233088,"open_fds":131},{"pid":36286,"name":"h3-encoder","rss_bytes":16728064,"open_fds":12},{"pid":36287,"name":"h3-dit","rss_bytes":17022976,"open_fds":12},{"pid":36288,"name":"h3-vae-decoder","rss_bytes":16613376,"open_fds":12},{"pid":36291,"name":"vela-lab-cpu-thumbnail-mock","rss_bytes":16826368,"open_fds":12}]},"after_wave":[{"observed_at":"2026-09-08T09:18:09.709982Z","queued_jobs":0,"running_jobs":0,"active_allocations":0,"active_leases":0,"reserved_storage":0,"reserved_storage_bytes":0,"materialized_stage_bytes":108168,"held_buffers":0,"visible_completions":8,"acquire_intents":34,"database_bytes":30045875,"test_process_heap_bytes":24325584,"test_process_goroutines":152,"runtime_scratch_bytes":0,"local_journal_bytes":332630,"runtime_input_bytes":0,"runtime_output_bytes":0,"runtime_watchdog_goroutines":0,"reserved_credit_minor":0,"posted_credit_minor":10000,"charges":8,"pool_active_counters":0,"active_execution_pins":24,"active_finalization_pins":0,"active_cache_pins":0,"live_cache_entries":0,"active_cache_carrying_references":0,"committed_stage_artifacts":32,"processes":[{"pid":36163,"name":"integration.test","rss_bytes":298762240,"open_fds":150},{"pid":36286,"name":"h3-encoder","rss_bytes":20021248,"open_fds":12},{"pid":36287,"name":"h3-dit","rss_bytes":20430848,"open_fds":12},{"pid":36288,"name":"h3-vae-decoder","rss_bytes":20299776,"open_fds":12},{"pid":36291,"name":"vela-lab-cpu-thumbnail-mock","rss_bytes":20627456,"open_fds":12}]},{"observed_at":"2026-09-08T09:18:26.810818Z","queued_jobs":0,"running_jobs":0,"active_allocations":0,"active_leases":0,"reserved_storage":0,"reserved_storage_bytes":0,"materialized_stage_bytes":216336,"held_buffers":0,"visible_completions":16,"acquire_intents":68,"database_bytes":32186895,"test_process_heap_bytes":15304112,"test_process_goroutines":152,"runtime_scratch_bytes":0,"local_journal_bytes":654822,"runtime_input_bytes":0,"runtime_output_bytes":0,"runtime_watchdog_goroutines":0,"reserved_credit_minor":0,"posted_credit_minor":20000,"charges":16,"pool_active_counters":0,"active_execution_pins":24,"active_finalization_pins":0,"active_cache_pins":0,"live_cache_entries":0,"active_cache_carrying_references":0,"committed_stage_artifacts":64,"processes":[{"pid":36163,"name":"integration.test","rss_bytes":304545792,"open_fds":151},{"pid":36286,"name":"h3-encoder","rss_bytes":20447232,"open_fds":12},{"pid":36287,"name":"h3-dit","rss_bytes":21807104,"open_fds":12},{"pid":36288,"name":"h3-vae-decoder","rss_bytes":21626880,"open_fds":12},{"pid":36291,"name":"vela-lab-cpu-thumbnail-mock","rss_bytes":21905408,"open_fds":12}]}],"after_maintenance":[{"observed_at":"2026-09-08T09:18:09.817335Z","queued_jobs":0,"running_jobs":0,"active_allocations":0,"active_leases":0,"reserved_storage":0,"reserved_storage_bytes":0,"materialized_stage_bytes":108168,"held_buffers":0,"visible_completions":8,"acquire_intents":34,"database_bytes":30045875,"test_process_heap_bytes":26958368,"test_process_goroutines":152,"runtime_scratch_bytes":0,"local_journal_bytes":332630,"runtime_input_bytes":0,"runtime_output_bytes":0,"runtime_watchdog_goroutines":0,"reserved_credit_minor":0,"posted_credit_minor":10000,"charges":8,"pool_active_counters":0,"active_execution_pins":0,"active_finalization_pins":0,"active_cache_pins":0,"live_cache_entries":0,"active_cache_carrying_references":0,"committed_stage_artifacts":32},{"observed_at":"2026-09-08T09:18:26.897589Z","queued_jobs":0,"running_jobs":0,"active_allocations":0,"active_leases":0,"reserved_storage":0,"reserved_storage_bytes":0,"materialized_stage_bytes":216336,"held_buffers":0,"visible_completions":16,"acquire_intents":68,"database_bytes":32219663,"test_process_heap_bytes":18208632,"test_process_goroutines":152,"runtime_scratch_bytes":0,"local_journal_bytes":654822,"runtime_input_bytes":0,"runtime_output_bytes":0,"runtime_watchdog_goroutines":0,"reserved_credit_minor":0,"posted_credit_minor":20000,"charges":16,"pool_active_counters":0,"active_execution_pins":0,"active_finalization_pins":0,"active_cache_pins":0,"live_cache_entries":0,"active_cache_carrying_references":0,"committed_stage_artifacts":64}],"maintenance_results":[{"RequestContentExpired":0,"ContentDeletionRequestsCreated":0,"Claimed":0,"Completed":0,"Failed":0},{"RequestContentExpired":0,"ContentDeletionRequestsCreated":0,"Claimed":0,"Completed":0,"Failed":0}],"after_idle":{"observed_at":"2026-09-08T09:18:27.914368Z","queued_jobs":0,"running_jobs":0,"active_allocations":0,"active_leases":0,"reserved_storage":0,"reserved_storage_bytes":0,"materialized_stage_bytes":216336,"held_buffers":0,"visible_completions":16,"acquire_intents":68,"database_bytes":32219663,"test_process_heap_bytes":15203768,"test_process_goroutines":152,"runtime_scratch_bytes":0,"local_journal_bytes":654822,"runtime_input_bytes":0,"runtime_output_bytes":0,"runtime_watchdog_goroutines":0,"reserved_credit_minor":0,"posted_credit_minor":20000,"charges":16,"pool_active_counters":0,"active_execution_pins":0,"active_finalization_pins":0,"active_cache_pins":0,"live_cache_entries":0,"active_cache_carrying_references":0,"committed_stage_artifacts":64,"processes":[{"pid":36163,"name":"integration.test","rss_bytes":305299456,"open_fds":151},{"pid":36286,"name":"h3-encoder","rss_bytes":20447232,"open_fds":12},{"pid":36287,"name":"h3-dit","rss_bytes":21807104,"open_fds":12},{"pid":36288,"name":"h3-vae-decoder","rss_bytes":21626880,"open_fds":12},{"pid":36291,"name":"vela-lab-cpu-thumbnail-mock","rss_bytes":21905408,"open_fds":12}]},"acquire_transaction_retries":0,"acquire_deadlock_retries":0,"acquire_serialization_retries":0,"capacity_reports_by_worker":{"dit":3,"encoder":3,"thumbnail":3,"vae":3},"source_tree_sha256":"80c719afde4829e52e8f742ea1cf81c01472b8f10e0518dcd92b4c879e3bbbbf","runtime_binary_sha256":{"vela-h3-stage-mock":"2f572c2df6cf7619cb81322569acae2477dc5b8ab6a63ed646976a2a8d167ecd","vela-lab-cpu-thumbnail-mock":"763aace4542d4a443ae326ad0ab201a39832dafaf42ff6fef48a09c3282f4cce"},"go_version":"go1.26.7","ffprobe_version":"ffprobe version 8.0.1 Copyright (c) 2007-2025 the FFmpeg developers","limitations":["bounded native CPU mock Job campaign; no GPU certification or Production Gate evidence","production Run, readiness, capacity, heartbeat, mTLS transport and durable stream execute in the test host process","Fleet membership and static native mock canary approval use fixture catalog setup; Node custody, protected mounts and production startup issuer remain separate","application acknowledgement loss occurs after the real mTLS client received ACCEPTED; resident processes and StreamAgent remain live during automatic retry","retained journal metadata is measured separately from payload scratch; history reclamation and sustained arrivals remain open","Runtime gRPC is loopback and artifact store is local exact-version storage; remote storage and process isolation are separate","race detector covers Go test-host components, not native model subprocesses; sampled resources omit Docker VM peaks"],"durable_stream":true,"replayed_materialization_commits":4,"durable_records_by_worker":{"dit":16,"encoder":16,"thumbnail":16,"vae":16},"production_loop":true,"production_workers":{"dit":{"accepted_registrations":7,"accepted_capacity_reports":3,"accepted_heartbeats":16,"confirmed_stale_acquires":0,"control_session_epoch":3,"capacity_observation_sequence":4294967299},"encoder":{"accepted_registrations":7,"accepted_capacity_reports":3,"accepted_heartbeats":16,"confirmed_stale_acquires":4,"control_session_epoch":3,"capacity_observation_sequence":4294967299},"thumbnail":{"accepted_registrations":7,"accepted_capacity_reports":3,"accepted_heartbeats":16,"confirmed_stale_acquires":0,"control_session_epoch":3,"capacity_observation_sequence":4294967299},"vae":{"accepted_registrations":7,"accepted_capacity_reports":3,"accepted_heartbeats":16,"confirmed_stale_acquires":0,"control_session_epoch":3,"capacity_observation_sequence":4294967299}},"authority_max_clock_skew_ns":30000000000,"worker_authority_verifier_offset_ns":-1000000000,"future_issued_assignments_by_worker":{"dit":16,"encoder":16,"thumbnail":16,"vae":16}}
2026/09/08 17:18:28 🐳 Stopping container: 21ff47ab9a19
2026/09/08 17:18:28 ✅ Container stopped: 21ff47ab9a19
2026/09/08 17:18:28 🐳 Terminating container: 21ff47ab9a19
2026/09/08 17:18:28 🚫 Container terminated: 21ff47ab9a19
--- PASS: TestCPUMockProductionLoopClockOffsetCampaign (38.33s)
PASS
ok  	github.com/vivym/vela/internal/integration	59.208s
