=== RUN   TestCPUMockProductionLoopClockOffsetCampaign
2026/09/08 16:32:40 github.com/testcontainers/testcontainers-go - Connected to docker: 
  Server Version: 28.3.2
  API Version: 1.51
  Operating System: Docker Desktop
  Total Memory: 32044 MB
  Labels:
    com.docker.desktop.address=unix:///Users/viv/Library/Containers/com.docker.docker/Data/docker-cli.sock
  Testcontainers for Go Version: v0.44.0
  Resolved Docker Host: unix:///var/run/docker.sock
  Resolved Docker Socket Path: /var/run/docker.sock
  Test SessionID: d7ee933c6e81a70dc86019a2e969ca98e8547d428afe23049dc55eebfdb782c3
  Test ProcessID: 86b5da93-50f4-47ec-acfc-c167edba683c
2026/09/08 16:32:40 🐳 Creating container for image postgres:17-alpine
2026/09/08 16:32:40 🐳 Creating container for image testcontainers/ryuk:0.14.0
2026/09/08 16:32:40 ✅ Container created: 734be3deabb6
2026/09/08 16:32:40 🐳 Starting container: 734be3deabb6
2026/09/08 16:32:40 ✅ Container started: 734be3deabb6
2026/09/08 16:32:40 ⏳ Waiting for container id 734be3deabb6 image: testcontainers/ryuk:0.14.0. Waiting for: all of: [log message "Started", port 8080/tcp to be listening]
2026/09/08 16:32:40 Shell not found in container
2026/09/08 16:32:40 🔔 Container is ready: 734be3deabb6
2026/09/08 16:32:40 ✅ Container created: 37851a1ee2d9
2026/09/08 16:32:40 🐳 Starting container: 37851a1ee2d9
2026/09/08 16:32:40 ✅ Container started: 37851a1ee2d9
2026/09/08 16:32:40 ⏳ Waiting for container id 37851a1ee2d9 image: postgres:17-alpine. Waiting for: all of: [all of: [log message "database system is ready to accept connections" (occurrence: 2), port 5432/tcp to be mapped]]
2026/09/08 16:32:41 🔔 Container is ready: 37851a1ee2d9
2026/09/08 16:32:41 OK   00001_foundation.sql (72.87ms)
2026/09/08 16:32:41 OK   00002_worker_assignment.sql (17.12ms)
2026/09/08 16:32:41 OK   00003_worker_start.sql (3.46ms)
2026/09/08 16:32:41 OK   00004_worker_heartbeat.sql (17.59ms)
2026/09/08 16:32:41 OK   00005_execution_failure.sql (16.9ms)
2026/09/08 16:32:41 OK   00006_customer_cancellation.sql (35.8ms)
2026/09/08 16:32:41 OK   00007_artifact_finalization.sql (37.79ms)
2026/09/08 16:32:41 OK   00008_hierarchical_scheduler.sql (58.77ms)
2026/09/08 16:32:41 OK   00009_invoice_export.sql (15.72ms)
2026/09/08 16:32:41 OK   00010_profile_certification_circuit.sql (22.3ms)
2026/09/08 16:32:41 OK   00011_project_webhooks.sql (38.29ms)
2026/09/08 16:32:41 OK   00012_human_oidc_fixed_rbac.sql (29.36ms)
2026/09/08 16:32:41 OK   00013_service_principal_administration.sql (17.51ms)
2026/09/08 16:32:41 OK   00014_human_membership_administration.sql (31.92ms)
2026/09/08 16:32:42 OK   00015_organization_reporting.sql (20.66ms)
2026/09/08 16:32:42 OK   00016_project_retention_content_deletion.sql (57.17ms)
2026/09/08 16:32:42 OK   00017_platform_operator_break_glass.sql (40.06ms)
2026/09/08 16:32:42 OK   00018_finance_reconciliation.sql (19.56ms)
2026/09/08 16:32:42 OK   00019_certified_remediation.sql (25.03ms)
2026/09/08 16:32:42 OK   00020_remediation_execution_claim.sql (6.72ms)
2026/09/08 16:32:42 OK   00021_remediation_execution_dispatch.sql (2.72ms)
2026/09/08 16:32:42 OK   00022_remediation_execution_claim_replay.sql (2.75ms)
2026/09/08 16:32:42 OK   00023_fleet_controller_worker_readiness.sql (73.15ms)
2026/09/08 16:32:42 OK   00024_staging_artifact_expiry.sql (4.38ms)
2026/09/08 16:32:42 OK   00025_scheduler_inbox_receipt.sql (2.77ms)
2026/09/08 16:32:42 OK   00026_synchronous_quorum_guard.sql (2.04ms)
2026/09/08 16:32:42 OK   00027_authorized_debug_dump_lifecycle.sql (51.98ms)
2026/09/08 16:32:42 OK   00028_off_cluster_backup_retention.sql (12.84ms)
2026/09/08 16:32:42 OK   00029_artifact_backup_replication.sql (11.41ms)
2026/09/08 16:32:42 OK   00030_non_content_legal_hold.sql (23.49ms)
2026/09/08 16:32:42 OK   00031_non_content_record_expiry.sql (69.19ms)
2026/09/08 16:32:42 OK   00032_catalog_promotion_production_gates.sql (36.67ms)
2026/09/08 16:32:42 OK   00033_statistical_slo_measurement.sql (27.64ms)
2026/09/08 16:32:42 OK   00034_stage_execution_catalog.sql (62.56ms)
2026/09/08 16:32:42 OK   00035_worker_instance_residency.sql (73.17ms)
2026/09/08 16:32:42 OK   00036_stage_attempt_authority.sql (95.19ms)
2026/09/08 16:32:42 OK   00037_stage_scheduler.sql (50.85ms)
2026/09/08 16:32:42 OK   00038_stage_artifact.sql (51.03ms)
2026/09/08 16:32:42 OK   00039_stage_worker_control_authority.sql (3.99ms)
2026/09/08 16:32:42 OK   00040_stage_worker_execution.sql (23.42ms)
2026/09/08 16:32:42 OK   00041_stage_worker_operations.sql (15.32ms)
2026/09/08 16:32:42 OK   00042_stage_worker_assignment.sql (16.9ms)
2026/09/08 16:32:42 OK   00043_stage_graph_finalization.sql (7.55ms)
2026/09/08 16:32:42 OK   00044_stage_cache.sql (34.26ms)
2026/09/08 16:32:42 OK   00045_stage_graph_finalization_outputs.sql (6.05ms)
2026/09/08 16:32:42 OK   00046_stage_graph_visible_completion.sql (7.69ms)
2026/09/08 16:32:42 OK   00047_usage_cost_ledger.sql (19.1ms)
2026/09/08 16:32:43 OK   00048_stage_run_output_binding.sql (16.13ms)
2026/09/08 16:32:43 OK   00049_stage_cutover_control.sql (59.68ms)
2026/09/08 16:32:43 OK   00050_stage_graph_instantiation_dispatch.sql (20.45ms)
2026/09/08 16:32:43 OK   00051_atomic_stage_graph_admission.sql (9.73ms)
2026/09/08 16:32:43 OK   00052_stage_cutover_zero_backlog_seal.sql (22.42ms)
2026/09/08 16:32:43 OK   00053_legacy_h3_guarded_contraction.sql (16.13ms)
2026/09/08 16:32:43 OK   00054_stage_transfer_consume_destination.sql (3.81ms)
2026/09/08 16:32:43 OK   00055_h3_campaign_evidence_reader.sql (4.73ms)
2026/09/08 16:32:43 OK   00056_stage_observability_reader.sql (907.63µs)
2026/09/08 16:32:43 OK   00057_legacy_h3_release_contraction_gate.sql (10.69ms)
2026/09/08 16:32:43 OK   00058_legacy_h3_schema_contraction.sql (177.55ms)
2026/09/08 16:32:43 OK   00059_model_runtime_epoch_registration.sql (25.15ms)
2026/09/08 16:32:43 OK   00060_model_runtime_gang_barrier.sql (21.26ms)
2026/09/08 16:32:43 OK   00061_stage_worker_gang_authority.sql (6.49ms)
2026/09/08 16:32:43 OK   00062_stage_authority_member_identity.sql (2.98ms)
2026/09/08 16:32:43 OK   00063_h3_execution_snapshot.sql (4.09ms)
2026/09/08 16:32:43 OK   00064_model_runtime_capacity_routes.sql (13.37ms)
2026/09/08 16:32:43 OK   00065_h3_exact_cache_reconciliation.sql (12.76ms)
2026/09/08 16:32:43 OK   00066_stage_worker_control_session_capacity.sql (27.06ms)
2026/09/08 16:32:43 OK   00067_stage_scheduler_project_capacity.sql (2.66ms)
2026/09/08 16:32:43 OK   00068_stage_assignment_connector_states.sql (2.09ms)
2026/09/08 16:32:43 OK   00069_stage_transfer_server_clock.sql (5.48ms)
2026/09/08 16:32:43 OK   00070_stage_lease_expiry_recovery.sql (12.56ms)
2026/09/08 16:32:43 OK   00071_stage_artifact_lifecycle.sql (20.14ms)
2026/09/08 16:32:43 OK   00072_recovery_quiescence.sql (15.53ms)
2026/09/08 16:32:43 OK   00073_stage_cache_downstream_bindings.sql (6.57ms)
2026/09/08 16:32:43 OK   00074_job_owned_public_artifact_copies.sql (3.7ms)
2026/09/08 16:32:43 OK   00075_stage_graph_failure_terminalization.sql (22.43ms)
2026/09/08 16:32:43 OK   00076_allocation_usage_unit.sql (974.08µs)
2026/09/08 16:32:43 OK   00077_runtime_usage_receipts.sql (4.29ms)
2026/09/08 16:32:43 OK   00078_idle_stage_worker_probe.sql (5.96ms)
2026/09/08 16:32:43 OK   00079_stage_job_expiry.sql (7.13ms)
2026/09/08 16:32:43 OK   00080_stage_scheduler_snapshot_lock_order.sql (3.6ms)
2026/09/08 16:32:43 OK   00081_stage_assignment_quorum.sql (1.68ms)
2026/09/08 16:32:43 OK   00082_stage_success_storage_completion.sql (3.48ms)
2026/09/08 16:32:43 OK   00083_capacity_observation_lifecycle.sql (4.77ms)
2026/09/08 16:32:43 OK   00084_blocked_stage_worker_probe.sql (4.32ms)
2026/09/08 16:32:43 OK   00085_stage_materialization_terminal_replay.sql (2.58ms)
2026/09/08 16:32:43 OK   00086_stage_failure_terminal_replay.sql (6.43ms)
2026/09/08 16:32:43 OK   00087_stage_claim_finalization_lock_order.sql (2.23ms)
2026/09/08 16:32:43 OK   00088_stage_allocation_execution_sequence.sql (4.64ms)
2026/09/08 16:32:43 OK   00089_stage_terminal_history.sql (8.61ms)
2026/09/08 16:32:43 OK   00090_stage_assignment_content_lifecycle.sql (21.27ms)
2026/09/08 16:32:43 OK   00091_worker_journal_bootstrap.sql (20.88ms)
2026/09/08 16:32:43 OK   00092_worker_bootstrap_history.sql (2.46ms)
2026/09/08 16:32:43 OK   00093_worker_bootstrap_nonzero_scopes.sql (1.21ms)
2026/09/08 16:32:43 OK   00094_worker_bootstrap_abandonment.sql (12.18ms)
2026/09/08 16:32:43 goose: successfully migrated database to version: 94
    cpu_mock_production_loop_campaign_test.go:23: CPU_MOCK_CAMPAIGN_START {"durable_stream":true,"exact_cache":false,"go_version":"go1.26.7","initial_budget":{"planned_jobs":32,"fixed_price_per_job_minor":1250,"initial_credit_limit_minor":40000,"currency":"CNY"},"runtime_binary_sha256":{"vela-h3-stage-mock":"2f572c2df6cf7619cb81322569acae2477dc5b8ab6a63ed646976a2a8d167ecd","vela-lab-cpu-thumbnail-mock":"763aace4542d4a443ae326ad0ab201a39832dafaf42ff6fef48a09c3282f4cce"},"source_tree_sha256":"9a95c7f754b5f76f73d7765f096109329f1b7200d3cd4e0cf10e8bd5f6a8c37b"}
    cpu_mock_production_loop_campaign_test.go:90: encoder production retry resume-materialization: commit durable StageArtifact: rpc error: code = AlreadyExists desc = Stage Worker request identity is duplicated
    cpu_mock_production_loop_campaign_test.go:90: dit production retry resume-materialization: commit durable StageArtifact: rpc error: code = AlreadyExists desc = Stage Worker request identity is duplicated
    cpu_mock_production_loop_campaign_test.go:90: vae production retry resume-materialization: commit durable StageArtifact: rpc error: code = AlreadyExists desc = Stage Worker request identity is duplicated
    cpu_mock_production_loop_campaign_test.go:90: thumbnail production retry resume-materialization: commit durable StageArtifact: rpc error: code = AlreadyExists desc = Stage Worker request identity is duplicated
    cpu_mock_production_loop_campaign_test.go:23: CPU_MOCK_LOAD_WAVE 1 {ObservedAt:2026-09-08 08:32:59.118909 +0000 UTC Queued:0 Running:0 ActiveAllocations:0 ActiveLeases:0 ReservedStorage:0 ReservedBytes:0 MaterializedBytes:108168 HeldBuffers:0 Completed:8 AcquireIntents:35 DatabaseBytes:30021299 HeapBytes:16102576 Goroutines:149 ScratchBytes:0 JournalBytes:332581 InputBytes:0 OutputBytes:0 RuntimeWatchdogs:0 ReservedCredit:0 PostedCredit:10000 Charges:8 PoolCounters:0 ExecutionPins:24 FinalizationPins:0 CachePins:0 CacheEntries:0 CacheCarryingRefs:0 CommittedObjects:32 Processes:[{PID:17017 Name:integration.test RSSBytes:259211264 OpenFDs:152} {PID:17037 Name:h3-encoder RSSBytes:20332544 OpenFDs:12} {PID:17038 Name:h3-dit RSSBytes:20365312 OpenFDs:12} {PID:17039 Name:h3-vae-decoder RSSBytes:20201472 OpenFDs:12} {PID:17040 Name:vela-lab-cpu-thumbnail-mock RSSBytes:20070400 OpenFDs:12}]}
    cpu_mock_production_loop_campaign_test.go:23: CPU_MOCK_LOAD_WAVE 2 {ObservedAt:2026-09-08 08:33:13.610859 +0000 UTC Queued:0 Running:0 ActiveAllocations:0 ActiveLeases:0 ReservedStorage:0 ReservedBytes:0 MaterializedBytes:216336 HeldBuffers:0 Completed:16 AcquireIntents:68 DatabaseBytes:32104975 HeapBytes:20898920 Goroutines:149 ScratchBytes:0 JournalBytes:654723 InputBytes:0 OutputBytes:0 RuntimeWatchdogs:0 ReservedCredit:0 PostedCredit:20000 Charges:16 PoolCounters:0 ExecutionPins:24 FinalizationPins:0 CachePins:0 CacheEntries:0 CacheCarryingRefs:0 CommittedObjects:64 Processes:[{PID:17017 Name:integration.test RSSBytes:268353536 OpenFDs:152} {PID:17037 Name:h3-encoder RSSBytes:20791296 OpenFDs:12} {PID:17038 Name:h3-dit RSSBytes:21315584 OpenFDs:12} {PID:17039 Name:h3-vae-decoder RSSBytes:21315584 OpenFDs:12} {PID:17040 Name:vela-lab-cpu-thumbnail-mock RSSBytes:21676032 OpenFDs:12}]}
    cpu_mock_production_loop_campaign_test.go:23: CPU_MOCK_LOAD_WAVE 3 {ObservedAt:2026-09-08 08:33:31.351938 +0000 UTC Queued:0 Running:0 ActiveAllocations:0 ActiveLeases:0 ReservedStorage:0 ReservedBytes:0 MaterializedBytes:324504 HeldBuffers:0 Completed:24 AcquireIntents:103 DatabaseBytes:33284623 HeapBytes:25143896 Goroutines:149 ScratchBytes:0 JournalBytes:976913 InputBytes:0 OutputBytes:0 RuntimeWatchdogs:0 ReservedCredit:0 PostedCredit:30000 Charges:24 PoolCounters:0 ExecutionPins:24 FinalizationPins:0 CachePins:0 CacheEntries:0 CacheCarryingRefs:0 CommittedObjects:96 Processes:[{PID:17017 Name:integration.test RSSBytes:268615680 OpenFDs:152} {PID:17037 Name:h3-encoder RSSBytes:21577728 OpenFDs:12} {PID:17038 Name:h3-dit RSSBytes:21905408 OpenFDs:12} {PID:17039 Name:h3-vae-decoder RSSBytes:21561344 OpenFDs:12} {PID:17040 Name:vela-lab-cpu-thumbnail-mock RSSBytes:21938176 OpenFDs:12}]}
    cpu_mock_production_loop_campaign_test.go:23: CPU_MOCK_LOAD_WAVE 4 {ObservedAt:2026-09-08 08:33:52.89189 +0000 UTC Queued:0 Running:0 ActiveAllocations:0 ActiveLeases:0 ReservedStorage:0 ReservedBytes:0 MaterializedBytes:432672 HeldBuffers:0 Completed:32 AcquireIntents:135 DatabaseBytes:34505231 HeapBytes:18380272 Goroutines:149 ScratchBytes:0 JournalBytes:1299133 InputBytes:0 OutputBytes:0 RuntimeWatchdogs:0 ReservedCredit:0 PostedCredit:40000 Charges:32 PoolCounters:0 ExecutionPins:24 FinalizationPins:0 CachePins:0 CacheEntries:0 CacheCarryingRefs:0 CommittedObjects:128 Processes:[{PID:17017 Name:integration.test RSSBytes:277659648 OpenFDs:152} {PID:17037 Name:h3-encoder RSSBytes:21839872 OpenFDs:12} {PID:17038 Name:h3-dit RSSBytes:21905408 OpenFDs:12} {PID:17039 Name:h3-vae-decoder RSSBytes:21659648 OpenFDs:12} {PID:17040 Name:vela-lab-cpu-thumbnail-mock RSSBytes:22380544 OpenFDs:12}]}
    cpu_mock_production_loop_campaign_test.go:23: CPU_MOCK_LOAD_RECEIPT {"schema_version":1,"evidence_class":"LOCAL_CPU_MOCK_RUNTIME_LOAD","production_gate":false,"started_at":"2026-09-08T08:32:47.498853Z","jobs":32,"waves":4,"concurrent_arrivals_per_wave":8,"persistent_workers":4,"project_running_limit":2,"initial_budget":{"planned_jobs":32,"fixed_price_per_job_minor":1250,"initial_credit_limit_minor":40000,"currency":"CNY"},"elapsed_seconds":65.48729,"jobs_per_second":0.4886444377221901,"mean_queue_seconds":6.2328391875,"max_queue_seconds":16.395409,"mean_latency_seconds":9.62973628125,"sampled_peak":{"queued_jobs":8,"running_jobs":2,"active_allocations":2,"active_leases":2,"reserved_storage":8,"reserved_storage_bytes":17179869184,"materialized_stage_bytes":432672,"held_buffers":2,"visible_completions":32,"acquire_intents":135,"database_bytes":34505231,"test_process_heap_bytes":37105048,"test_process_goroutines":156,"runtime_scratch_bytes":26303,"local_journal_bytes":1526292,"runtime_input_bytes":13186,"runtime_output_bytes":13186,"runtime_watchdog_goroutines":2,"reserved_credit_minor":10000,"posted_credit_minor":40000,"charges":32,"pool_active_counters":18,"active_execution_pins":24,"active_finalization_pins":0,"active_cache_pins":0,"live_cache_entries":0,"active_cache_carrying_references":0,"committed_stage_artifacts":128},"before_arrivals":{"observed_at":"2026-09-08T08:32:47.403638Z","queued_jobs":0,"running_jobs":0,"active_allocations":0,"active_leases":0,"reserved_storage":0,"reserved_storage_bytes":0,"materialized_stage_bytes":0,"held_buffers":0,"visible_completions":0,"acquire_intents":0,"database_bytes":26638003,"test_process_heap_bytes":13584776,"test_process_goroutines":127,"runtime_scratch_bytes":0,"local_journal_bytes":6607,"runtime_input_bytes":0,"runtime_output_bytes":0,"runtime_watchdog_goroutines":0,"reserved_credit_minor":0,"posted_credit_minor":0,"charges":0,"pool_active_counters":0,"active_execution_pins":0,"active_finalization_pins":0,"active_cache_pins":0,"live_cache_entries":0,"active_cache_carrying_references":0,"committed_stage_artifacts":0,"processes":[{"pid":17017,"name":"integration.test","rss_bytes":209141760,"open_fds":131},{"pid":17037,"name":"h3-encoder","rss_bytes":16924672,"open_fds":12},{"pid":17038,"name":"h3-dit","rss_bytes":16629760,"open_fds":12},{"pid":17039,"name":"h3-vae-decoder","rss_bytes":16596992,"open_fds":12},{"pid":17040,"name":"vela-lab-cpu-thumbnail-mock","rss_bytes":16777216,"open_fds":12}]},"after_wave":[{"observed_at":"2026-09-08T08:32:59.118909Z","queued_jobs":0,"running_jobs":0,"active_allocations":0,"active_leases":0,"reserved_storage":0,"reserved_storage_bytes":0,"materialized_stage_bytes":108168,"held_buffers":0,"visible_completions":8,"acquire_intents":35,"database_bytes":30021299,"test_process_heap_bytes":16102576,"test_process_goroutines":149,"runtime_scratch_bytes":0,"local_journal_bytes":332581,"runtime_input_bytes":0,"runtime_output_bytes":0,"runtime_watchdog_goroutines":0,"reserved_credit_minor":0,"posted_credit_minor":10000,"charges":8,"pool_active_counters":0,"active_execution_pins":24,"active_finalization_pins":0,"active_cache_pins":0,"live_cache_entries":0,"active_cache_carrying_references":0,"committed_stage_artifacts":32,"processes":[{"pid":17017,"name":"integration.test","rss_bytes":259211264,"open_fds":152},{"pid":17037,"name":"h3-encoder","rss_bytes":20332544,"open_fds":12},{"pid":17038,"name":"h3-dit","rss_bytes":20365312,"open_fds":12},{"pid":17039,"name":"h3-vae-decoder","rss_bytes":20201472,"open_fds":12},{"pid":17040,"name":"vela-lab-cpu-thumbnail-mock","rss_bytes":20070400,"open_fds":12}]},{"observed_at":"2026-09-08T08:33:13.610859Z","queued_jobs":0,"running_jobs":0,"active_allocations":0,"active_leases":0,"reserved_storage":0,"reserved_storage_bytes":0,"materialized_stage_bytes":216336,"held_buffers":0,"visible_completions":16,"acquire_intents":68,"database_bytes":32104975,"test_process_heap_bytes":20898920,"test_process_goroutines":149,"runtime_scratch_bytes":0,"local_journal_bytes":654723,"runtime_input_bytes":0,"runtime_output_bytes":0,"runtime_watchdog_goroutines":0,"reserved_credit_minor":0,"posted_credit_minor":20000,"charges":16,"pool_active_counters":0,"active_execution_pins":24,"active_finalization_pins":0,"active_cache_pins":0,"live_cache_entries":0,"active_cache_carrying_references":0,"committed_stage_artifacts":64,"processes":[{"pid":17017,"name":"integration.test","rss_bytes":268353536,"open_fds":152},{"pid":17037,"name":"h3-encoder","rss_bytes":20791296,"open_fds":12},{"pid":17038,"name":"h3-dit","rss_bytes":21315584,"open_fds":12},{"pid":17039,"name":"h3-vae-decoder","rss_bytes":21315584,"open_fds":12},{"pid":17040,"name":"vela-lab-cpu-thumbnail-mock","rss_bytes":21676032,"open_fds":12}]},{"observed_at":"2026-09-08T08:33:31.351938Z","queued_jobs":0,"running_jobs":0,"active_allocations":0,"active_leases":0,"reserved_storage":0,"reserved_storage_bytes":0,"materialized_stage_bytes":324504,"held_buffers":0,"visible_completions":24,"acquire_intents":103,"database_bytes":33284623,"test_process_heap_bytes":25143896,"test_process_goroutines":149,"runtime_scratch_bytes":0,"local_journal_bytes":976913,"runtime_input_bytes":0,"runtime_output_bytes":0,"runtime_watchdog_goroutines":0,"reserved_credit_minor":0,"posted_credit_minor":30000,"charges":24,"pool_active_counters":0,"active_execution_pins":24,"active_finalization_pins":0,"active_cache_pins":0,"live_cache_entries":0,"active_cache_carrying_references":0,"committed_stage_artifacts":96,"processes":[{"pid":17017,"name":"integration.test","rss_bytes":268615680,"open_fds":152},{"pid":17037,"name":"h3-encoder","rss_bytes":21577728,"open_fds":12},{"pid":17038,"name":"h3-dit","rss_bytes":21905408,"open_fds":12},{"pid":17039,"name":"h3-vae-decoder","rss_bytes":21561344,"open_fds":12},{"pid":17040,"name":"vela-lab-cpu-thumbnail-mock","rss_bytes":21938176,"open_fds":12}]},{"observed_at":"2026-09-08T08:33:52.89189Z","queued_jobs":0,"running_jobs":0,"active_allocations":0,"active_leases":0,"reserved_storage":0,"reserved_storage_bytes":0,"materialized_stage_bytes":432672,"held_buffers":0,"visible_completions":32,"acquire_intents":135,"database_bytes":34505231,"test_process_heap_bytes":18380272,"test_process_goroutines":149,"runtime_scratch_bytes":0,"local_journal_bytes":1299133,"runtime_input_bytes":0,"runtime_output_bytes":0,"runtime_watchdog_goroutines":0,"reserved_credit_minor":0,"posted_credit_minor":40000,"charges":32,"pool_active_counters":0,"active_execution_pins":24,"active_finalization_pins":0,"active_cache_pins":0,"live_cache_entries":0,"active_cache_carrying_references":0,"committed_stage_artifacts":128,"processes":[{"pid":17017,"name":"integration.test","rss_bytes":277659648,"open_fds":152},{"pid":17037,"name":"h3-encoder","rss_bytes":21839872,"open_fds":12},{"pid":17038,"name":"h3-dit","rss_bytes":21905408,"open_fds":12},{"pid":17039,"name":"h3-vae-decoder","rss_bytes":21659648,"open_fds":12},{"pid":17040,"name":"vela-lab-cpu-thumbnail-mock","rss_bytes":22380544,"open_fds":12}]}],"after_maintenance":[{"observed_at":"2026-09-08T08:32:59.222841Z","queued_jobs":0,"running_jobs":0,"active_allocations":0,"active_leases":0,"reserved_storage":0,"reserved_storage_bytes":0,"materialized_stage_bytes":108168,"held_buffers":0,"visible_completions":8,"acquire_intents":35,"database_bytes":30021299,"test_process_heap_bytes":18926136,"test_process_goroutines":149,"runtime_scratch_bytes":0,"local_journal_bytes":332581,"runtime_input_bytes":0,"runtime_output_bytes":0,"runtime_watchdog_goroutines":0,"reserved_credit_minor":0,"posted_credit_minor":10000,"charges":8,"pool_active_counters":0,"active_execution_pins":0,"active_finalization_pins":0,"active_cache_pins":0,"live_cache_entries":0,"active_cache_carrying_references":0,"committed_stage_artifacts":32},{"observed_at":"2026-09-08T08:33:13.698637Z","queued_jobs":0,"running_jobs":0,"active_allocations":0,"active_leases":0,"reserved_storage":0,"reserved_storage_bytes":0,"materialized_stage_bytes":216336,"held_buffers":0,"visible_completions":16,"acquire_intents":68,"database_bytes":32137743,"test_process_heap_bytes":23617296,"test_process_goroutines":149,"runtime_scratch_bytes":0,"local_journal_bytes":654723,"runtime_input_bytes":0,"runtime_output_bytes":0,"runtime_watchdog_goroutines":0,"reserved_credit_minor":0,"posted_credit_minor":20000,"charges":16,"pool_active_counters":0,"active_execution_pins":0,"active_finalization_pins":0,"active_cache_pins":0,"live_cache_entries":0,"active_cache_carrying_references":0,"committed_stage_artifacts":64},{"observed_at":"2026-09-08T08:33:31.439631Z","queued_jobs":0,"running_jobs":0,"active_allocations":0,"active_leases":0,"reserved_storage":0,"reserved_storage_bytes":0,"materialized_stage_bytes":324504,"held_buffers":0,"visible_completions":24,"acquire_intents":103,"database_bytes":33292815,"test_process_heap_bytes":27795112,"test_process_goroutines":149,"runtime_scratch_bytes":0,"local_journal_bytes":976913,"runtime_input_bytes":0,"runtime_output_bytes":0,"runtime_watchdog_goroutines":0,"reserved_credit_minor":0,"posted_credit_minor":30000,"charges":24,"pool_active_counters":0,"active_execution_pins":0,"active_finalization_pins":0,"active_cache_pins":0,"live_cache_entries":0,"active_cache_carrying_references":0,"committed_stage_artifacts":96},{"observed_at":"2026-09-08T08:33:52.978871Z","queued_jobs":0,"running_jobs":0,"active_allocations":0,"active_leases":0,"reserved_storage":0,"reserved_storage_bytes":0,"materialized_stage_bytes":432672,"held_buffers":0,"visible_completions":32,"acquire_intents":135,"database_bytes":34505231,"test_process_heap_bytes":21069600,"test_process_goroutines":149,"runtime_scratch_bytes":0,"local_journal_bytes":1299133,"runtime_input_bytes":0,"runtime_output_bytes":0,"runtime_watchdog_goroutines":0,"reserved_credit_minor":0,"posted_credit_minor":40000,"charges":32,"pool_active_counters":0,"active_execution_pins":0,"active_finalization_pins":0,"active_cache_pins":0,"live_cache_entries":0,"active_cache_carrying_references":0,"committed_stage_artifacts":128}],"maintenance_results":[{"RequestContentExpired":0,"ContentDeletionRequestsCreated":0,"Claimed":0,"Completed":0,"Failed":0},{"RequestContentExpired":0,"ContentDeletionRequestsCreated":0,"Claimed":0,"Completed":0,"Failed":0},{"RequestContentExpired":0,"ContentDeletionRequestsCreated":0,"Claimed":0,"Completed":0,"Failed":0},{"RequestContentExpired":0,"ContentDeletionRequestsCreated":0,"Claimed":0,"Completed":0,"Failed":0}],"after_idle":{"observed_at":"2026-09-08T08:33:53.994526Z","queued_jobs":0,"running_jobs":0,"active_allocations":0,"active_leases":0,"reserved_storage":0,"reserved_storage_bytes":0,"materialized_stage_bytes":432672,"held_buffers":0,"visible_completions":32,"acquire_intents":135,"database_bytes":34505231,"test_process_heap_bytes":16530688,"test_process_goroutines":149,"runtime_scratch_bytes":0,"local_journal_bytes":1299133,"runtime_input_bytes":0,"runtime_output_bytes":0,"runtime_watchdog_goroutines":0,"reserved_credit_minor":0,"posted_credit_minor":40000,"charges":32,"pool_active_counters":0,"active_execution_pins":0,"active_finalization_pins":0,"active_cache_pins":0,"live_cache_entries":0,"active_cache_carrying_references":0,"committed_stage_artifacts":128,"processes":[{"pid":17017,"name":"integration.test","rss_bytes":278593536,"open_fds":152},{"pid":17037,"name":"h3-encoder","rss_bytes":21839872,"open_fds":12},{"pid":17038,"name":"h3-dit","rss_bytes":21905408,"open_fds":12},{"pid":17039,"name":"h3-vae-decoder","rss_bytes":21659648,"open_fds":12},{"pid":17040,"name":"vela-lab-cpu-thumbnail-mock","rss_bytes":22380544,"open_fds":12}]},"acquire_transaction_retries":0,"acquire_deadlock_retries":0,"acquire_serialization_retries":0,"capacity_reports_by_worker":{"dit":5,"encoder":5,"thumbnail":5,"vae":5},"source_tree_sha256":"9a95c7f754b5f76f73d7765f096109329f1b7200d3cd4e0cf10e8bd5f6a8c37b","runtime_binary_sha256":{"vela-h3-stage-mock":"2f572c2df6cf7619cb81322569acae2477dc5b8ab6a63ed646976a2a8d167ecd","vela-lab-cpu-thumbnail-mock":"763aace4542d4a443ae326ad0ab201a39832dafaf42ff6fef48a09c3282f4cce"},"go_version":"go1.26.7","ffprobe_version":"ffprobe version 8.0.1 Copyright (c) 2007-2025 the FFmpeg developers","limitations":["bounded native CPU mock Job campaign; no GPU certification or Production Gate evidence","production Run, readiness, capacity, heartbeat, mTLS transport and durable stream execute in the test host process","Fleet membership and static native mock canary approval use fixture catalog setup; Node custody, protected mounts and production startup issuer remain separate","application acknowledgement loss occurs after the real mTLS client received ACCEPTED; resident processes and StreamAgent remain live during automatic retry","retained journal metadata is measured separately from payload scratch; history reclamation and sustained arrivals remain open","Runtime gRPC is loopback and artifact store is local exact-version storage; remote storage and process isolation are separate","race detector covers Go test-host components, not native model subprocesses; sampled resources omit Docker VM peaks"],"durable_stream":true,"replayed_materialization_commits":4,"durable_records_by_worker":{"dit":32,"encoder":32,"thumbnail":32,"vae":32},"production_loop":true,"production_workers":{"dit":{"accepted_registrations":13,"accepted_capacity_reports":5,"accepted_heartbeats":32,"confirmed_stale_acquires":0,"control_session_epoch":3,"capacity_observation_sequence":4294967300},"encoder":{"accepted_registrations":13,"accepted_capacity_reports":5,"accepted_heartbeats":32,"confirmed_stale_acquires":7,"control_session_epoch":3,"capacity_observation_sequence":4294967300},"thumbnail":{"accepted_registrations":14,"accepted_capacity_reports":5,"accepted_heartbeats":32,"confirmed_stale_acquires":0,"control_session_epoch":3,"capacity_observation_sequence":4294967299},"vae":{"accepted_registrations":13,"accepted_capacity_reports":5,"accepted_heartbeats":32,"confirmed_stale_acquires":0,"control_session_epoch":3,"capacity_observation_sequence":4294967300}},"authority_max_clock_skew_ns":30000000000,"worker_authority_verifier_offset_ns":-1000000000,"future_issued_assignments_by_worker":{"dit":32,"encoder":32,"thumbnail":32,"vae":32}}
2026/09/08 16:33:54 🐳 Stopping container: 37851a1ee2d9
2026/09/08 16:33:54 ✅ Container stopped: 37851a1ee2d9
2026/09/08 16:33:54 🐳 Terminating container: 37851a1ee2d9
2026/09/08 16:33:54 🚫 Container terminated: 37851a1ee2d9
--- PASS: TestCPUMockProductionLoopClockOffsetCampaign (75.49s)
PASS
ok  	github.com/vivym/vela/internal/integration	78.353s
