=== RUN   TestStageTerminalRecoveryThroughReplacementRuntimeRestoresCapacity
2026/09/08 16:34:53 github.com/testcontainers/testcontainers-go - Connected to docker: 
  Server Version: 28.3.2
  API Version: 1.51
  Operating System: Docker Desktop
  Total Memory: 32044 MB
  Labels:
    com.docker.desktop.address=unix:///Users/viv/Library/Containers/com.docker.docker/Data/docker-cli.sock
  Testcontainers for Go Version: v0.44.0
  Resolved Docker Host: unix:///var/run/docker.sock
  Resolved Docker Socket Path: /var/run/docker.sock
  Test SessionID: ca71b58be9b14d18aec2079fab62a27491f2dfd0de79d1c5655198f876c99238
  Test ProcessID: 68ac5df9-3250-4fa4-acaf-f22ca01be52f
2026/09/08 16:34:53 🐳 Creating container for image postgres:17-alpine
2026/09/08 16:34:53 🐳 Creating container for image testcontainers/ryuk:0.14.0
2026/09/08 16:34:53 ✅ Container created: c1e9559c43c3
2026/09/08 16:34:53 🐳 Starting container: c1e9559c43c3
2026/09/08 16:34:53 ✅ Container started: c1e9559c43c3
2026/09/08 16:34:53 ⏳ Waiting for container id c1e9559c43c3 image: testcontainers/ryuk:0.14.0. Waiting for: all of: [log message "Started", port 8080/tcp to be listening]
2026/09/08 16:34:53 Shell not found in container
2026/09/08 16:34:53 🔔 Container is ready: c1e9559c43c3
2026/09/08 16:34:53 ✅ Container created: 8ad510d76a95
2026/09/08 16:34:53 🐳 Starting container: 8ad510d76a95
2026/09/08 16:34:53 ✅ Container started: 8ad510d76a95
2026/09/08 16:34:53 ⏳ Waiting for container id 8ad510d76a95 image: postgres:17-alpine. Waiting for: all of: [all of: [log message "database system is ready to accept connections" (occurrence: 2), port 5432/tcp to be mapped]]
2026/09/08 16:34:54 🔔 Container is ready: 8ad510d76a95
2026/09/08 16:34:54 OK   00001_foundation.sql (58.49ms)
2026/09/08 16:34:54 OK   00002_worker_assignment.sql (15.38ms)
2026/09/08 16:34:54 OK   00003_worker_start.sql (3.51ms)
2026/09/08 16:34:54 OK   00004_worker_heartbeat.sql (17.28ms)
2026/09/08 16:34:54 OK   00005_execution_failure.sql (15.62ms)
2026/09/08 16:34:54 OK   00006_customer_cancellation.sql (30.93ms)
2026/09/08 16:34:54 OK   00007_artifact_finalization.sql (36.55ms)
2026/09/08 16:34:54 OK   00008_hierarchical_scheduler.sql (51.33ms)
2026/09/08 16:34:54 OK   00009_invoice_export.sql (14.24ms)
2026/09/08 16:34:54 OK   00010_profile_certification_circuit.sql (22.37ms)
2026/09/08 16:34:55 OK   00011_project_webhooks.sql (40.04ms)
2026/09/08 16:34:55 OK   00012_human_oidc_fixed_rbac.sql (33.68ms)
2026/09/08 16:34:55 OK   00013_service_principal_administration.sql (16.06ms)
2026/09/08 16:34:55 OK   00014_human_membership_administration.sql (29.18ms)
2026/09/08 16:34:55 OK   00015_organization_reporting.sql (19.06ms)
2026/09/08 16:34:55 OK   00016_project_retention_content_deletion.sql (56.15ms)
2026/09/08 16:34:55 OK   00017_platform_operator_break_glass.sql (37.87ms)
2026/09/08 16:34:55 OK   00018_finance_reconciliation.sql (17.36ms)
2026/09/08 16:34:55 OK   00019_certified_remediation.sql (23.76ms)
2026/09/08 16:34:55 OK   00020_remediation_execution_claim.sql (6.08ms)
2026/09/08 16:34:55 OK   00021_remediation_execution_dispatch.sql (2.4ms)
2026/09/08 16:34:55 OK   00022_remediation_execution_claim_replay.sql (3.55ms)
2026/09/08 16:34:55 OK   00023_fleet_controller_worker_readiness.sql (68.95ms)
2026/09/08 16:34:55 OK   00024_staging_artifact_expiry.sql (4.48ms)
2026/09/08 16:34:55 OK   00025_scheduler_inbox_receipt.sql (3.14ms)
2026/09/08 16:34:55 OK   00026_synchronous_quorum_guard.sql (2.06ms)
2026/09/08 16:34:55 OK   00027_authorized_debug_dump_lifecycle.sql (54.97ms)
2026/09/08 16:34:55 OK   00028_off_cluster_backup_retention.sql (12.99ms)
2026/09/08 16:34:55 OK   00029_artifact_backup_replication.sql (12.66ms)
2026/09/08 16:34:55 OK   00030_non_content_legal_hold.sql (24.19ms)
2026/09/08 16:34:55 OK   00031_non_content_record_expiry.sql (88.68ms)
2026/09/08 16:34:55 OK   00032_catalog_promotion_production_gates.sql (35.8ms)
2026/09/08 16:34:55 OK   00033_statistical_slo_measurement.sql (27.12ms)
2026/09/08 16:34:55 OK   00034_stage_execution_catalog.sql (60.71ms)
2026/09/08 16:34:55 OK   00035_worker_instance_residency.sql (71.68ms)
2026/09/08 16:34:55 OK   00036_stage_attempt_authority.sql (96.29ms)
2026/09/08 16:34:55 OK   00037_stage_scheduler.sql (49.03ms)
2026/09/08 16:34:55 OK   00038_stage_artifact.sql (47.95ms)
2026/09/08 16:34:55 OK   00039_stage_worker_control_authority.sql (4ms)
2026/09/08 16:34:55 OK   00040_stage_worker_execution.sql (21.82ms)
2026/09/08 16:34:55 OK   00041_stage_worker_operations.sql (14.76ms)
2026/09/08 16:34:55 OK   00042_stage_worker_assignment.sql (16.02ms)
2026/09/08 16:34:56 OK   00043_stage_graph_finalization.sql (6.96ms)
2026/09/08 16:34:56 OK   00044_stage_cache.sql (31.78ms)
2026/09/08 16:34:56 OK   00045_stage_graph_finalization_outputs.sql (5.81ms)
2026/09/08 16:34:56 OK   00046_stage_graph_visible_completion.sql (6.96ms)
2026/09/08 16:34:56 OK   00047_usage_cost_ledger.sql (17.67ms)
2026/09/08 16:34:56 OK   00048_stage_run_output_binding.sql (16.31ms)
2026/09/08 16:34:56 OK   00049_stage_cutover_control.sql (58.51ms)
2026/09/08 16:34:56 OK   00050_stage_graph_instantiation_dispatch.sql (19.36ms)
2026/09/08 16:34:56 OK   00051_atomic_stage_graph_admission.sql (9.21ms)
2026/09/08 16:34:56 OK   00052_stage_cutover_zero_backlog_seal.sql (20.79ms)
2026/09/08 16:34:56 OK   00053_legacy_h3_guarded_contraction.sql (15.65ms)
2026/09/08 16:34:56 OK   00054_stage_transfer_consume_destination.sql (3.37ms)
2026/09/08 16:34:56 OK   00055_h3_campaign_evidence_reader.sql (4.31ms)
2026/09/08 16:34:56 OK   00056_stage_observability_reader.sql (1.25ms)
2026/09/08 16:34:56 OK   00057_legacy_h3_release_contraction_gate.sql (10.44ms)
2026/09/08 16:34:56 OK   00058_legacy_h3_schema_contraction.sql (180.76ms)
2026/09/08 16:34:56 OK   00059_model_runtime_epoch_registration.sql (22.11ms)
2026/09/08 16:34:56 OK   00060_model_runtime_gang_barrier.sql (20.6ms)
2026/09/08 16:34:56 OK   00061_stage_worker_gang_authority.sql (6.49ms)
2026/09/08 16:34:56 OK   00062_stage_authority_member_identity.sql (3.17ms)
2026/09/08 16:34:56 OK   00063_h3_execution_snapshot.sql (3.46ms)
2026/09/08 16:34:56 OK   00064_model_runtime_capacity_routes.sql (12.6ms)
2026/09/08 16:34:56 OK   00065_h3_exact_cache_reconciliation.sql (11.58ms)
2026/09/08 16:34:56 OK   00066_stage_worker_control_session_capacity.sql (24.72ms)
2026/09/08 16:34:56 OK   00067_stage_scheduler_project_capacity.sql (2.68ms)
2026/09/08 16:34:56 OK   00068_stage_assignment_connector_states.sql (2.78ms)
2026/09/08 16:34:56 OK   00069_stage_transfer_server_clock.sql (5.54ms)
2026/09/08 16:34:56 OK   00070_stage_lease_expiry_recovery.sql (11.69ms)
2026/09/08 16:34:56 OK   00071_stage_artifact_lifecycle.sql (18.45ms)
2026/09/08 16:34:56 OK   00072_recovery_quiescence.sql (13.97ms)
2026/09/08 16:34:56 OK   00073_stage_cache_downstream_bindings.sql (6.42ms)
2026/09/08 16:34:56 OK   00074_job_owned_public_artifact_copies.sql (3.84ms)
2026/09/08 16:34:56 OK   00075_stage_graph_failure_terminalization.sql (21.18ms)
2026/09/08 16:34:56 OK   00076_allocation_usage_unit.sql (1.03ms)
2026/09/08 16:34:56 OK   00077_runtime_usage_receipts.sql (4.46ms)
2026/09/08 16:34:56 OK   00078_idle_stage_worker_probe.sql (5.66ms)
2026/09/08 16:34:56 OK   00079_stage_job_expiry.sql (6.63ms)
2026/09/08 16:34:56 OK   00080_stage_scheduler_snapshot_lock_order.sql (4.12ms)
2026/09/08 16:34:56 OK   00081_stage_assignment_quorum.sql (1.58ms)
2026/09/08 16:34:56 OK   00082_stage_success_storage_completion.sql (3.48ms)
2026/09/08 16:34:56 OK   00083_capacity_observation_lifecycle.sql (4.7ms)
2026/09/08 16:34:56 OK   00084_blocked_stage_worker_probe.sql (4.74ms)
2026/09/08 16:34:56 OK   00085_stage_materialization_terminal_replay.sql (2.85ms)
2026/09/08 16:34:56 OK   00086_stage_failure_terminal_replay.sql (6.58ms)
2026/09/08 16:34:56 OK   00087_stage_claim_finalization_lock_order.sql (2.51ms)
2026/09/08 16:34:56 OK   00088_stage_allocation_execution_sequence.sql (5.04ms)
2026/09/08 16:34:56 OK   00089_stage_terminal_history.sql (8.49ms)
2026/09/08 16:34:56 OK   00090_stage_assignment_content_lifecycle.sql (19.42ms)
2026/09/08 16:34:56 OK   00091_worker_journal_bootstrap.sql (19.55ms)
2026/09/08 16:34:56 OK   00092_worker_bootstrap_history.sql (2.68ms)
2026/09/08 16:34:56 OK   00093_worker_bootstrap_nonzero_scopes.sql (1.7ms)
2026/09/08 16:34:56 OK   00094_worker_bootstrap_abandonment.sql (12.19ms)
2026/09/08 16:34:56 goose: successfully migrated database to version: 94
    stage_terminal_history_test.go:96: replacement=true: zero capacity/current PostgreSQL session -> automatic authenticated history -> UDS proof -> durable RETIRED -> readiness/capacity -> offline replay
    stage_terminal_history_test.go:96: unsigned retry: PostgreSQL history -> authenticated Control disposition -> durable Runtime floor and non-admission -> next-epoch proof recovery
2026/09/08 16:34:58 🐳 Stopping container: 8ad510d76a95
2026/09/08 16:34:58 ✅ Container stopped: 8ad510d76a95
2026/09/08 16:34:58 🐳 Terminating container: 8ad510d76a95
2026/09/08 16:34:58 🚫 Container terminated: 8ad510d76a95
--- PASS: TestStageTerminalRecoveryThroughReplacementRuntimeRestoresCapacity (5.14s)
PASS
ok  	github.com/vivym/vela/internal/integration	7.763s
