#0 building with "desktop-linux" instance using docker driver

#1 [internal] load build definition from Dockerfile
#1 transferring dockerfile: 676B done
#1 DONE 0.0s

#2 [internal] load metadata for docker.io/library/golang@sha256:e30143be198ab04cf7ba25fba83ab3a692ca584c994aad0bf131fa0eb32dd8c1
#2 DONE 0.0s

#3 [internal] load .dockerignore
#3 transferring context: 2B done
#3 DONE 0.0s

#4 [internal] load build context
#4 transferring context: 18.23kB done
#4 DONE 0.0s

#5 [1/3] FROM docker.io/library/golang@sha256:e30143be198ab04cf7ba25fba83ab3a692ca584c994aad0bf131fa0eb32dd8c1
#5 resolve docker.io/library/golang@sha256:e30143be198ab04cf7ba25fba83ab3a692ca584c994aad0bf131fa0eb32dd8c1 0.0s done
#5 CACHED

#6 [2/3] COPY observer.c probe.c go-probe.go check.py /
#6 DONE 0.0s

#7 [3/3] RUN cc -std=c11 -O2 -Wall -Wextra -Werror -static /observer.c -o /exec-observer &&     cc -std=c11 -O2 -Wall -Wextra -Werror -static -DDISABLE_CLONE_GUARD /observer.c -o /exec-observer-disabled &&     cc -std=c11 -O2 -Wall -Wextra -Werror -static -DDISABLE_EXITKILL /observer.c -o /exec-observer-no-exitkill &&     cc -std=c11 -O2 -Wall -Wextra -Werror -static -pthread /probe.c -o /exec-probe &&     CGO_ENABLED=0 GOPROXY=off go build -o /go-probe /go-probe.go
#7 DONE 2.1s

#8 exporting to image
#8 exporting layers
#8 exporting layers 0.7s done
#8 exporting manifest sha256:e8f2c57b80a9b9c0bb5862d62a111e11a6203ab1a5cdc33e8f77e82a315bf866
#8 exporting manifest sha256:e8f2c57b80a9b9c0bb5862d62a111e11a6203ab1a5cdc33e8f77e82a315bf866 done
#8 exporting config sha256:db670b85c731809d9eef71e713831ea2a03657a15e81d87b08ec24bcfd190c37 done
#8 exporting attestation manifest sha256:b9b4f11af33450dd0d14f0fec7f84de1d999fffde2bf8a46154a95129b1ef180 done
#8 exporting manifest list sha256:3fe8b65a4d7c9a0962050f561dab9639c406436df30a4a03024780be9be167c7 done
#8 naming to moby-dangling@sha256:3fe8b65a4d7c9a0962050f561dab9639c406436df30a4a03024780be9be167c7 done
#8 unpacking to moby-dangling@sha256:3fe8b65a4d7c9a0962050f561dab9639c406436df30a4a03024780be9be167c7 0.1s done
#8 DONE 0.9s

View build details: docker-desktop://dashboard/build/desktop-linux/desktop-linux/urvbi0jgfwdb092kt7amdficc
