=== RUN   TestJournalResponseBindsDurableAcknowledgement
=== RUN   TestJournalResponseBindsDurableAcknowledgement/none
=== RUN   TestJournalResponseBindsDurableAcknowledgement/request
=== RUN   TestJournalResponseBindsDurableAcknowledgement/journal
=== RUN   TestJournalResponseBindsDurableAcknowledgement/scope
=== RUN   TestJournalResponseBindsDurableAcknowledgement/schema
=== RUN   TestJournalResponseBindsDurableAcknowledgement/state
=== RUN   TestJournalResponseBindsDurableAcknowledgement/floor
=== RUN   TestJournalResponseBindsDurableAcknowledgement/ambiguous
=== RUN   TestJournalResponseBindsDurableAcknowledgement/uncertain
=== RUN   TestJournalResponseBindsDurableAcknowledgement/rejected
=== RUN   TestJournalResponseBindsDurableAcknowledgement/unknown
=== RUN   TestJournalResponseBindsDurableAcknowledgement/duplicate
=== RUN   TestJournalResponseBindsDurableAcknowledgement/trailing
--- PASS: TestJournalResponseBindsDurableAcknowledgement (0.02s)
    --- PASS: TestJournalResponseBindsDurableAcknowledgement/none (0.00s)
    --- PASS: TestJournalResponseBindsDurableAcknowledgement/request (0.00s)
    --- PASS: TestJournalResponseBindsDurableAcknowledgement/journal (0.00s)
    --- PASS: TestJournalResponseBindsDurableAcknowledgement/scope (0.00s)
    --- PASS: TestJournalResponseBindsDurableAcknowledgement/schema (0.00s)
    --- PASS: TestJournalResponseBindsDurableAcknowledgement/state (0.00s)
    --- PASS: TestJournalResponseBindsDurableAcknowledgement/floor (0.00s)
    --- PASS: TestJournalResponseBindsDurableAcknowledgement/ambiguous (0.00s)
    --- PASS: TestJournalResponseBindsDurableAcknowledgement/uncertain (0.00s)
    --- PASS: TestJournalResponseBindsDurableAcknowledgement/rejected (0.00s)
    --- PASS: TestJournalResponseBindsDurableAcknowledgement/unknown (0.00s)
    --- PASS: TestJournalResponseBindsDurableAcknowledgement/duplicate (0.00s)
    --- PASS: TestJournalResponseBindsDurableAcknowledgement/trailing (0.00s)
=== RUN   TestJournalOwnerNonAdmissionRejectsWithoutPublishing
=== RUN   TestJournalOwnerNonAdmissionRejectsWithoutPublishing/non-admission
=== RUN   TestJournalOwnerNonAdmissionRejectsWithoutPublishing/non-admission/signature
=== RUN   TestJournalOwnerNonAdmissionRejectsWithoutPublishing/non-admission/scope
=== RUN   TestJournalOwnerNonAdmissionRejectsWithoutPublishing/non-admission/wrong-route
=== RUN   TestJournalOwnerNonAdmissionRejectsWithoutPublishing/non-admission/old-epoch
=== RUN   TestJournalOwnerNonAdmissionRejectsWithoutPublishing/non-admission/missing-floor
=== RUN   TestJournalOwnerNonAdmissionRejectsWithoutPublishing/non-admission/admitted-intent
=== RUN   TestJournalOwnerNonAdmissionRejectsWithoutPublishing/non-admission/bad-time
=== RUN   TestJournalOwnerNonAdmissionRejectsWithoutPublishing/non-admission/conflicting-proof
=== RUN   TestJournalOwnerNonAdmissionRejectsWithoutPublishing/non-admission/abort
=== RUN   TestJournalOwnerNonAdmissionRejectsWithoutPublishing/terminal-non-admission
=== RUN   TestJournalOwnerNonAdmissionRejectsWithoutPublishing/terminal-non-admission/signature
=== RUN   TestJournalOwnerNonAdmissionRejectsWithoutPublishing/terminal-non-admission/scope
=== RUN   TestJournalOwnerNonAdmissionRejectsWithoutPublishing/terminal-non-admission/wrong-route
=== RUN   TestJournalOwnerNonAdmissionRejectsWithoutPublishing/terminal-non-admission/old-epoch
=== RUN   TestJournalOwnerNonAdmissionRejectsWithoutPublishing/terminal-non-admission/missing-floor
=== RUN   TestJournalOwnerNonAdmissionRejectsWithoutPublishing/terminal-non-admission/admitted-intent
=== RUN   TestJournalOwnerNonAdmissionRejectsWithoutPublishing/terminal-non-admission/bad-time
=== RUN   TestJournalOwnerNonAdmissionRejectsWithoutPublishing/terminal-non-admission/conflicting-proof
=== RUN   TestJournalOwnerNonAdmissionRejectsWithoutPublishing/terminal-non-admission/abort
--- PASS: TestJournalOwnerNonAdmissionRejectsWithoutPublishing (2.27s)
    --- PASS: TestJournalOwnerNonAdmissionRejectsWithoutPublishing/non-admission (1.34s)
        --- PASS: TestJournalOwnerNonAdmissionRejectsWithoutPublishing/non-admission/signature (0.13s)
        --- PASS: TestJournalOwnerNonAdmissionRejectsWithoutPublishing/non-admission/scope (0.30s)
        --- PASS: TestJournalOwnerNonAdmissionRejectsWithoutPublishing/non-admission/wrong-route (0.11s)
        --- PASS: TestJournalOwnerNonAdmissionRejectsWithoutPublishing/non-admission/old-epoch (0.12s)
        --- PASS: TestJournalOwnerNonAdmissionRejectsWithoutPublishing/non-admission/missing-floor (0.10s)
        --- PASS: TestJournalOwnerNonAdmissionRejectsWithoutPublishing/non-admission/admitted-intent (0.24s)
        --- PASS: TestJournalOwnerNonAdmissionRejectsWithoutPublishing/non-admission/bad-time (0.08s)
        --- PASS: TestJournalOwnerNonAdmissionRejectsWithoutPublishing/non-admission/conflicting-proof (0.15s)
        --- PASS: TestJournalOwnerNonAdmissionRejectsWithoutPublishing/non-admission/abort (0.11s)
    --- PASS: TestJournalOwnerNonAdmissionRejectsWithoutPublishing/terminal-non-admission (0.93s)
        --- PASS: TestJournalOwnerNonAdmissionRejectsWithoutPublishing/terminal-non-admission/signature (0.10s)
        --- PASS: TestJournalOwnerNonAdmissionRejectsWithoutPublishing/terminal-non-admission/scope (0.10s)
        --- PASS: TestJournalOwnerNonAdmissionRejectsWithoutPublishing/terminal-non-admission/wrong-route (0.10s)
        --- PASS: TestJournalOwnerNonAdmissionRejectsWithoutPublishing/terminal-non-admission/old-epoch (0.09s)
        --- PASS: TestJournalOwnerNonAdmissionRejectsWithoutPublishing/terminal-non-admission/missing-floor (0.08s)
        --- PASS: TestJournalOwnerNonAdmissionRejectsWithoutPublishing/terminal-non-admission/admitted-intent (0.17s)
        --- PASS: TestJournalOwnerNonAdmissionRejectsWithoutPublishing/terminal-non-admission/bad-time (0.08s)
        --- PASS: TestJournalOwnerNonAdmissionRejectsWithoutPublishing/terminal-non-admission/conflicting-proof (0.13s)
        --- PASS: TestJournalOwnerNonAdmissionRejectsWithoutPublishing/terminal-non-admission/abort (0.09s)
=== RUN   TestJournalOwnerNonAdmissionRecomputesDigestAndReplaysExactProof
=== RUN   TestJournalOwnerNonAdmissionRecomputesDigestAndReplaysExactProof/non-admission
=== RUN   TestJournalOwnerNonAdmissionRecomputesDigestAndReplaysExactProof/terminal-non-admission
--- PASS: TestJournalOwnerNonAdmissionRecomputesDigestAndReplaysExactProof (0.18s)
    --- PASS: TestJournalOwnerNonAdmissionRecomputesDigestAndReplaysExactProof/non-admission (0.10s)
    --- PASS: TestJournalOwnerNonAdmissionRecomputesDigestAndReplaysExactProof/terminal-non-admission (0.08s)
=== RUN   TestJournalOwnerStartupBindsManifestAndPreservesUnresolvedIntent
=== RUN   TestJournalOwnerStartupBindsManifestAndPreservesUnresolvedIntent/scope
=== RUN   TestJournalOwnerStartupBindsManifestAndPreservesUnresolvedIntent/incarnation
=== RUN   TestJournalOwnerStartupBindsManifestAndPreservesUnresolvedIntent/time
=== RUN   TestJournalOwnerStartupBindsManifestAndPreservesUnresolvedIntent/abort
=== RUN   TestJournalOwnerStartupBindsManifestAndPreservesUnresolvedIntent/none
--- PASS: TestJournalOwnerStartupBindsManifestAndPreservesUnresolvedIntent (0.22s)
    --- PASS: TestJournalOwnerStartupBindsManifestAndPreservesUnresolvedIntent/scope (0.05s)
    --- PASS: TestJournalOwnerStartupBindsManifestAndPreservesUnresolvedIntent/incarnation (0.04s)
    --- PASS: TestJournalOwnerStartupBindsManifestAndPreservesUnresolvedIntent/time (0.04s)
    --- PASS: TestJournalOwnerStartupBindsManifestAndPreservesUnresolvedIntent/abort (0.05s)
    --- PASS: TestJournalOwnerStartupBindsManifestAndPreservesUnresolvedIntent/none (0.04s)
=== RUN   TestJournalOwnerTerminalExpiryDoesNotPoisonSubsequentCheckpoint
--- PASS: TestJournalOwnerTerminalExpiryDoesNotPoisonSubsequentCheckpoint (0.08s)
=== RUN   TestExecutionNonAdmissionRequiresDurableFloorAndNeverClaimsPersistedIntent
--- PASS: TestExecutionNonAdmissionRequiresDurableFloorAndNeverClaimsPersistedIntent (0.23s)
=== RUN   TestExecutionNonAdmissionDoesNotInferHistoricalCoverageAfterRestart
--- PASS: TestExecutionNonAdmissionDoesNotInferHistoricalCoverageAfterRestart (0.07s)
=== RUN   TestExecutionNonAdmissionPersistenceFailureAndLostResponseRecover
=== RUN   TestExecutionNonAdmissionPersistenceFailureAndLostResponseRecover/sync
=== RUN   TestExecutionNonAdmissionPersistenceFailureAndLostResponseRecover/reply
--- PASS: TestExecutionNonAdmissionPersistenceFailureAndLostResponseRecover (0.20s)
    --- PASS: TestExecutionNonAdmissionPersistenceFailureAndLostResponseRecover/sync (0.10s)
    --- PASS: TestExecutionNonAdmissionPersistenceFailureAndLostResponseRecover/reply (0.10s)
=== RUN   TestExecutionNonAdmissionRejectsConcurrentAcceptedPrepare
--- PASS: TestExecutionNonAdmissionRejectsConcurrentAcceptedPrepare (0.12s)
=== RUN   TestExecutionNonAdmissionHistoryRejectsCorruption
=== RUN   TestExecutionNonAdmissionHistoryRejectsCorruption/signature
=== RUN   TestExecutionNonAdmissionHistoryRejectsCorruption/digest
=== RUN   TestExecutionNonAdmissionHistoryRejectsCorruption/sequence
=== RUN   TestExecutionNonAdmissionHistoryRejectsCorruption/floor
=== RUN   TestExecutionNonAdmissionHistoryRejectsCorruption/contract
=== RUN   TestExecutionNonAdmissionHistoryRejectsCorruption/timestamp
=== RUN   TestExecutionNonAdmissionHistoryRejectsCorruption/duplicate
=== RUN   TestExecutionNonAdmissionHistoryRejectsCorruption/admitted
--- PASS: TestExecutionNonAdmissionHistoryRejectsCorruption (1.32s)
    --- PASS: TestExecutionNonAdmissionHistoryRejectsCorruption/signature (0.16s)
    --- PASS: TestExecutionNonAdmissionHistoryRejectsCorruption/digest (0.16s)
    --- PASS: TestExecutionNonAdmissionHistoryRejectsCorruption/sequence (0.16s)
    --- PASS: TestExecutionNonAdmissionHistoryRejectsCorruption/floor (0.16s)
    --- PASS: TestExecutionNonAdmissionHistoryRejectsCorruption/contract (0.16s)
    --- PASS: TestExecutionNonAdmissionHistoryRejectsCorruption/timestamp (0.18s)
    --- PASS: TestExecutionNonAdmissionHistoryRejectsCorruption/duplicate (0.16s)
    --- PASS: TestExecutionNonAdmissionHistoryRejectsCorruption/admitted (0.17s)
=== RUN   TestExecutionNonAdmissionHistoryBoundsWithoutEvictingProof
--- PASS: TestExecutionNonAdmissionHistoryBoundsWithoutEvictingProof (2.98s)
=== RUN   TestExecutionNonAdmissionSchemaUpgradeRejectsUnverifiableSource
=== RUN   TestExecutionNonAdmissionSchemaUpgradeRejectsUnverifiableSource/schema-1
=== RUN   TestExecutionNonAdmissionSchemaUpgradeRejectsUnverifiableSource/signature
=== RUN   TestExecutionNonAdmissionSchemaUpgradeRejectsUnverifiableSource/new-proof-in-v2
=== RUN   TestExecutionNonAdmissionSchemaUpgradeRejectsUnverifiableSource/initialize
--- PASS: TestExecutionNonAdmissionSchemaUpgradeRejectsUnverifiableSource (0.28s)
    --- PASS: TestExecutionNonAdmissionSchemaUpgradeRejectsUnverifiableSource/schema-1 (0.06s)
    --- PASS: TestExecutionNonAdmissionSchemaUpgradeRejectsUnverifiableSource/signature (0.06s)
    --- PASS: TestExecutionNonAdmissionSchemaUpgradeRejectsUnverifiableSource/new-proof-in-v2 (0.10s)
    --- PASS: TestExecutionNonAdmissionSchemaUpgradeRejectsUnverifiableSource/initialize (0.06s)
=== RUN   TestExecutionNonAdmissionSchemaUpgradePreservesHistoryAndRequiresOptIn
=== RUN   TestExecutionNonAdmissionSchemaUpgradePreservesHistoryAndRequiresOptIn/pending
=== RUN   TestExecutionNonAdmissionSchemaUpgradePreservesHistoryAndRequiresOptIn/drained
--- PASS: TestExecutionNonAdmissionSchemaUpgradePreservesHistoryAndRequiresOptIn (0.73s)
    --- PASS: TestExecutionNonAdmissionSchemaUpgradePreservesHistoryAndRequiresOptIn/pending (0.42s)
    --- PASS: TestExecutionNonAdmissionSchemaUpgradePreservesHistoryAndRequiresOptIn/drained (0.31s)
=== RUN   TestJournalOwnerAPIWorkflowAndLostReplyReplay
--- PASS: TestJournalOwnerAPIWorkflowAndLostReplyReplay (0.33s)
=== RUN   TestJournalOwnerAPIWorkerCheckpoints
--- PASS: TestJournalOwnerAPIWorkerCheckpoints (0.17s)
=== RUN   TestJournalOwnerAPIRejectsWithoutPoisoning
=== RUN   TestJournalOwnerAPIRejectsWithoutPoisoning/role
=== RUN   TestJournalOwnerAPIRejectsWithoutPoisoning/signature
=== RUN   TestJournalOwnerAPIRejectsWithoutPoisoning/scope
=== RUN   TestJournalOwnerAPIRejectsWithoutPoisoning/epoch
=== RUN   TestJournalOwnerAPIRejectsWithoutPoisoning/expired
=== RUN   TestJournalOwnerAPIRejectsWithoutPoisoning/protobuf
=== RUN   TestJournalOwnerAPIRejectsWithoutPoisoning/no-startup
=== RUN   TestJournalOwnerAPIRejectsWithoutPoisoning/cancel
--- PASS: TestJournalOwnerAPIRejectsWithoutPoisoning (1.06s)
    --- PASS: TestJournalOwnerAPIRejectsWithoutPoisoning/role (0.12s)
    --- PASS: TestJournalOwnerAPIRejectsWithoutPoisoning/signature (0.11s)
    --- PASS: TestJournalOwnerAPIRejectsWithoutPoisoning/scope (0.14s)
    --- PASS: TestJournalOwnerAPIRejectsWithoutPoisoning/epoch (0.17s)
    --- PASS: TestJournalOwnerAPIRejectsWithoutPoisoning/expired (0.14s)
    --- PASS: TestJournalOwnerAPIRejectsWithoutPoisoning/protobuf (0.10s)
    --- PASS: TestJournalOwnerAPIRejectsWithoutPoisoning/no-startup (0.15s)
    --- PASS: TestJournalOwnerAPIRejectsWithoutPoisoning/cancel (0.14s)
=== RUN   TestJournalCommandRejectsWireAuthorityInjection
--- PASS: TestJournalCommandRejectsWireAuthorityInjection (0.08s)
=== RUN   TestJournalOwnerAPIStorageUncertaintyAndCancellation
=== RUN   TestJournalOwnerAPIStorageUncertaintyAndCancellation/directory-sync
=== RUN   TestJournalOwnerAPIStorageUncertaintyAndCancellation/canceled-after-sync
=== RUN   TestJournalOwnerAPIStorageUncertaintyAndCancellation/changed-state
--- PASS: TestJournalOwnerAPIStorageUncertaintyAndCancellation (0.23s)
    --- PASS: TestJournalOwnerAPIStorageUncertaintyAndCancellation/directory-sync (0.09s)
    --- PASS: TestJournalOwnerAPIStorageUncertaintyAndCancellation/canceled-after-sync (0.09s)
    --- PASS: TestJournalOwnerAPIStorageUncertaintyAndCancellation/changed-state (0.05s)
=== RUN   TestJournalOwnerAPIHistoryBoundAndHealth
=== RUN   TestJournalOwnerAPIHistoryBoundAndHealth/history
=== RUN   TestJournalOwnerAPIHistoryBoundAndHealth/health
--- PASS: TestJournalOwnerAPIHistoryBoundAndHealth (2.36s)
    --- PASS: TestJournalOwnerAPIHistoryBoundAndHealth/history (2.17s)
    --- PASS: TestJournalOwnerAPIHistoryBoundAndHealth/health (0.18s)
=== RUN   TestJournalOwnerAPITrustedRouteAndClose
--- PASS: TestJournalOwnerAPITrustedRouteAndClose (0.04s)
=== RUN   TestJournalRemoteReadContentionDoesNotPoisonAdmission
=== RUN   TestJournalRemoteReadContentionDoesNotPoisonAdmission/2
=== RUN   TestJournalRemoteReadContentionDoesNotPoisonAdmission/3
--- PASS: TestJournalRemoteReadContentionDoesNotPoisonAdmission (0.52s)
    --- PASS: TestJournalRemoteReadContentionDoesNotPoisonAdmission/2 (0.21s)
    --- PASS: TestJournalRemoteReadContentionDoesNotPoisonAdmission/3 (0.31s)
=== RUN   TestJournalRemoteSupervisorExecutesAndReplaysSealedHistory
--- PASS: TestJournalRemoteSupervisorExecutesAndReplaysSealedHistory (0.52s)
=== RUN   TestJournalRemoteUncertainAdmissionNeverEntersBackend
=== RUN   TestJournalRemoteUncertainAdmissionNeverEntersBackend/unavailable
=== RUN   TestJournalRemoteUncertainAdmissionNeverEntersBackend/lost-reply
=== RUN   TestJournalRemoteUncertainAdmissionNeverEntersBackend/replayed
=== RUN   TestJournalRemoteUncertainAdmissionNeverEntersBackend/foreign-receipt
=== RUN   TestJournalRemoteUncertainAdmissionNeverEntersBackend/stale-read
--- PASS: TestJournalRemoteUncertainAdmissionNeverEntersBackend (0.36s)
    --- PASS: TestJournalRemoteUncertainAdmissionNeverEntersBackend/unavailable (0.04s)
    --- PASS: TestJournalRemoteUncertainAdmissionNeverEntersBackend/lost-reply (0.07s)
    --- PASS: TestJournalRemoteUncertainAdmissionNeverEntersBackend/replayed (0.11s)
    --- PASS: TestJournalRemoteUncertainAdmissionNeverEntersBackend/foreign-receipt (0.07s)
    --- PASS: TestJournalRemoteUncertainAdmissionNeverEntersBackend/stale-read (0.08s)
=== RUN   TestJournalRemoteFloorWaitsForAlreadyAdmittedOperation
--- PASS: TestJournalRemoteFloorWaitsForAlreadyAdmittedOperation (0.23s)
=== RUN   TestJournalRemoteWorkerFloorAndNonAdmissionUseSeparateRole
--- PASS: TestJournalRemoteWorkerFloorAndNonAdmissionUseSeparateRole (0.28s)
=== RUN   TestJournalReadRejectsMixedPagesAndPreservesSnapshot
=== RUN   TestJournalReadRejectsMixedPagesAndPreservesSnapshot/offset
=== RUN   TestJournalReadRejectsMixedPagesAndPreservesSnapshot/digest
=== RUN   TestJournalReadRejectsMixedPagesAndPreservesSnapshot/size
=== RUN   TestJournalReadRejectsMixedPagesAndPreservesSnapshot/lock
=== RUN   TestJournalReadRejectsMixedPagesAndPreservesSnapshot/journal
=== RUN   TestJournalReadRejectsMixedPagesAndPreservesSnapshot/bytes
--- PASS: TestJournalReadRejectsMixedPagesAndPreservesSnapshot (0.37s)
    --- PASS: TestJournalReadRejectsMixedPagesAndPreservesSnapshot/offset (0.00s)
    --- PASS: TestJournalReadRejectsMixedPagesAndPreservesSnapshot/digest (0.00s)
    --- PASS: TestJournalReadRejectsMixedPagesAndPreservesSnapshot/size (0.00s)
    --- PASS: TestJournalReadRejectsMixedPagesAndPreservesSnapshot/lock (0.00s)
    --- PASS: TestJournalReadRejectsMixedPagesAndPreservesSnapshot/journal (0.00s)
    --- PASS: TestJournalReadRejectsMixedPagesAndPreservesSnapshot/bytes (0.00s)
=== RUN   TestRuntimeServerRetainsBackendOwnershipAfterFailedOrIdleStartup
=== RUN   TestRuntimeServerRetainsBackendOwnershipAfterFailedOrIdleStartup/first-factory-fails
=== RUN   TestRuntimeServerRetainsBackendOwnershipAfterFailedOrIdleStartup/second-factory-fails
=== RUN   TestRuntimeServerRetainsBackendOwnershipAfterFailedOrIdleStartup/idle-close
--- PASS: TestRuntimeServerRetainsBackendOwnershipAfterFailedOrIdleStartup (0.51s)
    --- PASS: TestRuntimeServerRetainsBackendOwnershipAfterFailedOrIdleStartup/first-factory-fails (0.14s)
    --- PASS: TestRuntimeServerRetainsBackendOwnershipAfterFailedOrIdleStartup/second-factory-fails (0.17s)
    --- PASS: TestRuntimeServerRetainsBackendOwnershipAfterFailedOrIdleStartup/idle-close (0.19s)
=== RUN   TestRuntimeServerFreezesLaunchBeforeBackendCallbacks
=== RUN   TestRuntimeServerFreezesLaunchBeforeBackendCallbacks/caller-manifest
=== RUN   TestRuntimeServerFreezesLaunchBeforeBackendCallbacks/shared-runtime-slices
--- PASS: TestRuntimeServerFreezesLaunchBeforeBackendCallbacks (0.13s)
    --- PASS: TestRuntimeServerFreezesLaunchBeforeBackendCallbacks/caller-manifest (0.08s)
    --- PASS: TestRuntimeServerFreezesLaunchBeforeBackendCallbacks/shared-runtime-slices (0.06s)
=== RUN   TestRuntimeServerDrainDoesNotRetireBackendIncarnation
--- PASS: TestRuntimeServerDrainDoesNotRetireBackendIncarnation (0.23s)
=== RUN   TestRuntimeServerBackendStartupPersistenceFailureDoesNotDispatch
=== RUN   TestRuntimeServerBackendStartupPersistenceFailureDoesNotDispatch/renamed-not-synced
=== RUN   TestRuntimeServerBackendStartupPersistenceFailureDoesNotDispatch/synced-error
=== RUN   TestRuntimeServerBackendStartupPersistenceFailureDoesNotDispatch/synced-canceled
--- PASS: TestRuntimeServerBackendStartupPersistenceFailureDoesNotDispatch (0.23s)
    --- PASS: TestRuntimeServerBackendStartupPersistenceFailureDoesNotDispatch/renamed-not-synced (0.07s)
    --- PASS: TestRuntimeServerBackendStartupPersistenceFailureDoesNotDispatch/synced-error (0.09s)
    --- PASS: TestRuntimeServerBackendStartupPersistenceFailureDoesNotDispatch/synced-canceled (0.06s)
=== RUN   TestRuntimeServerRejectsMalformedBackendLifecycleBeforeFactories
=== RUN   TestRuntimeServerRejectsMalformedBackendLifecycleBeforeFactories/missing
=== RUN   TestRuntimeServerRejectsMalformedBackendLifecycleBeforeFactories/unknown-state
=== RUN   TestRuntimeServerRejectsMalformedBackendLifecycleBeforeFactories/zero-id
=== RUN   TestRuntimeServerRejectsMalformedBackendLifecycleBeforeFactories/wrong-id-version
=== RUN   TestRuntimeServerRejectsMalformedBackendLifecycleBeforeFactories/zero-digest
=== RUN   TestRuntimeServerRejectsMalformedBackendLifecycleBeforeFactories/zero-time
=== RUN   TestRuntimeServerRejectsMalformedBackendLifecycleBeforeFactories/unstarted-with-history
=== RUN   TestRuntimeServerRejectsMalformedBackendLifecycleBeforeFactories/legacy-with-history
--- PASS: TestRuntimeServerRejectsMalformedBackendLifecycleBeforeFactories (0.44s)
    --- PASS: TestRuntimeServerRejectsMalformedBackendLifecycleBeforeFactories/missing (0.06s)
    --- PASS: TestRuntimeServerRejectsMalformedBackendLifecycleBeforeFactories/unknown-state (0.05s)
    --- PASS: TestRuntimeServerRejectsMalformedBackendLifecycleBeforeFactories/zero-id (0.06s)
    --- PASS: TestRuntimeServerRejectsMalformedBackendLifecycleBeforeFactories/wrong-id-version (0.07s)
    --- PASS: TestRuntimeServerRejectsMalformedBackendLifecycleBeforeFactories/zero-digest (0.05s)
    --- PASS: TestRuntimeServerRejectsMalformedBackendLifecycleBeforeFactories/zero-time (0.04s)
    --- PASS: TestRuntimeServerRejectsMalformedBackendLifecycleBeforeFactories/unstarted-with-history (0.05s)
    --- PASS: TestRuntimeServerRejectsMalformedBackendLifecycleBeforeFactories/legacy-with-history (0.08s)
=== RUN   TestTerminalNonAdmissionRPCRejectsInvalidScopes
=== RUN   TestTerminalNonAdmissionRPCRejectsInvalidScopes/nil_scope
=== RUN   TestTerminalNonAdmissionRPCRejectsInvalidScopes/schema
=== RUN   TestTerminalNonAdmissionRPCRejectsInvalidScopes/unknown
=== RUN   TestTerminalNonAdmissionRPCRejectsInvalidScopes/identity_unknown
=== RUN   TestTerminalNonAdmissionRPCRejectsInvalidScopes/missing_history
=== RUN   TestTerminalNonAdmissionRPCRejectsInvalidScopes/signature
=== RUN   TestTerminalNonAdmissionRPCRejectsInvalidScopes/future
=== RUN   TestTerminalNonAdmissionRPCRejectsInvalidScopes/size
=== RUN   TestTerminalNonAdmissionRPCRejectsInvalidScopes/allocation
=== RUN   TestTerminalNonAdmissionRPCRejectsInvalidScopes/target_member
=== RUN   TestTerminalNonAdmissionRPCRejectsInvalidScopes/target_epoch
=== RUN   TestTerminalNonAdmissionRPCRejectsInvalidScopes/member_identity
=== RUN   TestTerminalNonAdmissionRPCRejectsInvalidScopes/subset
=== RUN   TestTerminalNonAdmissionRPCRejectsInvalidScopes/non-durable
--- PASS: TestTerminalNonAdmissionRPCRejectsInvalidScopes (0.53s)
    --- PASS: TestTerminalNonAdmissionRPCRejectsInvalidScopes/nil_scope (0.04s)
    --- PASS: TestTerminalNonAdmissionRPCRejectsInvalidScopes/schema (0.04s)
    --- PASS: TestTerminalNonAdmissionRPCRejectsInvalidScopes/unknown (0.04s)
    --- PASS: TestTerminalNonAdmissionRPCRejectsInvalidScopes/identity_unknown (0.03s)
    --- PASS: TestTerminalNonAdmissionRPCRejectsInvalidScopes/missing_history (0.03s)
    --- PASS: TestTerminalNonAdmissionRPCRejectsInvalidScopes/signature (0.05s)
    --- PASS: TestTerminalNonAdmissionRPCRejectsInvalidScopes/future (0.05s)
    --- PASS: TestTerminalNonAdmissionRPCRejectsInvalidScopes/size (0.02s)
    --- PASS: TestTerminalNonAdmissionRPCRejectsInvalidScopes/allocation (0.04s)
    --- PASS: TestTerminalNonAdmissionRPCRejectsInvalidScopes/target_member (0.05s)
    --- PASS: TestTerminalNonAdmissionRPCRejectsInvalidScopes/target_epoch (0.04s)
    --- PASS: TestTerminalNonAdmissionRPCRejectsInvalidScopes/member_identity (0.04s)
    --- PASS: TestTerminalNonAdmissionRPCRejectsInvalidScopes/subset (0.04s)
    --- PASS: TestTerminalNonAdmissionRPCRejectsInvalidScopes/non-durable (0.04s)
=== RUN   TestTerminalNonAdmissionRPCSeparatesCurrentReaderFromOriginalResidency
--- PASS: TestTerminalNonAdmissionRPCSeparatesCurrentReaderFromOriginalResidency (0.10s)
=== RUN   TestTerminalNonAdmissionCoversUnsignedAllocationWithoutEnteringBackend
--- PASS: TestTerminalNonAdmissionCoversUnsignedAllocationWithoutEnteringBackend (0.15s)
=== RUN   TestTerminalNonAdmissionRecoveryNeverInfersMissingOldEpochProof
=== RUN   TestTerminalNonAdmissionRecoveryNeverInfersMissingOldEpochProof/unknown
=== RUN   TestTerminalNonAdmissionRecoveryNeverInfersMissingOldEpochProof/checkpointed
--- PASS: TestTerminalNonAdmissionRecoveryNeverInfersMissingOldEpochProof (0.11s)
    --- PASS: TestTerminalNonAdmissionRecoveryNeverInfersMissingOldEpochProof/unknown (0.04s)
    --- PASS: TestTerminalNonAdmissionRecoveryNeverInfersMissingOldEpochProof/checkpointed (0.07s)
=== RUN   TestTerminalNonAdmissionReplayBindsExactHistoricalScope
=== RUN   TestTerminalNonAdmissionReplayBindsExactHistoricalScope/organization
=== RUN   TestTerminalNonAdmissionReplayBindsExactHistoricalScope/project
=== RUN   TestTerminalNonAdmissionReplayBindsExactHistoricalScope/job
=== RUN   TestTerminalNonAdmissionReplayBindsExactHistoricalScope/stage_run
=== RUN   TestTerminalNonAdmissionReplayBindsExactHistoricalScope/terminal_state
=== RUN   TestTerminalNonAdmissionReplayBindsExactHistoricalScope/fence
=== RUN   TestTerminalNonAdmissionReplayBindsExactHistoricalScope/version
=== RUN   TestTerminalNonAdmissionReplayBindsExactHistoricalScope/allocation
=== RUN   TestTerminalNonAdmissionReplayBindsExactHistoricalScope/attempt
=== RUN   TestTerminalNonAdmissionReplayBindsExactHistoricalScope/stage_attempt
=== RUN   TestTerminalNonAdmissionReplayBindsExactHistoricalScope/lease
=== RUN   TestTerminalNonAdmissionReplayBindsExactHistoricalScope/nonce
=== RUN   TestTerminalNonAdmissionReplayBindsExactHistoricalScope/barrier
--- PASS: TestTerminalNonAdmissionReplayBindsExactHistoricalScope (0.18s)
    --- PASS: TestTerminalNonAdmissionReplayBindsExactHistoricalScope/organization (0.01s)
    --- PASS: TestTerminalNonAdmissionReplayBindsExactHistoricalScope/project (0.01s)
    --- PASS: TestTerminalNonAdmissionReplayBindsExactHistoricalScope/job (0.01s)
    --- PASS: TestTerminalNonAdmissionReplayBindsExactHistoricalScope/stage_run (0.01s)
    --- PASS: TestTerminalNonAdmissionReplayBindsExactHistoricalScope/terminal_state (0.01s)
    --- PASS: TestTerminalNonAdmissionReplayBindsExactHistoricalScope/fence (0.01s)
    --- PASS: TestTerminalNonAdmissionReplayBindsExactHistoricalScope/version (0.01s)
    --- PASS: TestTerminalNonAdmissionReplayBindsExactHistoricalScope/allocation (0.01s)
    --- PASS: TestTerminalNonAdmissionReplayBindsExactHistoricalScope/attempt (0.01s)
    --- PASS: TestTerminalNonAdmissionReplayBindsExactHistoricalScope/stage_attempt (0.01s)
    --- PASS: TestTerminalNonAdmissionReplayBindsExactHistoricalScope/lease (0.01s)
    --- PASS: TestTerminalNonAdmissionReplayBindsExactHistoricalScope/nonce (0.01s)
    --- PASS: TestTerminalNonAdmissionReplayBindsExactHistoricalScope/barrier (0.01s)
=== RUN   TestTerminalNonAdmissionSerializesWithAcceptedPrepare
--- PASS: TestTerminalNonAdmissionSerializesWithAcceptedPrepare (0.12s)
=== RUN   TestTerminalNonAdmissionRejectsInvalidOrMismatchedEvidence
=== RUN   TestTerminalNonAdmissionRejectsInvalidOrMismatchedEvidence/device_set
=== RUN   TestTerminalNonAdmissionRejectsInvalidOrMismatchedEvidence/membership
=== RUN   TestTerminalNonAdmissionRejectsInvalidOrMismatchedEvidence/profile
=== RUN   TestTerminalNonAdmissionRejectsInvalidOrMismatchedEvidence/future
=== RUN   TestTerminalNonAdmissionRejectsInvalidOrMismatchedEvidence/worker
=== RUN   TestTerminalNonAdmissionRejectsInvalidOrMismatchedEvidence/worker_epoch
=== RUN   TestTerminalNonAdmissionRejectsInvalidOrMismatchedEvidence/member_epoch
=== RUN   TestTerminalNonAdmissionRejectsInvalidOrMismatchedEvidence/identity
=== RUN   TestTerminalNonAdmissionRejectsInvalidOrMismatchedEvidence/subset
=== RUN   TestTerminalNonAdmissionRejectsInvalidOrMismatchedEvidence/runtime_epoch
=== RUN   TestTerminalNonAdmissionRejectsInvalidOrMismatchedEvidence/runtime
=== RUN   TestTerminalNonAdmissionRejectsInvalidOrMismatchedEvidence/residency
=== RUN   TestTerminalNonAdmissionRejectsInvalidOrMismatchedEvidence/device
--- PASS: TestTerminalNonAdmissionRejectsInvalidOrMismatchedEvidence (0.09s)
    --- PASS: TestTerminalNonAdmissionRejectsInvalidOrMismatchedEvidence/device_set (0.00s)
    --- PASS: TestTerminalNonAdmissionRejectsInvalidOrMismatchedEvidence/membership (0.00s)
    --- PASS: TestTerminalNonAdmissionRejectsInvalidOrMismatchedEvidence/profile (0.00s)
    --- PASS: TestTerminalNonAdmissionRejectsInvalidOrMismatchedEvidence/future (0.00s)
    --- PASS: TestTerminalNonAdmissionRejectsInvalidOrMismatchedEvidence/worker (0.00s)
    --- PASS: TestTerminalNonAdmissionRejectsInvalidOrMismatchedEvidence/worker_epoch (0.00s)
    --- PASS: TestTerminalNonAdmissionRejectsInvalidOrMismatchedEvidence/member_epoch (0.00s)
    --- PASS: TestTerminalNonAdmissionRejectsInvalidOrMismatchedEvidence/identity (0.00s)
    --- PASS: TestTerminalNonAdmissionRejectsInvalidOrMismatchedEvidence/subset (0.00s)
    --- PASS: TestTerminalNonAdmissionRejectsInvalidOrMismatchedEvidence/runtime_epoch (0.00s)
    --- PASS: TestTerminalNonAdmissionRejectsInvalidOrMismatchedEvidence/runtime (0.00s)
    --- PASS: TestTerminalNonAdmissionRejectsInvalidOrMismatchedEvidence/residency (0.00s)
    --- PASS: TestTerminalNonAdmissionRejectsInvalidOrMismatchedEvidence/device (0.00s)
=== RUN   TestTerminalNonAdmissionPersistenceFailureAndLostReplyRecover
=== RUN   TestTerminalNonAdmissionPersistenceFailureAndLostReplyRecover/sync
=== RUN   TestTerminalNonAdmissionPersistenceFailureAndLostReplyRecover/reply
--- PASS: TestTerminalNonAdmissionPersistenceFailureAndLostReplyRecover (0.16s)
    --- PASS: TestTerminalNonAdmissionPersistenceFailureAndLostReplyRecover/sync (0.07s)
    --- PASS: TestTerminalNonAdmissionPersistenceFailureAndLostReplyRecover/reply (0.09s)
=== RUN   TestTerminalNonAdmissionRejectsConflictingProofsInBothOrders
=== RUN   TestTerminalNonAdmissionRejectsConflictingProofsInBothOrders/execution_first
=== RUN   TestTerminalNonAdmissionRejectsConflictingProofsInBothOrders/terminal_first
--- PASS: TestTerminalNonAdmissionRejectsConflictingProofsInBothOrders (0.24s)
    --- PASS: TestTerminalNonAdmissionRejectsConflictingProofsInBothOrders/execution_first (0.13s)
    --- PASS: TestTerminalNonAdmissionRejectsConflictingProofsInBothOrders/terminal_first (0.12s)
=== RUN   TestTerminalNonAdmissionBoundNeverEvictsOldProof
--- PASS: TestTerminalNonAdmissionBoundNeverEvictsOldProof (3.36s)
=== RUN   TestTerminalNonAdmissionRecoveryRejectsCorruptProofs
=== RUN   TestTerminalNonAdmissionRecoveryRejectsCorruptProofs/digest
=== RUN   TestTerminalNonAdmissionRecoveryRejectsCorruptProofs/signature
=== RUN   TestTerminalNonAdmissionRecoveryRejectsCorruptProofs/allocation
=== RUN   TestTerminalNonAdmissionRecoveryRejectsCorruptProofs/sequence
=== RUN   TestTerminalNonAdmissionRecoveryRejectsCorruptProofs/floor_low
=== RUN   TestTerminalNonAdmissionRecoveryRejectsCorruptProofs/floor_high
=== RUN   TestTerminalNonAdmissionRecoveryRejectsCorruptProofs/contract
=== RUN   TestTerminalNonAdmissionRecoveryRejectsCorruptProofs/time
=== RUN   TestTerminalNonAdmissionRecoveryRejectsCorruptProofs/duplicate
=== RUN   TestTerminalNonAdmissionRecoveryRejectsCorruptProofs/schema3
=== RUN   TestTerminalNonAdmissionRecoveryRejectsCorruptProofs/scope
=== RUN   TestTerminalNonAdmissionRecoveryRejectsCorruptProofs/execution_collision
--- PASS: TestTerminalNonAdmissionRecoveryRejectsCorruptProofs (0.93s)
    --- PASS: TestTerminalNonAdmissionRecoveryRejectsCorruptProofs/digest (0.07s)
    --- PASS: TestTerminalNonAdmissionRecoveryRejectsCorruptProofs/signature (0.08s)
    --- PASS: TestTerminalNonAdmissionRecoveryRejectsCorruptProofs/allocation (0.11s)
    --- PASS: TestTerminalNonAdmissionRecoveryRejectsCorruptProofs/sequence (0.11s)
    --- PASS: TestTerminalNonAdmissionRecoveryRejectsCorruptProofs/floor_low (0.06s)
    --- PASS: TestTerminalNonAdmissionRecoveryRejectsCorruptProofs/floor_high (0.07s)
    --- PASS: TestTerminalNonAdmissionRecoveryRejectsCorruptProofs/contract (0.06s)
    --- PASS: TestTerminalNonAdmissionRecoveryRejectsCorruptProofs/time (0.08s)
    --- PASS: TestTerminalNonAdmissionRecoveryRejectsCorruptProofs/duplicate (0.07s)
    --- PASS: TestTerminalNonAdmissionRecoveryRejectsCorruptProofs/schema3 (0.07s)
    --- PASS: TestTerminalNonAdmissionRecoveryRejectsCorruptProofs/scope (0.07s)
    --- PASS: TestTerminalNonAdmissionRecoveryRejectsCorruptProofs/execution_collision (0.08s)
=== RUN   TestTerminalNonAdmissionSchema3UpgradePreservesEvidence
=== RUN   TestTerminalNonAdmissionSchema3UpgradePreservesEvidence/pending
=== RUN   TestTerminalNonAdmissionSchema3UpgradePreservesEvidence/drained
--- PASS: TestTerminalNonAdmissionSchema3UpgradePreservesEvidence (0.48s)
    --- PASS: TestTerminalNonAdmissionSchema3UpgradePreservesEvidence/pending (0.22s)
    --- PASS: TestTerminalNonAdmissionSchema3UpgradePreservesEvidence/drained (0.27s)
=== RUN   TestTerminalNonAdmissionSurvivesAbruptProcessExit
--- PASS: TestTerminalNonAdmissionSurvivesAbruptProcessExit (1.14s)
=== RUN   TestTerminalNonAdmissionProcessHelper
--- PASS: TestTerminalNonAdmissionProcessHelper (0.00s)
PASS
