=== RUN   TestCPUMockDurableStreamExactCacheCampaign
2026/09/09 03:01:15 github.com/testcontainers/testcontainers-go - Connected to docker: 
  Server Version: 28.3.2
  API Version: 1.51
  Operating System: Docker Desktop
  Total Memory: 32044 MB
  Labels:
    com.docker.desktop.address=unix:///Users/viv/Library/Containers/com.docker.docker/Data/docker-cli.sock
  Testcontainers for Go Version: v0.44.0
  Resolved Docker Host: unix:///var/run/docker.sock
  Resolved Docker Socket Path: /var/run/docker.sock
  Test SessionID: 7decde55d09ac2a69858d35463e03f9dca8e06c3b12d0b711eecad5a2eb81528
  Test ProcessID: 52d4fd84-e6d1-40a4-b107-97256f0c9873
2026/09/09 03:01:15 🐳 Creating container for image postgres:17-alpine
2026/09/09 03:01:15 🐳 Creating container for image testcontainers/ryuk:0.14.0
2026/09/09 03:01:16 ✅ Container created: a4c6af6d0abd
2026/09/09 03:01:16 🐳 Starting container: a4c6af6d0abd
2026/09/09 03:01:16 ✅ Container started: a4c6af6d0abd
2026/09/09 03:01:16 ⏳ Waiting for container id a4c6af6d0abd image: testcontainers/ryuk:0.14.0. Waiting for: all of: [log message "Started", port 8080/tcp to be listening]
2026/09/09 03:01:16 Shell not found in container
2026/09/09 03:01:16 🔔 Container is ready: a4c6af6d0abd
2026/09/09 03:01:16 ✅ Container created: af20ec6ca8ca
2026/09/09 03:01:16 🐳 Starting container: af20ec6ca8ca
2026/09/09 03:01:16 ✅ Container started: af20ec6ca8ca
2026/09/09 03:01:16 ⏳ Waiting for container id af20ec6ca8ca image: postgres:17-alpine. Waiting for: all of: [all of: [log message "database system is ready to accept connections" (occurrence: 2), port 5432/tcp to be mapped]]
2026/09/09 03:01:17 🔔 Container is ready: af20ec6ca8ca
2026/09/09 03:01:17 OK   00001_foundation.sql (53.35ms)
2026/09/09 03:01:17 OK   00002_worker_assignment.sql (14.56ms)
2026/09/09 03:01:17 OK   00003_worker_start.sql (2.77ms)
2026/09/09 03:01:17 OK   00004_worker_heartbeat.sql (15.86ms)
2026/09/09 03:01:17 OK   00005_execution_failure.sql (13.44ms)
2026/09/09 03:01:17 OK   00006_customer_cancellation.sql (28.11ms)
2026/09/09 03:01:17 OK   00007_artifact_finalization.sql (31.59ms)
2026/09/09 03:01:17 OK   00008_hierarchical_scheduler.sql (48.56ms)
2026/09/09 03:01:17 OK   00009_invoice_export.sql (12.96ms)
2026/09/09 03:01:17 OK   00010_profile_certification_circuit.sql (20.14ms)
2026/09/09 03:01:17 OK   00011_project_webhooks.sql (33.34ms)
2026/09/09 03:01:17 OK   00012_human_oidc_fixed_rbac.sql (26.47ms)
2026/09/09 03:01:17 OK   00013_service_principal_administration.sql (14.92ms)
2026/09/09 03:01:17 OK   00014_human_membership_administration.sql (25.55ms)
2026/09/09 03:01:17 OK   00015_organization_reporting.sql (17.96ms)
2026/09/09 03:01:17 OK   00016_project_retention_content_deletion.sql (51.3ms)
2026/09/09 03:01:17 OK   00017_platform_operator_break_glass.sql (33.04ms)
2026/09/09 03:01:17 OK   00018_finance_reconciliation.sql (15.94ms)
2026/09/09 03:01:17 OK   00019_certified_remediation.sql (22.17ms)
2026/09/09 03:01:17 OK   00020_remediation_execution_claim.sql (4.37ms)
2026/09/09 03:01:17 OK   00021_remediation_execution_dispatch.sql (2.01ms)
2026/09/09 03:01:17 OK   00022_remediation_execution_claim_replay.sql (2ms)
2026/09/09 03:01:18 OK   00023_fleet_controller_worker_readiness.sql (65.26ms)
2026/09/09 03:01:18 OK   00024_staging_artifact_expiry.sql (3.66ms)
2026/09/09 03:01:18 OK   00025_scheduler_inbox_receipt.sql (2.34ms)
2026/09/09 03:01:18 OK   00026_synchronous_quorum_guard.sql (1.57ms)
2026/09/09 03:01:18 OK   00027_authorized_debug_dump_lifecycle.sql (46.68ms)
2026/09/09 03:01:18 OK   00028_off_cluster_backup_retention.sql (12.01ms)
2026/09/09 03:01:18 OK   00029_artifact_backup_replication.sql (11.03ms)
2026/09/09 03:01:18 OK   00030_non_content_legal_hold.sql (20.93ms)
2026/09/09 03:01:18 OK   00031_non_content_record_expiry.sql (62.94ms)
2026/09/09 03:01:18 OK   00032_catalog_promotion_production_gates.sql (32.52ms)
2026/09/09 03:01:18 OK   00033_statistical_slo_measurement.sql (25.16ms)
2026/09/09 03:01:18 OK   00034_stage_execution_catalog.sql (56.41ms)
2026/09/09 03:01:18 OK   00035_worker_instance_residency.sql (64.4ms)
2026/09/09 03:01:18 OK   00036_stage_attempt_authority.sql (88.67ms)
2026/09/09 03:01:18 OK   00037_stage_scheduler.sql (45.87ms)
2026/09/09 03:01:18 OK   00038_stage_artifact.sql (45.45ms)
2026/09/09 03:01:18 OK   00039_stage_worker_control_authority.sql (3.4ms)
2026/09/09 03:01:18 OK   00040_stage_worker_execution.sql (20.25ms)
2026/09/09 03:01:18 OK   00041_stage_worker_operations.sql (13.49ms)
2026/09/09 03:01:18 OK   00042_stage_worker_assignment.sql (13.91ms)
2026/09/09 03:01:18 OK   00043_stage_graph_finalization.sql (6.89ms)
2026/09/09 03:01:18 OK   00044_stage_cache.sql (28.56ms)
2026/09/09 03:01:18 OK   00045_stage_graph_finalization_outputs.sql (4.94ms)
2026/09/09 03:01:18 OK   00046_stage_graph_visible_completion.sql (6.14ms)
2026/09/09 03:01:18 OK   00047_usage_cost_ledger.sql (16.2ms)
2026/09/09 03:01:18 OK   00048_stage_run_output_binding.sql (14.25ms)
2026/09/09 03:01:18 OK   00049_stage_cutover_control.sql (55.4ms)
2026/09/09 03:01:18 OK   00050_stage_graph_instantiation_dispatch.sql (17.81ms)
2026/09/09 03:01:18 OK   00051_atomic_stage_graph_admission.sql (8.29ms)
2026/09/09 03:01:18 OK   00052_stage_cutover_zero_backlog_seal.sql (19.16ms)
2026/09/09 03:01:18 OK   00053_legacy_h3_guarded_contraction.sql (13.92ms)
2026/09/09 03:01:18 OK   00054_stage_transfer_consume_destination.sql (3.16ms)
2026/09/09 03:01:18 OK   00055_h3_campaign_evidence_reader.sql (3.82ms)
2026/09/09 03:01:18 OK   00056_stage_observability_reader.sql (788.88µs)
2026/09/09 03:01:18 OK   00057_legacy_h3_release_contraction_gate.sql (9.19ms)
2026/09/09 03:01:19 OK   00058_legacy_h3_schema_contraction.sql (165.35ms)
2026/09/09 03:01:19 OK   00059_model_runtime_epoch_registration.sql (18.57ms)
2026/09/09 03:01:19 OK   00060_model_runtime_gang_barrier.sql (16.39ms)
2026/09/09 03:01:19 OK   00061_stage_worker_gang_authority.sql (5.83ms)
2026/09/09 03:01:19 OK   00062_stage_authority_member_identity.sql (2.53ms)
2026/09/09 03:01:19 OK   00063_h3_execution_snapshot.sql (2.89ms)
2026/09/09 03:01:19 OK   00064_model_runtime_capacity_routes.sql (11.76ms)
2026/09/09 03:01:19 OK   00065_h3_exact_cache_reconciliation.sql (9.83ms)
2026/09/09 03:01:19 OK   00066_stage_worker_control_session_capacity.sql (22.46ms)
2026/09/09 03:01:19 OK   00067_stage_scheduler_project_capacity.sql (2.23ms)
2026/09/09 03:01:19 OK   00068_stage_assignment_connector_states.sql (1.67ms)
2026/09/09 03:01:19 OK   00069_stage_transfer_server_clock.sql (4.85ms)
2026/09/09 03:01:19 OK   00070_stage_lease_expiry_recovery.sql (10.89ms)
2026/09/09 03:01:19 OK   00071_stage_artifact_lifecycle.sql (16.5ms)
2026/09/09 03:01:19 OK   00072_recovery_quiescence.sql (11.97ms)
2026/09/09 03:01:19 OK   00073_stage_cache_downstream_bindings.sql (5.23ms)
2026/09/09 03:01:19 OK   00074_job_owned_public_artifact_copies.sql (2.87ms)
2026/09/09 03:01:19 OK   00075_stage_graph_failure_terminalization.sql (18.08ms)
2026/09/09 03:01:19 OK   00076_allocation_usage_unit.sql (906.46µs)
2026/09/09 03:01:19 OK   00077_runtime_usage_receipts.sql (3.92ms)
2026/09/09 03:01:19 OK   00078_idle_stage_worker_probe.sql (5.14ms)
2026/09/09 03:01:19 OK   00079_stage_job_expiry.sql (6.08ms)
2026/09/09 03:01:19 OK   00080_stage_scheduler_snapshot_lock_order.sql (3.14ms)
2026/09/09 03:01:19 OK   00081_stage_assignment_quorum.sql (1.37ms)
2026/09/09 03:01:19 OK   00082_stage_success_storage_completion.sql (2.88ms)
2026/09/09 03:01:19 OK   00083_capacity_observation_lifecycle.sql (4.28ms)
2026/09/09 03:01:19 OK   00084_blocked_stage_worker_probe.sql (3.78ms)
2026/09/09 03:01:19 OK   00085_stage_materialization_terminal_replay.sql (2.37ms)
2026/09/09 03:01:19 OK   00086_stage_failure_terminal_replay.sql (5.75ms)
2026/09/09 03:01:19 OK   00087_stage_claim_finalization_lock_order.sql (2.12ms)
2026/09/09 03:01:19 OK   00088_stage_allocation_execution_sequence.sql (3.99ms)
2026/09/09 03:01:19 OK   00089_stage_terminal_history.sql (7.13ms)
2026/09/09 03:01:19 OK   00090_stage_assignment_content_lifecycle.sql (17.36ms)
2026/09/09 03:01:19 OK   00091_worker_journal_bootstrap.sql (16.99ms)
2026/09/09 03:01:19 OK   00092_worker_bootstrap_history.sql (2.01ms)
2026/09/09 03:01:19 OK   00093_worker_bootstrap_nonzero_scopes.sql (1.08ms)
2026/09/09 03:01:19 OK   00094_worker_bootstrap_abandonment.sql (10.42ms)
2026/09/09 03:01:19 OK   00095_runtime_startup_reservation.sql (10.4ms)
2026/09/09 03:01:19 goose: successfully migrated database to version: 95
    cpu_mock_durable_stream_campaign_test.go:35: CPU_MOCK_CAMPAIGN_START {"durable_stream":true,"exact_cache":true,"go_version":"go1.26.7","initial_budget":{"planned_jobs":2,"fixed_price_per_job_minor":1250,"initial_credit_limit_minor":2500,"currency":"CNY"},"runtime_binary_sha256":{"vela-h3-stage-mock":"2c53ddfdd203e180451aa3d3ee37822da5a7942aa9b7d5b318d1b37dbbf9c078","vela-lab-cpu-thumbnail-mock":"6014174ea1298e4b8a67383c322503867008da16143d896a4207ee84dab9f5ca"},"source_tree_sha256":"bbd8af44085d96466103fe7c3d1cda658d59931e198aa29970428d053b27eaad"}
    cpu_mock_durable_stream_campaign_test.go:35: CPU_MOCK_EXACT_CACHE_RECEIPT {"admission":{"AdmissionCandidates":2,"Admitted":2,"HitCandidates":0,"Hits":0,"Skipped":0},"after_maintenance":{"observed_at":"2026-09-08T19:01:27.079352Z","queued_jobs":0,"running_jobs":0,"active_allocations":0,"active_leases":0,"reserved_storage":0,"reserved_storage_bytes":0,"materialized_stage_bytes":26638,"held_buffers":0,"visible_completions":2,"acquire_intents":6,"database_bytes":29095603,"test_process_heap_bytes":14364736,"test_process_goroutines":143,"runtime_scratch_bytes":0,"local_journal_bytes":70463,"runtime_input_bytes":0,"runtime_output_bytes":0,"runtime_watchdog_goroutines":0,"reserved_credit_minor":0,"posted_credit_minor":2500,"charges":2,"pool_active_counters":0,"active_execution_pins":0,"active_finalization_pins":0,"active_cache_pins":0,"live_cache_entries":2,"active_cache_carrying_references":2,"committed_stage_artifacts":6},"after_source":{"observed_at":"2026-09-08T19:01:25.364188Z","queued_jobs":0,"running_jobs":0,"active_allocations":0,"active_leases":0,"reserved_storage":0,"reserved_storage_bytes":0,"materialized_stage_bytes":13521,"held_buffers":0,"visible_completions":1,"acquire_intents":4,"database_bytes":28751539,"test_process_heap_bytes":19930296,"test_process_goroutines":143,"runtime_scratch_bytes":0,"local_journal_bytes":49760,"runtime_input_bytes":0,"runtime_output_bytes":0,"runtime_watchdog_goroutines":0,"reserved_credit_minor":0,"posted_credit_minor":1250,"charges":1,"pool_active_counters":0,"active_execution_pins":3,"active_finalization_pins":0,"active_cache_pins":0,"live_cache_entries":0,"active_cache_carrying_references":0,"committed_stage_artifacts":4,"processes":[{"pid":82055,"name":"integration.test","rss_bytes":229490688,"open_fds":131},{"pid":82080,"name":"h3-encoder","rss_bytes":18038784,"open_fds":12},{"pid":82086,"name":"h3-dit","rss_bytes":17547264,"open_fds":12},{"pid":82132,"name":"h3-vae-decoder","rss_bytes":17809408,"open_fds":12},{"pid":82155,"name":"vela-lab-cpu-thumbnail-mock","rss_bytes":17629184,"open_fds":12}]},"after_target":{"observed_at":"2026-09-08T19:01:26.994854Z","queued_jobs":0,"running_jobs":0,"active_allocations":0,"active_leases":0,"reserved_storage":0,"reserved_storage_bytes":0,"materialized_stage_bytes":26638,"held_buffers":1,"visible_completions":2,"acquire_intents":6,"database_bytes":29095603,"test_process_heap_bytes":11928136,"test_process_goroutines":143,"runtime_scratch_bytes":0,"local_journal_bytes":70463,"runtime_input_bytes":0,"runtime_output_bytes":0,"runtime_watchdog_goroutines":0,"reserved_credit_minor":0,"posted_credit_minor":2500,"charges":2,"pool_active_counters":0,"active_execution_pins":8,"active_finalization_pins":0,"active_cache_pins":0,"live_cache_entries":2,"active_cache_carrying_references":2,"committed_stage_artifacts":6,"processes":[{"pid":82055,"name":"integration.test","rss_bytes":233635840,"open_fds":131},{"pid":82080,"name":"h3-encoder","rss_bytes":18038784,"open_fds":12},{"pid":82086,"name":"h3-dit","rss_bytes":17547264,"open_fds":12},{"pid":82132,"name":"h3-vae-decoder","rss_bytes":19496960,"open_fds":12},{"pid":82155,"name":"vela-lab-cpu-thumbnail-mock","rss_bytes":17793024,"open_fds":12}]},"before":{"observed_at":"2026-09-08T19:01:22.196339Z","queued_jobs":0,"running_jobs":0,"active_allocations":0,"active_leases":0,"reserved_storage":0,"reserved_storage_bytes":0,"materialized_stage_bytes":0,"held_buffers":0,"visible_completions":0,"acquire_intents":0,"database_bytes":26736307,"test_process_heap_bytes":13601560,"test_process_goroutines":102,"runtime_scratch_bytes":0,"local_journal_bytes":4964,"runtime_input_bytes":0,"runtime_output_bytes":0,"runtime_watchdog_goroutines":0,"reserved_credit_minor":0,"posted_credit_minor":0,"charges":0,"pool_active_counters":0,"active_execution_pins":0,"active_finalization_pins":0,"active_cache_pins":0,"live_cache_entries":0,"active_cache_carrying_references":0,"committed_stage_artifacts":0,"processes":[{"pid":82055,"name":"integration.test","rss_bytes":196542464,"open_fds":120},{"pid":82080,"name":"h3-encoder","rss_bytes":17022976,"open_fds":12},{"pid":82086,"name":"h3-dit","rss_bytes":16531456,"open_fds":12},{"pid":82132,"name":"h3-vae-decoder","rss_bytes":16777216,"open_fds":12},{"pid":82155,"name":"vela-lab-cpu-thumbnail-mock","rss_bytes":16531456,"open_fds":12}]},"capacity_reports_by_worker":{"dit":1,"encoder":1,"thumbnail":1,"vae":1},"consumed_transfers":5,"direct_allocation_receipts":6,"durable_records_by_worker":{"dit":1,"encoder":1,"thumbnail":2,"vae":2},"durable_stream":true,"elapsed_seconds":4.938162,"evidence_class":"LOCAL_CPU_MOCK_EXACT_CACHE","exact_bindings_and_pins":[{"stage":"dit","source_artifact_id":"8b7cf510-7cba-5f92-9c0a-6c8403b0c379","object_version":"local-v00000000000000000002","pin_id":"4b33db26-8aac-53c2-bf3b-608b5c97dfe7"},{"stage":"encoder","source_artifact_id":"552ffc89-f36e-5d9e-b757-35542befbe86","object_version":"local-v00000000000000000001","pin_id":"0150262a-4099-5541-ba4c-01998aef3ab8"}],"ffprobe_version":"ffprobe version 8.0.1 Copyright (c) 2007-2025 the FFmpeg developers","go_version":"go1.26.7","hits":[{"AdmissionCandidates":0,"Admitted":0,"HitCandidates":2,"Hits":1,"Skipped":0},{"AdmissionCandidates":0,"Admitted":0,"HitCandidates":2,"Hits":1,"Skipped":0}],"initial_budget":{"planned_jobs":2,"fixed_price_per_job_minor":1250,"initial_credit_limit_minor":2500,"currency":"CNY"},"limitations":["bounded CPU mock Jobs, not sustained open-loop throughput or GPU certification","real mTLS Control stream and durable StreamAgent; Runtime gRPC and model processes are local CPU fixtures","Worker readiness/Registry setup uses fixture services; production Fleet activation, Node custody/startup and ProductionAgent orchestration are separate","lost committed responses reconstruct StreamAgent/file journal and replace mTLS transport in the same fixture session; processes remain live; production session reattachment is separate","bounded harness retries confirmed STALE Acquire results with new command IDs; production discovery orchestration is not exercised","input/output payload retirement is measured separately from retained journal metadata; history reclamation is not implemented","local exact-version object store, not remote S3; physical isolation and power-cut durability are separate","host race instrumentation does not instrument native mock subprocesses; sampled resources are not full VM peaks","BITWISE policy is a fixture declaration; native payloads, exact versions, ADMIT/HIT and billing are measured","Reconciler drives ADMIT/HIT before target Acquire; cache/scheduler races and organization isolation are separate tests"],"maintenance_result":{"RequestContentExpired":0,"ContentDeletionRequestsCreated":0,"Claimed":0,"Completed":0,"Failed":0},"production_gate":false,"replayed_commits":4,"runtime_binary_sha256":{"vela-h3-stage-mock":"2c53ddfdd203e180451aa3d3ee37822da5a7942aa9b7d5b318d1b37dbbf9c078","vela-lab-cpu-thumbnail-mock":"6014174ea1298e4b8a67383c322503867008da16143d896a4207ee84dab9f5ca"},"schema_version":1,"source_job_id":"abff7ea5-42b1-487b-9934-feed5a98fc21","source_physical_stages":4,"source_tree_sha256":"bbd8af44085d96466103fe7c3d1cda658d59931e198aa29970428d053b27eaad","started_at":"2026-09-08T19:01:22.196334Z","target_job_id":"01a0fdf0-ca22-46ed-b66e-b2b4f9c0f075","target_physical_stages":2,"verified_public_copies":[{"job_id":"01a0fdf0-ca22-46ed-b66e-b2b4f9c0f075","kind":"VIDEO","object_key":"artifacts/00000000-0000-0000-0000-000000000001/00000000-0000-0000-0000-000000000002/01a0fdf0-ca22-46ed-b66e-b2b4f9c0f075/d32d336e-3590-51b8-af62-df9c37df1a24","object_version":"local-v00000000000000000010","sha256":"0c91cb7c0225493a7e7b0855484fd7a82baf277b9812d7954e2b8d0bb3f1ee01","size_bytes":12953},{"job_id":"abff7ea5-42b1-487b-9934-feed5a98fc21","kind":"VIDEO","object_key":"artifacts/00000000-0000-0000-0000-000000000001/00000000-0000-0000-0000-000000000002/abff7ea5-42b1-487b-9934-feed5a98fc21/6b4ed2d8-cb91-58d1-9322-ecc94cfa7565","object_version":"local-v00000000000000000006","sha256":"0c91cb7c0225493a7e7b0855484fd7a82baf277b9812d7954e2b8d0bb3f1ee01","size_bytes":12953},{"job_id":"01a0fdf0-ca22-46ed-b66e-b2b4f9c0f075","kind":"THUMBNAIL","object_key":"artifacts/00000000-0000-0000-0000-000000000001/00000000-0000-0000-0000-000000000002/01a0fdf0-ca22-46ed-b66e-b2b4f9c0f075/3a7b61f6-9722-5458-a42f-8474f016f60c","object_version":"local-v00000000000000000009","sha256":"4a5bebd434087d98bcc98e7c7f52a81e842b740800acd5e212de905b12282a58","size_bytes":164},{"job_id":"abff7ea5-42b1-487b-9934-feed5a98fc21","kind":"THUMBNAIL","object_key":"artifacts/00000000-0000-0000-0000-000000000001/00000000-0000-0000-0000-000000000002/abff7ea5-42b1-487b-9934-feed5a98fc21/cf8930de-31fc-5508-b2b7-2a4b520e118e","object_version":"local-v00000000000000000005","sha256":"4a5bebd434087d98bcc98e7c7f52a81e842b740800acd5e212de905b12282a58","size_bytes":164}]}
2026/09/09 03:01:27 🐳 Stopping container: af20ec6ca8ca
2026/09/09 03:01:27 ✅ Container stopped: af20ec6ca8ca
2026/09/09 03:01:27 🐳 Terminating container: af20ec6ca8ca
2026/09/09 03:01:27 🚫 Container terminated: af20ec6ca8ca
--- PASS: TestCPUMockDurableStreamExactCacheCampaign (12.98s)
=== RUN   TestCPUMockExactCacheSourceTargetCampaign
2026/09/09 03:01:28 🐳 Creating container for image postgres:17-alpine
2026/09/09 03:01:28 ✅ Container created: aca2a094e2be
2026/09/09 03:01:28 🐳 Starting container: aca2a094e2be
2026/09/09 03:01:28 ✅ Container started: aca2a094e2be
2026/09/09 03:01:28 ⏳ Waiting for container id aca2a094e2be image: postgres:17-alpine. Waiting for: all of: [all of: [log message "database system is ready to accept connections" (occurrence: 2), port 5432/tcp to be mapped]]
2026/09/09 03:01:29 🔔 Container is ready: aca2a094e2be
2026/09/09 03:01:29 OK   00001_foundation.sql (57.5ms)
2026/09/09 03:01:29 OK   00002_worker_assignment.sql (14.78ms)
2026/09/09 03:01:29 OK   00003_worker_start.sql (2.87ms)
2026/09/09 03:01:29 OK   00004_worker_heartbeat.sql (16.86ms)
2026/09/09 03:01:29 OK   00005_execution_failure.sql (13.78ms)
2026/09/09 03:01:29 OK   00006_customer_cancellation.sql (29.73ms)
2026/09/09 03:01:30 OK   00007_artifact_finalization.sql (34.57ms)
2026/09/09 03:01:30 OK   00008_hierarchical_scheduler.sql (51.59ms)
2026/09/09 03:01:30 OK   00009_invoice_export.sql (13.88ms)
2026/09/09 03:01:30 OK   00010_profile_certification_circuit.sql (21.53ms)
2026/09/09 03:01:30 OK   00011_project_webhooks.sql (36.16ms)
2026/09/09 03:01:30 OK   00012_human_oidc_fixed_rbac.sql (28.84ms)
2026/09/09 03:01:30 OK   00013_service_principal_administration.sql (17.37ms)
2026/09/09 03:01:30 OK   00014_human_membership_administration.sql (29.55ms)
2026/09/09 03:01:30 OK   00015_organization_reporting.sql (18.88ms)
2026/09/09 03:01:30 OK   00016_project_retention_content_deletion.sql (55.08ms)
2026/09/09 03:01:30 OK   00017_platform_operator_break_glass.sql (34.92ms)
2026/09/09 03:01:30 OK   00018_finance_reconciliation.sql (17.54ms)
2026/09/09 03:01:30 OK   00019_certified_remediation.sql (22.88ms)
2026/09/09 03:01:30 OK   00020_remediation_execution_claim.sql (4.93ms)
2026/09/09 03:01:30 OK   00021_remediation_execution_dispatch.sql (2.19ms)
2026/09/09 03:01:30 OK   00022_remediation_execution_claim_replay.sql (1.94ms)
2026/09/09 03:01:30 OK   00023_fleet_controller_worker_readiness.sql (66.07ms)
2026/09/09 03:01:30 OK   00024_staging_artifact_expiry.sql (3.77ms)
2026/09/09 03:01:30 OK   00025_scheduler_inbox_receipt.sql (2.48ms)
2026/09/09 03:01:30 OK   00026_synchronous_quorum_guard.sql (1.63ms)
2026/09/09 03:01:30 OK   00027_authorized_debug_dump_lifecycle.sql (47.51ms)
2026/09/09 03:01:30 OK   00028_off_cluster_backup_retention.sql (12.15ms)
2026/09/09 03:01:30 OK   00029_artifact_backup_replication.sql (10.58ms)
2026/09/09 03:01:30 OK   00030_non_content_legal_hold.sql (22.04ms)
2026/09/09 03:01:30 OK   00031_non_content_record_expiry.sql (64.63ms)
2026/09/09 03:01:30 OK   00032_catalog_promotion_production_gates.sql (33.48ms)
2026/09/09 03:01:30 OK   00033_statistical_slo_measurement.sql (26.79ms)
2026/09/09 03:01:30 OK   00034_stage_execution_catalog.sql (59.94ms)
2026/09/09 03:01:30 OK   00035_worker_instance_residency.sql (68.55ms)
2026/09/09 03:01:30 OK   00036_stage_attempt_authority.sql (89.14ms)
2026/09/09 03:01:30 OK   00037_stage_scheduler.sql (46.58ms)
2026/09/09 03:01:30 OK   00038_stage_artifact.sql (46.82ms)
2026/09/09 03:01:31 OK   00039_stage_worker_control_authority.sql (3.69ms)
2026/09/09 03:01:31 OK   00040_stage_worker_execution.sql (20.53ms)
2026/09/09 03:01:31 OK   00041_stage_worker_operations.sql (13.86ms)
2026/09/09 03:01:31 OK   00042_stage_worker_assignment.sql (14.89ms)
2026/09/09 03:01:31 OK   00043_stage_graph_finalization.sql (7.21ms)
2026/09/09 03:01:31 OK   00044_stage_cache.sql (30.57ms)
2026/09/09 03:01:31 OK   00045_stage_graph_finalization_outputs.sql (5.35ms)
2026/09/09 03:01:31 OK   00046_stage_graph_visible_completion.sql (6.47ms)
2026/09/09 03:01:31 OK   00047_usage_cost_ledger.sql (17.29ms)
2026/09/09 03:01:31 OK   00048_stage_run_output_binding.sql (14.91ms)
2026/09/09 03:01:31 OK   00049_stage_cutover_control.sql (52.72ms)
2026/09/09 03:01:31 OK   00050_stage_graph_instantiation_dispatch.sql (18.65ms)
2026/09/09 03:01:31 OK   00051_atomic_stage_graph_admission.sql (8.45ms)
2026/09/09 03:01:31 OK   00052_stage_cutover_zero_backlog_seal.sql (20.63ms)
2026/09/09 03:01:31 OK   00053_legacy_h3_guarded_contraction.sql (14.99ms)
2026/09/09 03:01:31 OK   00054_stage_transfer_consume_destination.sql (3.31ms)
2026/09/09 03:01:31 OK   00055_h3_campaign_evidence_reader.sql (3.71ms)
2026/09/09 03:01:31 OK   00056_stage_observability_reader.sql (953.54µs)
2026/09/09 03:01:31 OK   00057_legacy_h3_release_contraction_gate.sql (9.98ms)
2026/09/09 03:01:31 OK   00058_legacy_h3_schema_contraction.sql (175.96ms)
2026/09/09 03:01:31 OK   00059_model_runtime_epoch_registration.sql (18.55ms)
2026/09/09 03:01:31 OK   00060_model_runtime_gang_barrier.sql (17.11ms)
2026/09/09 03:01:31 OK   00061_stage_worker_gang_authority.sql (6.04ms)
2026/09/09 03:01:31 OK   00062_stage_authority_member_identity.sql (2.48ms)
2026/09/09 03:01:31 OK   00063_h3_execution_snapshot.sql (2.98ms)
2026/09/09 03:01:31 OK   00064_model_runtime_capacity_routes.sql (11.49ms)
2026/09/09 03:01:31 OK   00065_h3_exact_cache_reconciliation.sql (10.75ms)
2026/09/09 03:01:31 OK   00066_stage_worker_control_session_capacity.sql (22.88ms)
2026/09/09 03:01:31 OK   00067_stage_scheduler_project_capacity.sql (1.8ms)
2026/09/09 03:01:31 OK   00068_stage_assignment_connector_states.sql (1.55ms)
2026/09/09 03:01:31 OK   00069_stage_transfer_server_clock.sql (4.29ms)
2026/09/09 03:01:31 OK   00070_stage_lease_expiry_recovery.sql (10.31ms)
2026/09/09 03:01:31 OK   00071_stage_artifact_lifecycle.sql (16.17ms)
2026/09/09 03:01:31 OK   00072_recovery_quiescence.sql (12.35ms)
2026/09/09 03:01:31 OK   00073_stage_cache_downstream_bindings.sql (5.43ms)
2026/09/09 03:01:31 OK   00074_job_owned_public_artifact_copies.sql (3.16ms)
2026/09/09 03:01:31 OK   00075_stage_graph_failure_terminalization.sql (19.6ms)
2026/09/09 03:01:31 OK   00076_allocation_usage_unit.sql (770.42µs)
2026/09/09 03:01:31 OK   00077_runtime_usage_receipts.sql (3.67ms)
2026/09/09 03:01:31 OK   00078_idle_stage_worker_probe.sql (4.81ms)
2026/09/09 03:01:31 OK   00079_stage_job_expiry.sql (6.07ms)
2026/09/09 03:01:31 OK   00080_stage_scheduler_snapshot_lock_order.sql (2.81ms)
2026/09/09 03:01:31 OK   00081_stage_assignment_quorum.sql (1.46ms)
2026/09/09 03:01:31 OK   00082_stage_success_storage_completion.sql (3.41ms)
2026/09/09 03:01:31 OK   00083_capacity_observation_lifecycle.sql (4.35ms)
2026/09/09 03:01:31 OK   00084_blocked_stage_worker_probe.sql (4.1ms)
2026/09/09 03:01:31 OK   00085_stage_materialization_terminal_replay.sql (2.35ms)
2026/09/09 03:01:31 OK   00086_stage_failure_terminal_replay.sql (5.59ms)
2026/09/09 03:01:31 OK   00087_stage_claim_finalization_lock_order.sql (2.34ms)
2026/09/09 03:01:31 OK   00088_stage_allocation_execution_sequence.sql (4.25ms)
2026/09/09 03:01:31 OK   00089_stage_terminal_history.sql (7.51ms)
2026/09/09 03:01:31 OK   00090_stage_assignment_content_lifecycle.sql (18.31ms)
2026/09/09 03:01:31 OK   00091_worker_journal_bootstrap.sql (16.95ms)
2026/09/09 03:01:31 OK   00092_worker_bootstrap_history.sql (2.33ms)
2026/09/09 03:01:31 OK   00093_worker_bootstrap_nonzero_scopes.sql (1.23ms)
2026/09/09 03:01:31 OK   00094_worker_bootstrap_abandonment.sql (10.3ms)
2026/09/09 03:01:31 OK   00095_runtime_startup_reservation.sql (11.26ms)
2026/09/09 03:01:31 goose: successfully migrated database to version: 95
    cpu_mock_exact_cache_campaign_test.go:24: CPU_MOCK_CAMPAIGN_START {"durable_stream":false,"exact_cache":true,"go_version":"go1.26.7","initial_budget":{"planned_jobs":2,"fixed_price_per_job_minor":1250,"initial_credit_limit_minor":2500,"currency":"CNY"},"runtime_binary_sha256":{"vela-h3-stage-mock":"2c53ddfdd203e180451aa3d3ee37822da5a7942aa9b7d5b318d1b37dbbf9c078","vela-lab-cpu-thumbnail-mock":"6014174ea1298e4b8a67383c322503867008da16143d896a4207ee84dab9f5ca"},"source_tree_sha256":"bbd8af44085d96466103fe7c3d1cda658d59931e198aa29970428d053b27eaad"}
    cpu_mock_exact_cache_campaign_test.go:24: CPU_MOCK_EXACT_CACHE_RECEIPT {"admission":{"AdmissionCandidates":2,"Admitted":2,"HitCandidates":0,"Hits":0,"Skipped":0},"after_maintenance":{"observed_at":"2026-09-08T19:01:34.925032Z","queued_jobs":0,"running_jobs":0,"active_allocations":0,"active_leases":0,"reserved_storage":0,"reserved_storage_bytes":0,"materialized_stage_bytes":26638,"held_buffers":0,"visible_completions":2,"acquire_intents":6,"database_bytes":29087411,"test_process_heap_bytes":13215712,"test_process_goroutines":88,"runtime_scratch_bytes":0,"runtime_input_bytes":0,"runtime_output_bytes":0,"runtime_watchdog_goroutines":0,"reserved_credit_minor":0,"posted_credit_minor":2500,"charges":2,"pool_active_counters":0,"active_execution_pins":0,"active_finalization_pins":0,"active_cache_pins":0,"live_cache_entries":2,"active_cache_carrying_references":2,"committed_stage_artifacts":6},"after_source":{"observed_at":"2026-09-08T19:01:34.20142Z","queued_jobs":0,"running_jobs":0,"active_allocations":0,"active_leases":0,"reserved_storage":0,"reserved_storage_bytes":0,"materialized_stage_bytes":13521,"held_buffers":0,"visible_completions":1,"acquire_intents":4,"database_bytes":28751539,"test_process_heap_bytes":25748672,"test_process_goroutines":88,"runtime_scratch_bytes":0,"runtime_input_bytes":0,"runtime_output_bytes":0,"runtime_watchdog_goroutines":0,"reserved_credit_minor":0,"posted_credit_minor":1250,"charges":1,"pool_active_counters":0,"active_execution_pins":3,"active_finalization_pins":0,"active_cache_pins":0,"live_cache_entries":0,"active_cache_carrying_references":0,"committed_stage_artifacts":4,"processes":[{"pid":82055,"name":"integration.test","rss_bytes":271351808,"open_fds":87},{"pid":82199,"name":"h3-encoder","rss_bytes":17285120,"open_fds":12},{"pid":82208,"name":"h3-dit","rss_bytes":17514496,"open_fds":12},{"pid":82232,"name":"h3-vae-decoder","rss_bytes":17956864,"open_fds":12},{"pid":82234,"name":"vela-lab-cpu-thumbnail-mock","rss_bytes":18087936,"open_fds":12}]},"after_target":{"observed_at":"2026-09-08T19:01:34.834083Z","queued_jobs":0,"running_jobs":0,"active_allocations":0,"active_leases":0,"reserved_storage":0,"reserved_storage_bytes":0,"materialized_stage_bytes":26638,"held_buffers":1,"visible_completions":2,"acquire_intents":6,"database_bytes":29087411,"test_process_heap_bytes":11060576,"test_process_goroutines":88,"runtime_scratch_bytes":0,"runtime_input_bytes":0,"runtime_output_bytes":0,"runtime_watchdog_goroutines":0,"reserved_credit_minor":0,"posted_credit_minor":2500,"charges":2,"pool_active_counters":0,"active_execution_pins":8,"active_finalization_pins":0,"active_cache_pins":0,"live_cache_entries":2,"active_cache_carrying_references":2,"committed_stage_artifacts":6,"processes":[{"pid":82055,"name":"integration.test","rss_bytes":271302656,"open_fds":87},{"pid":82199,"name":"h3-encoder","rss_bytes":17285120,"open_fds":12},{"pid":82208,"name":"h3-dit","rss_bytes":17514496,"open_fds":12},{"pid":82232,"name":"h3-vae-decoder","rss_bytes":18071552,"open_fds":12},{"pid":82234,"name":"vela-lab-cpu-thumbnail-mock","rss_bytes":18219008,"open_fds":12}]},"before":{"observed_at":"2026-09-08T19:01:33.115221Z","queued_jobs":0,"running_jobs":0,"active_allocations":0,"active_leases":0,"reserved_storage":0,"reserved_storage_bytes":0,"materialized_stage_bytes":0,"held_buffers":0,"visible_completions":0,"acquire_intents":0,"database_bytes":26736307,"test_process_heap_bytes":18528672,"test_process_goroutines":64,"runtime_scratch_bytes":0,"runtime_input_bytes":0,"runtime_output_bytes":0,"runtime_watchdog_goroutines":0,"reserved_credit_minor":0,"posted_credit_minor":0,"charges":0,"pool_active_counters":0,"active_execution_pins":0,"active_finalization_pins":0,"active_cache_pins":0,"live_cache_entries":0,"active_cache_carrying_references":0,"committed_stage_artifacts":0,"processes":[{"pid":82055,"name":"integration.test","rss_bytes":273039360,"open_fds":76},{"pid":82199,"name":"h3-encoder","rss_bytes":16613376,"open_fds":12},{"pid":82208,"name":"h3-dit","rss_bytes":16826368,"open_fds":12},{"pid":82232,"name":"h3-vae-decoder","rss_bytes":17170432,"open_fds":12},{"pid":82234,"name":"vela-lab-cpu-thumbnail-mock","rss_bytes":17285120,"open_fds":12}]},"capacity_reports_by_worker":{"dit":1,"encoder":1,"thumbnail":1,"vae":1},"consumed_transfers":5,"direct_allocation_receipts":6,"elapsed_seconds":1.881113,"evidence_class":"LOCAL_CPU_MOCK_EXACT_CACHE","exact_bindings_and_pins":[{"stage":"dit","source_artifact_id":"7bdbad0a-1cfc-4d5d-b961-4e899311ea0c","object_version":"local-v00000000000000000002","pin_id":"752db120-1d25-5c2f-8005-025faee07ad4"},{"stage":"encoder","source_artifact_id":"370c2527-bb93-41d7-a810-f601458fc54b","object_version":"local-v00000000000000000001","pin_id":"122fa7e2-5f86-5b9a-9e65-de675e6193a5"}],"ffprobe_version":"ffprobe version 8.0.1 Copyright (c) 2007-2025 the FFmpeg developers","go_version":"go1.26.7","hits":[{"AdmissionCandidates":0,"Admitted":0,"HitCandidates":2,"Hits":1,"Skipped":0},{"AdmissionCandidates":0,"Admitted":0,"HitCandidates":2,"Hits":1,"Skipped":0}],"initial_budget":{"planned_jobs":2,"fixed_price_per_job_minor":1250,"initial_credit_limit_minor":2500,"currency":"CNY"},"limitations":["CPU mock, local exact-version store and loopback Runtime gRPC; no real H3/GPU or Production Gate evidence","public Go control services and low-level agent; production stream handler/journal replay is covered by separate tests","BITWISE equivalence/policy are static fixture catalog declarations; native mock payloads and ADMIT/HIT outcomes are measured","Project cache remains enabled with two admitted entries; cache carrying history is retained","Reconciler drives real ADMIT/HIT before target physical Acquire; this does not benchmark a cache/scheduler race","real ffprobe verifies media; host execution does not prove Linux sandboxing; native subprocesses are not race-instrumented"],"maintenance_result":{"RequestContentExpired":0,"ContentDeletionRequestsCreated":0,"Claimed":0,"Completed":0,"Failed":0},"production_gate":false,"runtime_binary_sha256":{"vela-h3-stage-mock":"2c53ddfdd203e180451aa3d3ee37822da5a7942aa9b7d5b318d1b37dbbf9c078","vela-lab-cpu-thumbnail-mock":"6014174ea1298e4b8a67383c322503867008da16143d896a4207ee84dab9f5ca"},"schema_version":1,"source_job_id":"434ce17b-e125-49c1-a2d2-bc7e88cfffdb","source_physical_stages":4,"source_tree_sha256":"bbd8af44085d96466103fe7c3d1cda658d59931e198aa29970428d053b27eaad","started_at":"2026-09-08T19:01:33.115219Z","target_job_id":"415158dc-d82f-49f7-97ac-16c7d2852725","target_physical_stages":2,"verified_public_copies":[{"job_id":"415158dc-d82f-49f7-97ac-16c7d2852725","kind":"VIDEO","object_key":"artifacts/00000000-0000-0000-0000-000000000001/00000000-0000-0000-0000-000000000002/415158dc-d82f-49f7-97ac-16c7d2852725/9cbae1d8-4fc9-5beb-ac98-814b8193489e","object_version":"local-v00000000000000000010","sha256":"0c91cb7c0225493a7e7b0855484fd7a82baf277b9812d7954e2b8d0bb3f1ee01","size_bytes":12953},{"job_id":"434ce17b-e125-49c1-a2d2-bc7e88cfffdb","kind":"VIDEO","object_key":"artifacts/00000000-0000-0000-0000-000000000001/00000000-0000-0000-0000-000000000002/434ce17b-e125-49c1-a2d2-bc7e88cfffdb/3bb4ebcf-9bc5-5417-9527-81bd5082c20c","object_version":"local-v00000000000000000006","sha256":"0c91cb7c0225493a7e7b0855484fd7a82baf277b9812d7954e2b8d0bb3f1ee01","size_bytes":12953},{"job_id":"415158dc-d82f-49f7-97ac-16c7d2852725","kind":"THUMBNAIL","object_key":"artifacts/00000000-0000-0000-0000-000000000001/00000000-0000-0000-0000-000000000002/415158dc-d82f-49f7-97ac-16c7d2852725/a00def82-2d58-5d9d-8b8e-2fb5218282e9","object_version":"local-v00000000000000000009","sha256":"4a5bebd434087d98bcc98e7c7f52a81e842b740800acd5e212de905b12282a58","size_bytes":164},{"job_id":"434ce17b-e125-49c1-a2d2-bc7e88cfffdb","kind":"THUMBNAIL","object_key":"artifacts/00000000-0000-0000-0000-000000000001/00000000-0000-0000-0000-000000000002/434ce17b-e125-49c1-a2d2-bc7e88cfffdb/144f7a2a-9182-5e89-9abb-06a506941316","object_version":"local-v00000000000000000005","sha256":"4a5bebd434087d98bcc98e7c7f52a81e842b740800acd5e212de905b12282a58","size_bytes":164}]}
2026/09/09 03:01:35 🐳 Stopping container: aca2a094e2be
2026/09/09 03:01:35 ✅ Container stopped: aca2a094e2be
2026/09/09 03:01:35 🐳 Terminating container: aca2a094e2be
2026/09/09 03:01:35 🚫 Container terminated: aca2a094e2be
--- PASS: TestCPUMockExactCacheSourceTargetCampaign (7.94s)
=== RUN   TestCPUMockProductionLoopJobCampaign
2026/09/09 03:01:36 🐳 Creating container for image postgres:17-alpine
2026/09/09 03:01:37 ✅ Container created: 66c577f7023d
2026/09/09 03:01:37 🐳 Starting container: 66c577f7023d
2026/09/09 03:01:37 ✅ Container started: 66c577f7023d
2026/09/09 03:01:37 ⏳ Waiting for container id 66c577f7023d image: postgres:17-alpine. Waiting for: all of: [all of: [log message "database system is ready to accept connections" (occurrence: 2), port 5432/tcp to be mapped]]
2026/09/09 03:01:38 🔔 Container is ready: 66c577f7023d
2026/09/09 03:01:38 OK   00001_foundation.sql (56.37ms)
2026/09/09 03:01:38 OK   00002_worker_assignment.sql (14.56ms)
2026/09/09 03:01:38 OK   00003_worker_start.sql (2.71ms)
2026/09/09 03:01:38 OK   00004_worker_heartbeat.sql (16.17ms)
2026/09/09 03:01:38 OK   00005_execution_failure.sql (13.41ms)
2026/09/09 03:01:38 OK   00006_customer_cancellation.sql (28.27ms)
2026/09/09 03:01:38 OK   00007_artifact_finalization.sql (35.05ms)
2026/09/09 03:01:38 OK   00008_hierarchical_scheduler.sql (51.61ms)
2026/09/09 03:01:38 OK   00009_invoice_export.sql (14.09ms)
2026/09/09 03:01:38 OK   00010_profile_certification_circuit.sql (21.24ms)
2026/09/09 03:01:38 OK   00011_project_webhooks.sql (34.92ms)
2026/09/09 03:01:38 OK   00012_human_oidc_fixed_rbac.sql (26.78ms)
2026/09/09 03:01:38 OK   00013_service_principal_administration.sql (16.38ms)
2026/09/09 03:01:38 OK   00014_human_membership_administration.sql (28.16ms)
2026/09/09 03:01:38 OK   00015_organization_reporting.sql (19.17ms)
2026/09/09 03:01:38 OK   00016_project_retention_content_deletion.sql (53.14ms)
2026/09/09 03:01:38 OK   00017_platform_operator_break_glass.sql (34.75ms)
2026/09/09 03:01:38 OK   00018_finance_reconciliation.sql (16.7ms)
2026/09/09 03:01:38 OK   00019_certified_remediation.sql (22.85ms)
2026/09/09 03:01:38 OK   00020_remediation_execution_claim.sql (5.11ms)
2026/09/09 03:01:38 OK   00021_remediation_execution_dispatch.sql (1.91ms)
2026/09/09 03:01:38 OK   00022_remediation_execution_claim_replay.sql (2.09ms)
2026/09/09 03:01:38 OK   00023_fleet_controller_worker_readiness.sql (68.33ms)
2026/09/09 03:01:38 OK   00024_staging_artifact_expiry.sql (4.35ms)
2026/09/09 03:01:38 OK   00025_scheduler_inbox_receipt.sql (2.6ms)
2026/09/09 03:01:38 OK   00026_synchronous_quorum_guard.sql (1.74ms)
2026/09/09 03:01:39 OK   00027_authorized_debug_dump_lifecycle.sql (48.38ms)
2026/09/09 03:01:39 OK   00028_off_cluster_backup_retention.sql (12.56ms)
2026/09/09 03:01:39 OK   00029_artifact_backup_replication.sql (11.37ms)
2026/09/09 03:01:39 OK   00030_non_content_legal_hold.sql (23.47ms)
2026/09/09 03:01:39 OK   00031_non_content_record_expiry.sql (66.48ms)
2026/09/09 03:01:39 OK   00032_catalog_promotion_production_gates.sql (34.95ms)
2026/09/09 03:01:39 OK   00033_statistical_slo_measurement.sql (26.29ms)
2026/09/09 03:01:39 OK   00034_stage_execution_catalog.sql (58.69ms)
2026/09/09 03:01:39 OK   00035_worker_instance_residency.sql (69.56ms)
2026/09/09 03:01:39 OK   00036_stage_attempt_authority.sql (90.81ms)
2026/09/09 03:01:39 OK   00037_stage_scheduler.sql (48.43ms)
2026/09/09 03:01:39 OK   00038_stage_artifact.sql (47.67ms)
2026/09/09 03:01:39 OK   00039_stage_worker_control_authority.sql (3.31ms)
2026/09/09 03:01:39 OK   00040_stage_worker_execution.sql (25.21ms)
2026/09/09 03:01:39 OK   00041_stage_worker_operations.sql (14.38ms)
2026/09/09 03:01:39 OK   00042_stage_worker_assignment.sql (15.82ms)
2026/09/09 03:01:39 OK   00043_stage_graph_finalization.sql (9.44ms)
2026/09/09 03:01:39 OK   00044_stage_cache.sql (38.2ms)
2026/09/09 03:01:39 OK   00045_stage_graph_finalization_outputs.sql (5.34ms)
2026/09/09 03:01:39 OK   00046_stage_graph_visible_completion.sql (6.29ms)
2026/09/09 03:01:39 OK   00047_usage_cost_ledger.sql (17.62ms)
2026/09/09 03:01:39 OK   00048_stage_run_output_binding.sql (15.73ms)
2026/09/09 03:01:39 OK   00049_stage_cutover_control.sql (56.88ms)
2026/09/09 03:01:39 OK   00050_stage_graph_instantiation_dispatch.sql (19.65ms)
2026/09/09 03:01:39 OK   00051_atomic_stage_graph_admission.sql (9.14ms)
2026/09/09 03:01:39 OK   00052_stage_cutover_zero_backlog_seal.sql (20.84ms)
2026/09/09 03:01:39 OK   00053_legacy_h3_guarded_contraction.sql (15.12ms)
2026/09/09 03:01:39 OK   00054_stage_transfer_consume_destination.sql (3.17ms)
2026/09/09 03:01:39 OK   00055_h3_campaign_evidence_reader.sql (4.18ms)
2026/09/09 03:01:39 OK   00056_stage_observability_reader.sql (847.04µs)
2026/09/09 03:01:39 OK   00057_legacy_h3_release_contraction_gate.sql (10.6ms)
2026/09/09 03:01:40 OK   00058_legacy_h3_schema_contraction.sql (185.14ms)
2026/09/09 03:01:40 OK   00059_model_runtime_epoch_registration.sql (19.28ms)
2026/09/09 03:01:40 OK   00060_model_runtime_gang_barrier.sql (19.02ms)
2026/09/09 03:01:40 OK   00061_stage_worker_gang_authority.sql (6.46ms)
2026/09/09 03:01:40 OK   00062_stage_authority_member_identity.sql (2.81ms)
2026/09/09 03:01:40 OK   00063_h3_execution_snapshot.sql (3.08ms)
2026/09/09 03:01:40 OK   00064_model_runtime_capacity_routes.sql (12.16ms)
2026/09/09 03:01:40 OK   00065_h3_exact_cache_reconciliation.sql (11.06ms)
2026/09/09 03:01:40 OK   00066_stage_worker_control_session_capacity.sql (23.97ms)
2026/09/09 03:01:40 OK   00067_stage_scheduler_project_capacity.sql (2.11ms)
2026/09/09 03:01:40 OK   00068_stage_assignment_connector_states.sql (2.17ms)
2026/09/09 03:01:40 OK   00069_stage_transfer_server_clock.sql (5.13ms)
2026/09/09 03:01:40 OK   00070_stage_lease_expiry_recovery.sql (11.79ms)
2026/09/09 03:01:40 OK   00071_stage_artifact_lifecycle.sql (19.09ms)
2026/09/09 03:01:40 OK   00072_recovery_quiescence.sql (15.17ms)
2026/09/09 03:01:40 OK   00073_stage_cache_downstream_bindings.sql (6.78ms)
2026/09/09 03:01:40 OK   00074_job_owned_public_artifact_copies.sql (4.15ms)
2026/09/09 03:01:40 OK   00075_stage_graph_failure_terminalization.sql (21.14ms)
2026/09/09 03:01:40 OK   00076_allocation_usage_unit.sql (1.21ms)
2026/09/09 03:01:40 OK   00077_runtime_usage_receipts.sql (4.21ms)
2026/09/09 03:01:40 OK   00078_idle_stage_worker_probe.sql (5.45ms)
2026/09/09 03:01:40 OK   00079_stage_job_expiry.sql (6.43ms)
2026/09/09 03:01:40 OK   00080_stage_scheduler_snapshot_lock_order.sql (3.39ms)
2026/09/09 03:01:40 OK   00081_stage_assignment_quorum.sql (1.56ms)
2026/09/09 03:01:40 OK   00082_stage_success_storage_completion.sql (3.54ms)
2026/09/09 03:01:40 OK   00083_capacity_observation_lifecycle.sql (4.36ms)
2026/09/09 03:01:40 OK   00084_blocked_stage_worker_probe.sql (4.12ms)
2026/09/09 03:01:40 OK   00085_stage_materialization_terminal_replay.sql (2.61ms)
2026/09/09 03:01:40 OK   00086_stage_failure_terminal_replay.sql (5.74ms)
2026/09/09 03:01:40 OK   00087_stage_claim_finalization_lock_order.sql (2.12ms)
2026/09/09 03:01:40 OK   00088_stage_allocation_execution_sequence.sql (5.78ms)
2026/09/09 03:01:40 OK   00089_stage_terminal_history.sql (7.94ms)
2026/09/09 03:01:40 OK   00090_stage_assignment_content_lifecycle.sql (19.06ms)
2026/09/09 03:01:40 OK   00091_worker_journal_bootstrap.sql (18.54ms)
2026/09/09 03:01:40 OK   00092_worker_bootstrap_history.sql (2.55ms)
2026/09/09 03:01:40 OK   00093_worker_bootstrap_nonzero_scopes.sql (1.44ms)
2026/09/09 03:01:40 OK   00094_worker_bootstrap_abandonment.sql (10.8ms)
2026/09/09 03:01:40 OK   00095_runtime_startup_reservation.sql (11.99ms)
2026/09/09 03:01:40 goose: successfully migrated database to version: 95
    cpu_mock_production_loop_campaign_test.go:19: CPU_MOCK_CAMPAIGN_START {"durable_stream":true,"exact_cache":false,"go_version":"go1.26.7","initial_budget":{"planned_jobs":6,"fixed_price_per_job_minor":1250,"initial_credit_limit_minor":7500,"currency":"CNY"},"runtime_binary_sha256":{"vela-h3-stage-mock":"2c53ddfdd203e180451aa3d3ee37822da5a7942aa9b7d5b318d1b37dbbf9c078","vela-lab-cpu-thumbnail-mock":"6014174ea1298e4b8a67383c322503867008da16143d896a4207ee84dab9f5ca"},"source_tree_sha256":"bbd8af44085d96466103fe7c3d1cda658d59931e198aa29970428d053b27eaad"}
    cpu_mock_production_loop_campaign_test.go:90: encoder production retry resume-materialization: commit durable StageArtifact: rpc error: code = AlreadyExists desc = Stage Worker request identity is duplicated
    cpu_mock_production_loop_campaign_test.go:90: dit production retry resume-materialization: commit durable StageArtifact: rpc error: code = AlreadyExists desc = Stage Worker request identity is duplicated
    cpu_mock_production_loop_campaign_test.go:90: vae production retry resume-materialization: commit durable StageArtifact: rpc error: code = AlreadyExists desc = Stage Worker request identity is duplicated
    cpu_mock_production_loop_campaign_test.go:90: thumbnail production retry resume-materialization: commit durable StageArtifact: rpc error: code = AlreadyExists desc = Stage Worker request identity is duplicated
    cpu_mock_production_loop_campaign_test.go:19: CPU_MOCK_LOAD_WAVE 1 {ObservedAt:2026-09-08 19:01:50.052938 +0000 UTC Queued:0 Running:0 ActiveAllocations:0 ActiveLeases:0 ReservedStorage:0 ReservedBytes:0 MaterializedBytes:40563 HeldBuffers:0 Completed:3 AcquireIntents:12 DatabaseBytes:29308595 HeapBytes:14410112 Goroutines:151 ScratchBytes:0 JournalBytes:131238 InputBytes:0 OutputBytes:0 RuntimeWatchdogs:0 ReservedCredit:0 PostedCredit:3750 Charges:3 PoolCounters:0 ExecutionPins:9 FinalizationPins:0 CachePins:0 CacheEntries:0 CacheCarryingRefs:0 CommittedObjects:12 Processes:[{PID:82055 Name:integration.test RSSBytes:292306944 OpenFDs:141} {PID:82340 Name:h3-encoder RSSBytes:19775488 OpenFDs:12} {PID:82341 Name:h3-dit RSSBytes:19415040 OpenFDs:12} {PID:82343 Name:h3-vae-decoder RSSBytes:19873792 OpenFDs:12} {PID:82348 Name:vela-lab-cpu-thumbnail-mock RSSBytes:19808256 OpenFDs:12}]}
    cpu_mock_production_loop_campaign_test.go:19: CPU_MOCK_LOAD_WAVE 2 {ObservedAt:2026-09-08 19:01:56.598279 +0000 UTC Queued:0 Running:0 ActiveAllocations:0 ActiveLeases:0 ReservedStorage:0 ReservedBytes:0 MaterializedBytes:81126 HeldBuffers:0 Completed:6 AcquireIntents:24 DatabaseBytes:29865651 HeapBytes:15274624 Goroutines:151 ScratchBytes:0 JournalBytes:252088 InputBytes:0 OutputBytes:0 RuntimeWatchdogs:0 ReservedCredit:0 PostedCredit:7500 Charges:6 PoolCounters:0 ExecutionPins:9 FinalizationPins:0 CachePins:0 CacheEntries:0 CacheCarryingRefs:0 CommittedObjects:24 Processes:[{PID:82055 Name:integration.test RSSBytes:293535744 OpenFDs:141} {PID:82340 Name:h3-encoder RSSBytes:20070400 OpenFDs:12} {PID:82341 Name:h3-dit RSSBytes:19955712 OpenFDs:12} {PID:82343 Name:h3-vae-decoder RSSBytes:20086784 OpenFDs:12} {PID:82348 Name:vela-lab-cpu-thumbnail-mock RSSBytes:19972096 OpenFDs:12}]}
    cpu_mock_production_loop_campaign_test.go:19: CPU_MOCK_LOAD_RECEIPT {"schema_version":1,"evidence_class":"LOCAL_CPU_MOCK_RUNTIME_LOAD","production_gate":false,"started_at":"2026-09-08T19:01:43.22985Z","jobs":6,"waves":2,"concurrent_arrivals_per_wave":3,"persistent_workers":4,"project_running_limit":2,"initial_budget":{"planned_jobs":6,"fixed_price_per_job_minor":1250,"initial_credit_limit_minor":7500,"currency":"CNY"},"elapsed_seconds":13.450061,"jobs_per_second":0.44609463109498165,"mean_queue_seconds":1.6007648333333333,"max_queue_seconds":3.796765,"mean_latency_seconds":4.6541425,"sampled_peak":{"queued_jobs":3,"running_jobs":2,"active_allocations":2,"active_leases":2,"reserved_storage":3,"reserved_storage_bytes":6442450944,"materialized_stage_bytes":81126,"held_buffers":2,"visible_completions":6,"acquire_intents":24,"database_bytes":29865651,"test_process_heap_bytes":28333840,"test_process_goroutines":157,"runtime_scratch_bytes":26303,"local_journal_bytes":290556,"runtime_input_bytes":13186,"runtime_output_bytes":13186,"runtime_watchdog_goroutines":2,"reserved_credit_minor":3750,"posted_credit_minor":7500,"charges":6,"pool_active_counters":7,"active_execution_pins":9,"active_finalization_pins":0,"active_cache_pins":0,"live_cache_entries":0,"active_cache_carrying_references":0,"committed_stage_artifacts":24},"before_arrivals":{"observed_at":"2026-09-08T19:01:43.129605Z","queued_jobs":0,"running_jobs":0,"active_allocations":0,"active_leases":0,"reserved_storage":0,"reserved_storage_bytes":0,"materialized_stage_bytes":0,"held_buffers":0,"visible_completions":0,"acquire_intents":0,"database_bytes":26703539,"test_process_heap_bytes":14030632,"test_process_goroutines":129,"runtime_scratch_bytes":0,"local_journal_bytes":6129,"runtime_input_bytes":0,"runtime_output_bytes":0,"runtime_watchdog_goroutines":0,"reserved_credit_minor":0,"posted_credit_minor":0,"charges":0,"pool_active_counters":0,"active_execution_pins":0,"active_finalization_pins":0,"active_cache_pins":0,"live_cache_entries":0,"active_cache_carrying_references":0,"committed_stage_artifacts":0,"processes":[{"pid":82055,"name":"integration.test","rss_bytes":280510464,"open_fds":132},{"pid":82340,"name":"h3-encoder","rss_bytes":16678912,"open_fds":12},{"pid":82341,"name":"h3-dit","rss_bytes":16744448,"open_fds":12},{"pid":82343,"name":"h3-vae-decoder","rss_bytes":16875520,"open_fds":12},{"pid":82348,"name":"vela-lab-cpu-thumbnail-mock","rss_bytes":16826368,"open_fds":12}]},"after_wave":[{"observed_at":"2026-09-08T19:01:50.052938Z","queued_jobs":0,"running_jobs":0,"active_allocations":0,"active_leases":0,"reserved_storage":0,"reserved_storage_bytes":0,"materialized_stage_bytes":40563,"held_buffers":0,"visible_completions":3,"acquire_intents":12,"database_bytes":29308595,"test_process_heap_bytes":14410112,"test_process_goroutines":151,"runtime_scratch_bytes":0,"local_journal_bytes":131238,"runtime_input_bytes":0,"runtime_output_bytes":0,"runtime_watchdog_goroutines":0,"reserved_credit_minor":0,"posted_credit_minor":3750,"charges":3,"pool_active_counters":0,"active_execution_pins":9,"active_finalization_pins":0,"active_cache_pins":0,"live_cache_entries":0,"active_cache_carrying_references":0,"committed_stage_artifacts":12,"processes":[{"pid":82055,"name":"integration.test","rss_bytes":292306944,"open_fds":141},{"pid":82340,"name":"h3-encoder","rss_bytes":19775488,"open_fds":12},{"pid":82341,"name":"h3-dit","rss_bytes":19415040,"open_fds":12},{"pid":82343,"name":"h3-vae-decoder","rss_bytes":19873792,"open_fds":12},{"pid":82348,"name":"vela-lab-cpu-thumbnail-mock","rss_bytes":19808256,"open_fds":12}]},{"observed_at":"2026-09-08T19:01:56.598279Z","queued_jobs":0,"running_jobs":0,"active_allocations":0,"active_leases":0,"reserved_storage":0,"reserved_storage_bytes":0,"materialized_stage_bytes":81126,"held_buffers":0,"visible_completions":6,"acquire_intents":24,"database_bytes":29865651,"test_process_heap_bytes":15274624,"test_process_goroutines":151,"runtime_scratch_bytes":0,"local_journal_bytes":252088,"runtime_input_bytes":0,"runtime_output_bytes":0,"runtime_watchdog_goroutines":0,"reserved_credit_minor":0,"posted_credit_minor":7500,"charges":6,"pool_active_counters":0,"active_execution_pins":9,"active_finalization_pins":0,"active_cache_pins":0,"live_cache_entries":0,"active_cache_carrying_references":0,"committed_stage_artifacts":24,"processes":[{"pid":82055,"name":"integration.test","rss_bytes":293535744,"open_fds":141},{"pid":82340,"name":"h3-encoder","rss_bytes":20070400,"open_fds":12},{"pid":82341,"name":"h3-dit","rss_bytes":19955712,"open_fds":12},{"pid":82343,"name":"h3-vae-decoder","rss_bytes":20086784,"open_fds":12},{"pid":82348,"name":"vela-lab-cpu-thumbnail-mock","rss_bytes":19972096,"open_fds":12}]}],"after_maintenance":[{"observed_at":"2026-09-08T19:01:50.143576Z","queued_jobs":0,"running_jobs":0,"active_allocations":0,"active_leases":0,"reserved_storage":0,"reserved_storage_bytes":0,"materialized_stage_bytes":40563,"held_buffers":0,"visible_completions":3,"acquire_intents":12,"database_bytes":29308595,"test_process_heap_bytes":17141496,"test_process_goroutines":151,"runtime_scratch_bytes":0,"local_journal_bytes":131238,"runtime_input_bytes":0,"runtime_output_bytes":0,"runtime_watchdog_goroutines":0,"reserved_credit_minor":0,"posted_credit_minor":3750,"charges":3,"pool_active_counters":0,"active_execution_pins":0,"active_finalization_pins":0,"active_cache_pins":0,"live_cache_entries":0,"active_cache_carrying_references":0,"committed_stage_artifacts":12},{"observed_at":"2026-09-08T19:01:56.674094Z","queued_jobs":0,"running_jobs":0,"active_allocations":0,"active_leases":0,"reserved_storage":0,"reserved_storage_bytes":0,"materialized_stage_bytes":81126,"held_buffers":0,"visible_completions":6,"acquire_intents":24,"database_bytes":29865651,"test_process_heap_bytes":18082352,"test_process_goroutines":151,"runtime_scratch_bytes":0,"local_journal_bytes":252088,"runtime_input_bytes":0,"runtime_output_bytes":0,"runtime_watchdog_goroutines":0,"reserved_credit_minor":0,"posted_credit_minor":7500,"charges":6,"pool_active_counters":0,"active_execution_pins":0,"active_finalization_pins":0,"active_cache_pins":0,"live_cache_entries":0,"active_cache_carrying_references":0,"committed_stage_artifacts":24}],"maintenance_results":[{"RequestContentExpired":0,"ContentDeletionRequestsCreated":0,"Claimed":0,"Completed":0,"Failed":0},{"RequestContentExpired":0,"ContentDeletionRequestsCreated":0,"Claimed":0,"Completed":0,"Failed":0}],"after_idle":{"observed_at":"2026-09-08T19:01:57.687926Z","queued_jobs":0,"running_jobs":0,"active_allocations":0,"active_leases":0,"reserved_storage":0,"reserved_storage_bytes":0,"materialized_stage_bytes":81126,"held_buffers":0,"visible_completions":6,"acquire_intents":24,"database_bytes":29865651,"test_process_heap_bytes":13185696,"test_process_goroutines":151,"runtime_scratch_bytes":0,"local_journal_bytes":252088,"runtime_input_bytes":0,"runtime_output_bytes":0,"runtime_watchdog_goroutines":0,"reserved_credit_minor":0,"posted_credit_minor":7500,"charges":6,"pool_active_counters":0,"active_execution_pins":0,"active_finalization_pins":0,"active_cache_pins":0,"live_cache_entries":0,"active_cache_carrying_references":0,"committed_stage_artifacts":24,"processes":[{"pid":82055,"name":"integration.test","rss_bytes":294174720,"open_fds":141},{"pid":82340,"name":"h3-encoder","rss_bytes":20070400,"open_fds":12},{"pid":82341,"name":"h3-dit","rss_bytes":19955712,"open_fds":12},{"pid":82343,"name":"h3-vae-decoder","rss_bytes":20086784,"open_fds":12},{"pid":82348,"name":"vela-lab-cpu-thumbnail-mock","rss_bytes":19988480,"open_fds":12}]},"acquire_transaction_retries":0,"acquire_deadlock_retries":0,"acquire_serialization_retries":0,"capacity_reports_by_worker":{"dit":3,"encoder":3,"thumbnail":3,"vae":3},"source_tree_sha256":"bbd8af44085d96466103fe7c3d1cda658d59931e198aa29970428d053b27eaad","runtime_binary_sha256":{"vela-h3-stage-mock":"2c53ddfdd203e180451aa3d3ee37822da5a7942aa9b7d5b318d1b37dbbf9c078","vela-lab-cpu-thumbnail-mock":"6014174ea1298e4b8a67383c322503867008da16143d896a4207ee84dab9f5ca"},"go_version":"go1.26.7","ffprobe_version":"ffprobe version 8.0.1 Copyright (c) 2007-2025 the FFmpeg developers","limitations":["bounded native CPU mock Job campaign; no GPU certification or Production Gate evidence","production Run, readiness, capacity, heartbeat, mTLS transport and durable stream execute in the test host process","Fleet membership and static native mock canary approval use fixture catalog setup; Node custody, protected mounts and production startup issuer remain separate","application acknowledgement loss occurs after the real mTLS client received ACCEPTED; resident processes and StreamAgent remain live during automatic retry","retained journal metadata is measured separately from payload scratch; history reclamation and sustained arrivals remain open","Runtime gRPC is loopback and artifact store is local exact-version storage; remote storage and process isolation are separate","race detector covers Go test-host components, not native model subprocesses; sampled resources omit Docker VM peaks"],"durable_stream":true,"replayed_materialization_commits":4,"durable_records_by_worker":{"dit":6,"encoder":6,"thumbnail":6,"vae":6},"production_loop":true,"production_workers":{"dit":{"accepted_registrations":4,"accepted_capacity_reports":3,"accepted_heartbeats":6,"confirmed_stale_acquires":0,"control_session_epoch":3,"capacity_observation_sequence":4294967299},"encoder":{"accepted_registrations":4,"accepted_capacity_reports":3,"accepted_heartbeats":6,"confirmed_stale_acquires":0,"control_session_epoch":3,"capacity_observation_sequence":4294967299},"thumbnail":{"accepted_registrations":4,"accepted_capacity_reports":3,"accepted_heartbeats":6,"confirmed_stale_acquires":0,"control_session_epoch":3,"capacity_observation_sequence":4294967299},"vae":{"accepted_registrations":4,"accepted_capacity_reports":3,"accepted_heartbeats":6,"confirmed_stale_acquires":0,"control_session_epoch":3,"capacity_observation_sequence":4294967299}},"authority_max_clock_skew_ns":30000000000,"worker_authority_verifier_offset_ns":0,"future_issued_assignments_by_worker":{"dit":0,"encoder":0,"thumbnail":0,"vae":0}}
2026/09/09 03:01:57 🐳 Stopping container: 66c577f7023d
2026/09/09 03:01:58 ✅ Container stopped: 66c577f7023d
2026/09/09 03:01:58 🐳 Terminating container: 66c577f7023d
2026/09/09 03:01:58 🚫 Container terminated: 66c577f7023d
--- PASS: TestCPUMockProductionLoopJobCampaign (22.52s)
PASS
ok  	github.com/vivym/vela/internal/integration	45.441s
