=== RUN   TestJournalServerCancellationSurvivesUnresponsiveNode
=== RUN   TestJournalServerCancellationSurvivesUnresponsiveNode/cancel
    journal_cancellation_outage_linux_test.go:40: joined Node journal server: {Accepted:18 Overloaded:0 Authenticated:18 Replied:18 Failed:0 InFlight:0 PeakInFlight:1}
    journal_cancellation_outage_linux_test.go:131: joined Node journal server: {Accepted:8 Overloaded:0 Authenticated:6 Replied:6 Failed:2 InFlight:0 PeakInFlight:2}
    journal_cancellation_outage_linux_test.go:132: cancel reached installed backend once with unserved Node socket; root journal unchanged until restored exact drain
=== RUN   TestJournalServerCancellationSurvivesUnresponsiveNode/watchdog
    journal_cancellation_outage_linux_test.go:40: joined Node journal server: {Accepted:18 Overloaded:0 Authenticated:18 Replied:18 Failed:0 InFlight:0 PeakInFlight:1}
    journal_cancellation_outage_linux_test.go:131: joined Node journal server: {Accepted:8 Overloaded:0 Authenticated:6 Replied:6 Failed:2 InFlight:0 PeakInFlight:2}
    journal_cancellation_outage_linux_test.go:132: watchdog reached installed backend once with unserved Node socket; root journal unchanged until restored exact drain
=== RUN   TestJournalServerCancellationSurvivesUnresponsiveNode/watchdog-queued
    journal_cancellation_outage_linux_test.go:40: joined Node journal server: {Accepted:18 Overloaded:0 Authenticated:18 Replied:18 Failed:0 InFlight:0 PeakInFlight:1}
    journal_cancellation_outage_linux_test.go:131: joined Node journal server: {Accepted:7 Overloaded:0 Authenticated:6 Replied:6 Failed:1 InFlight:0 PeakInFlight:1}
    journal_cancellation_outage_linux_test.go:132: watchdog-queued reached installed backend once with unserved Node socket; root journal unchanged until restored exact drain
--- PASS: TestJournalServerCancellationSurvivesUnresponsiveNode (2.80s)
    --- PASS: TestJournalServerCancellationSurvivesUnresponsiveNode/cancel (0.47s)
    --- PASS: TestJournalServerCancellationSurvivesUnresponsiveNode/watchdog (0.46s)
    --- PASS: TestJournalServerCancellationSurvivesUnresponsiveNode/watchdog-queued (1.87s)
=== RUN   TestJournalEndpoint
    journal_endpoint_linux_test.go:386: actual Supervisor prepare/start/seal/drain across 33 authenticated Node exchanges; Runtime opened no journal files
    journal_endpoint_linux_test.go:436: real root owner / non-root PID-1 roles; direct filesystem access denied; sibling rejected; lost reply replayed; exit and endpoint closure fenced
--- PASS: TestJournalEndpoint (0.30s)
=== RUN   TestJournalServerStartsRemoteRuntimeBeforeActualWorkerExecution
=== RUN   TestJournalServerStartsRemoteRuntimeBeforeActualWorkerExecution/permit
    journal_remote_server_linux_test.go:161: joined Node journal server: {Accepted:39 Overloaded:0 Authenticated:39 Replied:39 Failed:0 InFlight:0 PeakInFlight:1}
    journal_remote_server_linux_test.go:162: actual remote Runtime server: permit=true; factory permission precedes RPC publication; Node owns journal; fixture matches exact proposed epochs; Worker uses real RPC
=== RUN   TestJournalServerStartsRemoteRuntimeBeforeActualWorkerExecution/deny
    journal_remote_server_linux_test.go:161: joined Node journal server: {Accepted:2 Overloaded:0 Authenticated:2 Replied:2 Failed:0 InFlight:0 PeakInFlight:1}
    journal_remote_server_linux_test.go:162: actual remote Runtime server: permit=false; factory permission precedes RPC publication; Node owns journal; fixture matches exact proposed epochs; Worker uses real RPC
--- PASS: TestJournalServerStartsRemoteRuntimeBeforeActualWorkerExecution (0.37s)
    --- PASS: TestJournalServerStartsRemoteRuntimeBeforeActualWorkerExecution/permit (0.30s)
    --- PASS: TestJournalServerStartsRemoteRuntimeBeforeActualWorkerExecution/deny (0.07s)
=== RUN   TestJournalServer
    journal_server_linux_test.go:150: joined Node journal server: {Accepted:73 Overloaded:32 Authenticated:37 Replied:36 Failed:5 InFlight:0 PeakInFlight:2}
--- PASS: TestJournalServer (0.29s)
=== RUN   TestJournalServerLiveSupervisorRecoversAfterOverload
    journal_server_linux_test.go:207: joined Node journal server: {Accepted:36 Overloaded:1 Authenticated:33 Replied:33 Failed:2 InFlight:0 PeakInFlight:2}
    journal_server_linux_test.go:208: same non-root PID-1 Supervisor prepared before overload, refused Start without backend entry, then started once and sealed/drained after capacity returned
--- PASS: TestJournalServerLiveSupervisorRecoversAfterOverload (0.26s)
=== RUN   TestJournalServerTimeoutAndJoin
    journal_server_linux_test.go:247: joined Node journal server: {Accepted:3 Overloaded:0 Authenticated:2 Replied:1 Failed:2 InFlight:0 PeakInFlight:1}
--- PASS: TestJournalServerTimeoutAndJoin (0.62s)
=== RUN   TestJournalServerListenerFailure
    journal_server_linux_test.go:260: joined Node journal server: {Accepted:2 Overloaded:0 Authenticated:0 Replied:0 Failed:2 InFlight:0 PeakInFlight:2}
--- PASS: TestJournalServerListenerFailure (0.08s)
=== RUN   TestJournalServerConfiguration
--- PASS: TestJournalServerConfiguration (0.06s)
=== RUN   TestJournalServerWorkerBarrierRecoversAfterOverload
=== RUN   TestJournalServerWorkerBarrierRecoversAfterOverload/prepare
    journal_worker_barrier_linux_test.go:306: joined Node journal server: {Accepted:44 Overloaded:2 Authenticated:40 Replied:40 Failed:2 InFlight:0 PeakInFlight:2}
    journal_worker_barrier_linux_test.go:307: independent Worker barrier prepare overload: prepared=0 started=0 canceled=0; non-admission checkpoint; next sequence=2 started once and drained
=== RUN   TestJournalServerWorkerBarrierRecoversAfterOverload/start
    journal_worker_barrier_linux_test.go:306: joined Node journal server: {Accepted:57 Overloaded:1 Authenticated:54 Replied:54 Failed:2 InFlight:0 PeakInFlight:2}
    journal_worker_barrier_linux_test.go:307: independent Worker barrier start overload: prepared=1 started=0 canceled=1; drain checkpoint; next sequence=2 started once and drained
--- PASS: TestJournalServerWorkerBarrierRecoversAfterOverload (0.93s)
    --- PASS: TestJournalServerWorkerBarrierRecoversAfterOverload/prepare (0.40s)
    --- PASS: TestJournalServerWorkerBarrierRecoversAfterOverload/start (0.53s)
=== RUN   TestRuntimeCallerRejectsInvalidMessages
=== RUN   TestRuntimeCallerRejectsInvalidMessages/delegated
    runtime_caller_linux_test.go:108: rejected delegated without descriptor growth
=== RUN   TestRuntimeCallerRejectsInvalidMessages/wrong-challenge
    runtime_caller_linux_test.go:108: rejected wrong-challenge without descriptor growth
=== RUN   TestRuntimeCallerRejectsInvalidMessages/empty
    runtime_caller_linux_test.go:108: rejected empty without descriptor growth
=== RUN   TestRuntimeCallerRejectsInvalidMessages/oversized
    runtime_caller_linux_test.go:108: rejected oversized without descriptor growth
=== RUN   TestRuntimeCallerRejectsInvalidMessages/rights
    runtime_caller_linux_test.go:108: rejected rights without descriptor growth
=== RUN   TestRuntimeCallerRejectsInvalidMessages/truncated-rights
    runtime_caller_linux_test.go:108: rejected truncated-rights without descriptor growth
=== RUN   TestRuntimeCallerRejectsInvalidMessages/wrong-uid
    runtime_caller_linux_test.go:108: rejected wrong-uid without descriptor growth
=== RUN   TestRuntimeCallerRejectsInvalidMessages/wrong-gid
    runtime_caller_linux_test.go:108: rejected wrong-gid without descriptor growth
=== RUN   TestRuntimeCallerRejectsInvalidMessages/stream
    runtime_caller_linux_test.go:108: rejected stream without descriptor growth
--- PASS: TestRuntimeCallerRejectsInvalidMessages (2.19s)
    --- PASS: TestRuntimeCallerRejectsInvalidMessages/delegated (2.04s)
    --- PASS: TestRuntimeCallerRejectsInvalidMessages/wrong-challenge (0.03s)
    --- PASS: TestRuntimeCallerRejectsInvalidMessages/empty (0.02s)
    --- PASS: TestRuntimeCallerRejectsInvalidMessages/oversized (0.01s)
    --- PASS: TestRuntimeCallerRejectsInvalidMessages/rights (0.01s)
    --- PASS: TestRuntimeCallerRejectsInvalidMessages/truncated-rights (0.04s)
    --- PASS: TestRuntimeCallerRejectsInvalidMessages/wrong-uid (0.01s)
    --- PASS: TestRuntimeCallerRejectsInvalidMessages/wrong-gid (0.01s)
    --- PASS: TestRuntimeCallerRejectsInvalidMessages/stream (0.01s)
=== RUN   TestRuntimeChannelRoundTrip
=== RUN   TestRuntimeChannelRoundTrip/private-pid=false
    runtime_channel_linux_test.go:352: === RUN   TestRuntimeChannelProcessHelper
            runtime_channel_linux_test.go:425: Runtime pid=344, private-pid=false
        --- PASS: TestRuntimeChannelProcessHelper (0.00s)
        PASS
        
=== RUN   TestRuntimeChannelRoundTrip/private-pid=true
    runtime_channel_linux_test.go:352: === RUN   TestRuntimeChannelProcessHelper
            runtime_channel_linux_test.go:425: Runtime pid=1, private-pid=true
        --- PASS: TestRuntimeChannelProcessHelper (0.00s)
        PASS
        
--- PASS: TestRuntimeChannelRoundTrip (2.05s)
    --- PASS: TestRuntimeChannelRoundTrip/private-pid=false (1.02s)
    --- PASS: TestRuntimeChannelRoundTrip/private-pid=true (1.03s)
=== RUN   TestRuntimeChannelLargeRequestBounds
=== RUN   TestRuntimeChannelLargeRequestBounds/large-request
    runtime_channel_linux_test.go:352: === RUN   TestRuntimeChannelProcessHelper
            runtime_channel_linux_test.go:425: Runtime pid=1, private-pid=true
        --- PASS: TestRuntimeChannelProcessHelper (0.00s)
        PASS
        
=== RUN   TestRuntimeChannelLargeRequestBounds/large-default-receiver
    runtime_channel_linux_test.go:352: === RUN   TestRuntimeChannelProcessHelper
            runtime_channel_linux_test.go:420: rejected large-default-receiver: runtime channel kernel identity or frame is untrusted
                runtime channel kernel identity or frame is untrusted
                runtime channel kernel identity or frame is untrusted
            runtime_channel_linux_test.go:425: Runtime pid=1, private-pid=true
        --- PASS: TestRuntimeChannelProcessHelper (0.00s)
        PASS
        
=== RUN   TestRuntimeChannelLargeRequestBounds/large-response
    runtime_channel_linux_test.go:352: === RUN   TestRuntimeChannelProcessHelper
            runtime_channel_linux_test.go:425: Runtime pid=1, private-pid=true
        --- PASS: TestRuntimeChannelProcessHelper (0.00s)
        PASS
        
--- PASS: TestRuntimeChannelLargeRequestBounds (3.11s)
    --- PASS: TestRuntimeChannelLargeRequestBounds/large-request (1.03s)
    --- PASS: TestRuntimeChannelLargeRequestBounds/large-default-receiver (1.04s)
    --- PASS: TestRuntimeChannelLargeRequestBounds/large-response (1.04s)
=== RUN   TestRuntimeChannelRejectsUntrustedExchange
=== RUN   TestRuntimeChannelRejectsUntrustedExchange/challenge-prefix
    runtime_channel_linux_test.go:352: === RUN   TestRuntimeChannelProcessHelper
            runtime_channel_linux_test.go:420: rejected challenge-prefix: runtime channel kernel identity or frame is untrusted
            runtime_channel_linux_test.go:425: Runtime pid=1, private-pid=true
        --- PASS: TestRuntimeChannelProcessHelper (0.00s)
        PASS
        
=== RUN   TestRuntimeChannelRejectsUntrustedExchange/challenge-short
    runtime_channel_linux_test.go:352: === RUN   TestRuntimeChannelProcessHelper
            runtime_channel_linux_test.go:420: rejected challenge-short: runtime channel kernel identity or frame is untrusted
            runtime_channel_linux_test.go:425: Runtime pid=1, private-pid=true
        --- PASS: TestRuntimeChannelProcessHelper (0.00s)
        PASS
        
=== RUN   TestRuntimeChannelRejectsUntrustedExchange/challenge-long
    runtime_channel_linux_test.go:352: === RUN   TestRuntimeChannelProcessHelper
            runtime_channel_linux_test.go:420: rejected challenge-long: runtime channel kernel identity or frame is untrusted
                runtime channel kernel identity or frame is untrusted
            runtime_channel_linux_test.go:425: Runtime pid=1, private-pid=true
        --- PASS: TestRuntimeChannelProcessHelper (0.00s)
        PASS
        
=== RUN   TestRuntimeChannelRejectsUntrustedExchange/challenge-rights
    runtime_channel_linux_test.go:352: === RUN   TestRuntimeChannelProcessHelper
            runtime_channel_linux_test.go:420: rejected challenge-rights: runtime channel kernel identity or frame is untrusted
                runtime channel kernel identity or frame is untrusted
            runtime_channel_linux_test.go:425: Runtime pid=1, private-pid=true
        --- PASS: TestRuntimeChannelProcessHelper (0.00s)
        PASS
        
=== RUN   TestRuntimeChannelRejectsUntrustedExchange/challenge-delegated
    runtime_channel_linux_test.go:352: === RUN   TestRuntimeChannelProcessHelper
            runtime_channel_linux_test.go:420: rejected challenge-delegated: runtime channel kernel identity or frame is untrusted
                runtime channel kernel identity or frame is untrusted
            runtime_channel_linux_test.go:425: Runtime pid=1, private-pid=true
        --- PASS: TestRuntimeChannelProcessHelper (0.02s)
        PASS
        
=== RUN   TestRuntimeChannelRejectsUntrustedExchange/response-replay
    runtime_channel_linux_test.go:352: === RUN   TestRuntimeChannelProcessHelper
            runtime_channel_linux_test.go:420: rejected response-replay: runtime channel kernel identity or frame is untrusted
            runtime_channel_linux_test.go:425: Runtime pid=1, private-pid=true
        --- PASS: TestRuntimeChannelProcessHelper (0.00s)
        PASS
        
=== RUN   TestRuntimeChannelRejectsUntrustedExchange/response-reflected
    runtime_channel_linux_test.go:352: === RUN   TestRuntimeChannelProcessHelper
            runtime_channel_linux_test.go:420: rejected response-reflected: runtime channel kernel identity or frame is untrusted
            runtime_channel_linux_test.go:425: Runtime pid=1, private-pid=true
        --- PASS: TestRuntimeChannelProcessHelper (0.00s)
        PASS
        
=== RUN   TestRuntimeChannelRejectsUntrustedExchange/response-empty
    runtime_channel_linux_test.go:352: === RUN   TestRuntimeChannelProcessHelper
            runtime_channel_linux_test.go:420: rejected response-empty: runtime channel kernel identity or frame is untrusted
            runtime_channel_linux_test.go:425: Runtime pid=1, private-pid=true
        --- PASS: TestRuntimeChannelProcessHelper (0.00s)
        PASS
        
=== RUN   TestRuntimeChannelRejectsUntrustedExchange/response-long
    runtime_channel_linux_test.go:352: === RUN   TestRuntimeChannelProcessHelper
            runtime_channel_linux_test.go:420: rejected response-long: runtime channel kernel identity or frame is untrusted
                runtime channel kernel identity or frame is untrusted
            runtime_channel_linux_test.go:425: Runtime pid=1, private-pid=true
        --- PASS: TestRuntimeChannelProcessHelper (0.00s)
        PASS
        
=== RUN   TestRuntimeChannelRejectsUntrustedExchange/response-rights
    runtime_channel_linux_test.go:352: === RUN   TestRuntimeChannelProcessHelper
            runtime_channel_linux_test.go:420: rejected response-rights: runtime channel kernel identity or frame is untrusted
                runtime channel kernel identity or frame is untrusted
            runtime_channel_linux_test.go:425: Runtime pid=1, private-pid=true
        --- PASS: TestRuntimeChannelProcessHelper (0.00s)
        PASS
        
=== RUN   TestRuntimeChannelRejectsUntrustedExchange/response-truncated-rights
    runtime_channel_linux_test.go:352: === RUN   TestRuntimeChannelProcessHelper
            runtime_channel_linux_test.go:420: rejected response-truncated-rights: runtime channel kernel identity or frame is untrusted
                runtime channel kernel identity or frame is untrusted
                runtime channel kernel identity or frame is untrusted
                runtime channel kernel identity or frame is untrusted
            runtime_channel_linux_test.go:425: Runtime pid=1, private-pid=true
        --- PASS: TestRuntimeChannelProcessHelper (0.03s)
        PASS
        
=== RUN   TestRuntimeChannelRejectsUntrustedExchange/response-delegated
    runtime_channel_linux_test.go:352: === RUN   TestRuntimeChannelProcessHelper
            runtime_channel_linux_test.go:420: rejected response-delegated: runtime channel kernel identity or frame is untrusted
                runtime channel kernel identity or frame is untrusted
            runtime_channel_linux_test.go:425: Runtime pid=1, private-pid=true
        --- PASS: TestRuntimeChannelProcessHelper (0.02s)
        PASS
        
=== RUN   TestRuntimeChannelRejectsUntrustedExchange/socket-replaced
    runtime_channel_linux_test.go:352: === RUN   TestRuntimeChannelProcessHelper
            runtime_channel_linux_test.go:420: rejected socket-replaced: node socket inode, owner or permissions are untrusted
            runtime_channel_linux_test.go:425: Runtime pid=1, private-pid=true
        --- PASS: TestRuntimeChannelProcessHelper (0.00s)
        PASS
        
=== RUN   TestRuntimeChannelRejectsUntrustedExchange/cancel-challenge
    runtime_channel_linux_test.go:352: === RUN   TestRuntimeChannelProcessHelper
            runtime_channel_linux_test.go:420: rejected cancel-challenge: runtime channel kernel identity or frame is untrusted
                raw-read unixpacket @db8b7->/run/vela-channel-235056230/endpoint/node.sock: i/o timeout
                resource temporarily unavailable
                runtime channel kernel identity or frame is untrusted
                runtime channel kernel identity or frame is untrusted
                context deadline exceeded
            runtime_channel_linux_test.go:425: Runtime pid=1, private-pid=true
        --- PASS: TestRuntimeChannelProcessHelper (0.25s)
        PASS
        
=== RUN   TestRuntimeChannelRejectsUntrustedExchange/cancel-response
    runtime_channel_linux_test.go:352: === RUN   TestRuntimeChannelProcessHelper
            runtime_channel_linux_test.go:420: rejected cancel-response: runtime channel kernel identity or frame is untrusted
                raw-read unixpacket @45e93->/run/vela-channel-1649438077/endpoint/node.sock: i/o timeout
                resource temporarily unavailable
                runtime channel kernel identity or frame is untrusted
                runtime channel kernel identity or frame is untrusted
                context deadline exceeded
            runtime_channel_linux_test.go:425: Runtime pid=1, private-pid=true
        --- PASS: TestRuntimeChannelProcessHelper (0.25s)
        PASS
        
=== RUN   TestRuntimeChannelRejectsUntrustedExchange/cancel-before
    runtime_channel_linux_test.go:352: === RUN   TestRuntimeChannelProcessHelper
            runtime_channel_linux_test.go:420: rejected cancel-before: context canceled
            runtime_channel_linux_test.go:425: Runtime pid=1, private-pid=true
        --- PASS: TestRuntimeChannelProcessHelper (0.00s)
        PASS
        
=== RUN   TestRuntimeChannelRejectsUntrustedExchange/socket-owner
    runtime_channel_linux_test.go:352: === RUN   TestRuntimeChannelProcessHelper
            runtime_channel_linux_test.go:420: rejected socket-owner: node socket inode, owner or permissions are untrusted
            runtime_channel_linux_test.go:425: Runtime pid=1, private-pid=true
        --- PASS: TestRuntimeChannelProcessHelper (0.00s)
        PASS
        
=== RUN   TestRuntimeChannelRejectsUntrustedExchange/socket-mode
    runtime_channel_linux_test.go:352: === RUN   TestRuntimeChannelProcessHelper
            runtime_channel_linux_test.go:420: rejected socket-mode: node socket inode, owner or permissions are untrusted
            runtime_channel_linux_test.go:425: Runtime pid=1, private-pid=true
        --- PASS: TestRuntimeChannelProcessHelper (0.00s)
        PASS
        
=== RUN   TestRuntimeChannelRejectsUntrustedExchange/socket-link
    runtime_channel_linux_test.go:352: === RUN   TestRuntimeChannelProcessHelper
            runtime_channel_linux_test.go:420: rejected socket-link: node socket inode, owner or permissions are untrusted
            runtime_channel_linux_test.go:425: Runtime pid=1, private-pid=true
        --- PASS: TestRuntimeChannelProcessHelper (0.00s)
        PASS
        
=== RUN   TestRuntimeChannelRejectsUntrustedExchange/directory-owner
    runtime_channel_linux_test.go:352: === RUN   TestRuntimeChannelProcessHelper
            runtime_channel_linux_test.go:420: rejected directory-owner: node socket requires root-owned non-writable ancestors
            runtime_channel_linux_test.go:425: Runtime pid=1, private-pid=true
        --- PASS: TestRuntimeChannelProcessHelper (0.00s)
        PASS
        
=== RUN   TestRuntimeChannelRejectsUntrustedExchange/directory-mode
    runtime_channel_linux_test.go:352: === RUN   TestRuntimeChannelProcessHelper
            runtime_channel_linux_test.go:420: rejected directory-mode: node socket requires root-owned non-writable ancestors
            runtime_channel_linux_test.go:425: Runtime pid=1, private-pid=true
        --- PASS: TestRuntimeChannelProcessHelper (0.00s)
        PASS
        
=== RUN   TestRuntimeChannelRejectsUntrustedExchange/directory-link
    runtime_channel_linux_test.go:352: === RUN   TestRuntimeChannelProcessHelper
            runtime_channel_linux_test.go:420: rejected directory-link: not a directory
            runtime_channel_linux_test.go:425: Runtime pid=1, private-pid=true
        --- PASS: TestRuntimeChannelProcessHelper (0.00s)
        PASS
        
=== RUN   TestRuntimeChannelRejectsUntrustedExchange/peer-uid
    runtime_channel_linux_test.go:352: === RUN   TestRuntimeChannelProcessHelper
            runtime_channel_linux_test.go:420: rejected peer-uid: runtime channel kernel identity or frame is untrusted
            runtime_channel_linux_test.go:425: Runtime pid=1, private-pid=true
        --- PASS: TestRuntimeChannelProcessHelper (0.00s)
        PASS
        
=== RUN   TestRuntimeChannelRejectsUntrustedExchange/peer-gid
    runtime_channel_linux_test.go:352: === RUN   TestRuntimeChannelProcessHelper
            runtime_channel_linux_test.go:420: rejected peer-gid: runtime channel kernel identity or frame is untrusted
            runtime_channel_linux_test.go:425: Runtime pid=1, private-pid=true
        --- PASS: TestRuntimeChannelProcessHelper (0.00s)
        PASS
        
--- PASS: TestRuntimeChannelRejectsUntrustedExchange (29.41s)
    --- PASS: TestRuntimeChannelRejectsUntrustedExchange/challenge-prefix (1.02s)
    --- PASS: TestRuntimeChannelRejectsUntrustedExchange/challenge-short (1.02s)
    --- PASS: TestRuntimeChannelRejectsUntrustedExchange/challenge-long (1.02s)
    --- PASS: TestRuntimeChannelRejectsUntrustedExchange/challenge-rights (1.02s)
    --- PASS: TestRuntimeChannelRejectsUntrustedExchange/challenge-delegated (2.07s)
    --- PASS: TestRuntimeChannelRejectsUntrustedExchange/response-replay (1.03s)
    --- PASS: TestRuntimeChannelRejectsUntrustedExchange/response-reflected (1.03s)
    --- PASS: TestRuntimeChannelRejectsUntrustedExchange/response-empty (1.04s)
    --- PASS: TestRuntimeChannelRejectsUntrustedExchange/response-long (1.03s)
    --- PASS: TestRuntimeChannelRejectsUntrustedExchange/response-rights (1.04s)
    --- PASS: TestRuntimeChannelRejectsUntrustedExchange/response-truncated-rights (1.06s)
    --- PASS: TestRuntimeChannelRejectsUntrustedExchange/response-delegated (2.06s)
    --- PASS: TestRuntimeChannelRejectsUntrustedExchange/socket-replaced (1.03s)
    --- PASS: TestRuntimeChannelRejectsUntrustedExchange/cancel-challenge (1.28s)
    --- PASS: TestRuntimeChannelRejectsUntrustedExchange/cancel-response (1.28s)
    --- PASS: TestRuntimeChannelRejectsUntrustedExchange/cancel-before (1.04s)
    --- PASS: TestRuntimeChannelRejectsUntrustedExchange/socket-owner (1.03s)
    --- PASS: TestRuntimeChannelRejectsUntrustedExchange/socket-mode (1.03s)
    --- PASS: TestRuntimeChannelRejectsUntrustedExchange/socket-link (1.04s)
    --- PASS: TestRuntimeChannelRejectsUntrustedExchange/directory-owner (1.04s)
    --- PASS: TestRuntimeChannelRejectsUntrustedExchange/directory-mode (1.04s)
    --- PASS: TestRuntimeChannelRejectsUntrustedExchange/directory-link (1.04s)
    --- PASS: TestRuntimeChannelRejectsUntrustedExchange/peer-uid (2.06s)
    --- PASS: TestRuntimeChannelRejectsUntrustedExchange/peer-gid (2.06s)
=== RUN   TestRuntimeChannelReplyRejectsLostLifetime
=== RUN   TestRuntimeChannelReplyRejectsLostLifetime/expired
=== RUN   TestRuntimeChannelReplyRejectsLostLifetime/exited
=== RUN   TestRuntimeChannelReplyRejectsLostLifetime/canceled
--- PASS: TestRuntimeChannelReplyRejectsLostLifetime (1.08s)
    --- PASS: TestRuntimeChannelReplyRejectsLostLifetime/expired (0.03s)
    --- PASS: TestRuntimeChannelReplyRejectsLostLifetime/exited (1.03s)
    --- PASS: TestRuntimeChannelReplyRejectsLostLifetime/canceled (0.02s)
=== RUN   TestRuntimeStartupLedgerBeforeActualFactory
=== RUN   TestRuntimeStartupLedgerBeforeActualFactory/mock-permit
    runtime_startup_exchange_linux_test.go:223: === RUN   TestRuntimeStartupLedgerRuntimeHelper
            runtime_startup_exchange_linux_test.go:346: mode=mock-permit factories=1 gates=1; recovery-only reopen
        --- PASS: TestRuntimeStartupLedgerRuntimeHelper (0.07s)
        PASS
        
=== RUN   TestRuntimeStartupLedgerBeforeActualFactory/deny
    runtime_startup_exchange_linux_test.go:223: === RUN   TestRuntimeStartupLedgerRuntimeHelper
            runtime_startup_exchange_linux_test.go:346: mode=deny factories=0 gates=1; recovery-only reopen
        --- PASS: TestRuntimeStartupLedgerRuntimeHelper (0.08s)
        PASS
        
=== RUN   TestRuntimeStartupLedgerBeforeActualFactory/lost-response
    runtime_startup_exchange_linux_test.go:223: === RUN   TestRuntimeStartupLedgerRuntimeHelper
            runtime_startup_exchange_linux_test.go:346: mode=lost-response factories=0 gates=1; recovery-only reopen
        --- PASS: TestRuntimeStartupLedgerRuntimeHelper (0.07s)
        PASS
        
=== RUN   TestRuntimeStartupLedgerBeforeActualFactory/record-error
    runtime_startup_exchange_linux_test.go:223: === RUN   TestRuntimeStartupLedgerRuntimeHelper
            runtime_startup_exchange_linux_test.go:346: mode=record-error factories=0 gates=1; recovery-only reopen
        --- PASS: TestRuntimeStartupLedgerRuntimeHelper (0.07s)
        PASS
        
--- PASS: TestRuntimeStartupLedgerBeforeActualFactory (4.47s)
    --- PASS: TestRuntimeStartupLedgerBeforeActualFactory/mock-permit (1.11s)
    --- PASS: TestRuntimeStartupLedgerBeforeActualFactory/deny (1.12s)
    --- PASS: TestRuntimeStartupLedgerBeforeActualFactory/lost-response (1.12s)
    --- PASS: TestRuntimeStartupLedgerBeforeActualFactory/record-error (1.11s)
=== RUN   TestRuntimeStartupLedgerRetainsExactOwnerExit
--- PASS: TestRuntimeStartupLedgerRetainsExactOwnerExit (0.09s)
=== RUN   TestRuntimeStartupLedgerRestartDoesNotReconstructOwner
--- PASS: TestRuntimeStartupLedgerRestartDoesNotReconstructOwner (0.06s)
=== RUN   TestRuntimeStartupLedgerReservesExitCapacity
    runtime_startup_ledger_linux_test.go:251: startup admission rejected at 504 records and 4487364 persisted bytes
--- PASS: TestRuntimeStartupLedgerReservesExitCapacity (18.91s)
=== RUN   TestRuntimeStartupLedgerRejectsUnboundRequests
=== RUN   TestRuntimeStartupLedgerRejectsUnboundRequests/node
=== RUN   TestRuntimeStartupLedgerRejectsUnboundRequests/binding
=== RUN   TestRuntimeStartupLedgerRejectsUnboundRequests/journal
=== RUN   TestRuntimeStartupLedgerRejectsUnboundRequests/scope
=== RUN   TestRuntimeStartupLedgerRejectsUnboundRequests/launch
=== RUN   TestRuntimeStartupLedgerRejectsUnboundRequests/pod
=== RUN   TestRuntimeStartupLedgerRejectsUnboundRequests/closed-caller
=== RUN   TestRuntimeStartupLedgerRejectsUnboundRequests/canceled
--- PASS: TestRuntimeStartupLedgerRejectsUnboundRequests (0.13s)
    --- PASS: TestRuntimeStartupLedgerRejectsUnboundRequests/node (0.02s)
    --- PASS: TestRuntimeStartupLedgerRejectsUnboundRequests/binding (0.02s)
    --- PASS: TestRuntimeStartupLedgerRejectsUnboundRequests/journal (0.02s)
    --- PASS: TestRuntimeStartupLedgerRejectsUnboundRequests/scope (0.02s)
    --- PASS: TestRuntimeStartupLedgerRejectsUnboundRequests/launch (0.02s)
    --- PASS: TestRuntimeStartupLedgerRejectsUnboundRequests/pod (0.02s)
    --- PASS: TestRuntimeStartupLedgerRejectsUnboundRequests/closed-caller (0.02s)
    --- PASS: TestRuntimeStartupLedgerRejectsUnboundRequests/canceled (0.02s)
=== RUN   TestRuntimeStartupLedgerUncertainAppendRemainsConsumed
=== RUN   TestRuntimeStartupLedgerUncertainAppendRemainsConsumed/before-append
=== RUN   TestRuntimeStartupLedgerUncertainAppendRemainsConsumed/after-append
=== RUN   TestRuntimeStartupLedgerUncertainAppendRemainsConsumed/after-sync
=== RUN   TestRuntimeStartupLedgerUncertainAppendRemainsConsumed/cancel-after-sync
--- PASS: TestRuntimeStartupLedgerUncertainAppendRemainsConsumed (0.23s)
    --- PASS: TestRuntimeStartupLedgerUncertainAppendRemainsConsumed/before-append (0.06s)
    --- PASS: TestRuntimeStartupLedgerUncertainAppendRemainsConsumed/after-append (0.06s)
    --- PASS: TestRuntimeStartupLedgerUncertainAppendRemainsConsumed/after-sync (0.06s)
    --- PASS: TestRuntimeStartupLedgerUncertainAppendRemainsConsumed/cancel-after-sync (0.06s)
=== RUN   TestRuntimeStartupLedgerRejectsMissingAndChangedState
=== RUN   TestRuntimeStartupLedgerRejectsMissingAndChangedState/missing
=== RUN   TestRuntimeStartupLedgerRejectsMissingAndChangedState/partial
=== RUN   TestRuntimeStartupLedgerRejectsMissingAndChangedState/duplicate-key
=== RUN   TestRuntimeStartupLedgerRejectsMissingAndChangedState/hardlink
=== RUN   TestRuntimeStartupLedgerRejectsMissingAndChangedState/file-mode
=== RUN   TestRuntimeStartupLedgerRejectsMissingAndChangedState/file-owner
=== RUN   TestRuntimeStartupLedgerRejectsMissingAndChangedState/directory-mode
=== RUN   TestRuntimeStartupLedgerRejectsMissingAndChangedState/directory-replaced
=== RUN   TestRuntimeStartupLedgerRejectsMissingAndChangedState/file-replaced
--- PASS: TestRuntimeStartupLedgerRejectsMissingAndChangedState (0.01s)
    --- PASS: TestRuntimeStartupLedgerRejectsMissingAndChangedState/missing (0.00s)
    --- PASS: TestRuntimeStartupLedgerRejectsMissingAndChangedState/partial (0.00s)
    --- PASS: TestRuntimeStartupLedgerRejectsMissingAndChangedState/duplicate-key (0.00s)
    --- PASS: TestRuntimeStartupLedgerRejectsMissingAndChangedState/hardlink (0.00s)
    --- PASS: TestRuntimeStartupLedgerRejectsMissingAndChangedState/file-mode (0.00s)
    --- PASS: TestRuntimeStartupLedgerRejectsMissingAndChangedState/file-owner (0.00s)
    --- PASS: TestRuntimeStartupLedgerRejectsMissingAndChangedState/directory-mode (0.00s)
    --- PASS: TestRuntimeStartupLedgerRejectsMissingAndChangedState/directory-replaced (0.00s)
    --- PASS: TestRuntimeStartupLedgerRejectsMissingAndChangedState/file-replaced (0.00s)
=== RUN   TestRuntimeStartupReservationProcessCrashRecovery
=== RUN   TestRuntimeStartupReservationProcessCrashRecovery/intent-before-append
    runtime_startup_reservation_linux_test.go:188: Node SIGKILL at intent-before-append: intents=0 receipts=0; original pidfd not reconstructed
=== RUN   TestRuntimeStartupReservationProcessCrashRecovery/intent-after-append
    runtime_startup_reservation_linux_test.go:188: Node SIGKILL at intent-after-append: intents=1 receipts=0; original pidfd not reconstructed
=== RUN   TestRuntimeStartupReservationProcessCrashRecovery/intent-after-sync
    runtime_startup_reservation_linux_test.go:188: Node SIGKILL at intent-after-sync: intents=1 receipts=0; original pidfd not reconstructed
=== RUN   TestRuntimeStartupReservationProcessCrashRecovery/fleet-reply
    runtime_startup_reservation_linux_test.go:188: Node SIGKILL at fleet-reply: intents=1 receipts=0; original pidfd not reconstructed
=== RUN   TestRuntimeStartupReservationProcessCrashRecovery/receipt-before-append
    runtime_startup_reservation_linux_test.go:188: Node SIGKILL at receipt-before-append: intents=1 receipts=0; original pidfd not reconstructed
=== RUN   TestRuntimeStartupReservationProcessCrashRecovery/receipt-after-append
    runtime_startup_reservation_linux_test.go:188: Node SIGKILL at receipt-after-append: intents=1 receipts=1; original pidfd not reconstructed
=== RUN   TestRuntimeStartupReservationProcessCrashRecovery/receipt-after-sync
    runtime_startup_reservation_linux_test.go:188: Node SIGKILL at receipt-after-sync: intents=1 receipts=1; original pidfd not reconstructed
--- PASS: TestRuntimeStartupReservationProcessCrashRecovery (0.82s)
    --- PASS: TestRuntimeStartupReservationProcessCrashRecovery/intent-before-append (0.08s)
    --- PASS: TestRuntimeStartupReservationProcessCrashRecovery/intent-after-append (0.08s)
    --- PASS: TestRuntimeStartupReservationProcessCrashRecovery/intent-after-sync (0.09s)
    --- PASS: TestRuntimeStartupReservationProcessCrashRecovery/fleet-reply (0.12s)
    --- PASS: TestRuntimeStartupReservationProcessCrashRecovery/receipt-before-append (0.15s)
    --- PASS: TestRuntimeStartupReservationProcessCrashRecovery/receipt-after-append (0.15s)
    --- PASS: TestRuntimeStartupReservationProcessCrashRecovery/receipt-after-sync (0.15s)
=== RUN   TestRuntimeStartupReservationLinksOriginalOwnerAndNodeJournal
    runtime_startup_reservation_linux_test.go:336: root Node journal + actual non-root original PID-1; one fixture Fleet reservation; restart reads history only; no permit response
--- PASS: TestRuntimeStartupReservationLinksOriginalOwnerAndNodeJournal (0.14s)
=== RUN   TestRuntimeStartupReservationRejectsWrongOwnerRoutesAndLegacyWriter
=== RUN   TestRuntimeStartupReservationRejectsWrongOwnerRoutesAndLegacyWriter/old-routes
=== RUN   TestRuntimeStartupReservationRejectsWrongOwnerRoutesAndLegacyWriter/wrong-registry
=== RUN   TestRuntimeStartupReservationRejectsWrongOwnerRoutesAndLegacyWriter/legacy
--- PASS: TestRuntimeStartupReservationRejectsWrongOwnerRoutesAndLegacyWriter (0.11s)
    --- PASS: TestRuntimeStartupReservationRejectsWrongOwnerRoutesAndLegacyWriter/old-routes (0.02s)
    --- PASS: TestRuntimeStartupReservationRejectsWrongOwnerRoutesAndLegacyWriter/wrong-registry (0.02s)
    --- PASS: TestRuntimeStartupReservationRejectsWrongOwnerRoutesAndLegacyWriter/legacy (0.06s)
=== RUN   TestRuntimeStartupReservationFailuresNeverRetryConsumedIntent
=== RUN   TestRuntimeStartupReservationFailuresNeverRetryConsumedIntent/intent-before-append
=== RUN   TestRuntimeStartupReservationFailuresNeverRetryConsumedIntent/intent-after-append
=== RUN   TestRuntimeStartupReservationFailuresNeverRetryConsumedIntent/intent-after-sync
=== RUN   TestRuntimeStartupReservationFailuresNeverRetryConsumedIntent/fleet-loss
=== RUN   TestRuntimeStartupReservationFailuresNeverRetryConsumedIntent/fleet-history
=== RUN   TestRuntimeStartupReservationFailuresNeverRetryConsumedIntent/fleet-mismatch
=== RUN   TestRuntimeStartupReservationFailuresNeverRetryConsumedIntent/journal-closed
=== RUN   TestRuntimeStartupReservationFailuresNeverRetryConsumedIntent/pod-changed
=== RUN   TestRuntimeStartupReservationFailuresNeverRetryConsumedIntent/owner-exit
=== RUN   TestRuntimeStartupReservationFailuresNeverRetryConsumedIntent/receipt-before-append
=== RUN   TestRuntimeStartupReservationFailuresNeverRetryConsumedIntent/receipt-after-append
=== RUN   TestRuntimeStartupReservationFailuresNeverRetryConsumedIntent/receipt-after-sync
--- PASS: TestRuntimeStartupReservationFailuresNeverRetryConsumedIntent (1.33s)
    --- PASS: TestRuntimeStartupReservationFailuresNeverRetryConsumedIntent/intent-before-append (0.17s)
    --- PASS: TestRuntimeStartupReservationFailuresNeverRetryConsumedIntent/intent-after-append (0.07s)
    --- PASS: TestRuntimeStartupReservationFailuresNeverRetryConsumedIntent/intent-after-sync (0.07s)
    --- PASS: TestRuntimeStartupReservationFailuresNeverRetryConsumedIntent/fleet-loss (0.10s)
    --- PASS: TestRuntimeStartupReservationFailuresNeverRetryConsumedIntent/fleet-history (0.10s)
    --- PASS: TestRuntimeStartupReservationFailuresNeverRetryConsumedIntent/fleet-mismatch (0.10s)
    --- PASS: TestRuntimeStartupReservationFailuresNeverRetryConsumedIntent/journal-closed (0.10s)
    --- PASS: TestRuntimeStartupReservationFailuresNeverRetryConsumedIntent/pod-changed (0.13s)
    --- PASS: TestRuntimeStartupReservationFailuresNeverRetryConsumedIntent/owner-exit (0.10s)
    --- PASS: TestRuntimeStartupReservationFailuresNeverRetryConsumedIntent/receipt-before-append (0.13s)
    --- PASS: TestRuntimeStartupReservationFailuresNeverRetryConsumedIntent/receipt-after-append (0.13s)
    --- PASS: TestRuntimeStartupReservationFailuresNeverRetryConsumedIntent/receipt-after-sync (0.13s)
PASS
