=== RUN   TestJournalServerExecObservedRemoteCLI
=== RUN   TestJournalServerExecObservedRemoteCLI/permit
    journal_exec_observed_cli_linux_test.go:32: joined Node journal server: {Accepted:4 Overloaded:0 Authenticated:4 Replied:4 Failed:0 InFlight:0 PeakInFlight:1}
    journal_exec_observed_cli_linux_test.go:32: creation-time observer retained actual CLI namespace init; scenario=permit; original process/backend exits are kernel observations, Permit and CRI remain fixtures
=== RUN   TestJournalServerExecObservedRemoteCLI/deny
    journal_exec_observed_cli_linux_test.go:32: joined Node journal server: {Accepted:1 Overloaded:0 Authenticated:1 Replied:1 Failed:0 InFlight:0 PeakInFlight:1}
    journal_exec_observed_cli_linux_test.go:32: creation-time observer retained actual CLI namespace init; scenario=deny; original process/backend exits are kernel observations, Permit and CRI remain fixtures
=== RUN   TestJournalServerExecObservedRemoteCLI/observer-lost-before-permit
    journal_exec_observed_cli_linux_test.go:32: joined Node journal server: {Accepted:1 Overloaded:0 Authenticated:1 Replied:1 Failed:0 InFlight:0 PeakInFlight:1}
    journal_exec_observed_cli_linux_test.go:32: creation-time observer retained actual CLI namespace init; scenario=observer-lost-before-permit; original process/backend exits are kernel observations, Permit and CRI remain fixtures
=== RUN   TestJournalServerExecObservedRemoteCLI/observer-lost-after-permit
    journal_exec_observed_cli_linux_test.go:32: joined Node journal server: {Accepted:3 Overloaded:0 Authenticated:3 Replied:3 Failed:0 InFlight:0 PeakInFlight:1}
    journal_exec_observed_cli_linux_test.go:32: creation-time observer retained actual CLI namespace init; scenario=observer-lost-after-permit; original process/backend exits are kernel observations, Permit and CRI remain fixtures
=== RUN   TestJournalServerExecObservedRemoteCLI/observer-stopped-before-permit
    journal_exec_observed_cli_linux_test.go:32: joined Node journal server: {Accepted:1 Overloaded:0 Authenticated:1 Replied:1 Failed:0 InFlight:0 PeakInFlight:1}
    journal_exec_observed_cli_linux_test.go:32: creation-time observer retained actual CLI namespace init; scenario=observer-stopped-before-permit; original process/backend exits are kernel observations, Permit and CRI remain fixtures
=== RUN   TestJournalServerExecObservedRemoteCLI/observer-stopped-after-permit
    journal_exec_observed_cli_linux_test.go:32: joined Node journal server: {Accepted:3 Overloaded:0 Authenticated:3 Replied:3 Failed:0 InFlight:0 PeakInFlight:1}
    journal_exec_observed_cli_linux_test.go:32: creation-time observer retained actual CLI namespace init; scenario=observer-stopped-after-permit; original process/backend exits are kernel observations, Permit and CRI remain fixtures
--- PASS: TestJournalServerExecObservedRemoteCLI (3.16s)
    --- PASS: TestJournalServerExecObservedRemoteCLI/permit (2.25s)
    --- PASS: TestJournalServerExecObservedRemoteCLI/deny (0.13s)
    --- PASS: TestJournalServerExecObservedRemoteCLI/observer-lost-before-permit (0.10s)
    --- PASS: TestJournalServerExecObservedRemoteCLI/observer-lost-after-permit (0.18s)
    --- PASS: TestJournalServerExecObservedRemoteCLI/observer-stopped-before-permit (0.22s)
    --- PASS: TestJournalServerExecObservedRemoteCLI/observer-stopped-after-permit (0.29s)
=== RUN   TestJournalReadOnlyEndpoint
=== RUN   TestJournalReadOnlyEndpoint/runtime
=== RUN   TestJournalReadOnlyEndpoint/runtime/admit
=== RUN   TestJournalReadOnlyEndpoint/runtime/candidates
=== RUN   TestJournalReadOnlyEndpoint/runtime/seal
=== RUN   TestJournalReadOnlyEndpoint/runtime/drain
=== RUN   TestJournalReadOnlyEndpoint/runtime/health
=== RUN   TestJournalReadOnlyEndpoint/runtime/floor
=== RUN   TestJournalReadOnlyEndpoint/runtime/non-admission
=== RUN   TestJournalReadOnlyEndpoint/runtime/terminal-non-admission
=== NAME  TestJournalReadOnlyEndpoint/runtime
    journal_readonly_linux_test.go:81: joined Node journal server: {Accepted:15 Overloaded:0 Authenticated:15 Replied:13 Failed:2 InFlight:0 PeakInFlight:1}
    journal_readonly_linux_test.go:90: original peers read; all eight mutation selectors rejected; exact valid command succeeds only through independent trusted owner call after endpoint close
=== RUN   TestJournalReadOnlyEndpoint/worker
=== RUN   TestJournalReadOnlyEndpoint/worker/admit
=== RUN   TestJournalReadOnlyEndpoint/worker/candidates
=== RUN   TestJournalReadOnlyEndpoint/worker/seal
=== RUN   TestJournalReadOnlyEndpoint/worker/drain
=== RUN   TestJournalReadOnlyEndpoint/worker/health
=== RUN   TestJournalReadOnlyEndpoint/worker/floor
=== RUN   TestJournalReadOnlyEndpoint/worker/non-admission
=== RUN   TestJournalReadOnlyEndpoint/worker/terminal-non-admission
=== NAME  TestJournalReadOnlyEndpoint/worker
    journal_readonly_linux_test.go:81: joined Node journal server: {Accepted:15 Overloaded:0 Authenticated:15 Replied:13 Failed:2 InFlight:0 PeakInFlight:1}
    journal_readonly_linux_test.go:90: original peers read; all eight mutation selectors rejected; exact valid command succeeds only through independent trusted owner call after endpoint close
--- PASS: TestJournalReadOnlyEndpoint (0.19s)
    --- PASS: TestJournalReadOnlyEndpoint/runtime (0.10s)
        --- PASS: TestJournalReadOnlyEndpoint/runtime/admit (0.00s)
        --- PASS: TestJournalReadOnlyEndpoint/runtime/candidates (0.00s)
        --- PASS: TestJournalReadOnlyEndpoint/runtime/seal (0.00s)
        --- PASS: TestJournalReadOnlyEndpoint/runtime/drain (0.00s)
        --- PASS: TestJournalReadOnlyEndpoint/runtime/health (0.00s)
        --- PASS: TestJournalReadOnlyEndpoint/runtime/floor (0.00s)
        --- PASS: TestJournalReadOnlyEndpoint/runtime/non-admission (0.00s)
        --- PASS: TestJournalReadOnlyEndpoint/runtime/terminal-non-admission (0.00s)
    --- PASS: TestJournalReadOnlyEndpoint/worker (0.09s)
        --- PASS: TestJournalReadOnlyEndpoint/worker/admit (0.00s)
        --- PASS: TestJournalReadOnlyEndpoint/worker/candidates (0.00s)
        --- PASS: TestJournalReadOnlyEndpoint/worker/seal (0.00s)
        --- PASS: TestJournalReadOnlyEndpoint/worker/drain (0.00s)
        --- PASS: TestJournalReadOnlyEndpoint/worker/health (0.00s)
        --- PASS: TestJournalReadOnlyEndpoint/worker/floor (0.00s)
        --- PASS: TestJournalReadOnlyEndpoint/worker/non-admission (0.00s)
        --- PASS: TestJournalReadOnlyEndpoint/worker/terminal-non-admission (0.00s)
=== RUN   TestJournalServerActualRemoteCLI
=== RUN   TestJournalServerActualRemoteCLI/permit
    journal_remote_cli_linux_test.go:235: joined Node journal server: {Accepted:5 Overloaded:0 Authenticated:5 Replied:5 Failed:0 InFlight:0 PeakInFlight:1}
    journal_remote_cli_linux_test.go:236: actual CLI and process backend: mode=permit exit=exit status 0 Node journal original incarnation retained; no local epoch/journal allocation
=== RUN   TestJournalServerActualRemoteCLI/deny
    journal_remote_cli_linux_test.go:235: joined Node journal server: {Accepted:2 Overloaded:0 Authenticated:2 Replied:2 Failed:0 InFlight:0 PeakInFlight:1}
    journal_remote_cli_linux_test.go:236: actual CLI and process backend: mode=deny exit=exit status 1 Node journal original incarnation retained; no local epoch/journal allocation
=== RUN   TestJournalServerActualRemoteCLI/changed-config
    journal_remote_cli_linux_test.go:235: joined Node journal server: {Accepted:0 Overloaded:0 Authenticated:0 Replied:0 Failed:0 InFlight:0 PeakInFlight:0}
    journal_remote_cli_linux_test.go:236: actual CLI and process backend: mode=changed-config exit=exit status 1 Node journal original incarnation retained; no local epoch/journal allocation
=== RUN   TestJournalServerActualRemoteCLI/workload-owned
    journal_remote_cli_linux_test.go:235: joined Node journal server: {Accepted:0 Overloaded:0 Authenticated:0 Replied:0 Failed:0 InFlight:0 PeakInFlight:0}
    journal_remote_cli_linux_test.go:236: actual CLI and process backend: mode=workload-owned exit=exit status 1 Node journal original incarnation retained; no local epoch/journal allocation
=== RUN   TestJournalServerActualRemoteCLI/writable
    journal_remote_cli_linux_test.go:235: joined Node journal server: {Accepted:0 Overloaded:0 Authenticated:0 Replied:0 Failed:0 InFlight:0 PeakInFlight:0}
    journal_remote_cli_linux_test.go:236: actual CLI and process backend: mode=writable exit=exit status 1 Node journal original incarnation retained; no local epoch/journal allocation
=== RUN   TestJournalServerActualRemoteCLI/symlink
    journal_remote_cli_linux_test.go:235: joined Node journal server: {Accepted:0 Overloaded:0 Authenticated:0 Replied:0 Failed:0 InFlight:0 PeakInFlight:0}
    journal_remote_cli_linux_test.go:236: actual CLI and process backend: mode=symlink exit=exit status 1 Node journal original incarnation retained; no local epoch/journal allocation
=== RUN   TestJournalServerActualRemoteCLI/wrong-scope
    journal_remote_cli_linux_test.go:235: joined Node journal server: {Accepted:0 Overloaded:0 Authenticated:0 Replied:0 Failed:0 InFlight:0 PeakInFlight:0}
    journal_remote_cli_linux_test.go:236: actual CLI and process backend: mode=wrong-scope exit=exit status 1 Node journal original incarnation retained; no local epoch/journal allocation
=== RUN   TestJournalServerActualRemoteCLI/wrong-incarnation
    journal_remote_cli_linux_test.go:235: joined Node journal server: {Accepted:1 Overloaded:0 Authenticated:1 Replied:1 Failed:0 InFlight:0 PeakInFlight:1}
    journal_remote_cli_linux_test.go:236: actual CLI and process backend: mode=wrong-incarnation exit=exit status 1 Node journal original incarnation retained; no local epoch/journal allocation
=== RUN   TestJournalServerActualRemoteCLI/workload-parent
    journal_remote_cli_linux_test.go:235: joined Node journal server: {Accepted:0 Overloaded:0 Authenticated:0 Replied:0 Failed:0 InFlight:0 PeakInFlight:0}
    journal_remote_cli_linux_test.go:236: actual CLI and process backend: mode=workload-parent exit=exit status 1 Node journal original incarnation retained; no local epoch/journal allocation
=== RUN   TestJournalServerActualRemoteCLI/hardlink
    journal_remote_cli_linux_test.go:235: joined Node journal server: {Accepted:0 Overloaded:0 Authenticated:0 Replied:0 Failed:0 InFlight:0 PeakInFlight:0}
    journal_remote_cli_linux_test.go:236: actual CLI and process backend: mode=hardlink exit=exit status 1 Node journal original incarnation retained; no local epoch/journal allocation
=== RUN   TestJournalServerActualRemoteCLI/fifo
    journal_remote_cli_linux_test.go:235: joined Node journal server: {Accepted:0 Overloaded:0 Authenticated:0 Replied:0 Failed:0 InFlight:0 PeakInFlight:0}
    journal_remote_cli_linux_test.go:236: actual CLI and process backend: mode=fifo exit=exit status 1 Node journal original incarnation retained; no local epoch/journal allocation
=== RUN   TestJournalServerActualRemoteCLI/oversize
    journal_remote_cli_linux_test.go:235: joined Node journal server: {Accepted:0 Overloaded:0 Authenticated:0 Replied:0 Failed:0 InFlight:0 PeakInFlight:0}
    journal_remote_cli_linux_test.go:236: actual CLI and process backend: mode=oversize exit=exit status 1 Node journal original incarnation retained; no local epoch/journal allocation
=== RUN   TestJournalServerActualRemoteCLI/duplicate
    journal_remote_cli_linux_test.go:235: joined Node journal server: {Accepted:0 Overloaded:0 Authenticated:0 Replied:0 Failed:0 InFlight:0 PeakInFlight:0}
    journal_remote_cli_linux_test.go:236: actual CLI and process backend: mode=duplicate exit=exit status 1 Node journal original incarnation retained; no local epoch/journal allocation
=== RUN   TestJournalServerActualRemoteCLI/unknown
    journal_remote_cli_linux_test.go:235: joined Node journal server: {Accepted:0 Overloaded:0 Authenticated:0 Replied:0 Failed:0 InFlight:0 PeakInFlight:0}
    journal_remote_cli_linux_test.go:236: actual CLI and process backend: mode=unknown exit=exit status 1 Node journal original incarnation retained; no local epoch/journal allocation
=== RUN   TestJournalServerActualRemoteCLI/socket-alias
    journal_remote_cli_linux_test.go:235: joined Node journal server: {Accepted:0 Overloaded:0 Authenticated:0 Replied:0 Failed:0 InFlight:0 PeakInFlight:0}
    journal_remote_cli_linux_test.go:236: actual CLI and process backend: mode=socket-alias exit=exit status 1 Node journal original incarnation retained; no local epoch/journal allocation
=== RUN   TestJournalServerActualRemoteCLI/bad-key
    journal_remote_cli_linux_test.go:235: joined Node journal server: {Accepted:0 Overloaded:0 Authenticated:0 Replied:0 Failed:0 InFlight:0 PeakInFlight:0}
    journal_remote_cli_linux_test.go:236: actual CLI and process backend: mode=bad-key exit=exit status 1 Node journal original incarnation retained; no local epoch/journal allocation
=== RUN   TestJournalServerActualRemoteCLI/missing-file
    journal_remote_cli_linux_test.go:235: joined Node journal server: {Accepted:0 Overloaded:0 Authenticated:0 Replied:0 Failed:0 InFlight:0 PeakInFlight:0}
    journal_remote_cli_linux_test.go:236: actual CLI and process backend: mode=missing-file exit=exit status 1 Node journal original incarnation retained; no local epoch/journal allocation
=== RUN   TestJournalServerActualRemoteCLI/empty
    journal_remote_cli_linux_test.go:235: joined Node journal server: {Accepted:0 Overloaded:0 Authenticated:0 Replied:0 Failed:0 InFlight:0 PeakInFlight:0}
    journal_remote_cli_linux_test.go:236: actual CLI and process backend: mode=empty exit=exit status 1 Node journal original incarnation retained; no local epoch/journal allocation
--- PASS: TestJournalServerActualRemoteCLI (3.31s)
    --- PASS: TestJournalServerActualRemoteCLI/permit (2.12s)
    --- PASS: TestJournalServerActualRemoteCLI/deny (0.10s)
    --- PASS: TestJournalServerActualRemoteCLI/changed-config (0.07s)
    --- PASS: TestJournalServerActualRemoteCLI/workload-owned (0.07s)
    --- PASS: TestJournalServerActualRemoteCLI/writable (0.07s)
    --- PASS: TestJournalServerActualRemoteCLI/symlink (0.07s)
    --- PASS: TestJournalServerActualRemoteCLI/wrong-scope (0.07s)
    --- PASS: TestJournalServerActualRemoteCLI/wrong-incarnation (0.07s)
    --- PASS: TestJournalServerActualRemoteCLI/workload-parent (0.07s)
    --- PASS: TestJournalServerActualRemoteCLI/hardlink (0.07s)
    --- PASS: TestJournalServerActualRemoteCLI/fifo (0.07s)
    --- PASS: TestJournalServerActualRemoteCLI/oversize (0.07s)
    --- PASS: TestJournalServerActualRemoteCLI/duplicate (0.06s)
    --- PASS: TestJournalServerActualRemoteCLI/unknown (0.07s)
    --- PASS: TestJournalServerActualRemoteCLI/socket-alias (0.07s)
    --- PASS: TestJournalServerActualRemoteCLI/bad-key (0.07s)
    --- PASS: TestJournalServerActualRemoteCLI/missing-file (0.07s)
    --- PASS: TestJournalServerActualRemoteCLI/empty (0.07s)
=== RUN   TestJournalServerStartsRemoteRuntimeBeforeActualWorkerExecution
=== RUN   TestJournalServerStartsRemoteRuntimeBeforeActualWorkerExecution/permit
    journal_remote_server_linux_test.go:161: joined Node journal server: {Accepted:39 Overloaded:0 Authenticated:39 Replied:39 Failed:0 InFlight:0 PeakInFlight:1}
    journal_remote_server_linux_test.go:162: actual remote Runtime server: permit=true; factory permission precedes RPC publication; Node owns journal; fixture matches exact proposed epochs; Worker uses real RPC
=== RUN   TestJournalServerStartsRemoteRuntimeBeforeActualWorkerExecution/deny
    journal_remote_server_linux_test.go:161: joined Node journal server: {Accepted:2 Overloaded:0 Authenticated:2 Replied:2 Failed:0 InFlight:0 PeakInFlight:1}
    journal_remote_server_linux_test.go:162: actual remote Runtime server: permit=false; factory permission precedes RPC publication; Node owns journal; fixture matches exact proposed epochs; Worker uses real RPC
--- PASS: TestJournalServerStartsRemoteRuntimeBeforeActualWorkerExecution (0.39s)
    --- PASS: TestJournalServerStartsRemoteRuntimeBeforeActualWorkerExecution/permit (0.31s)
    --- PASS: TestJournalServerStartsRemoteRuntimeBeforeActualWorkerExecution/deny (0.08s)
=== RUN   TestRuntimeBootstrapPublication
    runtime_bootstrap_publication_linux_test.go:166: verified plan and held journal -> immutable snapshot; actual UID/GID 10001 can read only bootstrap; reopening returns history after owner closure
--- PASS: TestRuntimeBootstrapPublication (1.06s)
=== RUN   TestRuntimeBootstrapPublicationPreflight
=== RUN   TestRuntimeBootstrapPublicationPreflight/nil-plan
=== RUN   TestRuntimeBootstrapPublicationPreflight/nil-journal
=== RUN   TestRuntimeBootstrapPublicationPreflight/closed-journal
=== RUN   TestRuntimeBootstrapPublicationPreflight/wrong-plan
=== RUN   TestRuntimeBootstrapPublicationPreflight/wrong-registry
=== RUN   TestRuntimeBootstrapPublicationPreflight/socket-alias
=== RUN   TestRuntimeBootstrapPublicationPreflight/writable-directory
=== RUN   TestRuntimeBootstrapPublicationPreflight/workload-directory
=== RUN   TestRuntimeBootstrapPublicationPreflight/nonempty
=== RUN   TestRuntimeBootstrapPublicationPreflight/sticky-parent
=== RUN   TestRuntimeBootstrapPublicationPreflight/cancelled
--- PASS: TestRuntimeBootstrapPublicationPreflight (0.13s)
    --- PASS: TestRuntimeBootstrapPublicationPreflight/nil-plan (0.02s)
    --- PASS: TestRuntimeBootstrapPublicationPreflight/nil-journal (0.01s)
    --- PASS: TestRuntimeBootstrapPublicationPreflight/closed-journal (0.01s)
    --- PASS: TestRuntimeBootstrapPublicationPreflight/wrong-plan (0.02s)
    --- PASS: TestRuntimeBootstrapPublicationPreflight/wrong-registry (0.01s)
    --- PASS: TestRuntimeBootstrapPublicationPreflight/socket-alias (0.01s)
    --- PASS: TestRuntimeBootstrapPublicationPreflight/writable-directory (0.01s)
    --- PASS: TestRuntimeBootstrapPublicationPreflight/workload-directory (0.01s)
    --- PASS: TestRuntimeBootstrapPublicationPreflight/nonempty (0.01s)
    --- PASS: TestRuntimeBootstrapPublicationPreflight/sticky-parent (0.01s)
    --- PASS: TestRuntimeBootstrapPublicationPreflight/cancelled (0.01s)
=== RUN   TestRuntimeBootstrapPublicationBoundaries
=== RUN   TestRuntimeBootstrapPublicationBoundaries/intent-created
=== RUN   TestRuntimeBootstrapPublicationBoundaries/bootstrap-synced
=== RUN   TestRuntimeBootstrapPublicationBoundaries/intent-synced
=== RUN   TestRuntimeBootstrapPublicationBoundaries/renamed
=== RUN   TestRuntimeBootstrapPublicationBoundaries/exposed
=== RUN   TestRuntimeBootstrapPublicationBoundaries/verified
--- PASS: TestRuntimeBootstrapPublicationBoundaries (0.10s)
    --- PASS: TestRuntimeBootstrapPublicationBoundaries/intent-created (0.01s)
    --- PASS: TestRuntimeBootstrapPublicationBoundaries/bootstrap-synced (0.01s)
    --- PASS: TestRuntimeBootstrapPublicationBoundaries/intent-synced (0.01s)
    --- PASS: TestRuntimeBootstrapPublicationBoundaries/renamed (0.01s)
    --- PASS: TestRuntimeBootstrapPublicationBoundaries/exposed (0.02s)
    --- PASS: TestRuntimeBootstrapPublicationBoundaries/verified (0.02s)
=== RUN   TestRuntimeBootstrapPublicationConcurrent
--- PASS: TestRuntimeBootstrapPublicationConcurrent (0.03s)
=== RUN   TestRuntimeBootstrapPublicationProcessCrash
=== RUN   TestRuntimeBootstrapPublicationProcessCrash/intent-created
    runtime_bootstrap_publication_linux_test.go:364: actual Node SIGKILL at intent-created: history_complete=false, no publication retry or grant restoration
=== RUN   TestRuntimeBootstrapPublicationProcessCrash/bootstrap-synced
    runtime_bootstrap_publication_linux_test.go:364: actual Node SIGKILL at bootstrap-synced: history_complete=false, no publication retry or grant restoration
=== RUN   TestRuntimeBootstrapPublicationProcessCrash/intent-synced
    runtime_bootstrap_publication_linux_test.go:364: actual Node SIGKILL at intent-synced: history_complete=false, no publication retry or grant restoration
=== RUN   TestRuntimeBootstrapPublicationProcessCrash/renamed
    runtime_bootstrap_publication_linux_test.go:364: actual Node SIGKILL at renamed: history_complete=false, no publication retry or grant restoration
=== RUN   TestRuntimeBootstrapPublicationProcessCrash/exposed
    runtime_bootstrap_publication_linux_test.go:364: actual Node SIGKILL at exposed: history_complete=true, no publication retry or grant restoration
=== RUN   TestRuntimeBootstrapPublicationProcessCrash/verified
    runtime_bootstrap_publication_linux_test.go:364: actual Node SIGKILL at verified: history_complete=true, no publication retry or grant restoration
--- PASS: TestRuntimeBootstrapPublicationProcessCrash (0.25s)
    --- PASS: TestRuntimeBootstrapPublicationProcessCrash/intent-created (0.04s)
    --- PASS: TestRuntimeBootstrapPublicationProcessCrash/bootstrap-synced (0.04s)
    --- PASS: TestRuntimeBootstrapPublicationProcessCrash/intent-synced (0.04s)
    --- PASS: TestRuntimeBootstrapPublicationProcessCrash/renamed (0.04s)
    --- PASS: TestRuntimeBootstrapPublicationProcessCrash/exposed (0.05s)
    --- PASS: TestRuntimeBootstrapPublicationProcessCrash/verified (0.05s)
=== RUN   TestRuntimeBootstrapPublicationChanged
=== RUN   TestRuntimeBootstrapPublicationChanged/content
=== RUN   TestRuntimeBootstrapPublicationChanged/file-copy
=== RUN   TestRuntimeBootstrapPublicationChanged/file-link
=== RUN   TestRuntimeBootstrapPublicationChanged/file-symlink
=== RUN   TestRuntimeBootstrapPublicationChanged/file-fifo
=== RUN   TestRuntimeBootstrapPublicationChanged/file-writable
=== RUN   TestRuntimeBootstrapPublicationChanged/file-owner
=== RUN   TestRuntimeBootstrapPublicationChanged/record-copy
=== RUN   TestRuntimeBootstrapPublicationChanged/record-missing
=== RUN   TestRuntimeBootstrapPublicationChanged/record-writable
=== RUN   TestRuntimeBootstrapPublicationChanged/record-content
=== RUN   TestRuntimeBootstrapPublicationChanged/directory-copy
=== RUN   TestRuntimeBootstrapPublicationChanged/directory-writable
=== RUN   TestRuntimeBootstrapPublicationChanged/extra
--- PASS: TestRuntimeBootstrapPublicationChanged (0.27s)
    --- PASS: TestRuntimeBootstrapPublicationChanged/content (0.02s)
    --- PASS: TestRuntimeBootstrapPublicationChanged/file-copy (0.02s)
    --- PASS: TestRuntimeBootstrapPublicationChanged/file-link (0.02s)
    --- PASS: TestRuntimeBootstrapPublicationChanged/file-symlink (0.02s)
    --- PASS: TestRuntimeBootstrapPublicationChanged/file-fifo (0.02s)
    --- PASS: TestRuntimeBootstrapPublicationChanged/file-writable (0.02s)
    --- PASS: TestRuntimeBootstrapPublicationChanged/file-owner (0.02s)
    --- PASS: TestRuntimeBootstrapPublicationChanged/record-copy (0.02s)
    --- PASS: TestRuntimeBootstrapPublicationChanged/record-missing (0.02s)
    --- PASS: TestRuntimeBootstrapPublicationChanged/record-writable (0.02s)
    --- PASS: TestRuntimeBootstrapPublicationChanged/record-content (0.02s)
    --- PASS: TestRuntimeBootstrapPublicationChanged/directory-copy (0.02s)
    --- PASS: TestRuntimeBootstrapPublicationChanged/directory-writable (0.02s)
    --- PASS: TestRuntimeBootstrapPublicationChanged/extra (0.02s)
=== RUN   TestRuntimeBootstrapPublicationCustodyLoss
=== RUN   TestRuntimeBootstrapPublicationCustodyLoss/intent-synced
=== RUN   TestRuntimeBootstrapPublicationCustodyLoss/renamed
=== RUN   TestRuntimeBootstrapPublicationCustodyLoss/exposed
=== RUN   TestRuntimeBootstrapPublicationCustodyLoss/pending-corrupt
=== RUN   TestRuntimeBootstrapPublicationCustodyLoss/directory-replaced
=== RUN   TestRuntimeBootstrapPublicationCustodyLoss/record-replaced
--- PASS: TestRuntimeBootstrapPublicationCustodyLoss (0.09s)
    --- PASS: TestRuntimeBootstrapPublicationCustodyLoss/intent-synced (0.01s)
    --- PASS: TestRuntimeBootstrapPublicationCustodyLoss/renamed (0.01s)
    --- PASS: TestRuntimeBootstrapPublicationCustodyLoss/exposed (0.02s)
    --- PASS: TestRuntimeBootstrapPublicationCustodyLoss/pending-corrupt (0.01s)
    --- PASS: TestRuntimeBootstrapPublicationCustodyLoss/directory-replaced (0.02s)
    --- PASS: TestRuntimeBootstrapPublicationCustodyLoss/record-replaced (0.01s)
=== RUN   TestRuntimeBootstrapPublicationActualCLI
=== RUN   TestRuntimeBootstrapPublicationActualCLI/permit
    runtime_bootstrap_publication_linux_test.go:499: joined Node journal server: {Accepted:5 Overloaded:0 Authenticated:5 Replied:5 Failed:0 InFlight:0 PeakInFlight:1}
    runtime_bootstrap_publication_linux_test.go:499: Node verified plan + held journal publication -> actual UID/GID 10001 CLI -> explicit fixture Permit -> real CPU backend initialize/shutdown, actual Worker epoch=2, no local epoch/journal
=== RUN   TestRuntimeBootstrapPublicationActualCLI/changed-after-read
    runtime_bootstrap_publication_linux_test.go:499: joined Node journal server: {Accepted:1 Overloaded:0 Authenticated:1 Replied:1 Failed:0 InFlight:0 PeakInFlight:1}
    runtime_bootstrap_publication_linux_test.go:499: actual CLI consumed original bytes/path; Node rejected changed-after-read before backend initialization
=== RUN   TestRuntimeBootstrapPublicationActualCLI/alias-path
    runtime_bootstrap_publication_linux_test.go:499: joined Node journal server: {Accepted:2 Overloaded:0 Authenticated:2 Replied:2 Failed:0 InFlight:0 PeakInFlight:1}
    runtime_bootstrap_publication_linux_test.go:499: actual CLI consumed original bytes/path; Node rejected alias-path before backend initialization
--- PASS: TestRuntimeBootstrapPublicationActualCLI (2.31s)
    --- PASS: TestRuntimeBootstrapPublicationActualCLI/permit (2.11s)
    --- PASS: TestRuntimeBootstrapPublicationActualCLI/changed-after-read (0.11s)
    --- PASS: TestRuntimeBootstrapPublicationActualCLI/alias-path (0.08s)
=== RUN   TestRuntimeJournalObservation
=== RUN   TestRuntimeJournalObservation/close
=== RUN   TestRuntimeJournalObservation/cancel
=== RUN   TestRuntimeJournalObservation/observer-stopped
=== RUN   TestRuntimeJournalObservation/observer-killed
=== RUN   TestRuntimeJournalObservation/channel-loss
=== RUN   TestRuntimeJournalObservation/ledger-close
=== RUN   TestRuntimeJournalObservation/endpoint-close
--- PASS: TestRuntimeJournalObservation (2.23s)
    --- PASS: TestRuntimeJournalObservation/close (0.22s)
    --- PASS: TestRuntimeJournalObservation/cancel (0.22s)
    --- PASS: TestRuntimeJournalObservation/observer-stopped (0.78s)
    --- PASS: TestRuntimeJournalObservation/observer-killed (0.29s)
    --- PASS: TestRuntimeJournalObservation/channel-loss (0.26s)
    --- PASS: TestRuntimeJournalObservation/ledger-close (0.23s)
    --- PASS: TestRuntimeJournalObservation/endpoint-close (0.22s)
=== RUN   TestRuntimeJournalObservationRejectsWrongTarget
--- PASS: TestRuntimeJournalObservationRejectsWrongTarget (0.43s)
=== RUN   TestRuntimeJournalObservationPersistenceOutage
=== RUN   TestRuntimeJournalObservationPersistenceOutage/cancel
=== RUN   TestRuntimeJournalObservationPersistenceOutage/stopped
=== RUN   TestRuntimeJournalObservationPersistenceOutage/after-sync-stopped
--- PASS: TestRuntimeJournalObservationPersistenceOutage (1.79s)
    --- PASS: TestRuntimeJournalObservationPersistenceOutage/cancel (0.21s)
    --- PASS: TestRuntimeJournalObservationPersistenceOutage/stopped (0.78s)
    --- PASS: TestRuntimeJournalObservationPersistenceOutage/after-sync-stopped (0.79s)
=== RUN   TestRuntimeJournalObservationRejectsExpiredCheck
--- PASS: TestRuntimeJournalObservationRejectsExpiredCheck (0.24s)
=== RUN   TestRuntimeJournalObservationConcurrentClose
--- PASS: TestRuntimeJournalObservationConcurrentClose (1.80s)
=== RUN   TestRuntimeJournalObservationPreservesRevocationError
--- PASS: TestRuntimeJournalObservationPreservesRevocationError (0.22s)
=== RUN   TestRuntimeJournalObservationCancellationWithBusyEndpoint
--- PASS: TestRuntimeJournalObservationCancellationWithBusyEndpoint (0.22s)
=== RUN   TestRuntimeObserverCustody
=== RUN   TestRuntimeObserverCustody/held-start-once
=== RUN   TestRuntimeObserverCustody/close-before-start
=== RUN   TestRuntimeObserverCustody/different-caller
=== RUN   TestRuntimeObserverCustody/stopped-check
=== RUN   TestRuntimeObserverCustody/queued-check-and-revoke
=== RUN   TestRuntimeObserverCustody/channel-loss
--- PASS: TestRuntimeObserverCustody (0.49s)
    --- PASS: TestRuntimeObserverCustody/held-start-once (0.05s)
    --- PASS: TestRuntimeObserverCustody/close-before-start (0.04s)
    --- PASS: TestRuntimeObserverCustody/different-caller (0.06s)
    --- PASS: TestRuntimeObserverCustody/stopped-check (0.17s)
    --- PASS: TestRuntimeObserverCustody/queued-check-and-revoke (0.12s)
    --- PASS: TestRuntimeObserverCustody/channel-loss (0.05s)
=== RUN   TestRuntimeObserverProcessOfferDescriptors
=== RUN   TestRuntimeObserverProcessOfferDescriptors/valid
=== RUN   TestRuntimeObserverProcessOfferDescriptors/missing
=== RUN   TestRuntimeObserverProcessOfferDescriptors/regular-file
=== RUN   TestRuntimeObserverProcessOfferDescriptors/duplicate
=== RUN   TestRuntimeObserverProcessOfferDescriptors/truncated-rights
=== RUN   TestRuntimeObserverProcessOfferDescriptors/oversized
=== RUN   TestRuntimeObserverProcessOfferDescriptors/legacy-rejects-rights
--- PASS: TestRuntimeObserverProcessOfferDescriptors (0.00s)
    --- PASS: TestRuntimeObserverProcessOfferDescriptors/valid (0.00s)
    --- PASS: TestRuntimeObserverProcessOfferDescriptors/missing (0.00s)
    --- PASS: TestRuntimeObserverProcessOfferDescriptors/regular-file (0.00s)
    --- PASS: TestRuntimeObserverProcessOfferDescriptors/duplicate (0.00s)
    --- PASS: TestRuntimeObserverProcessOfferDescriptors/truncated-rights (0.00s)
    --- PASS: TestRuntimeObserverProcessOfferDescriptors/oversized (0.00s)
    --- PASS: TestRuntimeObserverProcessOfferDescriptors/legacy-rejects-rights (0.00s)
=== RUN   TestRuntimeStartupGrantActivationOrdersDurabilityAndWrites
--- PASS: TestRuntimeStartupGrantActivationOrdersDurabilityAndWrites (0.23s)
=== RUN   TestRuntimeStartupGrantActivationRejectsHistoryAndMismatches
=== RUN   TestRuntimeStartupGrantActivationRejectsHistoryAndMismatches/operation
=== RUN   TestRuntimeStartupGrantActivationRejectsHistoryAndMismatches/normal-grant
=== RUN   TestRuntimeStartupGrantActivationRejectsHistoryAndMismatches/wrong-runtime
=== RUN   TestRuntimeStartupGrantActivationRejectsHistoryAndMismatches/wrong-journal
=== RUN   TestRuntimeStartupGrantActivationRejectsHistoryAndMismatches/wrong-plan
=== RUN   TestRuntimeStartupGrantActivationRejectsHistoryAndMismatches/history
=== RUN   TestRuntimeStartupGrantActivationRejectsHistoryAndMismatches/reopened
=== RUN   TestRuntimeStartupGrantActivationRejectsHistoryAndMismatches/expired
=== RUN   TestRuntimeStartupGrantActivationRejectsHistoryAndMismatches/nil-grant
--- PASS: TestRuntimeStartupGrantActivationRejectsHistoryAndMismatches (1.87s)
    --- PASS: TestRuntimeStartupGrantActivationRejectsHistoryAndMismatches/operation (0.20s)
    --- PASS: TestRuntimeStartupGrantActivationRejectsHistoryAndMismatches/normal-grant (0.20s)
    --- PASS: TestRuntimeStartupGrantActivationRejectsHistoryAndMismatches/wrong-runtime (0.21s)
    --- PASS: TestRuntimeStartupGrantActivationRejectsHistoryAndMismatches/wrong-journal (0.21s)
    --- PASS: TestRuntimeStartupGrantActivationRejectsHistoryAndMismatches/wrong-plan (0.25s)
    --- PASS: TestRuntimeStartupGrantActivationRejectsHistoryAndMismatches/history (0.20s)
    --- PASS: TestRuntimeStartupGrantActivationRejectsHistoryAndMismatches/reopened (0.20s)
    --- PASS: TestRuntimeStartupGrantActivationRejectsHistoryAndMismatches/expired (0.20s)
    --- PASS: TestRuntimeStartupGrantActivationRejectsHistoryAndMismatches/nil-grant (0.20s)
=== RUN   TestRuntimeStartupGrantActivationFailsClosedDuringPersistence
=== RUN   TestRuntimeStartupGrantActivationFailsClosedDuringPersistence/before-append
=== RUN   TestRuntimeStartupGrantActivationFailsClosedDuringPersistence/after-append
=== RUN   TestRuntimeStartupGrantActivationFailsClosedDuringPersistence/after-sync
=== RUN   TestRuntimeStartupGrantActivationFailsClosedDuringPersistence/cancelled
=== RUN   TestRuntimeStartupGrantActivationFailsClosedDuringPersistence/closed-endpoint
=== RUN   TestRuntimeStartupGrantActivationFailsClosedDuringPersistence/worker-exited
=== RUN   TestRuntimeStartupGrantActivationFailsClosedDuringPersistence/runtime-owner-lost
=== RUN   TestRuntimeStartupGrantActivationFailsClosedDuringPersistence/journal-changed
=== RUN   TestRuntimeStartupGrantActivationFailsClosedDuringPersistence/expired
--- PASS: TestRuntimeStartupGrantActivationFailsClosedDuringPersistence (1.84s)
    --- PASS: TestRuntimeStartupGrantActivationFailsClosedDuringPersistence/before-append (0.21s)
    --- PASS: TestRuntimeStartupGrantActivationFailsClosedDuringPersistence/after-append (0.20s)
    --- PASS: TestRuntimeStartupGrantActivationFailsClosedDuringPersistence/after-sync (0.20s)
    --- PASS: TestRuntimeStartupGrantActivationFailsClosedDuringPersistence/cancelled (0.20s)
    --- PASS: TestRuntimeStartupGrantActivationFailsClosedDuringPersistence/closed-endpoint (0.20s)
    --- PASS: TestRuntimeStartupGrantActivationFailsClosedDuringPersistence/worker-exited (0.21s)
    --- PASS: TestRuntimeStartupGrantActivationFailsClosedDuringPersistence/runtime-owner-lost (0.20s)
    --- PASS: TestRuntimeStartupGrantActivationFailsClosedDuringPersistence/journal-changed (0.21s)
    --- PASS: TestRuntimeStartupGrantActivationFailsClosedDuringPersistence/expired (0.20s)
=== RUN   TestRuntimeStartupGrantActivationConcurrent
--- PASS: TestRuntimeStartupGrantActivationConcurrent (0.21s)
=== RUN   TestRuntimeStartupGrantActivationCloseRevokesBeforeBlockedAppend
--- PASS: TestRuntimeStartupGrantActivationCloseRevokesBeforeBlockedAppend (0.40s)
=== RUN   TestRuntimeStartupCoordinatorPermitsOnlyAfterObservedActivation
--- PASS: TestRuntimeStartupCoordinatorPermitsOnlyAfterObservedActivation (0.22s)
=== RUN   TestRuntimeStartupCoordinatorDeniesMismatchWithoutConsumption
--- PASS: TestRuntimeStartupCoordinatorDeniesMismatchWithoutConsumption (0.21s)
=== RUN   TestRuntimeStartupCoordinatorCloseReleasesObserverCustody
--- PASS: TestRuntimeStartupCoordinatorCloseReleasesObserverCustody (0.22s)
=== RUN   TestRuntimeStartupCoordinatorOutlivesSuccessfulExchange
--- PASS: TestRuntimeStartupCoordinatorOutlivesSuccessfulExchange (0.43s)
=== RUN   TestRuntimeStartupCoordinatorRejectsSameUIDDifferentProcess
--- PASS: TestRuntimeStartupCoordinatorRejectsSameUIDDifferentProcess (0.25s)
=== RUN   TestRuntimeStartupOrchestrationUsesTheRetainedCallerOnce
--- PASS: TestRuntimeStartupOrchestrationUsesTheRetainedCallerOnce (0.22s)
=== RUN   TestRuntimeStartupOrchestrationRequiresEveryAuthorityInput
--- PASS: TestRuntimeStartupOrchestrationRequiresEveryAuthorityInput (0.00s)
=== RUN   TestRuntimeStartupOrchestrationShutdownDuringPersistence
--- PASS: TestRuntimeStartupOrchestrationShutdownDuringPersistence (0.33s)
=== RUN   TestRuntimeStartupOrchestrationStopsListenerAndRoutes
=== RUN   TestRuntimeStartupOrchestrationStopsListenerAndRoutes/close
=== RUN   TestRuntimeStartupOrchestrationStopsListenerAndRoutes/cancel
--- PASS: TestRuntimeStartupOrchestrationStopsListenerAndRoutes (0.45s)
    --- PASS: TestRuntimeStartupOrchestrationStopsListenerAndRoutes/close (0.23s)
    --- PASS: TestRuntimeStartupOrchestrationStopsListenerAndRoutes/cancel (0.22s)
=== RUN   TestPrepareRemoteStartupOrchestrationRequiresIndependentInputs
--- PASS: TestPrepareRemoteStartupOrchestrationRequiresIndependentInputs (0.00s)
=== RUN   TestPrepareRemoteStartupOrchestrationPreflightsConsumptiveInputs
=== RUN   TestPrepareRemoteStartupOrchestrationPreflightsConsumptiveInputs/zero-exchange-timeout
=== RUN   TestPrepareRemoteStartupOrchestrationPreflightsConsumptiveInputs/long-observer-interval
=== RUN   TestPrepareRemoteStartupOrchestrationPreflightsConsumptiveInputs/duplicate-credentials
=== RUN   TestPrepareRemoteStartupOrchestrationPreflightsConsumptiveInputs/missing-credentials
--- PASS: TestPrepareRemoteStartupOrchestrationPreflightsConsumptiveInputs (0.00s)
    --- PASS: TestPrepareRemoteStartupOrchestrationPreflightsConsumptiveInputs/zero-exchange-timeout (0.00s)
    --- PASS: TestPrepareRemoteStartupOrchestrationPreflightsConsumptiveInputs/long-observer-interval (0.00s)
    --- PASS: TestPrepareRemoteStartupOrchestrationPreflightsConsumptiveInputs/duplicate-credentials (0.00s)
    --- PASS: TestPrepareRemoteStartupOrchestrationPreflightsConsumptiveInputs/missing-credentials (0.00s)
=== RUN   TestRuntimeStartupServerRejectsInvalidConfiguration
--- PASS: TestRuntimeStartupServerRejectsInvalidConfiguration (0.00s)
=== RUN   TestRuntimeStartupServerShutdownClosesIdleListener
--- PASS: TestRuntimeStartupServerShutdownClosesIdleListener (0.00s)
=== RUN   TestRuntimeStartupServerCancellationClosesIdleListener
--- PASS: TestRuntimeStartupServerCancellationClosesIdleListener (0.00s)
=== RUN   TestRuntimeStartupServerShutdownBeforeServeIsTerminal
--- PASS: TestRuntimeStartupServerShutdownBeforeServeIsTerminal (0.00s)
=== RUN   TestRuntimeStartupServerOwnsPostReplyLifetime
=== RUN   TestRuntimeStartupServerOwnsPostReplyLifetime/delivered
=== RUN   TestRuntimeStartupServerOwnsPostReplyLifetime/connection-lost
--- PASS: TestRuntimeStartupServerOwnsPostReplyLifetime (0.66s)
    --- PASS: TestRuntimeStartupServerOwnsPostReplyLifetime/delivered (0.44s)
    --- PASS: TestRuntimeStartupServerOwnsPostReplyLifetime/connection-lost (0.23s)
PASS
