=== RUN   TestJournalOwnerNonAdmissionRejectsWithoutPublishing
=== RUN   TestJournalOwnerNonAdmissionRejectsWithoutPublishing/non-admission
=== RUN   TestJournalOwnerNonAdmissionRejectsWithoutPublishing/non-admission/signature
=== RUN   TestJournalOwnerNonAdmissionRejectsWithoutPublishing/non-admission/scope
=== RUN   TestJournalOwnerNonAdmissionRejectsWithoutPublishing/non-admission/wrong-route
=== RUN   TestJournalOwnerNonAdmissionRejectsWithoutPublishing/non-admission/old-epoch
=== RUN   TestJournalOwnerNonAdmissionRejectsWithoutPublishing/non-admission/missing-floor
=== RUN   TestJournalOwnerNonAdmissionRejectsWithoutPublishing/non-admission/admitted-intent
=== RUN   TestJournalOwnerNonAdmissionRejectsWithoutPublishing/non-admission/bad-time
=== RUN   TestJournalOwnerNonAdmissionRejectsWithoutPublishing/non-admission/conflicting-proof
=== RUN   TestJournalOwnerNonAdmissionRejectsWithoutPublishing/non-admission/abort
=== RUN   TestJournalOwnerNonAdmissionRejectsWithoutPublishing/terminal-non-admission
=== RUN   TestJournalOwnerNonAdmissionRejectsWithoutPublishing/terminal-non-admission/signature
=== RUN   TestJournalOwnerNonAdmissionRejectsWithoutPublishing/terminal-non-admission/scope
=== RUN   TestJournalOwnerNonAdmissionRejectsWithoutPublishing/terminal-non-admission/wrong-route
=== RUN   TestJournalOwnerNonAdmissionRejectsWithoutPublishing/terminal-non-admission/old-epoch
=== RUN   TestJournalOwnerNonAdmissionRejectsWithoutPublishing/terminal-non-admission/missing-floor
=== RUN   TestJournalOwnerNonAdmissionRejectsWithoutPublishing/terminal-non-admission/admitted-intent
=== RUN   TestJournalOwnerNonAdmissionRejectsWithoutPublishing/terminal-non-admission/bad-time
=== RUN   TestJournalOwnerNonAdmissionRejectsWithoutPublishing/terminal-non-admission/conflicting-proof
=== RUN   TestJournalOwnerNonAdmissionRejectsWithoutPublishing/terminal-non-admission/abort
--- PASS: TestJournalOwnerNonAdmissionRejectsWithoutPublishing (0.38s)
    --- PASS: TestJournalOwnerNonAdmissionRejectsWithoutPublishing/non-admission (0.20s)
        --- PASS: TestJournalOwnerNonAdmissionRejectsWithoutPublishing/non-admission/signature (0.02s)
        --- PASS: TestJournalOwnerNonAdmissionRejectsWithoutPublishing/non-admission/scope (0.02s)
        --- PASS: TestJournalOwnerNonAdmissionRejectsWithoutPublishing/non-admission/wrong-route (0.02s)
        --- PASS: TestJournalOwnerNonAdmissionRejectsWithoutPublishing/non-admission/old-epoch (0.02s)
        --- PASS: TestJournalOwnerNonAdmissionRejectsWithoutPublishing/non-admission/missing-floor (0.02s)
        --- PASS: TestJournalOwnerNonAdmissionRejectsWithoutPublishing/non-admission/admitted-intent (0.04s)
        --- PASS: TestJournalOwnerNonAdmissionRejectsWithoutPublishing/non-admission/bad-time (0.02s)
        --- PASS: TestJournalOwnerNonAdmissionRejectsWithoutPublishing/non-admission/conflicting-proof (0.03s)
        --- PASS: TestJournalOwnerNonAdmissionRejectsWithoutPublishing/non-admission/abort (0.02s)
    --- PASS: TestJournalOwnerNonAdmissionRejectsWithoutPublishing/terminal-non-admission (0.18s)
        --- PASS: TestJournalOwnerNonAdmissionRejectsWithoutPublishing/terminal-non-admission/signature (0.02s)
        --- PASS: TestJournalOwnerNonAdmissionRejectsWithoutPublishing/terminal-non-admission/scope (0.02s)
        --- PASS: TestJournalOwnerNonAdmissionRejectsWithoutPublishing/terminal-non-admission/wrong-route (0.02s)
        --- PASS: TestJournalOwnerNonAdmissionRejectsWithoutPublishing/terminal-non-admission/old-epoch (0.02s)
        --- PASS: TestJournalOwnerNonAdmissionRejectsWithoutPublishing/terminal-non-admission/missing-floor (0.02s)
        --- PASS: TestJournalOwnerNonAdmissionRejectsWithoutPublishing/terminal-non-admission/admitted-intent (0.04s)
        --- PASS: TestJournalOwnerNonAdmissionRejectsWithoutPublishing/terminal-non-admission/bad-time (0.02s)
        --- PASS: TestJournalOwnerNonAdmissionRejectsWithoutPublishing/terminal-non-admission/conflicting-proof (0.03s)
        --- PASS: TestJournalOwnerNonAdmissionRejectsWithoutPublishing/terminal-non-admission/abort (0.02s)
=== RUN   TestJournalOwnerNonAdmissionRecomputesDigestAndReplaysExactProof
=== RUN   TestJournalOwnerNonAdmissionRecomputesDigestAndReplaysExactProof/non-admission
=== RUN   TestJournalOwnerNonAdmissionRecomputesDigestAndReplaysExactProof/terminal-non-admission
--- PASS: TestJournalOwnerNonAdmissionRecomputesDigestAndReplaysExactProof (0.03s)
    --- PASS: TestJournalOwnerNonAdmissionRecomputesDigestAndReplaysExactProof/non-admission (0.02s)
    --- PASS: TestJournalOwnerNonAdmissionRecomputesDigestAndReplaysExactProof/terminal-non-admission (0.01s)
=== RUN   TestJournalOwnerStartupBindsManifestAndPreservesUnresolvedIntent
=== RUN   TestJournalOwnerStartupBindsManifestAndPreservesUnresolvedIntent/scope
=== RUN   TestJournalOwnerStartupBindsManifestAndPreservesUnresolvedIntent/incarnation
=== RUN   TestJournalOwnerStartupBindsManifestAndPreservesUnresolvedIntent/time
=== RUN   TestJournalOwnerStartupBindsManifestAndPreservesUnresolvedIntent/abort
=== RUN   TestJournalOwnerStartupBindsManifestAndPreservesUnresolvedIntent/none
--- PASS: TestJournalOwnerStartupBindsManifestAndPreservesUnresolvedIntent (0.04s)
    --- PASS: TestJournalOwnerStartupBindsManifestAndPreservesUnresolvedIntent/scope (0.01s)
    --- PASS: TestJournalOwnerStartupBindsManifestAndPreservesUnresolvedIntent/incarnation (0.01s)
    --- PASS: TestJournalOwnerStartupBindsManifestAndPreservesUnresolvedIntent/time (0.01s)
    --- PASS: TestJournalOwnerStartupBindsManifestAndPreservesUnresolvedIntent/abort (0.01s)
    --- PASS: TestJournalOwnerStartupBindsManifestAndPreservesUnresolvedIntent/none (0.01s)
=== RUN   TestJournalOwnerTerminalExpiryDoesNotPoisonSubsequentCheckpoint
--- PASS: TestJournalOwnerTerminalExpiryDoesNotPoisonSubsequentCheckpoint (0.02s)
=== RUN   TestExecutionNonAdmissionRequiresDurableFloorAndNeverClaimsPersistedIntent
--- PASS: TestExecutionNonAdmissionRequiresDurableFloorAndNeverClaimsPersistedIntent (0.07s)
=== RUN   TestExecutionNonAdmissionDoesNotInferHistoricalCoverageAfterRestart
--- PASS: TestExecutionNonAdmissionDoesNotInferHistoricalCoverageAfterRestart (0.01s)
=== RUN   TestExecutionNonAdmissionPersistenceFailureAndLostResponseRecover
=== RUN   TestExecutionNonAdmissionPersistenceFailureAndLostResponseRecover/sync
=== RUN   TestExecutionNonAdmissionPersistenceFailureAndLostResponseRecover/reply
--- PASS: TestExecutionNonAdmissionPersistenceFailureAndLostResponseRecover (0.04s)
    --- PASS: TestExecutionNonAdmissionPersistenceFailureAndLostResponseRecover/sync (0.02s)
    --- PASS: TestExecutionNonAdmissionPersistenceFailureAndLostResponseRecover/reply (0.02s)
=== RUN   TestExecutionNonAdmissionRejectsConcurrentAcceptedPrepare
--- PASS: TestExecutionNonAdmissionRejectsConcurrentAcceptedPrepare (0.03s)
=== RUN   TestExecutionNonAdmissionHistoryRejectsCorruption
=== RUN   TestExecutionNonAdmissionHistoryRejectsCorruption/signature
=== RUN   TestExecutionNonAdmissionHistoryRejectsCorruption/digest
=== RUN   TestExecutionNonAdmissionHistoryRejectsCorruption/sequence
=== RUN   TestExecutionNonAdmissionHistoryRejectsCorruption/floor
=== RUN   TestExecutionNonAdmissionHistoryRejectsCorruption/contract
=== RUN   TestExecutionNonAdmissionHistoryRejectsCorruption/timestamp
=== RUN   TestExecutionNonAdmissionHistoryRejectsCorruption/duplicate
=== RUN   TestExecutionNonAdmissionHistoryRejectsCorruption/admitted
--- PASS: TestExecutionNonAdmissionHistoryRejectsCorruption (0.35s)
    --- PASS: TestExecutionNonAdmissionHistoryRejectsCorruption/signature (0.04s)
    --- PASS: TestExecutionNonAdmissionHistoryRejectsCorruption/digest (0.04s)
    --- PASS: TestExecutionNonAdmissionHistoryRejectsCorruption/sequence (0.04s)
    --- PASS: TestExecutionNonAdmissionHistoryRejectsCorruption/floor (0.04s)
    --- PASS: TestExecutionNonAdmissionHistoryRejectsCorruption/contract (0.04s)
    --- PASS: TestExecutionNonAdmissionHistoryRejectsCorruption/timestamp (0.05s)
    --- PASS: TestExecutionNonAdmissionHistoryRejectsCorruption/duplicate (0.04s)
    --- PASS: TestExecutionNonAdmissionHistoryRejectsCorruption/admitted (0.04s)
=== RUN   TestExecutionNonAdmissionHistoryBoundsWithoutEvictingProof
--- PASS: TestExecutionNonAdmissionHistoryBoundsWithoutEvictingProof (0.65s)
=== RUN   TestExecutionNonAdmissionSchemaUpgradeRejectsUnverifiableSource
=== RUN   TestExecutionNonAdmissionSchemaUpgradeRejectsUnverifiableSource/schema-1
=== RUN   TestExecutionNonAdmissionSchemaUpgradeRejectsUnverifiableSource/signature
=== RUN   TestExecutionNonAdmissionSchemaUpgradeRejectsUnverifiableSource/new-proof-in-v2
=== RUN   TestExecutionNonAdmissionSchemaUpgradeRejectsUnverifiableSource/initialize
--- PASS: TestExecutionNonAdmissionSchemaUpgradeRejectsUnverifiableSource (0.05s)
    --- PASS: TestExecutionNonAdmissionSchemaUpgradeRejectsUnverifiableSource/schema-1 (0.01s)
    --- PASS: TestExecutionNonAdmissionSchemaUpgradeRejectsUnverifiableSource/signature (0.01s)
    --- PASS: TestExecutionNonAdmissionSchemaUpgradeRejectsUnverifiableSource/new-proof-in-v2 (0.02s)
    --- PASS: TestExecutionNonAdmissionSchemaUpgradeRejectsUnverifiableSource/initialize (0.01s)
=== RUN   TestExecutionNonAdmissionSchemaUpgradePreservesHistoryAndRequiresOptIn
=== RUN   TestExecutionNonAdmissionSchemaUpgradePreservesHistoryAndRequiresOptIn/pending
=== RUN   TestExecutionNonAdmissionSchemaUpgradePreservesHistoryAndRequiresOptIn/drained
--- PASS: TestExecutionNonAdmissionSchemaUpgradePreservesHistoryAndRequiresOptIn (0.16s)
    --- PASS: TestExecutionNonAdmissionSchemaUpgradePreservesHistoryAndRequiresOptIn/pending (0.09s)
    --- PASS: TestExecutionNonAdmissionSchemaUpgradePreservesHistoryAndRequiresOptIn/drained (0.08s)
=== RUN   TestRuntimeServerRetainsBackendOwnershipAfterFailedOrIdleStartup
=== RUN   TestRuntimeServerRetainsBackendOwnershipAfterFailedOrIdleStartup/first-factory-fails
=== RUN   TestRuntimeServerRetainsBackendOwnershipAfterFailedOrIdleStartup/second-factory-fails
=== RUN   TestRuntimeServerRetainsBackendOwnershipAfterFailedOrIdleStartup/idle-close
--- PASS: TestRuntimeServerRetainsBackendOwnershipAfterFailedOrIdleStartup (0.12s)
    --- PASS: TestRuntimeServerRetainsBackendOwnershipAfterFailedOrIdleStartup/first-factory-fails (0.04s)
    --- PASS: TestRuntimeServerRetainsBackendOwnershipAfterFailedOrIdleStartup/second-factory-fails (0.04s)
    --- PASS: TestRuntimeServerRetainsBackendOwnershipAfterFailedOrIdleStartup/idle-close (0.04s)
=== RUN   TestRuntimeServerFreezesLaunchBeforeBackendCallbacks
=== RUN   TestRuntimeServerFreezesLaunchBeforeBackendCallbacks/caller-manifest
=== RUN   TestRuntimeServerFreezesLaunchBeforeBackendCallbacks/shared-runtime-slices
--- PASS: TestRuntimeServerFreezesLaunchBeforeBackendCallbacks (0.02s)
    --- PASS: TestRuntimeServerFreezesLaunchBeforeBackendCallbacks/caller-manifest (0.01s)
    --- PASS: TestRuntimeServerFreezesLaunchBeforeBackendCallbacks/shared-runtime-slices (0.01s)
=== RUN   TestRuntimeServerDrainDoesNotRetireBackendIncarnation
--- PASS: TestRuntimeServerDrainDoesNotRetireBackendIncarnation (0.07s)
=== RUN   TestRuntimeServerBackendStartupPersistenceFailureDoesNotDispatch
=== RUN   TestRuntimeServerBackendStartupPersistenceFailureDoesNotDispatch/renamed-not-synced
=== RUN   TestRuntimeServerBackendStartupPersistenceFailureDoesNotDispatch/synced-error
=== RUN   TestRuntimeServerBackendStartupPersistenceFailureDoesNotDispatch/synced-canceled
--- PASS: TestRuntimeServerBackendStartupPersistenceFailureDoesNotDispatch (0.03s)
    --- PASS: TestRuntimeServerBackendStartupPersistenceFailureDoesNotDispatch/renamed-not-synced (0.01s)
    --- PASS: TestRuntimeServerBackendStartupPersistenceFailureDoesNotDispatch/synced-error (0.01s)
    --- PASS: TestRuntimeServerBackendStartupPersistenceFailureDoesNotDispatch/synced-canceled (0.01s)
=== RUN   TestRuntimeServerRejectsMalformedBackendLifecycleBeforeFactories
=== RUN   TestRuntimeServerRejectsMalformedBackendLifecycleBeforeFactories/missing
=== RUN   TestRuntimeServerRejectsMalformedBackendLifecycleBeforeFactories/unknown-state
=== RUN   TestRuntimeServerRejectsMalformedBackendLifecycleBeforeFactories/zero-id
=== RUN   TestRuntimeServerRejectsMalformedBackendLifecycleBeforeFactories/wrong-id-version
=== RUN   TestRuntimeServerRejectsMalformedBackendLifecycleBeforeFactories/zero-digest
=== RUN   TestRuntimeServerRejectsMalformedBackendLifecycleBeforeFactories/zero-time
=== RUN   TestRuntimeServerRejectsMalformedBackendLifecycleBeforeFactories/unstarted-with-history
=== RUN   TestRuntimeServerRejectsMalformedBackendLifecycleBeforeFactories/legacy-with-history
--- PASS: TestRuntimeServerRejectsMalformedBackendLifecycleBeforeFactories (0.05s)
    --- PASS: TestRuntimeServerRejectsMalformedBackendLifecycleBeforeFactories/missing (0.01s)
    --- PASS: TestRuntimeServerRejectsMalformedBackendLifecycleBeforeFactories/unknown-state (0.01s)
    --- PASS: TestRuntimeServerRejectsMalformedBackendLifecycleBeforeFactories/zero-id (0.01s)
    --- PASS: TestRuntimeServerRejectsMalformedBackendLifecycleBeforeFactories/wrong-id-version (0.01s)
    --- PASS: TestRuntimeServerRejectsMalformedBackendLifecycleBeforeFactories/zero-digest (0.01s)
    --- PASS: TestRuntimeServerRejectsMalformedBackendLifecycleBeforeFactories/zero-time (0.01s)
    --- PASS: TestRuntimeServerRejectsMalformedBackendLifecycleBeforeFactories/unstarted-with-history (0.01s)
    --- PASS: TestRuntimeServerRejectsMalformedBackendLifecycleBeforeFactories/legacy-with-history (0.01s)
=== RUN   TestTerminalNonAdmissionRPCRejectsInvalidScopes
=== RUN   TestTerminalNonAdmissionRPCRejectsInvalidScopes/nil_scope
=== RUN   TestTerminalNonAdmissionRPCRejectsInvalidScopes/schema
=== RUN   TestTerminalNonAdmissionRPCRejectsInvalidScopes/unknown
=== RUN   TestTerminalNonAdmissionRPCRejectsInvalidScopes/identity_unknown
=== RUN   TestTerminalNonAdmissionRPCRejectsInvalidScopes/missing_history
=== RUN   TestTerminalNonAdmissionRPCRejectsInvalidScopes/signature
=== RUN   TestTerminalNonAdmissionRPCRejectsInvalidScopes/future
=== RUN   TestTerminalNonAdmissionRPCRejectsInvalidScopes/size
=== RUN   TestTerminalNonAdmissionRPCRejectsInvalidScopes/allocation
=== RUN   TestTerminalNonAdmissionRPCRejectsInvalidScopes/target_member
=== RUN   TestTerminalNonAdmissionRPCRejectsInvalidScopes/target_epoch
=== RUN   TestTerminalNonAdmissionRPCRejectsInvalidScopes/member_identity
=== RUN   TestTerminalNonAdmissionRPCRejectsInvalidScopes/subset
=== RUN   TestTerminalNonAdmissionRPCRejectsInvalidScopes/non-durable
--- PASS: TestTerminalNonAdmissionRPCRejectsInvalidScopes (0.13s)
    --- PASS: TestTerminalNonAdmissionRPCRejectsInvalidScopes/nil_scope (0.01s)
    --- PASS: TestTerminalNonAdmissionRPCRejectsInvalidScopes/schema (0.01s)
    --- PASS: TestTerminalNonAdmissionRPCRejectsInvalidScopes/unknown (0.01s)
    --- PASS: TestTerminalNonAdmissionRPCRejectsInvalidScopes/identity_unknown (0.01s)
    --- PASS: TestTerminalNonAdmissionRPCRejectsInvalidScopes/missing_history (0.01s)
    --- PASS: TestTerminalNonAdmissionRPCRejectsInvalidScopes/signature (0.01s)
    --- PASS: TestTerminalNonAdmissionRPCRejectsInvalidScopes/future (0.01s)
    --- PASS: TestTerminalNonAdmissionRPCRejectsInvalidScopes/size (0.01s)
    --- PASS: TestTerminalNonAdmissionRPCRejectsInvalidScopes/allocation (0.01s)
    --- PASS: TestTerminalNonAdmissionRPCRejectsInvalidScopes/target_member (0.01s)
    --- PASS: TestTerminalNonAdmissionRPCRejectsInvalidScopes/target_epoch (0.01s)
    --- PASS: TestTerminalNonAdmissionRPCRejectsInvalidScopes/member_identity (0.01s)
    --- PASS: TestTerminalNonAdmissionRPCRejectsInvalidScopes/subset (0.01s)
    --- PASS: TestTerminalNonAdmissionRPCRejectsInvalidScopes/non-durable (0.01s)
=== RUN   TestTerminalNonAdmissionRPCSeparatesCurrentReaderFromOriginalResidency
--- PASS: TestTerminalNonAdmissionRPCSeparatesCurrentReaderFromOriginalResidency (0.03s)
=== RUN   TestTerminalNonAdmissionCoversUnsignedAllocationWithoutEnteringBackend
--- PASS: TestTerminalNonAdmissionCoversUnsignedAllocationWithoutEnteringBackend (0.07s)
=== RUN   TestTerminalNonAdmissionRecoveryNeverInfersMissingOldEpochProof
=== RUN   TestTerminalNonAdmissionRecoveryNeverInfersMissingOldEpochProof/unknown
=== RUN   TestTerminalNonAdmissionRecoveryNeverInfersMissingOldEpochProof/checkpointed
--- PASS: TestTerminalNonAdmissionRecoveryNeverInfersMissingOldEpochProof (0.04s)
    --- PASS: TestTerminalNonAdmissionRecoveryNeverInfersMissingOldEpochProof/unknown (0.02s)
    --- PASS: TestTerminalNonAdmissionRecoveryNeverInfersMissingOldEpochProof/checkpointed (0.02s)
=== RUN   TestTerminalNonAdmissionReplayBindsExactHistoricalScope
=== RUN   TestTerminalNonAdmissionReplayBindsExactHistoricalScope/nonce
=== RUN   TestTerminalNonAdmissionReplayBindsExactHistoricalScope/barrier
=== RUN   TestTerminalNonAdmissionReplayBindsExactHistoricalScope/organization
=== RUN   TestTerminalNonAdmissionReplayBindsExactHistoricalScope/terminal_state
=== RUN   TestTerminalNonAdmissionReplayBindsExactHistoricalScope/allocation
=== RUN   TestTerminalNonAdmissionReplayBindsExactHistoricalScope/stage_attempt
=== RUN   TestTerminalNonAdmissionReplayBindsExactHistoricalScope/lease
=== RUN   TestTerminalNonAdmissionReplayBindsExactHistoricalScope/project
=== RUN   TestTerminalNonAdmissionReplayBindsExactHistoricalScope/job
=== RUN   TestTerminalNonAdmissionReplayBindsExactHistoricalScope/attempt
=== RUN   TestTerminalNonAdmissionReplayBindsExactHistoricalScope/stage_run
=== RUN   TestTerminalNonAdmissionReplayBindsExactHistoricalScope/fence
=== RUN   TestTerminalNonAdmissionReplayBindsExactHistoricalScope/version
--- PASS: TestTerminalNonAdmissionReplayBindsExactHistoricalScope (0.08s)
    --- PASS: TestTerminalNonAdmissionReplayBindsExactHistoricalScope/nonce (0.00s)
    --- PASS: TestTerminalNonAdmissionReplayBindsExactHistoricalScope/barrier (0.00s)
    --- PASS: TestTerminalNonAdmissionReplayBindsExactHistoricalScope/organization (0.00s)
    --- PASS: TestTerminalNonAdmissionReplayBindsExactHistoricalScope/terminal_state (0.00s)
    --- PASS: TestTerminalNonAdmissionReplayBindsExactHistoricalScope/allocation (0.00s)
    --- PASS: TestTerminalNonAdmissionReplayBindsExactHistoricalScope/stage_attempt (0.00s)
    --- PASS: TestTerminalNonAdmissionReplayBindsExactHistoricalScope/lease (0.00s)
    --- PASS: TestTerminalNonAdmissionReplayBindsExactHistoricalScope/project (0.00s)
    --- PASS: TestTerminalNonAdmissionReplayBindsExactHistoricalScope/job (0.00s)
    --- PASS: TestTerminalNonAdmissionReplayBindsExactHistoricalScope/attempt (0.00s)
    --- PASS: TestTerminalNonAdmissionReplayBindsExactHistoricalScope/stage_run (0.00s)
    --- PASS: TestTerminalNonAdmissionReplayBindsExactHistoricalScope/fence (0.00s)
    --- PASS: TestTerminalNonAdmissionReplayBindsExactHistoricalScope/version (0.00s)
=== RUN   TestTerminalNonAdmissionSerializesWithAcceptedPrepare
--- PASS: TestTerminalNonAdmissionSerializesWithAcceptedPrepare (0.03s)
=== RUN   TestTerminalNonAdmissionRejectsInvalidOrMismatchedEvidence
=== RUN   TestTerminalNonAdmissionRejectsInvalidOrMismatchedEvidence/residency
=== RUN   TestTerminalNonAdmissionRejectsInvalidOrMismatchedEvidence/worker
=== RUN   TestTerminalNonAdmissionRejectsInvalidOrMismatchedEvidence/worker_epoch
=== RUN   TestTerminalNonAdmissionRejectsInvalidOrMismatchedEvidence/device
=== RUN   TestTerminalNonAdmissionRejectsInvalidOrMismatchedEvidence/device_set
=== RUN   TestTerminalNonAdmissionRejectsInvalidOrMismatchedEvidence/identity
=== RUN   TestTerminalNonAdmissionRejectsInvalidOrMismatchedEvidence/subset
=== RUN   TestTerminalNonAdmissionRejectsInvalidOrMismatchedEvidence/profile
=== RUN   TestTerminalNonAdmissionRejectsInvalidOrMismatchedEvidence/future
=== RUN   TestTerminalNonAdmissionRejectsInvalidOrMismatchedEvidence/membership
=== RUN   TestTerminalNonAdmissionRejectsInvalidOrMismatchedEvidence/member_epoch
=== RUN   TestTerminalNonAdmissionRejectsInvalidOrMismatchedEvidence/runtime_epoch
=== RUN   TestTerminalNonAdmissionRejectsInvalidOrMismatchedEvidence/runtime
--- PASS: TestTerminalNonAdmissionRejectsInvalidOrMismatchedEvidence (0.03s)
    --- PASS: TestTerminalNonAdmissionRejectsInvalidOrMismatchedEvidence/residency (0.00s)
    --- PASS: TestTerminalNonAdmissionRejectsInvalidOrMismatchedEvidence/worker (0.00s)
    --- PASS: TestTerminalNonAdmissionRejectsInvalidOrMismatchedEvidence/worker_epoch (0.00s)
    --- PASS: TestTerminalNonAdmissionRejectsInvalidOrMismatchedEvidence/device (0.00s)
    --- PASS: TestTerminalNonAdmissionRejectsInvalidOrMismatchedEvidence/device_set (0.00s)
    --- PASS: TestTerminalNonAdmissionRejectsInvalidOrMismatchedEvidence/identity (0.00s)
    --- PASS: TestTerminalNonAdmissionRejectsInvalidOrMismatchedEvidence/subset (0.00s)
    --- PASS: TestTerminalNonAdmissionRejectsInvalidOrMismatchedEvidence/profile (0.00s)
    --- PASS: TestTerminalNonAdmissionRejectsInvalidOrMismatchedEvidence/future (0.00s)
    --- PASS: TestTerminalNonAdmissionRejectsInvalidOrMismatchedEvidence/membership (0.00s)
    --- PASS: TestTerminalNonAdmissionRejectsInvalidOrMismatchedEvidence/member_epoch (0.00s)
    --- PASS: TestTerminalNonAdmissionRejectsInvalidOrMismatchedEvidence/runtime_epoch (0.00s)
    --- PASS: TestTerminalNonAdmissionRejectsInvalidOrMismatchedEvidence/runtime (0.00s)
=== RUN   TestTerminalNonAdmissionPersistenceFailureAndLostReplyRecover
=== RUN   TestTerminalNonAdmissionPersistenceFailureAndLostReplyRecover/sync
=== RUN   TestTerminalNonAdmissionPersistenceFailureAndLostReplyRecover/reply
--- PASS: TestTerminalNonAdmissionPersistenceFailureAndLostReplyRecover (0.04s)
    --- PASS: TestTerminalNonAdmissionPersistenceFailureAndLostReplyRecover/sync (0.02s)
    --- PASS: TestTerminalNonAdmissionPersistenceFailureAndLostReplyRecover/reply (0.02s)
=== RUN   TestTerminalNonAdmissionRejectsConflictingProofsInBothOrders
=== RUN   TestTerminalNonAdmissionRejectsConflictingProofsInBothOrders/execution_first
=== RUN   TestTerminalNonAdmissionRejectsConflictingProofsInBothOrders/terminal_first
--- PASS: TestTerminalNonAdmissionRejectsConflictingProofsInBothOrders (0.07s)
    --- PASS: TestTerminalNonAdmissionRejectsConflictingProofsInBothOrders/execution_first (0.03s)
    --- PASS: TestTerminalNonAdmissionRejectsConflictingProofsInBothOrders/terminal_first (0.03s)
=== RUN   TestTerminalNonAdmissionBoundNeverEvictsOldProof
--- PASS: TestTerminalNonAdmissionBoundNeverEvictsOldProof (1.23s)
=== RUN   TestTerminalNonAdmissionRecoveryRejectsCorruptProofs
=== RUN   TestTerminalNonAdmissionRecoveryRejectsCorruptProofs/digest
=== RUN   TestTerminalNonAdmissionRecoveryRejectsCorruptProofs/signature
=== RUN   TestTerminalNonAdmissionRecoveryRejectsCorruptProofs/allocation
=== RUN   TestTerminalNonAdmissionRecoveryRejectsCorruptProofs/sequence
=== RUN   TestTerminalNonAdmissionRecoveryRejectsCorruptProofs/floor_low
=== RUN   TestTerminalNonAdmissionRecoveryRejectsCorruptProofs/floor_high
=== RUN   TestTerminalNonAdmissionRecoveryRejectsCorruptProofs/contract
=== RUN   TestTerminalNonAdmissionRecoveryRejectsCorruptProofs/time
=== RUN   TestTerminalNonAdmissionRecoveryRejectsCorruptProofs/duplicate
=== RUN   TestTerminalNonAdmissionRecoveryRejectsCorruptProofs/schema3
=== RUN   TestTerminalNonAdmissionRecoveryRejectsCorruptProofs/scope
=== RUN   TestTerminalNonAdmissionRecoveryRejectsCorruptProofs/execution_collision
--- PASS: TestTerminalNonAdmissionRecoveryRejectsCorruptProofs (0.23s)
    --- PASS: TestTerminalNonAdmissionRecoveryRejectsCorruptProofs/digest (0.02s)
    --- PASS: TestTerminalNonAdmissionRecoveryRejectsCorruptProofs/signature (0.02s)
    --- PASS: TestTerminalNonAdmissionRecoveryRejectsCorruptProofs/allocation (0.02s)
    --- PASS: TestTerminalNonAdmissionRecoveryRejectsCorruptProofs/sequence (0.02s)
    --- PASS: TestTerminalNonAdmissionRecoveryRejectsCorruptProofs/floor_low (0.02s)
    --- PASS: TestTerminalNonAdmissionRecoveryRejectsCorruptProofs/floor_high (0.02s)
    --- PASS: TestTerminalNonAdmissionRecoveryRejectsCorruptProofs/contract (0.02s)
    --- PASS: TestTerminalNonAdmissionRecoveryRejectsCorruptProofs/time (0.02s)
    --- PASS: TestTerminalNonAdmissionRecoveryRejectsCorruptProofs/duplicate (0.02s)
    --- PASS: TestTerminalNonAdmissionRecoveryRejectsCorruptProofs/schema3 (0.02s)
    --- PASS: TestTerminalNonAdmissionRecoveryRejectsCorruptProofs/scope (0.02s)
    --- PASS: TestTerminalNonAdmissionRecoveryRejectsCorruptProofs/execution_collision (0.02s)
=== RUN   TestTerminalNonAdmissionSchema3UpgradePreservesEvidence
=== RUN   TestTerminalNonAdmissionSchema3UpgradePreservesEvidence/pending
=== RUN   TestTerminalNonAdmissionSchema3UpgradePreservesEvidence/drained
--- PASS: TestTerminalNonAdmissionSchema3UpgradePreservesEvidence (0.18s)
    --- PASS: TestTerminalNonAdmissionSchema3UpgradePreservesEvidence/pending (0.07s)
    --- PASS: TestTerminalNonAdmissionSchema3UpgradePreservesEvidence/drained (0.11s)
=== RUN   TestTerminalNonAdmissionSurvivesAbruptProcessExit
--- PASS: TestTerminalNonAdmissionSurvivesAbruptProcessExit (1.06s)
=== RUN   TestTerminalNonAdmissionProcessHelper
--- PASS: TestTerminalNonAdmissionProcessHelper (0.00s)
PASS
