=== RUN   TestRuntimeCallerContainerCRI
    runtime_containerd_linux_test.go:154: containerd github.com/containerd/containerd/v2 v2.3.1 64b425cf570b3b8dd1d4cc46da7c1fce65c6651a
    runtime_containerd_linux_test.go:154: runc version 1.4.2
        commit: v1.4.2-0-gc241c0bb
        spec: 1.3.0
        go: go1.25.8
        libseccomp: 2.6.0
=== RUN   TestRuntimeCallerContainerCRI/owner
    runtime_container_cri_linux_test.go:118: actual CRI container=aa969300c419e32dd48d4e56d71e4d37e0babf67b9073f0cc45a078314977338 sandbox=58f5aa65c8bfdd26e0afd224ccf06c000d4bea8f01e3419733f609e0868bb51a Pod=cf320002-1888-4cfa-9473-119351290eee host_pid=142 namespace_pid=1 image_ref=sha256:db1505e13cb5cf1d48ac67341b4fa2f9a4bbd065e2e9356c80a8f943fe926ba2
=== RUN   TestRuntimeCallerContainerCRI/owner/copied-state-root
=== RUN   TestRuntimeCallerContainerCRI/owner/node-mount-alias-and-shadow
    runtime_task_launch_integration_linux_test.go:118: === RUN   TestRuntimeTaskStateMountHelper
            runtime_task_launch_integration_linux_test.go:243: different Node path matched the state inode; shadow mount below alias could not change the daemon-view bundle
        --- PASS: TestRuntimeTaskStateMountHelper (0.01s)
        PASS
        
=== RUN   TestRuntimeCallerContainerCRI/owner/task-bundle-writable
=== RUN   TestRuntimeCallerContainerCRI/owner/task-bundle-wrong-owner
=== RUN   TestRuntimeCallerContainerCRI/owner/task-bundle-missing
=== RUN   TestRuntimeCallerContainerCRI/owner/task-bundle-oversize
=== RUN   TestRuntimeCallerContainerCRI/owner/task-bundle-symlink
=== RUN   TestRuntimeCallerContainerCRI/owner/task-bundle-hardlink
=== RUN   TestRuntimeCallerContainerCRI/owner/task-bundle-fifo
=== RUN   TestRuntimeCallerContainerCRI/owner/task-bundle-duplicate-key
=== RUN   TestRuntimeCallerContainerCRI/owner/task-bundle-unknown-key
=== RUN   TestRuntimeCallerContainerCRI/owner/task-bundle-wrong-init-pid
=== NAME  TestRuntimeCallerContainerCRI/owner
    runtime_container_cri_linux_test.go:121: actual task bundle config sha256=b49a4f95a6f7d6a13f92ef25d6282d2e3ad7e276c84136d94b90d09eca24b96c; metadata update did not alter launch; non-root writes, wrong state root and 10 invalid bundle cases rejected
=== RUN   TestRuntimeCallerContainerCRI/owner/mechanism-options-missing
=== RUN   TestRuntimeCallerContainerCRI/owner/mechanism-options-writable
=== RUN   TestRuntimeCallerContainerCRI/owner/mechanism-options-wrong-owner
=== RUN   TestRuntimeCallerContainerCRI/owner/mechanism-options-symlink
=== RUN   TestRuntimeCallerContainerCRI/owner/mechanism-options-hardlink
=== RUN   TestRuntimeCallerContainerCRI/owner/mechanism-options-fifo
=== RUN   TestRuntimeCallerContainerCRI/owner/mechanism-options-oversize
=== RUN   TestRuntimeCallerContainerCRI/owner/mechanism-runtime-missing
=== RUN   TestRuntimeCallerContainerCRI/owner/mechanism-runtime-writable
=== RUN   TestRuntimeCallerContainerCRI/owner/mechanism-runtime-wrong-owner
=== RUN   TestRuntimeCallerContainerCRI/owner/mechanism-runtime-symlink
=== RUN   TestRuntimeCallerContainerCRI/owner/mechanism-runtime-hardlink
=== RUN   TestRuntimeCallerContainerCRI/owner/mechanism-runtime-fifo
=== RUN   TestRuntimeCallerContainerCRI/owner/mechanism-runtime-oversize
=== RUN   TestRuntimeCallerContainerCRI/owner/mechanism-shim-binary-missing
=== RUN   TestRuntimeCallerContainerCRI/owner/mechanism-shim-binary-writable
=== RUN   TestRuntimeCallerContainerCRI/owner/mechanism-shim-binary-wrong-owner
=== RUN   TestRuntimeCallerContainerCRI/owner/mechanism-shim-binary-symlink
=== RUN   TestRuntimeCallerContainerCRI/owner/mechanism-shim-binary-hardlink
=== RUN   TestRuntimeCallerContainerCRI/owner/mechanism-shim-binary-fifo
=== RUN   TestRuntimeCallerContainerCRI/owner/mechanism-shim-binary-oversize
=== RUN   TestRuntimeCallerContainerCRI/owner/mechanism-sandbox-id-missing
=== RUN   TestRuntimeCallerContainerCRI/owner/mechanism-sandbox-id-writable
=== RUN   TestRuntimeCallerContainerCRI/owner/mechanism-sandbox-id-wrong-owner
=== RUN   TestRuntimeCallerContainerCRI/owner/mechanism-sandbox-id-symlink
=== RUN   TestRuntimeCallerContainerCRI/owner/mechanism-sandbox-id-hardlink
=== RUN   TestRuntimeCallerContainerCRI/owner/mechanism-sandbox-id-fifo
=== RUN   TestRuntimeCallerContainerCRI/owner/mechanism-sandbox-id-oversize
=== RUN   TestRuntimeCallerContainerCRI/owner/mechanism-task-bootstrap-missing
=== RUN   TestRuntimeCallerContainerCRI/owner/mechanism-task-bootstrap-writable
=== RUN   TestRuntimeCallerContainerCRI/owner/mechanism-task-bootstrap-wrong-owner
=== RUN   TestRuntimeCallerContainerCRI/owner/mechanism-task-bootstrap-symlink
=== RUN   TestRuntimeCallerContainerCRI/owner/mechanism-task-bootstrap-hardlink
=== RUN   TestRuntimeCallerContainerCRI/owner/mechanism-task-bootstrap-fifo
=== RUN   TestRuntimeCallerContainerCRI/owner/mechanism-task-bootstrap-oversize
=== RUN   TestRuntimeCallerContainerCRI/owner/mechanism-shim-bootstrap-missing
=== RUN   TestRuntimeCallerContainerCRI/owner/mechanism-shim-bootstrap-writable
=== RUN   TestRuntimeCallerContainerCRI/owner/mechanism-shim-bootstrap-wrong-owner
=== RUN   TestRuntimeCallerContainerCRI/owner/mechanism-shim-bootstrap-symlink
=== RUN   TestRuntimeCallerContainerCRI/owner/mechanism-shim-bootstrap-hardlink
=== RUN   TestRuntimeCallerContainerCRI/owner/mechanism-shim-bootstrap-fifo
=== RUN   TestRuntimeCallerContainerCRI/owner/mechanism-shim-bootstrap-oversize
=== RUN   TestRuntimeCallerContainerCRI/owner/mechanism-mismatched-sandbox
=== RUN   TestRuntimeCallerContainerCRI/owner/mechanism-mismatched-bootstrap.json
=== RUN   TestRuntimeCallerContainerCRI/owner/mechanism-runtime-disagrees-with-options
=== NAME  TestRuntimeCallerContainerCRI/owner
    runtime_container_cri_linux_test.go:122: actual mechanism options=44136fa355b3678a1146ad16f7e8649e94fb4fc21fe77e8310c060f61caaff8a runtime="" shim="/usr/local/bin/containerd-shim-runc-v2" explicit_policy_match=false; 42 file negatives, mismatched sandbox/bootstrap and contradictory runtime record rejected
    runtime_container_cri_linux_test.go:198: retained namespace-owner pidfd observed original exit after actual CRI container removal and caller handle closure
=== RUN   TestRuntimeCallerContainerCRI/wrapper
    runtime_container_cri_linux_test.go:110: actual CRI wrapper rejected as namespace owner
=== RUN   TestRuntimeCallerContainerCRI/shared-pid
    runtime_container_cri_linux_test.go:110: actual CRI shared-pid rejected as namespace owner
=== RUN   TestRuntimeCallerContainerCRI/planned-owner
    runtime_container_cri_linux_test.go:118: actual CRI container=37130346fd783661136c06e3c48b7c2d7b815d5a8ecfc8e4b1f89d4ecb0aa0c5 sandbox=ff28e38deead7590c24a134ed192257a115955eb49a8079452cfcb09307eddf2 Pod=299d748d-9273-429f-bb35-d686d225c6b5 host_pid=570 namespace_pid=1 image_ref=sha256:db1505e13cb5cf1d48ac67341b4fa2f9a4bbd065e2e9356c80a8f943fe926ba2
=== RUN   TestRuntimeCallerContainerCRI/planned-owner/copied-state-root
=== RUN   TestRuntimeCallerContainerCRI/planned-owner/node-mount-alias-and-shadow
    runtime_task_launch_integration_linux_test.go:118: === RUN   TestRuntimeTaskStateMountHelper
            runtime_task_launch_integration_linux_test.go:243: different Node path matched the state inode; shadow mount below alias could not change the daemon-view bundle
        --- PASS: TestRuntimeTaskStateMountHelper (0.01s)
        PASS
        
=== RUN   TestRuntimeCallerContainerCRI/planned-owner/task-bundle-writable
=== RUN   TestRuntimeCallerContainerCRI/planned-owner/task-bundle-wrong-owner
=== RUN   TestRuntimeCallerContainerCRI/planned-owner/task-bundle-missing
=== RUN   TestRuntimeCallerContainerCRI/planned-owner/task-bundle-oversize
=== RUN   TestRuntimeCallerContainerCRI/planned-owner/task-bundle-symlink
=== RUN   TestRuntimeCallerContainerCRI/planned-owner/task-bundle-hardlink
=== RUN   TestRuntimeCallerContainerCRI/planned-owner/task-bundle-fifo
=== RUN   TestRuntimeCallerContainerCRI/planned-owner/task-bundle-duplicate-key
=== RUN   TestRuntimeCallerContainerCRI/planned-owner/task-bundle-unknown-key
=== RUN   TestRuntimeCallerContainerCRI/planned-owner/task-bundle-wrong-init-pid
=== NAME  TestRuntimeCallerContainerCRI/planned-owner
    runtime_container_cri_linux_test.go:121: actual task bundle config sha256=eb429f8abf289edd11207d63aec8e0f1de4d26142598c54dc9174d9bd25cdb7a; metadata update did not alter launch; non-root writes, wrong state root and 10 invalid bundle cases rejected
=== RUN   TestRuntimeCallerContainerCRI/planned-owner/mechanism-options-missing
=== RUN   TestRuntimeCallerContainerCRI/planned-owner/mechanism-options-writable
=== RUN   TestRuntimeCallerContainerCRI/planned-owner/mechanism-options-wrong-owner
=== RUN   TestRuntimeCallerContainerCRI/planned-owner/mechanism-options-symlink
=== RUN   TestRuntimeCallerContainerCRI/planned-owner/mechanism-options-hardlink
=== RUN   TestRuntimeCallerContainerCRI/planned-owner/mechanism-options-fifo
=== RUN   TestRuntimeCallerContainerCRI/planned-owner/mechanism-options-oversize
=== RUN   TestRuntimeCallerContainerCRI/planned-owner/mechanism-runtime-missing
=== RUN   TestRuntimeCallerContainerCRI/planned-owner/mechanism-runtime-writable
=== RUN   TestRuntimeCallerContainerCRI/planned-owner/mechanism-runtime-wrong-owner
=== RUN   TestRuntimeCallerContainerCRI/planned-owner/mechanism-runtime-symlink
=== RUN   TestRuntimeCallerContainerCRI/planned-owner/mechanism-runtime-hardlink
=== RUN   TestRuntimeCallerContainerCRI/planned-owner/mechanism-runtime-fifo
=== RUN   TestRuntimeCallerContainerCRI/planned-owner/mechanism-runtime-oversize
=== RUN   TestRuntimeCallerContainerCRI/planned-owner/mechanism-shim-binary-missing
=== RUN   TestRuntimeCallerContainerCRI/planned-owner/mechanism-shim-binary-writable
=== RUN   TestRuntimeCallerContainerCRI/planned-owner/mechanism-shim-binary-wrong-owner
=== RUN   TestRuntimeCallerContainerCRI/planned-owner/mechanism-shim-binary-symlink
=== RUN   TestRuntimeCallerContainerCRI/planned-owner/mechanism-shim-binary-hardlink
=== RUN   TestRuntimeCallerContainerCRI/planned-owner/mechanism-shim-binary-fifo
=== RUN   TestRuntimeCallerContainerCRI/planned-owner/mechanism-shim-binary-oversize
=== RUN   TestRuntimeCallerContainerCRI/planned-owner/mechanism-sandbox-id-missing
=== RUN   TestRuntimeCallerContainerCRI/planned-owner/mechanism-sandbox-id-writable
=== RUN   TestRuntimeCallerContainerCRI/planned-owner/mechanism-sandbox-id-wrong-owner
=== RUN   TestRuntimeCallerContainerCRI/planned-owner/mechanism-sandbox-id-symlink
=== RUN   TestRuntimeCallerContainerCRI/planned-owner/mechanism-sandbox-id-hardlink
=== RUN   TestRuntimeCallerContainerCRI/planned-owner/mechanism-sandbox-id-fifo
=== RUN   TestRuntimeCallerContainerCRI/planned-owner/mechanism-sandbox-id-oversize
=== RUN   TestRuntimeCallerContainerCRI/planned-owner/mechanism-task-bootstrap-missing
=== RUN   TestRuntimeCallerContainerCRI/planned-owner/mechanism-task-bootstrap-writable
=== RUN   TestRuntimeCallerContainerCRI/planned-owner/mechanism-task-bootstrap-wrong-owner
=== RUN   TestRuntimeCallerContainerCRI/planned-owner/mechanism-task-bootstrap-symlink
=== RUN   TestRuntimeCallerContainerCRI/planned-owner/mechanism-task-bootstrap-hardlink
=== RUN   TestRuntimeCallerContainerCRI/planned-owner/mechanism-task-bootstrap-fifo
=== RUN   TestRuntimeCallerContainerCRI/planned-owner/mechanism-task-bootstrap-oversize
=== RUN   TestRuntimeCallerContainerCRI/planned-owner/mechanism-shim-bootstrap-missing
=== RUN   TestRuntimeCallerContainerCRI/planned-owner/mechanism-shim-bootstrap-writable
=== RUN   TestRuntimeCallerContainerCRI/planned-owner/mechanism-shim-bootstrap-wrong-owner
=== RUN   TestRuntimeCallerContainerCRI/planned-owner/mechanism-shim-bootstrap-symlink
=== RUN   TestRuntimeCallerContainerCRI/planned-owner/mechanism-shim-bootstrap-hardlink
=== RUN   TestRuntimeCallerContainerCRI/planned-owner/mechanism-shim-bootstrap-fifo
=== RUN   TestRuntimeCallerContainerCRI/planned-owner/mechanism-shim-bootstrap-oversize
=== RUN   TestRuntimeCallerContainerCRI/planned-owner/mechanism-mismatched-sandbox
=== RUN   TestRuntimeCallerContainerCRI/planned-owner/mechanism-mismatched-bootstrap.json
=== RUN   TestRuntimeCallerContainerCRI/planned-owner/mechanism-runtime-disagrees-with-options
=== RUN   TestRuntimeCallerContainerCRI/planned-owner/mechanism-hook-rejected
=== NAME  TestRuntimeCallerContainerCRI/planned-owner
    runtime_container_cri_linux_test.go:122: actual mechanism options=fcec52f264bf6b9af1e8e9bc0c5b6277b13599047b5bcf73275a2a5c92dd7602 runtime="/usr/local/bin/runc" shim="/usr/local/bin/containerd-shim-runc-v2" explicit_policy_match=true; 42 file negatives, mismatched sandbox/bootstrap and contradictory runtime record rejected
    runtime_container_cri_linux_test.go:137: Registry/Pod fixtures correlated with actual non-root CRI namespace owner; effective configuration is not attested
    runtime_container_cri_linux_test.go:138: Registry-bound image manifest=sha256:d900176d253dd58998ca1ac5233f35ccfd0936b18cbe02eb3d3e3c10a3e5a72d config=sha256:db1505e13cb5cf1d48ac67341b4fa2f9a4bbd065e2e9356c80a8f943fe926ba2 entrypoint=/probe sha256=ce7ff0b4551bdc5d003fe99f334714295f3fc339877468fd115ec4055160e55d matched actual caller and task argv
=== RUN   TestRuntimeCallerContainerCRI/planned-owner/planned-image-other-daemon
    runtime_containerd_linux_test.go:154: containerd github.com/containerd/containerd/v2 v2.3.1 64b425cf570b3b8dd1d4cc46da7c1fce65c6651a
    runtime_containerd_linux_test.go:154: runc version 1.4.2
        commit: v1.4.2-0-gc241c0bb
        spec: 1.3.0
        go: go1.25.8
        libseccomp: 2.6.0
=== RUN   TestRuntimeCallerContainerCRI/planned-owner/planned-image-wrong-argv
=== RUN   TestRuntimeCallerContainerCRI/planned-owner/planned-image-substituted-executable
    runtime_planned_image_integration_linux_test.go:117: same declared CRI image and signed manifest, different live executable bytes: rejected
=== NAME  TestRuntimeCallerContainerCRI/planned-owner
    runtime_container_cri_linux_test.go:198: retained namespace-owner pidfd observed original exit after actual CRI container removal and caller handle closure
=== RUN   TestRuntimeCallerContainerCRI/original-daemon-lifetime
    runtime_containerd_linux_test.go:154: containerd github.com/containerd/containerd/v2 v2.3.1 64b425cf570b3b8dd1d4cc46da7c1fce65c6651a
    runtime_containerd_linux_test.go:154: runc version 1.4.2
        commit: v1.4.2-0-gc241c0bb
        spec: 1.3.0
        go: go1.25.8
        libseccomp: 2.6.0
    runtime_container_cri_linux_test.go:205: same-daemon reconnect accepted; foreign root peer, exited peer and closed observer cannot replace the original process
--- PASS: TestRuntimeCallerContainerCRI (20.01s)
    --- PASS: TestRuntimeCallerContainerCRI/owner (3.72s)
        --- PASS: TestRuntimeCallerContainerCRI/owner/copied-state-root (0.01s)
        --- PASS: TestRuntimeCallerContainerCRI/owner/node-mount-alias-and-shadow (1.04s)
        --- PASS: TestRuntimeCallerContainerCRI/owner/task-bundle-writable (0.01s)
        --- PASS: TestRuntimeCallerContainerCRI/owner/task-bundle-wrong-owner (0.01s)
        --- PASS: TestRuntimeCallerContainerCRI/owner/task-bundle-missing (0.01s)
        --- PASS: TestRuntimeCallerContainerCRI/owner/task-bundle-oversize (0.01s)
        --- PASS: TestRuntimeCallerContainerCRI/owner/task-bundle-symlink (0.01s)
        --- PASS: TestRuntimeCallerContainerCRI/owner/task-bundle-hardlink (0.01s)
        --- PASS: TestRuntimeCallerContainerCRI/owner/task-bundle-fifo (0.01s)
        --- PASS: TestRuntimeCallerContainerCRI/owner/task-bundle-duplicate-key (0.01s)
        --- PASS: TestRuntimeCallerContainerCRI/owner/task-bundle-unknown-key (0.01s)
        --- PASS: TestRuntimeCallerContainerCRI/owner/task-bundle-wrong-init-pid (0.01s)
        --- PASS: TestRuntimeCallerContainerCRI/owner/mechanism-options-missing (0.01s)
        --- PASS: TestRuntimeCallerContainerCRI/owner/mechanism-options-writable (0.01s)
        --- PASS: TestRuntimeCallerContainerCRI/owner/mechanism-options-wrong-owner (0.01s)
        --- PASS: TestRuntimeCallerContainerCRI/owner/mechanism-options-symlink (0.01s)
        --- PASS: TestRuntimeCallerContainerCRI/owner/mechanism-options-hardlink (0.01s)
        --- PASS: TestRuntimeCallerContainerCRI/owner/mechanism-options-fifo (0.01s)
        --- PASS: TestRuntimeCallerContainerCRI/owner/mechanism-options-oversize (0.01s)
        --- PASS: TestRuntimeCallerContainerCRI/owner/mechanism-runtime-missing (0.01s)
        --- PASS: TestRuntimeCallerContainerCRI/owner/mechanism-runtime-writable (0.01s)
        --- PASS: TestRuntimeCallerContainerCRI/owner/mechanism-runtime-wrong-owner (0.01s)
        --- PASS: TestRuntimeCallerContainerCRI/owner/mechanism-runtime-symlink (0.01s)
        --- PASS: TestRuntimeCallerContainerCRI/owner/mechanism-runtime-hardlink (0.01s)
        --- PASS: TestRuntimeCallerContainerCRI/owner/mechanism-runtime-fifo (0.01s)
        --- PASS: TestRuntimeCallerContainerCRI/owner/mechanism-runtime-oversize (0.01s)
        --- PASS: TestRuntimeCallerContainerCRI/owner/mechanism-shim-binary-missing (0.01s)
        --- PASS: TestRuntimeCallerContainerCRI/owner/mechanism-shim-binary-writable (0.01s)
        --- PASS: TestRuntimeCallerContainerCRI/owner/mechanism-shim-binary-wrong-owner (0.01s)
        --- PASS: TestRuntimeCallerContainerCRI/owner/mechanism-shim-binary-symlink (0.01s)
        --- PASS: TestRuntimeCallerContainerCRI/owner/mechanism-shim-binary-hardlink (0.01s)
        --- PASS: TestRuntimeCallerContainerCRI/owner/mechanism-shim-binary-fifo (0.01s)
        --- PASS: TestRuntimeCallerContainerCRI/owner/mechanism-shim-binary-oversize (0.01s)
        --- PASS: TestRuntimeCallerContainerCRI/owner/mechanism-sandbox-id-missing (0.01s)
        --- PASS: TestRuntimeCallerContainerCRI/owner/mechanism-sandbox-id-writable (0.01s)
        --- PASS: TestRuntimeCallerContainerCRI/owner/mechanism-sandbox-id-wrong-owner (0.01s)
        --- PASS: TestRuntimeCallerContainerCRI/owner/mechanism-sandbox-id-symlink (0.01s)
        --- PASS: TestRuntimeCallerContainerCRI/owner/mechanism-sandbox-id-hardlink (0.01s)
        --- PASS: TestRuntimeCallerContainerCRI/owner/mechanism-sandbox-id-fifo (0.01s)
        --- PASS: TestRuntimeCallerContainerCRI/owner/mechanism-sandbox-id-oversize (0.01s)
        --- PASS: TestRuntimeCallerContainerCRI/owner/mechanism-task-bootstrap-missing (0.01s)
        --- PASS: TestRuntimeCallerContainerCRI/owner/mechanism-task-bootstrap-writable (0.01s)
        --- PASS: TestRuntimeCallerContainerCRI/owner/mechanism-task-bootstrap-wrong-owner (0.01s)
        --- PASS: TestRuntimeCallerContainerCRI/owner/mechanism-task-bootstrap-symlink (0.01s)
        --- PASS: TestRuntimeCallerContainerCRI/owner/mechanism-task-bootstrap-hardlink (0.01s)
        --- PASS: TestRuntimeCallerContainerCRI/owner/mechanism-task-bootstrap-fifo (0.01s)
        --- PASS: TestRuntimeCallerContainerCRI/owner/mechanism-task-bootstrap-oversize (0.01s)
        --- PASS: TestRuntimeCallerContainerCRI/owner/mechanism-shim-bootstrap-missing (0.01s)
        --- PASS: TestRuntimeCallerContainerCRI/owner/mechanism-shim-bootstrap-writable (0.01s)
        --- PASS: TestRuntimeCallerContainerCRI/owner/mechanism-shim-bootstrap-wrong-owner (0.01s)
        --- PASS: TestRuntimeCallerContainerCRI/owner/mechanism-shim-bootstrap-symlink (0.01s)
        --- PASS: TestRuntimeCallerContainerCRI/owner/mechanism-shim-bootstrap-hardlink (0.01s)
        --- PASS: TestRuntimeCallerContainerCRI/owner/mechanism-shim-bootstrap-fifo (0.01s)
        --- PASS: TestRuntimeCallerContainerCRI/owner/mechanism-shim-bootstrap-oversize (0.01s)
        --- PASS: TestRuntimeCallerContainerCRI/owner/mechanism-mismatched-sandbox (0.01s)
        --- PASS: TestRuntimeCallerContainerCRI/owner/mechanism-mismatched-bootstrap.json (0.01s)
        --- PASS: TestRuntimeCallerContainerCRI/owner/mechanism-runtime-disagrees-with-options (0.01s)
    --- PASS: TestRuntimeCallerContainerCRI/wrapper (0.24s)
    --- PASS: TestRuntimeCallerContainerCRI/shared-pid (0.26s)
    --- PASS: TestRuntimeCallerContainerCRI/planned-owner (5.85s)
        --- PASS: TestRuntimeCallerContainerCRI/planned-owner/copied-state-root (0.01s)
        --- PASS: TestRuntimeCallerContainerCRI/planned-owner/node-mount-alias-and-shadow (1.12s)
        --- PASS: TestRuntimeCallerContainerCRI/planned-owner/task-bundle-writable (0.01s)
        --- PASS: TestRuntimeCallerContainerCRI/planned-owner/task-bundle-wrong-owner (0.01s)
        --- PASS: TestRuntimeCallerContainerCRI/planned-owner/task-bundle-missing (0.01s)
        --- PASS: TestRuntimeCallerContainerCRI/planned-owner/task-bundle-oversize (0.01s)
        --- PASS: TestRuntimeCallerContainerCRI/planned-owner/task-bundle-symlink (0.01s)
        --- PASS: TestRuntimeCallerContainerCRI/planned-owner/task-bundle-hardlink (0.01s)
        --- PASS: TestRuntimeCallerContainerCRI/planned-owner/task-bundle-fifo (0.01s)
        --- PASS: TestRuntimeCallerContainerCRI/planned-owner/task-bundle-duplicate-key (0.01s)
        --- PASS: TestRuntimeCallerContainerCRI/planned-owner/task-bundle-unknown-key (0.01s)
        --- PASS: TestRuntimeCallerContainerCRI/planned-owner/task-bundle-wrong-init-pid (0.01s)
        --- PASS: TestRuntimeCallerContainerCRI/planned-owner/mechanism-options-missing (0.01s)
        --- PASS: TestRuntimeCallerContainerCRI/planned-owner/mechanism-options-writable (0.01s)
        --- PASS: TestRuntimeCallerContainerCRI/planned-owner/mechanism-options-wrong-owner (0.01s)
        --- PASS: TestRuntimeCallerContainerCRI/planned-owner/mechanism-options-symlink (0.01s)
        --- PASS: TestRuntimeCallerContainerCRI/planned-owner/mechanism-options-hardlink (0.01s)
        --- PASS: TestRuntimeCallerContainerCRI/planned-owner/mechanism-options-fifo (0.01s)
        --- PASS: TestRuntimeCallerContainerCRI/planned-owner/mechanism-options-oversize (0.01s)
        --- PASS: TestRuntimeCallerContainerCRI/planned-owner/mechanism-runtime-missing (0.01s)
        --- PASS: TestRuntimeCallerContainerCRI/planned-owner/mechanism-runtime-writable (0.01s)
        --- PASS: TestRuntimeCallerContainerCRI/planned-owner/mechanism-runtime-wrong-owner (0.01s)
        --- PASS: TestRuntimeCallerContainerCRI/planned-owner/mechanism-runtime-symlink (0.01s)
        --- PASS: TestRuntimeCallerContainerCRI/planned-owner/mechanism-runtime-hardlink (0.01s)
        --- PASS: TestRuntimeCallerContainerCRI/planned-owner/mechanism-runtime-fifo (0.01s)
        --- PASS: TestRuntimeCallerContainerCRI/planned-owner/mechanism-runtime-oversize (0.01s)
        --- PASS: TestRuntimeCallerContainerCRI/planned-owner/mechanism-shim-binary-missing (0.01s)
        --- PASS: TestRuntimeCallerContainerCRI/planned-owner/mechanism-shim-binary-writable (0.01s)
        --- PASS: TestRuntimeCallerContainerCRI/planned-owner/mechanism-shim-binary-wrong-owner (0.01s)
        --- PASS: TestRuntimeCallerContainerCRI/planned-owner/mechanism-shim-binary-symlink (0.01s)
        --- PASS: TestRuntimeCallerContainerCRI/planned-owner/mechanism-shim-binary-hardlink (0.01s)
        --- PASS: TestRuntimeCallerContainerCRI/planned-owner/mechanism-shim-binary-fifo (0.01s)
        --- PASS: TestRuntimeCallerContainerCRI/planned-owner/mechanism-shim-binary-oversize (0.01s)
        --- PASS: TestRuntimeCallerContainerCRI/planned-owner/mechanism-sandbox-id-missing (0.01s)
        --- PASS: TestRuntimeCallerContainerCRI/planned-owner/mechanism-sandbox-id-writable (0.01s)
        --- PASS: TestRuntimeCallerContainerCRI/planned-owner/mechanism-sandbox-id-wrong-owner (0.01s)
        --- PASS: TestRuntimeCallerContainerCRI/planned-owner/mechanism-sandbox-id-symlink (0.01s)
        --- PASS: TestRuntimeCallerContainerCRI/planned-owner/mechanism-sandbox-id-hardlink (0.01s)
        --- PASS: TestRuntimeCallerContainerCRI/planned-owner/mechanism-sandbox-id-fifo (0.01s)
        --- PASS: TestRuntimeCallerContainerCRI/planned-owner/mechanism-sandbox-id-oversize (0.01s)
        --- PASS: TestRuntimeCallerContainerCRI/planned-owner/mechanism-task-bootstrap-missing (0.01s)
        --- PASS: TestRuntimeCallerContainerCRI/planned-owner/mechanism-task-bootstrap-writable (0.01s)
        --- PASS: TestRuntimeCallerContainerCRI/planned-owner/mechanism-task-bootstrap-wrong-owner (0.01s)
        --- PASS: TestRuntimeCallerContainerCRI/planned-owner/mechanism-task-bootstrap-symlink (0.01s)
        --- PASS: TestRuntimeCallerContainerCRI/planned-owner/mechanism-task-bootstrap-hardlink (0.01s)
        --- PASS: TestRuntimeCallerContainerCRI/planned-owner/mechanism-task-bootstrap-fifo (0.01s)
        --- PASS: TestRuntimeCallerContainerCRI/planned-owner/mechanism-task-bootstrap-oversize (0.01s)
        --- PASS: TestRuntimeCallerContainerCRI/planned-owner/mechanism-shim-bootstrap-missing (0.01s)
        --- PASS: TestRuntimeCallerContainerCRI/planned-owner/mechanism-shim-bootstrap-writable (0.01s)
        --- PASS: TestRuntimeCallerContainerCRI/planned-owner/mechanism-shim-bootstrap-wrong-owner (0.01s)
        --- PASS: TestRuntimeCallerContainerCRI/planned-owner/mechanism-shim-bootstrap-symlink (0.01s)
        --- PASS: TestRuntimeCallerContainerCRI/planned-owner/mechanism-shim-bootstrap-hardlink (0.01s)
        --- PASS: TestRuntimeCallerContainerCRI/planned-owner/mechanism-shim-bootstrap-fifo (0.01s)
        --- PASS: TestRuntimeCallerContainerCRI/planned-owner/mechanism-shim-bootstrap-oversize (0.01s)
        --- PASS: TestRuntimeCallerContainerCRI/planned-owner/mechanism-mismatched-sandbox (0.01s)
        --- PASS: TestRuntimeCallerContainerCRI/planned-owner/mechanism-mismatched-bootstrap.json (0.01s)
        --- PASS: TestRuntimeCallerContainerCRI/planned-owner/mechanism-runtime-disagrees-with-options (0.01s)
        --- PASS: TestRuntimeCallerContainerCRI/planned-owner/mechanism-hook-rejected (0.04s)
        --- PASS: TestRuntimeCallerContainerCRI/planned-owner/planned-image-other-daemon (1.03s)
        --- PASS: TestRuntimeCallerContainerCRI/planned-owner/planned-image-wrong-argv (0.11s)
        --- PASS: TestRuntimeCallerContainerCRI/planned-owner/planned-image-substituted-executable (0.41s)
    --- PASS: TestRuntimeCallerContainerCRI/original-daemon-lifetime (1.04s)
=== RUN   TestRuntimeContainerDaemonClosesHandles
--- PASS: TestRuntimeContainerDaemonClosesHandles (0.00s)
=== RUN   TestRuntimeContainerdProcessEvidence
    runtime_containerd_linux_test.go:154: containerd github.com/containerd/containerd/v2 v2.3.1 64b425cf570b3b8dd1d4cc46da7c1fce65c6651a
    runtime_containerd_linux_test.go:154: runc version 1.4.2
        commit: v1.4.2-0-gc241c0bb
        spec: 1.3.0
        go: go1.25.8
        libseccomp: 2.6.0
=== RUN   TestRuntimeContainerdProcessEvidence/owner
    runtime_containerd_linux_test.go:76: mode=owner task_pid=890 peer_pid=890 peer_start_ticks=13489987 NSpid=[890 1] namespace=pid:[4026532690]
    runtime_containerd_linux_test.go:109: two matching Containers.Get replies returned changed PID/argv metadata while the original namespace-init caller remained live
    runtime_containerd_linux_test.go:120: shared PID namespace: task_pid=peer_pid=938 but NSpid=[938 12]; task ownership alone does not prove namespace ownership
    runtime_containerd_linux_test.go:142: same container id=2ab46e6934ee41c6824e2d3889357843acf7767a624d4f6cb734ccb8e0767a96 and CreatedAt retained after task recreation: old_pid=890 new_pid=1011 old_ticks=13489987 new_ticks=13490202
=== RUN   TestRuntimeContainerdProcessEvidence/wrapper
    runtime_containerd_linux_test.go:76: mode=wrapper task_pid=1111 peer_pid=1130 peer_start_ticks=13490315 NSpid=[1130 13] namespace=pid:[4026532690]
--- PASS: TestRuntimeContainerdProcessEvidence (6.41s)
    --- PASS: TestRuntimeContainerdProcessEvidence/owner (3.25s)
    --- PASS: TestRuntimeContainerdProcessEvidence/wrapper (2.11s)
=== RUN   TestRuntimeImageDefaultEntrypoint
--- PASS: TestRuntimeImageDefaultEntrypoint (0.00s)
=== RUN   TestRuntimeImageLayerExecutableIdentity
    runtime_containerd_linux_test.go:154: containerd github.com/containerd/containerd/v2 v2.3.1 64b425cf570b3b8dd1d4cc46da7c1fce65c6651a
    runtime_containerd_linux_test.go:154: runc version 1.4.2
        commit: v1.4.2-0-gc241c0bb
        spec: 1.3.0
        go: go1.25.8
        libseccomp: 2.6.0
=== RUN   TestRuntimeImageLayerExecutableIdentity/regular-overlay
=== RUN   TestRuntimeImageLayerExecutableIdentity/regular-overlay/missing-file
=== RUN   TestRuntimeImageLayerExecutableIdentity/regular-overlay/wrong-config
=== RUN   TestRuntimeImageLayerExecutableIdentity/regular-overlay/corrupt-json
=== RUN   TestRuntimeImageLayerExecutableIdentity/regular-overlay/lost-lease-response
=== RUN   TestRuntimeImageLayerExecutableIdentity/regular-overlay/lost-view-response
=== RUN   TestRuntimeImageLayerExecutableIdentity/regular-overlay/lost-activation-response
=== RUN   TestRuntimeImageLayerExecutableIdentity/regular-overlay/lost-journal-response
=== RUN   TestRuntimeImageLayerExecutableIdentity/regular-overlay/journal-update-failure
=== RUN   TestRuntimeImageLayerExecutableIdentity/regular-overlay/canceled-activation
=== RUN   TestRuntimeImageLayerExecutableIdentity/regular-overlay/canceled-cleanup
=== RUN   TestRuntimeImageLayerExecutableIdentity/regular-overlay/changed-activation
=== RUN   TestRuntimeImageLayerExecutableIdentity/regular-overlay/cleanup-failure
=== RUN   TestRuntimeImageLayerExecutableIdentity/regular-overlay/derived-entrypoint-corrupt-content
=== RUN   TestRuntimeImageLayerExecutableIdentity/regular-overlay/derived-entrypoint-lost-activation
=== RUN   TestRuntimeImageLayerExecutableIdentity/regular-overlay/derived-entrypoint-canceled-cleanup
=== RUN   TestRuntimeImageLayerExecutableIdentity/regular-overlay/derived-entrypoint-failed-cleanup
=== RUN   TestRuntimeImageLayerExecutableIdentity/regular-overlay/concurrent-observations
=== NAME  TestRuntimeImageLayerExecutableIdentity/regular-overlay
    runtime_image_layers_linux_test.go:211: image=sha256:6acc6d5b00e1617e503079ca55295cd709bfd470125caa95b8ef9cb8a1750184 kernel=ad83bd845816fe9a2a5117f5f9646661ae0566d8d4947913447804d8ac991030 flattened=ad83bd845816fe9a2a5117f5f9646661ae0566d8d4947913447804d8ac991030
=== RUN   TestRuntimeImageLayerExecutableIdentity/whiteout-recreate
    runtime_image_layers_linux_test.go:196: image=sha256:c03faea17df5a215f84c4cd26e6f1ac66aed586a2fe48ae845747d8de857563f kernel=ad83bd845816fe9a2a5117f5f9646661ae0566d8d4947913447804d8ac991030; mutate.Extract omitted the recreated executable
=== RUN   TestRuntimeImageLayerExecutableIdentity/opaque-directory
    runtime_image_layers_linux_test.go:211: image=sha256:93a32e0e317f1d6e31fa296b2c25b044fe2cf7055504d345461dc4005c237fe1 kernel=ad83bd845816fe9a2a5117f5f9646661ae0566d8d4947913447804d8ac991030 flattened=ad83bd845816fe9a2a5117f5f9646661ae0566d8d4947913447804d8ac991030
=== RUN   TestRuntimeImageLayerExecutableIdentity/hardlink-copy-up
    runtime_image_layers_linux_test.go:211: image=sha256:5c251b0df0308bdecf674523bf99fe9b9d3cf6e51ed4b303560f4b1418bbc72e kernel=ce7ff0b4551bdc5d003fe99f334714295f3fc339877468fd115ec4055160e55d flattened=ad83bd845816fe9a2a5117f5f9646661ae0566d8d4947913447804d8ac991030
=== RUN   TestRuntimeImageLayerExecutableIdentity/relative-symlink
    runtime_image_layers_linux_test.go:211: image=sha256:437068dd17dcf7d4e6ec300fddc71f252d44c7ca864934c0dfe3cace9f15be08 kernel=ad83bd845816fe9a2a5117f5f9646661ae0566d8d4947913447804d8ac991030 flattened=ad83bd845816fe9a2a5117f5f9646661ae0566d8d4947913447804d8ac991030
--- PASS: TestRuntimeImageLayerExecutableIdentity (80.83s)
    --- PASS: TestRuntimeImageLayerExecutableIdentity/regular-overlay (16.18s)
        --- PASS: TestRuntimeImageLayerExecutableIdentity/regular-overlay/missing-file (0.01s)
        --- PASS: TestRuntimeImageLayerExecutableIdentity/regular-overlay/wrong-config (0.00s)
        --- PASS: TestRuntimeImageLayerExecutableIdentity/regular-overlay/corrupt-json (0.00s)
        --- PASS: TestRuntimeImageLayerExecutableIdentity/regular-overlay/lost-lease-response (0.00s)
        --- PASS: TestRuntimeImageLayerExecutableIdentity/regular-overlay/lost-view-response (0.01s)
        --- PASS: TestRuntimeImageLayerExecutableIdentity/regular-overlay/lost-activation-response (0.01s)
        --- PASS: TestRuntimeImageLayerExecutableIdentity/regular-overlay/lost-journal-response (0.01s)
        --- PASS: TestRuntimeImageLayerExecutableIdentity/regular-overlay/journal-update-failure (0.01s)
        --- PASS: TestRuntimeImageLayerExecutableIdentity/regular-overlay/canceled-activation (0.01s)
        --- PASS: TestRuntimeImageLayerExecutableIdentity/regular-overlay/canceled-cleanup (0.04s)
        --- PASS: TestRuntimeImageLayerExecutableIdentity/regular-overlay/changed-activation (0.04s)
        --- PASS: TestRuntimeImageLayerExecutableIdentity/regular-overlay/cleanup-failure (0.04s)
        --- PASS: TestRuntimeImageLayerExecutableIdentity/regular-overlay/derived-entrypoint-corrupt-content (0.00s)
        --- PASS: TestRuntimeImageLayerExecutableIdentity/regular-overlay/derived-entrypoint-lost-activation (0.01s)
        --- PASS: TestRuntimeImageLayerExecutableIdentity/regular-overlay/derived-entrypoint-canceled-cleanup (0.04s)
        --- PASS: TestRuntimeImageLayerExecutableIdentity/regular-overlay/derived-entrypoint-failed-cleanup (0.04s)
        --- PASS: TestRuntimeImageLayerExecutableIdentity/regular-overlay/concurrent-observations (0.04s)
    --- PASS: TestRuntimeImageLayerExecutableIdentity/whiteout-recreate (15.56s)
    --- PASS: TestRuntimeImageLayerExecutableIdentity/opaque-directory (15.95s)
    --- PASS: TestRuntimeImageLayerExecutableIdentity/hardlink-copy-up (16.03s)
    --- PASS: TestRuntimeImageLayerExecutableIdentity/relative-symlink (15.96s)
=== RUN   TestRuntimeTaskMechanismPolicy
=== RUN   TestRuntimeTaskMechanismPolicy/implicit-binary
=== RUN   TestRuntimeTaskMechanismPolicy/different-binary
=== RUN   TestRuntimeTaskMechanismPolicy/implicit-root
=== RUN   TestRuntimeTaskMechanismPolicy/different-root
=== RUN   TestRuntimeTaskMechanismPolicy/no-pivot
=== RUN   TestRuntimeTaskMechanismPolicy/no-keyring
=== RUN   TestRuntimeTaskMechanismPolicy/shim-cgroup
=== RUN   TestRuntimeTaskMechanismPolicy/io-uid
=== RUN   TestRuntimeTaskMechanismPolicy/io-gid
=== RUN   TestRuntimeTaskMechanismPolicy/cgroup-mode
=== RUN   TestRuntimeTaskMechanismPolicy/criu-image
=== RUN   TestRuntimeTaskMechanismPolicy/criu-work
--- PASS: TestRuntimeTaskMechanismPolicy (0.00s)
    --- PASS: TestRuntimeTaskMechanismPolicy/implicit-binary (0.00s)
    --- PASS: TestRuntimeTaskMechanismPolicy/different-binary (0.00s)
    --- PASS: TestRuntimeTaskMechanismPolicy/implicit-root (0.00s)
    --- PASS: TestRuntimeTaskMechanismPolicy/different-root (0.00s)
    --- PASS: TestRuntimeTaskMechanismPolicy/no-pivot (0.00s)
    --- PASS: TestRuntimeTaskMechanismPolicy/no-keyring (0.00s)
    --- PASS: TestRuntimeTaskMechanismPolicy/shim-cgroup (0.00s)
    --- PASS: TestRuntimeTaskMechanismPolicy/io-uid (0.00s)
    --- PASS: TestRuntimeTaskMechanismPolicy/io-gid (0.00s)
    --- PASS: TestRuntimeTaskMechanismPolicy/cgroup-mode (0.00s)
    --- PASS: TestRuntimeTaskMechanismPolicy/criu-image (0.00s)
    --- PASS: TestRuntimeTaskMechanismPolicy/criu-work (0.00s)
=== RUN   TestRuntimeTaskOptionsCanonicalEncoding
--- PASS: TestRuntimeTaskOptionsCanonicalEncoding (0.00s)
=== RUN   TestRuntimeTaskBootstrapBinding
--- PASS: TestRuntimeTaskBootstrapBinding (0.00s)
=== RUN   TestRuntimeDaemonStateDirectory
--- PASS: TestRuntimeDaemonStateDirectory (0.00s)
PASS
